Archive member included to satisfy reference by file (symbol)

/usr/lib/gcc/avr/7.3.0/avr5/libgcc.a(_udivmodqi4.o)
                              .build/obj_splitography_beaklti/quantum/process_keycode/process_steno.o (__udivmodqi4)
/usr/lib/gcc/avr/7.3.0/avr5/libgcc.a(_divmodhi4.o)
                              .build/obj_splitography_beaklti/common/mousekey.o (__divmodhi4)
/usr/lib/gcc/avr/7.3.0/avr5/libgcc.a(_exit.o)
                              /usr/lib/gcc/avr/7.3.0/../../../../avr/lib/avr5/crtatmega32u4.o (exit)
/usr/lib/gcc/avr/7.3.0/avr5/libgcc.a(_tablejump2.o)
                              .build/obj_splitography_beaklti/quantum/quantum.o (__tablejump2__)
/usr/lib/gcc/avr/7.3.0/avr5/libgcc.a(_copy_data.o)
                              .build/obj_splitography_beaklti/keyboards/splitography/keymaps/beaklti/keymap.o (__do_copy_data)
/usr/lib/gcc/avr/7.3.0/avr5/libgcc.a(_clear_bss.o)
                              .build/obj_splitography_beaklti/keyboards/splitography/keymaps/beaklti/keymap.o (__do_clear_bss)
/usr/lib/gcc/avr/7.3.0/avr5/libgcc.a(_udivmodhi4.o)
                              /usr/lib/gcc/avr/7.3.0/avr5/libgcc.a(_divmodhi4.o) (__udivmodhi4)
/usr/lib/gcc/avr/7.3.0/../../../../avr/lib/avr5/libc.a(strlen_P.o)
                              .build/obj_splitography_beaklti/./lib/lufa/LUFA/Drivers/USB/Class/Device/CDCClassDevice.o (__strlen_P)
/usr/lib/gcc/avr/7.3.0/../../../../avr/lib/avr5/libatmega32u4.a(eerd_byte.o)
                              .build/obj_splitography_beaklti/quantum/process_keycode/process_steno.o (eeprom_read_byte)
/usr/lib/gcc/avr/7.3.0/../../../../avr/lib/avr5/libatmega32u4.a(eerd_word.o)
                              .build/obj_splitography_beaklti/common/eeconfig.o (eeprom_read_word)
/usr/lib/gcc/avr/7.3.0/../../../../avr/lib/avr5/libatmega32u4.a(eeupd_byte.o)
                              .build/obj_splitography_beaklti/quantum/process_keycode/process_steno.o (eeprom_update_byte)
/usr/lib/gcc/avr/7.3.0/../../../../avr/lib/avr5/libatmega32u4.a(eeupd_word.o)
                              .build/obj_splitography_beaklti/common/eeconfig.o (eeprom_update_word)
/usr/lib/gcc/avr/7.3.0/../../../../avr/lib/avr5/libatmega32u4.a(eerd_block.o)
                              /usr/lib/gcc/avr/7.3.0/../../../../avr/lib/avr5/libatmega32u4.a(eerd_word.o) (eeprom_read_blraw)

Allocating common symbols
Common symbol       size              file

USB_IsInitialized   0x1               .build/obj_splitography_beaklti/./lib/lufa/LUFA/Drivers/USB/Core/USBTask.o
keymap_config       0x2               .build/obj_splitography_beaklti/common/magic.o
USB_DeviceState     0x1               .build/obj_splitography_beaklti/./lib/lufa/LUFA/Drivers/USB/Core/USBTask.o
USB_Device_ConfigurationNumber
                    0x1               .build/obj_splitography_beaklti/./lib/lufa/LUFA/Drivers/USB/Core/DeviceStandardReq.o
mode                0x1               .build/obj_splitography_beaklti/quantum/process_keycode/process_steno.o
USB_Device_CurrentlySelfPowered
                    0x1               .build/obj_splitography_beaklti/./lib/lufa/LUFA/Drivers/USB/Core/DeviceStandardReq.o
USB_ControlRequest  0x8               .build/obj_splitography_beaklti/./lib/lufa/LUFA/Drivers/USB/Core/USBTask.o
tp_buttons          0x2               .build/obj_splitography_beaklti/common/action.o
USB_Device_RemoteWakeupEnabled
                    0x1               .build/obj_splitography_beaklti/./lib/lufa/LUFA/Drivers/USB/Core/DeviceStandardReq.o
timer_count         0x4               .build/obj_splitography_beaklti/common/avr/timer.o

Discarded input sections

 .data          0x0000000000000000        0x0 /usr/lib/gcc/avr/7.3.0/../../../../avr/lib/avr5/crtatmega32u4.o
 .bss           0x0000000000000000        0x0 /usr/lib/gcc/avr/7.3.0/../../../../avr/lib/avr5/crtatmega32u4.o
 .text          0x0000000000000000        0x0 .build/obj_splitography_beaklti/keyboards/splitography/splitography.o
 .data          0x0000000000000000        0x0 .build/obj_splitography_beaklti/keyboards/splitography/splitography.o
 .bss           0x0000000000000000        0x0 .build/obj_splitography_beaklti/keyboards/splitography/splitography.o
 .text          0x0000000000000000        0x0 .build/obj_splitography_beaklti/keyboards/splitography/keymaps/beaklti/keymap.o
 .data          0x0000000000000000        0x0 .build/obj_splitography_beaklti/keyboards/splitography/keymaps/beaklti/keymap.o
 .bss           0x0000000000000000        0x0 .build/obj_splitography_beaklti/keyboards/splitography/keymaps/beaklti/keymap.o
 .text.key_event
                0x0000000000000000        0xe .build/obj_splitography_beaklti/keyboards/splitography/keymaps/beaklti/keymap.o
 .text.lt       0x0000000000000000       0x74 .build/obj_splitography_beaklti/keyboards/splitography/keymaps/beaklti/keymap.o
 .text.lt_shift
                0x0000000000000000       0x14 .build/obj_splitography_beaklti/keyboards/splitography/keymaps/beaklti/keymap.o
 .text.steno_exit
[...]
Memory Configuration

Name             Origin             Length             Attributes
text             0x0000000000000000 0x0000000000020000 xr
data             0x0000000000800060 0x000000000000ffa0 rw !x
eeprom           0x0000000000810000 0x0000000000010000 rw !x
fuse             0x0000000000820000 0x0000000000000400 rw !x
lock             0x0000000000830000 0x0000000000000400 rw !x
signature        0x0000000000840000 0x0000000000000400 rw !x
user_signatures  0x0000000000850000 0x0000000000000400 rw !x
*default*        0x0000000000000000 0xffffffffffffffff

Linker script and memory map

Address of section .data set to 0x800100
LOAD /usr/lib/gcc/avr/7.3.0/../../../../avr/lib/avr5/crtatmega32u4.o
LOAD .build/obj_splitography_beaklti/keyboards/splitography/splitography.o
LOAD .build/obj_splitography_beaklti/keyboards/splitography/keymaps/beaklti/keymap.o
LOAD .build/obj_splitography_beaklti/quantum/quantum.o
LOAD .build/obj_splitography_beaklti/quantum/keymap_common.o
LOAD .build/obj_splitography_beaklti/quantum/keycode_config.o
LOAD .build/obj_splitography_beaklti/quantum/process_keycode/process_leader.o
LOAD .build/obj_splitography_beaklti/quantum/matrix.o
LOAD .build/obj_splitography_beaklti/quantum/process_keycode/process_steno.o
LOAD .build/obj_splitography_beaklti/quantum/process_keycode/process_tap_dance.o
LOAD .build/obj_splitography_beaklti/common/host.o
LOAD .build/obj_splitography_beaklti/common/keyboard.o
LOAD .build/obj_splitography_beaklti/common/action.o
LOAD .build/obj_splitography_beaklti/common/action_tapping.o
LOAD .build/obj_splitography_beaklti/common/action_macro.o
LOAD .build/obj_splitography_beaklti/common/action_layer.o
LOAD .build/obj_splitography_beaklti/common/action_util.o
LOAD .build/obj_splitography_beaklti/common/print.o
LOAD .build/obj_splitography_beaklti/common/debug.o
LOAD .build/obj_splitography_beaklti/common/util.o
LOAD .build/obj_splitography_beaklti/common/eeconfig.o
LOAD .build/obj_splitography_beaklti/common/report.o
LOAD .build/obj_splitography_beaklti/common/avr/suspend.o
LOAD .build/obj_splitography_beaklti/common/avr/timer.o
LOAD .build/obj_splitography_beaklti/common/avr/bootloader.o
LOAD .build/obj_splitography_beaklti/common/avr/xprintf.o
LOAD .build/obj_splitography_beaklti/common/magic.o
LOAD .build/obj_splitography_beaklti/common/mousekey.o
LOAD .build/obj_splitography_beaklti/lufa.o
LOAD .build/obj_splitography_beaklti/descriptor.o
LOAD .build/obj_splitography_beaklti/outputselect.o
LOAD .build/obj_splitography_beaklti/./lib/lufa/LUFA/Drivers/USB/Class/Common/HIDParser.o
LOAD .build/obj_splitography_beaklti/./lib/lufa/LUFA/Drivers/USB/Core/AVR8/Device_AVR8.o
LOAD .build/obj_splitography_beaklti/./lib/lufa/LUFA/Drivers/USB/Core/AVR8/EndpointStream_AVR8.o
LOAD .build/obj_splitography_beaklti/./lib/lufa/LUFA/Drivers/USB/Core/AVR8/Endpoint_AVR8.o
LOAD .build/obj_splitography_beaklti/./lib/lufa/LUFA/Drivers/USB/Core/AVR8/Host_AVR8.o
LOAD .build/obj_splitography_beaklti/./lib/lufa/LUFA/Drivers/USB/Core/AVR8/PipeStream_AVR8.o
LOAD .build/obj_splitography_beaklti/./lib/lufa/LUFA/Drivers/USB/Core/AVR8/Pipe_AVR8.o
LOAD .build/obj_splitography_beaklti/./lib/lufa/LUFA/Drivers/USB/Core/AVR8/USBController_AVR8.o
LOAD .build/obj_splitography_beaklti/./lib/lufa/LUFA/Drivers/USB/Core/AVR8/USBInterrupt_AVR8.o
LOAD .build/obj_splitography_beaklti/./lib/lufa/LUFA/Drivers/USB/Core/ConfigDescriptors.o
LOAD .build/obj_splitography_beaklti/./lib/lufa/LUFA/Drivers/USB/Core/DeviceStandardReq.o
LOAD .build/obj_splitography_beaklti/./lib/lufa/LUFA/Drivers/USB/Core/Events.o
LOAD .build/obj_splitography_beaklti/./lib/lufa/LUFA/Drivers/USB/Core/HostStandardReq.o
LOAD .build/obj_splitography_beaklti/./lib/lufa/LUFA/Drivers/USB/Core/USBTask.o
LOAD .build/obj_splitography_beaklti/./lib/lufa/LUFA/Drivers/USB/Class/Device/CDCClassDevice.o
LOAD /usr/lib/gcc/avr/7.3.0/../../../../avr/lib/avr5/libm.a
START GROUP
LOAD /usr/lib/gcc/avr/7.3.0/avr5/libgcc.a
LOAD /usr/lib/gcc/avr/7.3.0/../../../../avr/lib/avr5/libm.a
LOAD /usr/lib/gcc/avr/7.3.0/../../../../avr/lib/avr5/libc.a
LOAD /usr/lib/gcc/avr/7.3.0/../../../../avr/lib/avr5/libatmega32u4.a
END GROUP
                0x0000000000020000                __TEXT_REGION_LENGTH__ = DEFINED (__TEXT_REGION_LENGTH__)?__TEXT_REGION_LENGTH__:0x20000
                0x000000000000ffa0                __DATA_REGION_LENGTH__ = DEFINED (__DATA_REGION_LENGTH__)?__DATA_REGION_LENGTH__:0xffa0
                0x0000000000010000                __EEPROM_REGION_LENGTH__ = DEFINED (__EEPROM_REGION_LENGTH__)?__EEPROM_REGION_LENGTH__:0x10000
                0x0000000000000400                __FUSE_REGION_LENGTH__ = DEFINED (__FUSE_REGION_LENGTH__)?__FUSE_REGION_LENGTH__:0x400
                0x0000000000000400                __LOCK_REGION_LENGTH__ = DEFINED (__LOCK_REGION_LENGTH__)?__LOCK_REGION_LENGTH__:0x400
                0x0000000000000400                __SIGNATURE_REGION_LENGTH__ = DEFINED (__SIGNATURE_REGION_LENGTH__)?__SIGNATURE_REGION_LENGTH__:0x400
                0x0000000000000400                __USER_SIGNATURE_REGION_LENGTH__ = DEFINED (__USER_SIGNATURE_REGION_LENGTH__)?__USER_SIGNATURE_REGION_LENGTH__:0x400

.hash
 *(.hash)

.dynsym
 *(.dynsym)

.dynstr
 *(.dynstr)

.gnu.version
 *(.gnu.version)

.gnu.version_d
 *(.gnu.version_d)

.gnu.version_r
 *(.gnu.version_r)

.rel.init
 *(.rel.init)

.rela.init
 *(.rela.init)

.rel.text
 *(.rel.text)
 *(.rel.text.*)
 *(.rel.gnu.linkonce.t*)

.rela.text
 *(.rela.text)
 *(.rela.text.*)
 *(.rela.gnu.linkonce.t*)

.rel.fini
 *(.rel.fini)

.rela.fini
 *(.rela.fini)

.rel.rodata
 *(.rel.rodata)
 *(.rel.rodata.*)
 *(.rel.gnu.linkonce.r*)

.rela.rodata
 *(.rela.rodata)
 *(.rela.rodata.*)
 *(.rela.gnu.linkonce.r*)

.rel.data
 *(.rel.data)
 *(.rel.data.*)
 *(.rel.gnu.linkonce.d*)

.rela.data
 *(.rela.data)
 *(.rela.data.*)
 *(.rela.gnu.linkonce.d*)

.rel.ctors
 *(.rel.ctors)

.rela.ctors
 *(.rela.ctors)

.rel.dtors
 *(.rel.dtors)

.rela.dtors
 *(.rela.dtors)

.rel.got
 *(.rel.got)

.rela.got
 *(.rela.got)

.rel.bss
 *(.rel.bss)

.rela.bss
 *(.rela.bss)

.rel.plt
 *(.rel.plt)

.rela.plt
 *(.rela.plt)

.text           0x0000000000000000     0x5b94
 *(.vectors)
 .vectors       0x0000000000000000       0xac /usr/lib/gcc/avr/7.3.0/../../../../avr/lib/avr5/crtatmega32u4.o
                0x0000000000000000                __vectors
                0x0000000000000000                __vector_default
 *(.vectors)
 *(.progmem.gcc*)
                0x00000000000000ac                . = ALIGN (0x2)
                0x00000000000000ac                __trampolines_start = .
 *(.trampolines)
 .trampolines   0x00000000000000ac        0x0 linker stubs
 *(.trampolines*)
                0x00000000000000ac                __trampolines_end = .
 *libprintf_flt.a:*(.progmem.data)
 *libc.a:*(.progmem.data)
 *(.progmem.*)
 .progmem.data.__c.5783
                0x00000000000000ac       0x1c .build/obj_splitography_beaklti/keyboards/splitography/keymaps/beaklti/keymap.o
 .progmem.data.__c.5777
                0x00000000000000c8       0x12 .build/obj_splitography_beaklti/keyboards/splitography/keymaps/beaklti/keymap.o
 .progmem.data.keymaps
                0x00000000000000da      0x600 .build/obj_splitography_beaklti/keyboards/splitography/keymaps/beaklti/keymap.o
                0x00000000000000da                keymaps
 .progmem.data.ascii_to_keycode_lut
                0x00000000000006da       0x80 .build/obj_splitography_beaklti/quantum/quantum.o
                0x00000000000006da                ascii_to_keycode_lut
 .progmem.data.ascii_to_shift_lut
                0x000000000000075a       0x80 .build/obj_splitography_beaklti/quantum/quantum.o
                0x000000000000075a                ascii_to_shift_lut
 .progmem.data.fn_actions
                0x00000000000007da        0x0 .build/obj_splitography_beaklti/quantum/keymap_common.o
                0x00000000000007da                fn_actions
 .progmem.data.SerialNumberString
                0x00000000000007da        0x6 .build/obj_splitography_beaklti/descriptor.o
                0x00000000000007da                SerialNumberString
 .progmem.data.ProductString
                0x00000000000007e0       0x1c .build/obj_splitography_beaklti/descriptor.o
                0x00000000000007e0                ProductString
 .progmem.data.ManufacturerString
                0x00000000000007fc       0x16 .build/obj_splitography_beaklti/descriptor.o
                0x00000000000007fc                ManufacturerString
 .progmem.data.LanguageString
                0x0000000000000812        0x4 .build/obj_splitography_beaklti/descriptor.o
                0x0000000000000812                LanguageString
 .progmem.data.ConfigurationDescriptor
                0x0000000000000816       0x91 .build/obj_splitography_beaklti/descriptor.o
                0x0000000000000816                ConfigurationDescriptor
 .progmem.data.DeviceDescriptor
                0x00000000000008a7       0x12 .build/obj_splitography_beaklti/descriptor.o
                0x00000000000008a7                DeviceDescriptor
 .progmem.data.NKROReport
                0x00000000000008b9       0x39 .build/obj_splitography_beaklti/descriptor.o
                0x00000000000008b9                NKROReport
 .progmem.data.MouseReport
                0x00000000000008f2       0x4d .build/obj_splitography_beaklti/descriptor.o
                0x00000000000008f2                MouseReport
 .progmem.data.KeyboardReport
                0x000000000000093f       0x40 .build/obj_splitography_beaklti/descriptor.o
                0x000000000000093f                KeyboardReport
                0x0000000000000980                . = ALIGN (0x2)
 *fill*         0x000000000000097f        0x1 
 *(.lowtext)
 *(.lowtext*)
                0x0000000000000980                __ctors_start = .
 *(.ctors)
                0x0000000000000980                __ctors_end = .
                0x0000000000000980                __dtors_start = .
 *(.dtors)
                0x0000000000000980                __dtors_end = .
 SORT_BY_NAME(*)(.ctors)
 SORT_BY_NAME(*)(.dtors)
 *(.init0)
 .init0         0x0000000000000980        0x0 /usr/lib/gcc/avr/7.3.0/../../../../avr/lib/avr5/crtatmega32u4.o
                0x0000000000000980                __init
 *(.init0)
 *(.init1)
 *(.init1)
 *(.init2)
 .init2         0x0000000000000980        0xc /usr/lib/gcc/avr/7.3.0/../../../../avr/lib/avr5/crtatmega32u4.o
 *(.init2)
 *(.init3)
 .init3         0x000000000000098c       0x54 .build/obj_splitography_beaklti/common/avr/bootloader.o
                0x000000000000098c                bootloader_jump_after_watchdog_reset
 *(.init3)
 *(.init4)
 .init4         0x00000000000009e0       0x16 /usr/lib/gcc/avr/7.3.0/avr5/libgcc.a(_copy_data.o)
                0x00000000000009e0                __do_copy_data
 .init4         0x00000000000009f6       0x10 /usr/lib/gcc/avr/7.3.0/avr5/libgcc.a(_clear_bss.o)
                0x00000000000009f6                __do_clear_bss
 *(.init4)
 *(.init5)
 *(.init5)
 *(.init6)
 *(.init6)
 *(.init7)
 *(.init7)
 *(.init8)
 *(.init8)
 *(.init9)
 .init9         0x0000000000000a06        0x8 /usr/lib/gcc/avr/7.3.0/../../../../avr/lib/avr5/crtatmega32u4.o
 *(.init9)
 *(.text)
 .text          0x0000000000000a0e        0x4 /usr/lib/gcc/avr/7.3.0/../../../../avr/lib/avr5/crtatmega32u4.o
                0x0000000000000a0e                __vector_38
                0x0000000000000a0e                __vector_22
                0x0000000000000a0e                __vector_28
                0x0000000000000a0e                __vector_1
                0x0000000000000a0e                __vector_32
                0x0000000000000a0e                __vector_34
                0x0000000000000a0e                __vector_24
                0x0000000000000a0e                __bad_interrupt
                0x0000000000000a0e                __vector_6
                0x0000000000000a0e                __vector_31
                0x0000000000000a0e                __vector_35
                0x0000000000000a0e                __vector_39
                0x0000000000000a0e                __vector_3
                0x0000000000000a0e                __vector_23
                0x0000000000000a0e                __vector_30
                0x0000000000000a0e                __vector_25
                0x0000000000000a0e                __vector_13
                0x0000000000000a0e                __vector_17
                0x0000000000000a0e                __vector_19
                0x0000000000000a0e                __vector_7
                0x0000000000000a0e                __vector_41
                0x0000000000000a0e                __vector_27
                0x0000000000000a0e                __vector_5
                0x0000000000000a0e                __vector_33
                0x0000000000000a0e                __vector_37
                0x0000000000000a0e                __vector_4
                0x0000000000000a0e                __vector_9
                0x0000000000000a0e                __vector_2
                0x0000000000000a0e                __vector_15
                0x0000000000000a0e                __vector_36
                0x0000000000000a0e                __vector_29
                0x0000000000000a0e                __vector_40
                0x0000000000000a0e                __vector_8
                0x0000000000000a0e                __vector_26
                0x0000000000000a0e                __vector_14
                0x0000000000000a0e                __vector_16
                0x0000000000000a0e                __vector_18
                0x0000000000000a0e                __vector_20
                0x0000000000000a0e                __vector_42
                0x0000000000000a12                . = ALIGN (0x2)
 *(.text.*)
 .text.matrix_init_kb
                0x0000000000000a12        0x4 .build/obj_splitography_beaklti/keyboards/splitography/splitography.o
                0x0000000000000a12                matrix_init_kb
 .text.equal_reset
                0x0000000000000a16        0xc .build/obj_splitography_beaklti/keyboards/splitography/keymaps/beaklti/keymap.o
                0x0000000000000a16                equal_reset
 .text.private  0x0000000000000a22       0x1e .build/obj_splitography_beaklti/keyboards/splitography/keymaps/beaklti/keymap.o
                0x0000000000000a22                private
 .text.send     0x0000000000000a40       0x1e .build/obj_splitography_beaklti/keyboards/splitography/keymaps/beaklti/keymap.o
                0x0000000000000a40                send
 .text.tap_mods
                0x0000000000000a5e       0x2a .build/obj_splitography_beaklti/keyboards/splitography/keymaps/beaklti/keymap.o
                0x0000000000000a5e                tap_mods
 .text.modifier
                0x0000000000000a88       0x56 .build/obj_splitography_beaklti/keyboards/splitography/keymaps/beaklti/keymap.o
                0x0000000000000a88                modifier
 .text.register_shift
                0x0000000000000ade       0x12 .build/obj_splitography_beaklti/keyboards/splitography/keymaps/beaklti/keymap.o
                0x0000000000000ade                register_shift
 .text.unregister_shift
                0x0000000000000af0        0xa .build/obj_splitography_beaklti/keyboards/splitography/keymaps/beaklti/keymap.o
                0x0000000000000af0                unregister_shift
 .text.colon_reset
                0x0000000000000afa        0x8 .build/obj_splitography_beaklti/keyboards/splitography/keymaps/beaklti/keymap.o
                0x0000000000000afa                colon_reset
 .text.lesser_reset
                0x0000000000000b02        0xe .build/obj_splitography_beaklti/keyboards/splitography/keymaps/beaklti/keymap.o
                0x0000000000000b02                lesser_reset
 .text.greater_reset
                0x0000000000000b10        0x8 .build/obj_splitography_beaklti/keyboards/splitography/keymaps/beaklti/keymap.o
                0x0000000000000b10                greater_reset
 .text.tilde_reset
                0x0000000000000b18        0x8 .build/obj_splitography_beaklti/keyboards/splitography/keymaps/beaklti/keymap.o
                0x0000000000000b18                tilde_reset
 .text.tap_key  0x0000000000000b20       0x10 .build/obj_splitography_beaklti/keyboards/splitography/keymaps/beaklti/keymap.o
                0x0000000000000b20                tap_key
 .text.comma    0x0000000000000b30       0x26 .build/obj_splitography_beaklti/keyboards/splitography/keymaps/beaklti/keymap.o
                0x0000000000000b30                comma
 .text.tap_shift
                0x0000000000000b56       0x1c .build/obj_splitography_beaklti/keyboards/splitography/keymaps/beaklti/keymap.o
                0x0000000000000b56                tap_shift
 .text.tilde    0x0000000000000b72       0x58 .build/obj_splitography_beaklti/keyboards/splitography/keymaps/beaklti/keymap.o
                0x0000000000000b72                tilde
 .text.asterisk
                0x0000000000000bca       0x26 .build/obj_splitography_beaklti/keyboards/splitography/keymaps/beaklti/keymap.o
                0x0000000000000bca                asterisk
 .text.dot      0x0000000000000bf0       0x28 .build/obj_splitography_beaklti/keyboards/splitography/keymaps/beaklti/keymap.o
                0x0000000000000bf0                dot
 .text.tap_mod  0x0000000000000c18       0x4a .build/obj_splitography_beaklti/keyboards/splitography/keymaps/beaklti/keymap.o
                0x0000000000000c18                tap_mod
 .text.key_press
                0x0000000000000c62       0x38 .build/obj_splitography_beaklti/keyboards/splitography/keymaps/beaklti/keymap.o
                0x0000000000000c62                key_press
 .text.mt_shift
                0x0000000000000c9a       0x7a .build/obj_splitography_beaklti/keyboards/splitography/keymaps/beaklti/keymap.o
                0x0000000000000c9a                mt_shift
 .text.map_shift
                0x0000000000000d14       0xa0 .build/obj_splitography_beaklti/keyboards/splitography/keymaps/beaklti/keymap.o
                0x0000000000000d14                map_shift
 .text.double_shift
                0x0000000000000db4       0x1a .build/obj_splitography_beaklti/keyboards/splitography/keymaps/beaklti/keymap.o
                0x0000000000000db4                double_shift
 .text.tap_lt   0x0000000000000dce      0x108 .build/obj_splitography_beaklti/keyboards/splitography/keymaps/beaklti/keymap.o
                0x0000000000000dce                tap_lt
 .text.enter    0x0000000000000ed6       0x22 .build/obj_splitography_beaklti/keyboards/splitography/keymaps/beaklti/keymap.o
                0x0000000000000ed6                enter
 .text.space    0x0000000000000ef8       0x24 .build/obj_splitography_beaklti/keyboards/splitography/keymaps/beaklti/keymap.o
                0x0000000000000ef8                space
 .text.tap_reset
                0x0000000000000f1c       0x2a .build/obj_splitography_beaklti/keyboards/splitography/keymaps/beaklti/keymap.o
                0x0000000000000f1c                tap_reset
 .text.enter_reset
                0x0000000000000f46        0xa .build/obj_splitography_beaklti/keyboards/splitography/keymaps/beaklti/keymap.o
                0x0000000000000f46                enter_reset
 .text.space_reset
                0x0000000000000f50        0xa .build/obj_splitography_beaklti/keyboards/splitography/keymaps/beaklti/keymap.o
                0x0000000000000f50                space_reset
 .text.double_max
                0x0000000000000f5a       0x40 .build/obj_splitography_beaklti/keyboards/splitography/keymaps/beaklti/keymap.o
                0x0000000000000f5a                double_max
 .text.colon    0x0000000000000f9a       0x5a .build/obj_splitography_beaklti/keyboards/splitography/keymaps/beaklti/keymap.o
                0x0000000000000f9a                colon
 .text.equal    0x0000000000000ff4       0x60 .build/obj_splitography_beaklti/keyboards/splitography/keymaps/beaklti/keymap.o
                0x0000000000000ff4                equal
 .text.lesser   0x0000000000001054       0x62 .build/obj_splitography_beaklti/keyboards/splitography/keymaps/beaklti/keymap.o
                0x0000000000001054                lesser
 .text.greater  0x00000000000010b6       0x62 .build/obj_splitography_beaklti/keyboards/splitography/keymaps/beaklti/keymap.o
                0x00000000000010b6                greater
 .text.thumb_roll
                0x0000000000001118       0xe4 .build/obj_splitography_beaklti/keyboards/splitography/keymaps/beaklti/keymap.o
                0x0000000000001118                thumb_roll
 .text.tap_layer
                0x00000000000011fc       0x14 .build/obj_splitography_beaklti/keyboards/splitography/keymaps/beaklti/keymap.o
                0x00000000000011fc                tap_layer
 .text.clear_layers
                0x0000000000001210       0x34 .build/obj_splitography_beaklti/keyboards/splitography/keymaps/beaklti/keymap.o
                0x0000000000001210                clear_layers
 .text.raise_number
                0x0000000000001244       0x3c .build/obj_splitography_beaklti/keyboards/splitography/keymaps/beaklti/keymap.o
                0x0000000000001244                raise_number
 .text.tt_clear
                0x0000000000001280        0xa .build/obj_splitography_beaklti/keyboards/splitography/keymaps/beaklti/keymap.o
                0x0000000000001280                tt_clear
 .text.tt_escape
                0x000000000000128a       0x44 .build/obj_splitography_beaklti/keyboards/splitography/keymaps/beaklti/keymap.o
                0x000000000000128a                tt_escape
 .text.toggle_plover
                0x00000000000012ce       0x34 .build/obj_splitography_beaklti/keyboards/splitography/keymaps/beaklti/keymap.o
                0x00000000000012ce                toggle_plover
 .text.base_layer
                0x0000000000001302       0x10 .build/obj_splitography_beaklti/keyboards/splitography/keymaps/beaklti/keymap.o
                0x0000000000001302                base_layer
 .text.steno    0x0000000000001312       0x46 .build/obj_splitography_beaklti/keyboards/splitography/keymaps/beaklti/keymap.o
                0x0000000000001312                steno
 .text.process_record_user
                0x0000000000001358      0x436 .build/obj_splitography_beaklti/keyboards/splitography/keymaps/beaklti/keymap.o
                0x0000000000001358                process_record_user
 .text.matrix_init_user
                0x000000000000178e        0x6 .build/obj_splitography_beaklti/keyboards/splitography/keymaps/beaklti/keymap.o
                0x000000000000178e                matrix_init_user
 .text.process_action_kb
                0x0000000000001794        0x4 .build/obj_splitography_beaklti/quantum/quantum.o
                0x0000000000001794                process_action_kb
 .text.process_record_kb
                0x0000000000001798        0x4 .build/obj_splitography_beaklti/quantum/quantum.o
                0x0000000000001798                process_record_kb
 .text.reset_keyboard
                0x000000000000179c       0x1a .build/obj_splitography_beaklti/quantum/quantum.o
                0x000000000000179c                reset_keyboard
 .text.process_record_quantum
                0x00000000000017b6      0x306 .build/obj_splitography_beaklti/quantum/quantum.o
                0x00000000000017b6                process_record_quantum
 .text.send_char
                0x0000000000001abc       0x3c .build/obj_splitography_beaklti/quantum/quantum.o
                0x0000000000001abc                send_char
 .text.send_string_with_delay
                0x0000000000001af8       0x6c .build/obj_splitography_beaklti/quantum/quantum.o
                0x0000000000001af8                send_string_with_delay
 .text.send_string
                0x0000000000001b64        0x6 .build/obj_splitography_beaklti/quantum/quantum.o
                0x0000000000001b64                send_string
 .text.send_string_with_delay_P
                0x0000000000001b6a       0x74 .build/obj_splitography_beaklti/quantum/quantum.o
                0x0000000000001b6a                send_string_with_delay_P
 .text.send_string_P
                0x0000000000001bde        0x6 .build/obj_splitography_beaklti/quantum/quantum.o
                0x0000000000001bde                send_string_P
 .text.set_single_persistent_default_layer
                0x0000000000001be4       0x26 .build/obj_splitography_beaklti/quantum/quantum.o
                0x0000000000001be4                set_single_persistent_default_layer
 .text.matrix_init_quantum
                0x0000000000001c0a        0x4 .build/obj_splitography_beaklti/quantum/quantum.o
                0x0000000000001c0a                matrix_init_quantum
 .text.matrix_scan_quantum
                0x0000000000001c0e        0x8 .build/obj_splitography_beaklti/quantum/quantum.o
                0x0000000000001c0e                matrix_scan_quantum
 .text.led_set_user
                0x0000000000001c16        0x2 .build/obj_splitography_beaklti/quantum/quantum.o
                0x0000000000001c16                led_set_user
 .text.led_set_kb
                0x0000000000001c18        0x4 .build/obj_splitography_beaklti/quantum/quantum.o
                0x0000000000001c18                led_set_kb
 .text.led_set  0x0000000000001c1c        0x4 .build/obj_splitography_beaklti/quantum/quantum.o
                0x0000000000001c1c                led_set
 .text.action_get_macro
                0x0000000000001c20        0x6 .build/obj_splitography_beaklti/quantum/keymap_common.o
                0x0000000000001c20                action_get_macro
 .text.action_function
                0x0000000000001c26        0x2 .build/obj_splitography_beaklti/quantum/keymap_common.o
                0x0000000000001c26                action_function
 .text.keymap_key_to_keycode
                0x0000000000001c28       0x28 .build/obj_splitography_beaklti/quantum/keymap_common.o
                0x0000000000001c28                keymap_key_to_keycode
 .text.keymap_function_id_to_action
                0x0000000000001c50       0x10 .build/obj_splitography_beaklti/quantum/keymap_common.o
                0x0000000000001c50                keymap_function_id_to_action
 .text.action_for_key
                0x0000000000001c60      0x330 .build/obj_splitography_beaklti/quantum/keymap_common.o
                0x0000000000001c60                action_for_key
 .text.keycode_config
                0x0000000000001f90      0x100 .build/obj_splitography_beaklti/quantum/keycode_config.o
                0x0000000000001f90                keycode_config
 .text.mod_config
                0x0000000000002090       0x5a .build/obj_splitography_beaklti/quantum/keycode_config.o
                0x0000000000002090                mod_config
 .text.leader_start
                0x00000000000020ea        0x2 .build/obj_splitography_beaklti/quantum/process_keycode/process_leader.o
                0x00000000000020ea                leader_start
 .text.process_leader
                0x00000000000020ec       0x9e .build/obj_splitography_beaklti/quantum/process_keycode/process_leader.o
                0x00000000000020ec                process_leader
 .text.matrix_scan_user
                0x000000000000218a        0x2 .build/obj_splitography_beaklti/quantum/matrix.o
                0x000000000000218a                matrix_scan_user
 .text.matrix_scan_kb
                0x000000000000218c        0x4 .build/obj_splitography_beaklti/quantum/matrix.o
                0x000000000000218c                matrix_scan_kb
 .text.matrix_init
                0x0000000000002190       0xc8 .build/obj_splitography_beaklti/quantum/matrix.o
                0x0000000000002190                matrix_init
 .text.matrix_scan
                0x0000000000002258      0x182 .build/obj_splitography_beaklti/quantum/matrix.o
                0x0000000000002258                matrix_scan
 .text.matrix_get_row
                0x00000000000023da       0x12 .build/obj_splitography_beaklti/quantum/matrix.o
                0x00000000000023da                matrix_get_row
 .text.matrix_print
                0x00000000000023ec        0x2 .build/obj_splitography_beaklti/quantum/matrix.o
                0x00000000000023ec                matrix_print
 .text.steno_clear_state
                0x00000000000023ee       0x10 .build/obj_splitography_beaklti/quantum/process_keycode/process_steno.o
                0x00000000000023ee                steno_clear_state
 .text.steno_init
                0x00000000000023fe       0x1a .build/obj_splitography_beaklti/quantum/process_keycode/process_steno.o
                0x00000000000023fe                steno_init
 .text.steno_set_mode
                0x0000000000002418       0x18 .build/obj_splitography_beaklti/quantum/process_keycode/process_steno.o
                0x0000000000002418                steno_set_mode
 .text.send_steno_state
                0x0000000000002430       0x3a .build/obj_splitography_beaklti/quantum/process_keycode/process_steno.o
                0x0000000000002430                send_steno_state
 .text.update_state_bolt
                0x000000000000246a       0x24 .build/obj_splitography_beaklti/quantum/process_keycode/process_steno.o
                0x000000000000246a                update_state_bolt
 .text.send_state_bolt
                0x000000000000248e       0x12 .build/obj_splitography_beaklti/quantum/process_keycode/process_steno.o
                0x000000000000248e                send_state_bolt
 .text.update_state_gemini
                0x00000000000024a0       0x30 .build/obj_splitography_beaklti/quantum/process_keycode/process_steno.o
                0x00000000000024a0                update_state_gemini
 .text.send_state_gemini
                0x00000000000024d0       0x16 .build/obj_splitography_beaklti/quantum/process_keycode/process_steno.o
                0x00000000000024d0                send_state_gemini
 .text.process_steno
                0x00000000000024e6       0xfa .build/obj_splitography_beaklti/quantum/process_keycode/process_steno.o
                0x00000000000024e6                process_steno
 .text.process_tap_dance_action_on_dance_finished
                0x00000000000025e0       0x36 .build/obj_splitography_beaklti/quantum/process_keycode/process_tap_dance.o
 .text.reset_tap_dance
                0x0000000000002616       0x72 .build/obj_splitography_beaklti/quantum/process_keycode/process_tap_dance.o
                0x0000000000002616                reset_tap_dance
 .text.process_tap_dance
                0x0000000000002688      0x13c .build/obj_splitography_beaklti/quantum/process_keycode/process_tap_dance.o
                0x0000000000002688                process_tap_dance
 .text.matrix_scan_tap_dance
                0x00000000000027c4       0x8e .build/obj_splitography_beaklti/quantum/process_keycode/process_tap_dance.o
                0x00000000000027c4                matrix_scan_tap_dance
 .text.host_set_driver
                0x0000000000002852        0xa .build/obj_splitography_beaklti/common/host.o
                0x0000000000002852                host_set_driver
 .text.host_keyboard_leds
                0x000000000000285c       0x18 .build/obj_splitography_beaklti/common/host.o
                0x000000000000285c                host_keyboard_leds
 .text.host_keyboard_send
                0x0000000000002874       0x16 .build/obj_splitography_beaklti/common/host.o
                0x0000000000002874                host_keyboard_send
 .text.host_mouse_send
                0x000000000000288a       0x16 .build/obj_splitography_beaklti/common/host.o
                0x000000000000288a                host_mouse_send
 .text.host_system_send
                0x00000000000028a0       0x2c .build/obj_splitography_beaklti/common/host.o
                0x00000000000028a0                host_system_send
 .text.host_consumer_send
                0x00000000000028cc       0x2c .build/obj_splitography_beaklti/common/host.o
                0x00000000000028cc                host_consumer_send
 .text.matrix_setup
                0x00000000000028f8        0x2 .build/obj_splitography_beaklti/common/keyboard.o
                0x00000000000028f8                matrix_setup
 .text.keyboard_setup
                0x00000000000028fa        0x4 .build/obj_splitography_beaklti/common/keyboard.o
                0x00000000000028fa                keyboard_setup
 .text.is_keyboard_master
                0x00000000000028fe        0x4 .build/obj_splitography_beaklti/common/keyboard.o
                0x00000000000028fe                is_keyboard_master
 .text.keyboard_init
                0x0000000000002902       0x10 .build/obj_splitography_beaklti/common/keyboard.o
                0x0000000000002902                keyboard_init
 .text.keyboard_task
                0x0000000000002912      0x17e .build/obj_splitography_beaklti/common/keyboard.o
                0x0000000000002912                keyboard_task
 .text.action_exec
                0x0000000000002a90       0x54 .build/obj_splitography_beaklti/common/action.o
                0x0000000000002a90                action_exec
 .text.register_code
                0x0000000000002ae4      0x1ee .build/obj_splitography_beaklti/common/action.o
                0x0000000000002ae4                register_code
 .text.unregister_code
                0x0000000000002cd2       0x9e .build/obj_splitography_beaklti/common/action.o
                0x0000000000002cd2                unregister_code
 .text.register_mods
                0x0000000000002d70        0xe .build/obj_splitography_beaklti/common/action.o
                0x0000000000002d70                register_mods
 .text.unregister_mods
                0x0000000000002d7e        0xe .build/obj_splitography_beaklti/common/action.o
                0x0000000000002d7e                unregister_mods
 .text.process_action
                0x0000000000002d8c      0x4ba .build/obj_splitography_beaklti/common/action.o
                0x0000000000002d8c                process_action
 .text.process_record
                0x0000000000003246       0x62 .build/obj_splitography_beaklti/common/action.o
                0x0000000000003246                process_record
 .text.clear_keyboard_but_mods
                0x00000000000032a8       0x18 .build/obj_splitography_beaklti/common/action.o
                0x00000000000032a8                clear_keyboard_but_mods
 .text.clear_keyboard
                0x00000000000032c0        0x8 .build/obj_splitography_beaklti/common/action.o
                0x00000000000032c0                clear_keyboard
 .text.is_tap_key
                0x00000000000032c8       0x5e .build/obj_splitography_beaklti/common/action.o
                0x00000000000032c8                is_tap_key
 .text.debug_event
                0x0000000000003326       0x1e .build/obj_splitography_beaklti/common/action.o
                0x0000000000003326                debug_event
 .text.debug_record
                0x0000000000003344       0x20 .build/obj_splitography_beaklti/common/action.o
                0x0000000000003344                debug_record
 .text.debug_waiting_buffer
                0x0000000000003364       0x42 .build/obj_splitography_beaklti/common/action_tapping.o
 .text.debug_tapping_key
                0x00000000000033a6       0x1c .build/obj_splitography_beaklti/common/action_tapping.o
 .text.waiting_buffer_typed.isra.1
                0x00000000000033c2       0x40 .build/obj_splitography_beaklti/common/action_tapping.o
 .text.waiting_buffer_scan_tap
                0x0000000000003402       0xd6 .build/obj_splitography_beaklti/common/action_tapping.o
 .text.process_tapping
                0x00000000000034d8      0x3bc .build/obj_splitography_beaklti/common/action_tapping.o
 .text.action_tapping_process
                0x0000000000003894      0x152 .build/obj_splitography_beaklti/common/action_tapping.o
                0x0000000000003894                action_tapping_process
 .text.action_macro_play
                0x00000000000039e6       0xf0 .build/obj_splitography_beaklti/common/action_macro.o
                0x00000000000039e6                action_macro_play
 .text.default_layer_state_set_kb
                0x0000000000003ad6        0x2 .build/obj_splitography_beaklti/common/action_layer.o
                0x0000000000003ad6                default_layer_state_set_kb
 .text.default_layer_state_set
                0x0000000000003ad8       0x18 .build/obj_splitography_beaklti/common/action_layer.o
 .text.default_layer_debug
                0x0000000000003af0        0x2 .build/obj_splitography_beaklti/common/action_layer.o
                0x0000000000003af0                default_layer_debug
 .text.default_layer_set
                0x0000000000003af2        0x4 .build/obj_splitography_beaklti/common/action_layer.o
                0x0000000000003af2                default_layer_set
 .text.default_layer_or
                0x0000000000003af6       0x24 .build/obj_splitography_beaklti/common/action_layer.o
                0x0000000000003af6                default_layer_or
 .text.default_layer_and
                0x0000000000003b1a       0x24 .build/obj_splitography_beaklti/common/action_layer.o
                0x0000000000003b1a                default_layer_and
 .text.default_layer_xor
                0x0000000000003b3e       0x24 .build/obj_splitography_beaklti/common/action_layer.o
                0x0000000000003b3e                default_layer_xor
 .text.layer_state_set_user
                0x0000000000003b62        0x4 .build/obj_splitography_beaklti/common/action_layer.o
                0x0000000000003b62                layer_state_set_user
 .text.layer_state_set_kb
                0x0000000000003b66        0x4 .build/obj_splitography_beaklti/common/action_layer.o
                0x0000000000003b66                layer_state_set_kb
 .text.layer_state_set
                0x0000000000003b6a       0x18 .build/obj_splitography_beaklti/common/action_layer.o
 .text.layer_clear
                0x0000000000003b82        0xa .build/obj_splitography_beaklti/common/action_layer.o
                0x0000000000003b82                layer_clear
 .text.layer_move
                0x0000000000003b8c       0x2a .build/obj_splitography_beaklti/common/action_layer.o
                0x0000000000003b8c                layer_move
 .text.layer_on
                0x0000000000003bb6       0x42 .build/obj_splitography_beaklti/common/action_layer.o
                0x0000000000003bb6                layer_on
 .text.layer_off
                0x0000000000003bf8       0x46 .build/obj_splitography_beaklti/common/action_layer.o
                0x0000000000003bf8                layer_off
 .text.layer_invert
                0x0000000000003c3e       0x42 .build/obj_splitography_beaklti/common/action_layer.o
                0x0000000000003c3e                layer_invert
 .text.layer_or
                0x0000000000003c80       0x24 .build/obj_splitography_beaklti/common/action_layer.o
                0x0000000000003c80                layer_or
 .text.layer_and
                0x0000000000003ca4       0x24 .build/obj_splitography_beaklti/common/action_layer.o
                0x0000000000003ca4                layer_and
 .text.layer_xor
                0x0000000000003cc8       0x24 .build/obj_splitography_beaklti/common/action_layer.o
                0x0000000000003cc8                layer_xor
 .text.layer_debug
                0x0000000000003cec        0x2 .build/obj_splitography_beaklti/common/action_layer.o
                0x0000000000003cec                layer_debug
 .text.update_source_layers_cache
                0x0000000000003cee       0x5e .build/obj_splitography_beaklti/common/action_layer.o
                0x0000000000003cee                update_source_layers_cache
 .text.read_source_layers_cache
                0x0000000000003d4c       0x56 .build/obj_splitography_beaklti/common/action_layer.o
                0x0000000000003d4c                read_source_layers_cache
 .text.layer_switch_get_layer
                0x0000000000003da2       0x84 .build/obj_splitography_beaklti/common/action_layer.o
                0x0000000000003da2                layer_switch_get_layer
 .text.layer_switch_get_action
                0x0000000000003e26       0x14 .build/obj_splitography_beaklti/common/action_layer.o
                0x0000000000003e26                layer_switch_get_action
 .text.store_or_get_action
                0x0000000000003e3a       0x48 .build/obj_splitography_beaklti/common/action_layer.o
                0x0000000000003e3a                store_or_get_action
 .text.add_key  0x0000000000003e82        0xe .build/obj_splitography_beaklti/common/action_util.o
                0x0000000000003e82                add_key
 .text.del_key  0x0000000000003e90        0xe .build/obj_splitography_beaklti/common/action_util.o
                0x0000000000003e90                del_key
 .text.clear_keys
                0x0000000000003e9e        0xc .build/obj_splitography_beaklti/common/action_util.o
                0x0000000000003e9e                clear_keys
 .text.get_oneshot_layer
                0x0000000000003eaa        0xc .build/obj_splitography_beaklti/common/action_util.o
                0x0000000000003eaa                get_oneshot_layer
 .text.get_oneshot_layer_state
                0x0000000000003eb6        0x8 .build/obj_splitography_beaklti/common/action_util.o
                0x0000000000003eb6                get_oneshot_layer_state
 .text.set_oneshot_layer
                0x0000000000003ebe       0x12 .build/obj_splitography_beaklti/common/action_util.o
                0x0000000000003ebe                set_oneshot_layer
 .text.clear_oneshot_layer_state
                0x0000000000003ed0       0x2c .build/obj_splitography_beaklti/common/action_util.o
                0x0000000000003ed0                clear_oneshot_layer_state
 .text.is_oneshot_layer_active
                0x0000000000003efc        0xe .build/obj_splitography_beaklti/common/action_util.o
                0x0000000000003efc                is_oneshot_layer_active
 .text.send_keyboard_report
                0x0000000000003f0a       0x66 .build/obj_splitography_beaklti/common/action_util.o
                0x0000000000003f0a                send_keyboard_report
 .text.get_mods
                0x0000000000003f70        0x6 .build/obj_splitography_beaklti/common/action_util.o
                0x0000000000003f70                get_mods
 .text.add_mods
                0x0000000000003f76        0xc .build/obj_splitography_beaklti/common/action_util.o
                0x0000000000003f76                add_mods
 .text.del_mods
                0x0000000000003f82       0x10 .build/obj_splitography_beaklti/common/action_util.o
                0x0000000000003f82                del_mods
 .text.clear_mods
                0x0000000000003f92        0x6 .build/obj_splitography_beaklti/common/action_util.o
                0x0000000000003f92                clear_mods
 .text.add_weak_mods
                0x0000000000003f98        0xc .build/obj_splitography_beaklti/common/action_util.o
                0x0000000000003f98                add_weak_mods
 .text.del_weak_mods
                0x0000000000003fa4       0x10 .build/obj_splitography_beaklti/common/action_util.o
                0x0000000000003fa4                del_weak_mods
 .text.clear_weak_mods
                0x0000000000003fb4        0x6 .build/obj_splitography_beaklti/common/action_util.o
                0x0000000000003fb4                clear_weak_mods
 .text.add_macro_mods
                0x0000000000003fba        0xc .build/obj_splitography_beaklti/common/action_util.o
                0x0000000000003fba                add_macro_mods
 .text.del_macro_mods
                0x0000000000003fc6       0x10 .build/obj_splitography_beaklti/common/action_util.o
                0x0000000000003fc6                del_macro_mods
 .text.clear_macro_mods
                0x0000000000003fd6        0x6 .build/obj_splitography_beaklti/common/action_util.o
                0x0000000000003fd6                clear_macro_mods
 .text.set_oneshot_mods
                0x0000000000003fdc        0x6 .build/obj_splitography_beaklti/common/action_util.o
                0x0000000000003fdc                set_oneshot_mods
 .text.clear_oneshot_mods
                0x0000000000003fe2        0x6 .build/obj_splitography_beaklti/common/action_util.o
                0x0000000000003fe2                clear_oneshot_mods
 .text.get_oneshot_mods
                0x0000000000003fe8        0x6 .build/obj_splitography_beaklti/common/action_util.o
                0x0000000000003fe8                get_oneshot_mods
 .text.biton32  0x0000000000003fee       0x9a .build/obj_splitography_beaklti/common/util.o
                0x0000000000003fee                biton32
 .text.eeconfig_init
                0x0000000000004088       0x3e .build/obj_splitography_beaklti/common/eeconfig.o
                0x0000000000004088                eeconfig_init
 .text.eeconfig_is_enabled
                0x00000000000040c6       0x16 .build/obj_splitography_beaklti/common/eeconfig.o
                0x00000000000040c6                eeconfig_is_enabled
 .text.eeconfig_read_debug
                0x00000000000040dc        0x8 .build/obj_splitography_beaklti/common/eeconfig.o
                0x00000000000040dc                eeconfig_read_debug
 .text.eeconfig_read_default_layer
                0x00000000000040e4        0x8 .build/obj_splitography_beaklti/common/eeconfig.o
                0x00000000000040e4                eeconfig_read_default_layer
 .text.eeconfig_update_default_layer
                0x00000000000040ec        0xa .build/obj_splitography_beaklti/common/eeconfig.o
                0x00000000000040ec                eeconfig_update_default_layer
 .text.eeconfig_read_keymap
                0x00000000000040f6        0x8 .build/obj_splitography_beaklti/common/eeconfig.o
                0x00000000000040f6                eeconfig_read_keymap
 .text.eeconfig_update_keymap
                0x00000000000040fe        0xa .build/obj_splitography_beaklti/common/eeconfig.o
                0x00000000000040fe                eeconfig_update_keymap
 .text.has_anykey
                0x0000000000004108       0x1a .build/obj_splitography_beaklti/common/report.o
                0x0000000000004108                has_anykey
 .text.add_key_byte
                0x0000000000004122       0x34 .build/obj_splitography_beaklti/common/report.o
                0x0000000000004122                add_key_byte
 .text.del_key_byte
                0x0000000000004156       0x1a .build/obj_splitography_beaklti/common/report.o
                0x0000000000004156                del_key_byte
 .text.add_key_bit
                0x0000000000004170       0x28 .build/obj_splitography_beaklti/common/report.o
                0x0000000000004170                add_key_bit
 .text.del_key_bit
                0x0000000000004198       0x2a .build/obj_splitography_beaklti/common/report.o
                0x0000000000004198                del_key_bit
 .text.add_key_to_report
                0x00000000000041c2       0x16 .build/obj_splitography_beaklti/common/report.o
                0x00000000000041c2                add_key_to_report
 .text.del_key_from_report
                0x00000000000041d8       0x16 .build/obj_splitography_beaklti/common/report.o
                0x00000000000041d8                del_key_from_report
 .text.clear_keys_from_report
                0x00000000000041ee       0x10 .build/obj_splitography_beaklti/common/report.o
                0x00000000000041ee                clear_keys_from_report
 .text.suspend_power_down
                0x00000000000041fe       0x58 .build/obj_splitography_beaklti/common/avr/suspend.o
                0x00000000000041fe                suspend_power_down
 .text.matrix_power_up
                0x0000000000004256        0x2 .build/obj_splitography_beaklti/common/avr/suspend.o
                0x0000000000004256                matrix_power_up
 .text.matrix_power_down
                0x0000000000004258        0x2 .build/obj_splitography_beaklti/common/avr/suspend.o
                0x0000000000004258                matrix_power_down
 .text.suspend_wakeup_condition
                0x000000000000425a       0x2a .build/obj_splitography_beaklti/common/avr/suspend.o
                0x000000000000425a                suspend_wakeup_condition
 .text.suspend_wakeup_init
                0x0000000000004284        0xc .build/obj_splitography_beaklti/common/avr/suspend.o
                0x0000000000004284                suspend_wakeup_init
 .text.__vector_12
                0x0000000000004290       0x52 .build/obj_splitography_beaklti/common/avr/suspend.o
                0x0000000000004290                __vector_12
 .text.timer_init
                0x00000000000042e2       0x12 .build/obj_splitography_beaklti/common/avr/timer.o
                0x00000000000042e2                timer_init
 .text.timer_read
                0x00000000000042f4       0x18 .build/obj_splitography_beaklti/common/avr/timer.o
                0x00000000000042f4                timer_read
 .text.timer_elapsed
                0x000000000000430c       0x54 .build/obj_splitography_beaklti/common/avr/timer.o
                0x000000000000430c                timer_elapsed
 .text.__vector_21
                0x0000000000004360       0x4c .build/obj_splitography_beaklti/common/avr/timer.o
                0x0000000000004360                __vector_21
 .text.bootloader_jump
                0x00000000000043ac       0x48 .build/obj_splitography_beaklti/common/avr/bootloader.o
                0x00000000000043ac                bootloader_jump
 .text.magic    0x00000000000043f4       0x32 .build/obj_splitography_beaklti/common/magic.o
                0x00000000000043f4                magic
 .text.move_unit
                0x0000000000004426       0x94 .build/obj_splitography_beaklti/common/mousekey.o
 .text.wheel_unit
                0x00000000000044ba       0x72 .build/obj_splitography_beaklti/common/mousekey.o
 .text.mousekey_on
                0x000000000000452c       0xd0 .build/obj_splitography_beaklti/common/mousekey.o
                0x000000000000452c                mousekey_on
 .text.mousekey_off
                0x00000000000045fc      0x108 .build/obj_splitography_beaklti/common/mousekey.o
                0x00000000000045fc                mousekey_off
 .text.mousekey_send
                0x0000000000004704       0x16 .build/obj_splitography_beaklti/common/mousekey.o
                0x0000000000004704                mousekey_send
 .text.mousekey_task
                0x000000000000471a      0x116 .build/obj_splitography_beaklti/common/mousekey.o
                0x000000000000471a                mousekey_task
 .text.mousekey_clear
                0x0000000000004830       0x18 .build/obj_splitography_beaklti/common/mousekey.o
                0x0000000000004830                mousekey_clear
 .text.keyboard_leds
                0x0000000000004848        0x6 .build/obj_splitography_beaklti/lufa.o
 .text.send_consumer
                0x000000000000484e       0x76 .build/obj_splitography_beaklti/lufa.o
 .text.send_system
                0x00000000000048c4       0x6a .build/obj_splitography_beaklti/lufa.o
 .text.send_mouse
                0x000000000000492e       0x56 .build/obj_splitography_beaklti/lufa.o
 .text.send_keyboard
                0x0000000000004984       0xa6 .build/obj_splitography_beaklti/lufa.o
 .text.EVENT_USB_Device_Connect
                0x0000000000004a2a       0x1c .build/obj_splitography_beaklti/lufa.o
                0x0000000000004a2a                EVENT_USB_Device_Connect
 .text.EVENT_USB_Device_Disconnect
                0x0000000000004a46        0x6 .build/obj_splitography_beaklti/lufa.o
                0x0000000000004a46                EVENT_USB_Device_Disconnect
 .text.EVENT_USB_Device_Reset
                0x0000000000004a4c        0x2 .build/obj_splitography_beaklti/lufa.o
                0x0000000000004a4c                EVENT_USB_Device_Reset
 .text.EVENT_USB_Device_Suspend
                0x0000000000004a4e        0x2 .build/obj_splitography_beaklti/lufa.o
                0x0000000000004a4e                EVENT_USB_Device_Suspend
 .text.EVENT_USB_Device_WakeUp
                0x0000000000004a50        0x4 .build/obj_splitography_beaklti/lufa.o
                0x0000000000004a50                EVENT_USB_Device_WakeUp
 .text.EVENT_USB_Device_ConfigurationChanged
                0x0000000000004a54       0x3c .build/obj_splitography_beaklti/lufa.o
                0x0000000000004a54                EVENT_USB_Device_ConfigurationChanged
 .text.EVENT_USB_Device_ControlRequest
                0x0000000000004a90      0x16a .build/obj_splitography_beaklti/lufa.o
                0x0000000000004a90                EVENT_USB_Device_ControlRequest
 .text.virtser_init
                0x0000000000004bfa       0x14 .build/obj_splitography_beaklti/lufa.o
                0x0000000000004bfa                virtser_init
 .text.virtser_recv
                0x0000000000004c0e        0x2 .build/obj_splitography_beaklti/lufa.o
                0x0000000000004c0e                virtser_recv
 .text.virtser_task
                0x0000000000004c10       0x1a .build/obj_splitography_beaklti/lufa.o
                0x0000000000004c10                virtser_task
 .text.virtser_send
                0x0000000000004c2a       0x7c .build/obj_splitography_beaklti/lufa.o
                0x0000000000004c2a                virtser_send
 .text.startup.main
                0x0000000000004ca6       0x86 .build/obj_splitography_beaklti/lufa.o
                0x0000000000004ca6                main
 .text.CALLBACK_USB_GetDescriptor
                0x0000000000004d2c       0xb6 .build/obj_splitography_beaklti/descriptor.o
                0x0000000000004d2c                CALLBACK_USB_GetDescriptor
 .text.set_output_user
                0x0000000000004de2        0x2 .build/obj_splitography_beaklti/outputselect.o
                0x0000000000004de2                set_output_user
 .text.set_output
                0x0000000000004de4       0x10 .build/obj_splitography_beaklti/outputselect.o
                0x0000000000004de4                set_output
 .text.auto_detect_output
                0x0000000000004df4       0x10 .build/obj_splitography_beaklti/outputselect.o
                0x0000000000004df4                auto_detect_output
 .text.where_to_send
                0x0000000000004e04        0xe .build/obj_splitography_beaklti/outputselect.o
                0x0000000000004e04                where_to_send
 .text.USB_Device_SendRemoteWakeup
                0x0000000000004e12       0x2c .build/obj_splitography_beaklti/./lib/lufa/LUFA/Drivers/USB/Core/AVR8/Device_AVR8.o
                0x0000000000004e12                USB_Device_SendRemoteWakeup
 .text.Endpoint_Write_Stream_LE
                0x0000000000004e3e       0x9e .build/obj_splitography_beaklti/./lib/lufa/LUFA/Drivers/USB/Core/AVR8/EndpointStream_AVR8.o
                0x0000000000004e3e                Endpoint_Write_Stream_LE
 .text.Endpoint_Write_Control_Stream_LE
                0x0000000000004edc       0xbe .build/obj_splitography_beaklti/./lib/lufa/LUFA/Drivers/USB/Core/AVR8/EndpointStream_AVR8.o
                0x0000000000004edc                Endpoint_Write_Control_Stream_LE
 .text.Endpoint_Write_Control_PStream_LE
                0x0000000000004f9a       0xc0 .build/obj_splitography_beaklti/./lib/lufa/LUFA/Drivers/USB/Core/AVR8/EndpointStream_AVR8.o
                0x0000000000004f9a                Endpoint_Write_Control_PStream_LE
 .text.Endpoint_ConfigureEndpoint_Prv
                0x000000000000505a       0x68 .build/obj_splitography_beaklti/./lib/lufa/LUFA/Drivers/USB/Core/AVR8/Endpoint_AVR8.o
                0x000000000000505a                Endpoint_ConfigureEndpoint_Prv
 .text.Endpoint_ClearStatusStage
                0x00000000000050c2       0x3e .build/obj_splitography_beaklti/./lib/lufa/LUFA/Drivers/USB/Core/AVR8/Endpoint_AVR8.o
                0x00000000000050c2                Endpoint_ClearStatusStage
 .text.Endpoint_WaitUntilReady
                0x0000000000005100       0x5e .build/obj_splitography_beaklti/./lib/lufa/LUFA/Drivers/USB/Core/AVR8/Endpoint_AVR8.o
                0x0000000000005100                Endpoint_WaitUntilReady
 .text.USB_Disable
                0x000000000000515e       0x34 .build/obj_splitography_beaklti/./lib/lufa/LUFA/Drivers/USB/Core/AVR8/USBController_AVR8.o
                0x000000000000515e                USB_Disable
 .text.USB_ResetInterface
                0x0000000000005192       0x86 .build/obj_splitography_beaklti/./lib/lufa/LUFA/Drivers/USB/Core/AVR8/USBController_AVR8.o
                0x0000000000005192                USB_ResetInterface
 .text.USB_Init
                0x0000000000005218       0x22 .build/obj_splitography_beaklti/./lib/lufa/LUFA/Drivers/USB/Core/AVR8/USBController_AVR8.o
                0x0000000000005218                USB_Init
 .text.USB_INT_DisableAllInterrupts
                0x000000000000523a       0x10 .build/obj_splitography_beaklti/./lib/lufa/LUFA/Drivers/USB/Core/AVR8/USBInterrupt_AVR8.o
                0x000000000000523a                USB_INT_DisableAllInterrupts
 .text.USB_INT_ClearAllInterrupts
                0x000000000000524a        0xa .build/obj_splitography_beaklti/./lib/lufa/LUFA/Drivers/USB/Core/AVR8/USBInterrupt_AVR8.o
                0x000000000000524a                USB_INT_ClearAllInterrupts
 .text.__vector_10
                0x0000000000005254      0x1a6 .build/obj_splitography_beaklti/./lib/lufa/LUFA/Drivers/USB/Core/AVR8/USBInterrupt_AVR8.o
                0x0000000000005254                __vector_10
 .text.__vector_11
                0x00000000000053fa       0x78 .build/obj_splitography_beaklti/./lib/lufa/LUFA/Drivers/USB/Core/AVR8/USBInterrupt_AVR8.o
                0x00000000000053fa                __vector_11
 .text.USB_Device_ProcessControlRequest
                0x0000000000005472      0x2b6 .build/obj_splitography_beaklti/./lib/lufa/LUFA/Drivers/USB/Core/DeviceStandardReq.o
                0x0000000000005472                USB_Device_ProcessControlRequest
 .text.USB_Event_Stub
                0x0000000000005728        0x2 .build/obj_splitography_beaklti/./lib/lufa/LUFA/Drivers/USB/Core/Events.o
                0x0000000000005728                USB_Event_Stub
                0x0000000000005728                EVENT_USB_Device_StartOfFrame
 .text.USB_USBTask
                0x000000000000572a       0x38 .build/obj_splitography_beaklti/./lib/lufa/LUFA/Drivers/USB/Core/USBTask.o
                0x000000000000572a                USB_USBTask
 .text.CDC_Device_Flush
                0x0000000000005762       0x62 .build/obj_splitography_beaklti/./lib/lufa/LUFA/Drivers/USB/Class/Device/CDCClassDevice.o
                0x0000000000005762                CDC_Device_Flush
 .text.CDC_Device_USBTask
                0x00000000000057c4       0x2e .build/obj_splitography_beaklti/./lib/lufa/LUFA/Drivers/USB/Class/Device/CDCClassDevice.o
                0x00000000000057c4                CDC_Device_USBTask
 .text.CDC_Device_BytesReceived
                0x00000000000057f2       0x5e .build/obj_splitography_beaklti/./lib/lufa/LUFA/Drivers/USB/Class/Device/CDCClassDevice.o
                0x00000000000057f2                CDC_Device_BytesReceived
 .text.CDC_Device_ReceiveByte
                0x0000000000005850       0x6c .build/obj_splitography_beaklti/./lib/lufa/LUFA/Drivers/USB/Class/Device/CDCClassDevice.o
                0x0000000000005850                CDC_Device_ReceiveByte
 .text.CDC_Device_SendControlLineStateChange
                0x00000000000058bc       0x8e .build/obj_splitography_beaklti/./lib/lufa/LUFA/Drivers/USB/Class/Device/CDCClassDevice.o
                0x00000000000058bc                CDC_Device_SendControlLineStateChange
 .text.CDC_Device_Event_Stub
                0x000000000000594a        0x2 .build/obj_splitography_beaklti/./lib/lufa/LUFA/Drivers/USB/Class/Device/CDCClassDevice.o
                0x000000000000594a                EVENT_CDC_Device_LineEncodingChanged
                0x000000000000594a                EVENT_CDC_Device_ControLineStateChanged
                0x000000000000594a                EVENT_CDC_Device_BreakSent
                0x000000000000594a                CDC_Device_Event_Stub
 .text.CDC_Device_ProcessControlRequest
                0x000000000000594c      0x164 .build/obj_splitography_beaklti/./lib/lufa/LUFA/Drivers/USB/Class/Device/CDCClassDevice.o
                0x000000000000594c                CDC_Device_ProcessControlRequest
 .text.libgcc.div
                0x0000000000005ab0       0x18 /usr/lib/gcc/avr/7.3.0/avr5/libgcc.a(_udivmodqi4.o)
                0x0000000000005ab0                __udivmodqi4
 .text.libgcc.div
                0x0000000000005ac8       0x28 /usr/lib/gcc/avr/7.3.0/avr5/libgcc.a(_divmodhi4.o)
                0x0000000000005ac8                __divmodhi4
                0x0000000000005ac8                _div
 .text.libgcc   0x0000000000005af0        0xc /usr/lib/gcc/avr/7.3.0/avr5/libgcc.a(_tablejump2.o)
                0x0000000000005af0                __tablejump2__
 .text.libgcc.div
                0x0000000000005afc       0x28 /usr/lib/gcc/avr/7.3.0/avr5/libgcc.a(_udivmodhi4.o)
                0x0000000000005afc                __udivmodhi4
 .text.avr-libc
                0x0000000000005b24       0x10 /usr/lib/gcc/avr/7.3.0/../../../../avr/lib/avr5/libatmega32u4.a(eerd_byte.o)
                0x0000000000005b24                eeprom_read_byte
 .text.avr-libc
                0x0000000000005b34        0xc /usr/lib/gcc/avr/7.3.0/../../../../avr/lib/avr5/libatmega32u4.a(eerd_word.o)
                0x0000000000005b34                eeprom_read_word
 .text.avr-libc
                0x0000000000005b40       0x24 /usr/lib/gcc/avr/7.3.0/../../../../avr/lib/avr5/libatmega32u4.a(eeupd_byte.o)
                0x0000000000005b40                eeprom_update_byte
                0x0000000000005b42                eeprom_update_r18
 .text.avr-libc
                0x0000000000005b64        0xc /usr/lib/gcc/avr/7.3.0/../../../../avr/lib/avr5/libatmega32u4.a(eeupd_word.o)
                0x0000000000005b64                eeprom_update_word
 .text.avr-libc
                0x0000000000005b70       0x20 /usr/lib/gcc/avr/7.3.0/../../../../avr/lib/avr5/libatmega32u4.a(eerd_block.o)
                0x0000000000005b70                eeprom_read_block
                0x0000000000005b74                eeprom_read_blraw
                0x0000000000005b90                . = ALIGN (0x2)
 *(.fini9)
 .fini9         0x0000000000005b90        0x0 /usr/lib/gcc/avr/7.3.0/avr5/libgcc.a(_exit.o)
                0x0000000000005b90                exit
                0x0000000000005b90                _exit
 *(.fini9)
 *(.fini8)
 *(.fini8)
 *(.fini7)
 *(.fini7)
 *(.fini6)
 *(.fini6)
 *(.fini5)
 *(.fini5)
 *(.fini4)
 *(.fini4)
 *(.fini3)
 *(.fini3)
 *(.fini2)
 *(.fini2)
 *(.fini1)
 *(.fini1)
 *(.fini0)
 .fini0         0x0000000000005b90        0x4 /usr/lib/gcc/avr/7.3.0/avr5/libgcc.a(_exit.o)
 *(.fini0)
 *(.hightext)
 *(.hightext*)
 *(.progmemx.*)
                0x0000000000005b94                . = ALIGN (0x2)
 *(.jumptables)
 *(.jumptables*)
                0x0000000000005b94                _etext = .

.data           0x0000000000800100      0x192 load address 0x0000000000005b94
                0x0000000000800100                PROVIDE (__data_start = .)
 *(.data)
 *(.data*)
 .data.tap_dance_actions
                0x0000000000800100       0xe4 .build/obj_splitography_beaklti/keyboards/splitography/keymaps/beaklti/keymap.o
                0x0000000000800100                tap_dance_actions
 .data.boltmap  0x00000000008001e4       0x40 .build/obj_splitography_beaklti/quantum/process_keycode/process_steno.o
                0x00000000008001e4                boltmap
 .data.highest_td
                0x0000000000800224        0x1 .build/obj_splitography_beaklti/quantum/process_keycode/process_tap_dance.o
 .data.keyboard_report
                0x0000000000800225        0x2 .build/obj_splitography_beaklti/common/action_util.o
                0x0000000000800225                keyboard_report
 .data.mk_wheel_time_to_max
                0x0000000000800227        0x1 .build/obj_splitography_beaklti/common/mousekey.o
                0x0000000000800227                mk_wheel_time_to_max
 .data.mk_wheel_max_speed
                0x0000000000800228        0x1 .build/obj_splitography_beaklti/common/mousekey.o
                0x0000000000800228                mk_wheel_max_speed
 .data.mk_time_to_max
                0x0000000000800229        0x1 .build/obj_splitography_beaklti/common/mousekey.o
                0x0000000000800229                mk_time_to_max
 .data.mk_max_speed
                0x000000000080022a        0x1 .build/obj_splitography_beaklti/common/mousekey.o
                0x000000000080022a                mk_max_speed
 .data.mk_interval
                0x000000000080022b        0x1 .build/obj_splitography_beaklti/common/mousekey.o
                0x000000000080022b                mk_interval
 .data.mk_delay
                0x000000000080022c        0x1 .build/obj_splitography_beaklti/common/mousekey.o
                0x000000000080022c                mk_delay
 .data.cdc_device
                0x000000000080022d       0x1b .build/obj_splitography_beaklti/lufa.o
                0x000000000080022d                cdc_device
 .data.lufa_driver
                0x0000000000800248        0xa .build/obj_splitography_beaklti/lufa.o
                0x0000000000800248                lufa_driver
 .data.keyboard_protocol
                0x0000000000800252        0x1 .build/obj_splitography_beaklti/lufa.o
                0x0000000000800252                keyboard_protocol
 *(.gnu.linkonce.d*)
 *(.rodata)
 .rodata        0x0000000000800253        0x8 .build/obj_splitography_beaklti/./lib/lufa/LUFA/Drivers/USB/Class/Device/CDCClassDevice.o
 *(.rodata*)
 .rodata.tilde.str1.1
                0x000000000080025b        0x3 .build/obj_splitography_beaklti/keyboards/splitography/keymaps/beaklti/keymap.o
 .rodata.colon.str1.1
                0x000000000080025e        0x5 .build/obj_splitography_beaklti/keyboards/splitography/keymaps/beaklti/keymap.o
 .rodata.equal.str1.1
                0x0000000000800263        0x5 .build/obj_splitography_beaklti/keyboards/splitography/keymaps/beaklti/keymap.o
 .rodata.lesser.str1.1
                0x0000000000800268        0x5 .build/obj_splitography_beaklti/keyboards/splitography/keymaps/beaklti/keymap.o
 .rodata.greater.str1.1
                0x000000000080026d        0x5 .build/obj_splitography_beaklti/keyboards/splitography/keymaps/beaklti/keymap.o
 .rodata.col_pins
                0x0000000000800272        0xc .build/obj_splitography_beaklti/quantum/matrix.o
 .rodata.row_pins
                0x000000000080027e        0x4 .build/obj_splitography_beaklti/quantum/matrix.o
 .rodata.CSWTCH.3
                0x0000000000800282        0x3 .build/obj_splitography_beaklti/descriptor.o
 .rodata.CSWTCH.2
                0x0000000000800285        0x6 .build/obj_splitography_beaklti/descriptor.o
 .rodata.CSWTCH.1
                0x000000000080028b        0x6 .build/obj_splitography_beaklti/descriptor.o
 *(.gnu.linkonce.r*)
                0x0000000000800292                . = ALIGN (0x2)
 *fill*         0x0000000000800291        0x1 
                0x0000000000800292                _edata = .
                0x0000000000800292                PROVIDE (__data_end = .)

.bss            0x0000000000800292      0x116
                0x0000000000800292                PROVIDE (__bss_start = .)
 *(.bss)
 *(.bss*)
 .bss.repeating
                0x0000000000800292        0x1 .build/obj_splitography_beaklti/keyboards/splitography/keymaps/beaklti/keymap.o
 .bss.down_rule
                0x0000000000800293        0x1 .build/obj_splitography_beaklti/keyboards/splitography/keymaps/beaklti/keymap.o
 .bss.base_n    0x0000000000800294        0x1 .build/obj_splitography_beaklti/keyboards/splitography/keymaps/beaklti/keymap.o
 .bss.plover    0x0000000000800295        0x1 .build/obj_splitography_beaklti/keyboards/splitography/keymaps/beaklti/keymap.o
 .bss.double_key
                0x0000000000800296        0x1 .build/obj_splitography_beaklti/keyboards/splitography/keymaps/beaklti/keymap.o
 .bss.tt_keycode
                0x0000000000800297        0x2 .build/obj_splitography_beaklti/keyboards/splitography/keymaps/beaklti/keymap.o
 .bss.overlayer
                0x0000000000800299        0x1 .build/obj_splitography_beaklti/keyboards/splitography/keymaps/beaklti/keymap.o
 .bss.thumb     0x000000000080029a        0x1 .build/obj_splitography_beaklti/keyboards/splitography/keymaps/beaklti/keymap.o
 .bss.tap_rule  0x000000000080029b        0x1 .build/obj_splitography_beaklti/keyboards/splitography/keymaps/beaklti/keymap.o
 .bss.dt_shift  0x000000000080029c        0x1 .build/obj_splitography_beaklti/keyboards/splitography/keymaps/beaklti/keymap.o
 .bss.key_timer
                0x000000000080029d        0x2 .build/obj_splitography_beaklti/keyboards/splitography/keymaps/beaklti/keymap.o
 .bss.mods      0x000000000080029f        0x1 .build/obj_splitography_beaklti/keyboards/splitography/keymaps/beaklti/keymap.o
 .bss.grave_esc_was_shifted
                0x00000000008002a0        0x1 .build/obj_splitography_beaklti/quantum/quantum.o
 .bss.scs_timer
                0x00000000008002a1        0x4 .build/obj_splitography_beaklti/quantum/quantum.o
 .bss.shift_interrupted
                0x00000000008002a5        0x2 .build/obj_splitography_beaklti/quantum/quantum.o
 .bss.leader_sequence_size
                0x00000000008002a7        0x1 .build/obj_splitography_beaklti/quantum/process_keycode/process_leader.o
                0x00000000008002a7                leader_sequence_size
 .bss.leader_sequence
                0x00000000008002a8        0xa .build/obj_splitography_beaklti/quantum/process_keycode/process_leader.o
                0x00000000008002a8                leader_sequence
 .bss.leader_time
                0x00000000008002b2        0x2 .build/obj_splitography_beaklti/quantum/process_keycode/process_leader.o
                0x00000000008002b2                leader_time
 .bss.leading   0x00000000008002b4        0x1 .build/obj_splitography_beaklti/quantum/process_keycode/process_leader.o
                0x00000000008002b4                leading
 .bss.matrix_debouncing
                0x00000000008002b5        0x8 .build/obj_splitography_beaklti/quantum/matrix.o
 .bss.matrix    0x00000000008002bd        0x8 .build/obj_splitography_beaklti/quantum/matrix.o
 .bss.debouncing
                0x00000000008002c5        0x1 .build/obj_splitography_beaklti/quantum/matrix.o
 .bss.debouncing_time
                0x00000000008002c6        0x2 .build/obj_splitography_beaklti/quantum/matrix.o
 .bss.pressed   0x00000000008002c8        0x1 .build/obj_splitography_beaklti/quantum/process_keycode/process_steno.o
                0x00000000008002c8                pressed
 .bss.state     0x00000000008002c9        0x6 .build/obj_splitography_beaklti/quantum/process_keycode/process_steno.o
                0x00000000008002c9                state
 .bss.last_td   0x00000000008002cf        0x2 .build/obj_splitography_beaklti/quantum/process_keycode/process_tap_dance.o
 .bss.last_consumer_report
                0x00000000008002d1        0x2 .build/obj_splitography_beaklti/common/host.o
 .bss.last_system_report
                0x00000000008002d3        0x2 .build/obj_splitography_beaklti/common/host.o
 .bss.driver    0x00000000008002d5        0x2 .build/obj_splitography_beaklti/common/host.o
 .bss.led_status.5576
                0x00000000008002d7        0x1 .build/obj_splitography_beaklti/common/keyboard.o
 .bss.matrix_prev.5575
                0x00000000008002d8        0x8 .build/obj_splitography_beaklti/common/keyboard.o
 .bss.disable_action_cache
                0x00000000008002e0        0x1 .build/obj_splitography_beaklti/common/action.o
                0x00000000008002e0                disable_action_cache
 .bss.waiting_buffer_tail
                0x00000000008002e1        0x1 .build/obj_splitography_beaklti/common/action_tapping.o
 .bss.waiting_buffer_head
                0x00000000008002e2        0x1 .build/obj_splitography_beaklti/common/action_tapping.o
 .bss.waiting_buffer
                0x00000000008002e3       0x30 .build/obj_splitography_beaklti/common/action_tapping.o
 .bss.tapping_key
                0x0000000000800313        0x6 .build/obj_splitography_beaklti/common/action_tapping.o
 .bss.source_layers_cache
                0x0000000000800319       0x1e .build/obj_splitography_beaklti/common/action_layer.o
                0x0000000000800319                source_layers_cache
 .bss.layer_state
                0x0000000000800337        0x4 .build/obj_splitography_beaklti/common/action_layer.o
                0x0000000000800337                layer_state
 .bss.default_layer_state
                0x000000000080033b        0x4 .build/obj_splitography_beaklti/common/action_layer.o
                0x000000000080033b                default_layer_state
 .bss.oneshot_layer_data
                0x000000000080033f        0x1 .build/obj_splitography_beaklti/common/action_util.o
 .bss.oneshot_mods
                0x0000000000800340        0x1 .build/obj_splitography_beaklti/common/action_util.o
 .bss.__compound_literal.0
                0x0000000000800341       0x20 .build/obj_splitography_beaklti/common/action_util.o
 .bss.macro_mods
                0x0000000000800361        0x1 .build/obj_splitography_beaklti/common/action_util.o
 .bss.weak_mods
                0x0000000000800362        0x1 .build/obj_splitography_beaklti/common/action_util.o
 .bss.real_mods
                0x0000000000800363        0x1 .build/obj_splitography_beaklti/common/action_util.o
 .bss.debug_config
                0x0000000000800364        0x1 .build/obj_splitography_beaklti/common/debug.o
                0x0000000000800364                debug_config
 .bss.wdt_timeout
                0x0000000000800365        0x1 .build/obj_splitography_beaklti/common/avr/suspend.o
 .bss.last_timer
                0x0000000000800366        0x2 .build/obj_splitography_beaklti/common/mousekey.o
 .bss.mousekey_accel
                0x0000000000800368        0x1 .build/obj_splitography_beaklti/common/mousekey.o
 .bss.mousekey_repeat
                0x0000000000800369        0x1 .build/obj_splitography_beaklti/common/mousekey.o
 .bss.mouse_report
                0x000000000080036a        0x5 .build/obj_splitography_beaklti/common/mousekey.o
 .bss.keyboard_report_sent
                0x000000000080036f       0x20 .build/obj_splitography_beaklti/lufa.o
 .bss.keyboard_led_stats
                0x000000000080038f        0x1 .build/obj_splitography_beaklti/lufa.o
 .bss.keyboard_idle
                0x0000000000800390        0x1 .build/obj_splitography_beaklti/lufa.o
                0x0000000000800390                keyboard_idle
 .bss.desired_output
                0x0000000000800391        0x1 .build/obj_splitography_beaklti/outputselect.o
                0x0000000000800391                desired_output
 *(COMMON)
 COMMON         0x0000000000800392        0x1 .build/obj_splitography_beaklti/quantum/process_keycode/process_steno.o
                0x0000000000800392                mode
 COMMON         0x0000000000800393        0x2 .build/obj_splitography_beaklti/common/action.o
                0x0000000000800393                tp_buttons
 COMMON         0x0000000000800395        0x4 .build/obj_splitography_beaklti/common/avr/timer.o
                0x0000000000800395                timer_count
 COMMON         0x0000000000800399        0x2 .build/obj_splitography_beaklti/common/magic.o
                0x0000000000800399                keymap_config
 COMMON         0x000000000080039b        0x3 .build/obj_splitography_beaklti/./lib/lufa/LUFA/Drivers/USB/Core/DeviceStandardReq.o
                0x000000000080039b                USB_Device_ConfigurationNumber
                0x000000000080039c                USB_Device_CurrentlySelfPowered
                0x000000000080039d                USB_Device_RemoteWakeupEnabled
 COMMON         0x000000000080039e        0xa .build/obj_splitography_beaklti/./lib/lufa/LUFA/Drivers/USB/Core/USBTask.o
                0x000000000080039e                USB_IsInitialized
                0x000000000080039f                USB_DeviceState
                0x00000000008003a0                USB_ControlRequest
                0x00000000008003a8                PROVIDE (__bss_end = .)
                0x0000000000005b94                __data_load_start = LOADADDR (.data)
                0x0000000000005d26                __data_load_end = (__data_load_start + SIZEOF (.data))

.noinit         0x00000000008003a8        0x4
                [!provide]                        PROVIDE (__noinit_start = .)
 *(.noinit*)
 .noinit        0x00000000008003a8        0x4 .build/obj_splitography_beaklti/common/avr/bootloader.o
                0x00000000008003a8                reset_key
                [!provide]                        PROVIDE (__noinit_end = .)
                0x00000000008003ac                _end = .
                [!provide]                        PROVIDE (__heap_start = .)

.eeprom         0x0000000000810000        0x0
 *(.eeprom*)
                0x0000000000810000                __eeprom_end = .

.fuse
 *(.fuse)
 *(.lfuse)
 *(.hfuse)
 *(.efuse)

.lock
 *(.lock*)

.signature
 *(.signature*)

.stab
 *(.stab)

.stabstr        0x0000000000000000       0x6f
 *(.stabstr)
 .stabstr       0x0000000000000000       0x6f .build/obj_splitography_beaklti/common/avr/xprintf.o

.stab.excl
 *(.stab.excl)

.stab.exclstr
 *(.stab.exclstr)

.stab.index
 *(.stab.index)

.stab.indexstr
 *(.stab.indexstr)

.comment        0x0000000000000000       0x11
 *(.comment)
 .comment       0x0000000000000000       0x11 .build/obj_splitography_beaklti/keyboards/splitography/splitography.o
                                         0x12 (size before relaxing)
 .comment       0x0000000000000011       0x12 .build/obj_splitography_beaklti/keyboards/splitography/keymaps/beaklti/keymap.o
 .comment       0x0000000000000011       0x12 .build/obj_splitography_beaklti/quantum/quantum.o
 .comment       0x0000000000000011       0x12 .build/obj_splitography_beaklti/quantum/keymap_common.o
 .comment       0x0000000000000011       0x12 .build/obj_splitography_beaklti/quantum/keycode_config.o
 .comment       0x0000000000000011       0x12 .build/obj_splitography_beaklti/quantum/process_keycode/process_leader.o
 .comment       0x0000000000000011       0x12 .build/obj_splitography_beaklti/quantum/matrix.o
 .comment       0x0000000000000011       0x12 .build/obj_splitography_beaklti/quantum/process_keycode/process_steno.o
 .comment       0x0000000000000011       0x12 .build/obj_splitography_beaklti/quantum/process_keycode/process_tap_dance.o
 .comment       0x0000000000000011       0x12 .build/obj_splitography_beaklti/common/host.o
 .comment       0x0000000000000011       0x12 .build/obj_splitography_beaklti/common/keyboard.o
 .comment       0x0000000000000011       0x12 .build/obj_splitography_beaklti/common/action.o
 .comment       0x0000000000000011       0x12 .build/obj_splitography_beaklti/common/action_tapping.o
 .comment       0x0000000000000011       0x12 .build/obj_splitography_beaklti/common/action_macro.o
 .comment       0x0000000000000011       0x12 .build/obj_splitography_beaklti/common/action_layer.o
 .comment       0x0000000000000011       0x12 .build/obj_splitography_beaklti/common/action_util.o
 .comment       0x0000000000000011       0x12 .build/obj_splitography_beaklti/common/debug.o
 .comment       0x0000000000000011       0x12 .build/obj_splitography_beaklti/common/util.o
 .comment       0x0000000000000011       0x12 .build/obj_splitography_beaklti/common/eeconfig.o
 .comment       0x0000000000000011       0x12 .build/obj_splitography_beaklti/common/report.o
 .comment       0x0000000000000011       0x12 .build/obj_splitography_beaklti/common/avr/suspend.o
 .comment       0x0000000000000011       0x12 .build/obj_splitography_beaklti/common/avr/timer.o
 .comment       0x0000000000000011       0x12 .build/obj_splitography_beaklti/common/avr/bootloader.o
 .comment       0x0000000000000011       0x12 .build/obj_splitography_beaklti/common/magic.o
 .comment       0x0000000000000011       0x12 .build/obj_splitography_beaklti/common/mousekey.o
 .comment       0x0000000000000011       0x12 .build/obj_splitography_beaklti/lufa.o
 .comment       0x0000000000000011       0x12 .build/obj_splitography_beaklti/descriptor.o
 .comment       0x0000000000000011       0x12 .build/obj_splitography_beaklti/outputselect.o
 .comment       0x0000000000000011       0x12 .build/obj_splitography_beaklti/./lib/lufa/LUFA/Drivers/USB/Core/AVR8/Device_AVR8.o
 .comment       0x0000000000000011       0x12 .build/obj_splitography_beaklti/./lib/lufa/LUFA/Drivers/USB/Core/AVR8/EndpointStream_AVR8.o
 .comment       0x0000000000000011       0x12 .build/obj_splitography_beaklti/./lib/lufa/LUFA/Drivers/USB/Core/AVR8/Endpoint_AVR8.o
 .comment       0x0000000000000011       0x12 .build/obj_splitography_beaklti/./lib/lufa/LUFA/Drivers/USB/Core/AVR8/USBController_AVR8.o
 .comment       0x0000000000000011       0x12 .build/obj_splitography_beaklti/./lib/lufa/LUFA/Drivers/USB/Core/AVR8/USBInterrupt_AVR8.o
 .comment       0x0000000000000011       0x12 .build/obj_splitography_beaklti/./lib/lufa/LUFA/Drivers/USB/Core/DeviceStandardReq.o
 .comment       0x0000000000000011       0x12 .build/obj_splitography_beaklti/./lib/lufa/LUFA/Drivers/USB/Core/Events.o
 .comment       0x0000000000000011       0x12 .build/obj_splitography_beaklti/./lib/lufa/LUFA/Drivers/USB/Core/USBTask.o
 .comment       0x0000000000000011       0x12 .build/obj_splitography_beaklti/./lib/lufa/LUFA/Drivers/USB/Class/Device/CDCClassDevice.o

.note.gnu.avr.deviceinfo
                0x0000000000000000       0x40
 .note.gnu.avr.deviceinfo
                0x0000000000000000       0x40 /usr/lib/gcc/avr/7.3.0/../../../../avr/lib/avr5/crtatmega32u4.o

.note.gnu.build-id
 *(.note.gnu.build-id)

.debug
 *(.debug)

.line
 *(.line)

.debug_srcinfo
 *(.debug_srcinfo)

.debug_sfnames
 *(.debug_sfnames)

.debug_aranges  0x0000000000000000      0xe18
 *(.debug_aranges)
 .debug_aranges
                0x0000000000000000       0x20 .build/obj_splitography_beaklti/keyboards/splitography/splitography.o
 .debug_aranges
                0x0000000000000020      0x198 .build/obj_splitography_beaklti/keyboards/splitography/keymaps/beaklti/keymap.o
 .debug_aranges
                0x00000000000001b8      0x108 .build/obj_splitography_beaklti/quantum/quantum.o
 .debug_aranges
                0x00000000000002c0       0x40 .build/obj_splitography_beaklti/quantum/keymap_common.o
 .debug_aranges
                0x0000000000000300       0x28 .build/obj_splitography_beaklti/quantum/keycode_config.o
 .debug_aranges
                0x0000000000000328       0x28 .build/obj_splitography_beaklti/quantum/process_keycode/process_leader.o
 .debug_aranges
                0x0000000000000350       0x88 .build/obj_splitography_beaklti/quantum/matrix.o
 .debug_aranges
                0x00000000000003d8       0x60 .build/obj_splitography_beaklti/quantum/process_keycode/process_steno.o
 .debug_aranges
                0x0000000000000438       0x58 .build/obj_splitography_beaklti/quantum/process_keycode/process_tap_dance.o
 .debug_aranges
                0x0000000000000490       0x60 .build/obj_splitography_beaklti/common/host.o
 .debug_aranges
                0x00000000000004f0       0x48 .build/obj_splitography_beaklti/common/keyboard.o
 .debug_aranges
                0x0000000000000538       0x90 .build/obj_splitography_beaklti/common/action.o
 .debug_aranges
                0x00000000000005c8       0x48 .build/obj_splitography_beaklti/common/action_tapping.o
 .debug_aranges
                0x0000000000000610       0x20 .build/obj_splitography_beaklti/common/action_macro.o
 .debug_aranges
                0x0000000000000630       0xc8 .build/obj_splitography_beaklti/common/action_layer.o
 .debug_aranges
                0x00000000000006f8      0x120 .build/obj_splitography_beaklti/common/action_util.o
 .debug_aranges
                0x0000000000000818       0x18 .build/obj_splitography_beaklti/common/debug.o
 .debug_aranges
                0x0000000000000830       0x60 .build/obj_splitography_beaklti/common/util.o
 .debug_aranges
                0x0000000000000890       0x68 .build/obj_splitography_beaklti/common/eeconfig.o
 .debug_aranges
                0x00000000000008f8       0x60 .build/obj_splitography_beaklti/common/report.o
 .debug_aranges
                0x0000000000000958       0x48 .build/obj_splitography_beaklti/common/avr/suspend.o
 .debug_aranges
                0x00000000000009a0       0x50 .build/obj_splitography_beaklti/common/avr/timer.o
 .debug_aranges
                0x00000000000009f0       0x28 .build/obj_splitography_beaklti/common/avr/bootloader.o
 .debug_aranges
                0x0000000000000a18       0x20 .build/obj_splitography_beaklti/common/magic.o
 .debug_aranges
                0x0000000000000a38       0x50 .build/obj_splitography_beaklti/common/mousekey.o
 .debug_aranges
                0x0000000000000a88       0xa0 .build/obj_splitography_beaklti/lufa.o
 .debug_aranges
                0x0000000000000b28       0x20 .build/obj_splitography_beaklti/descriptor.o
 .debug_aranges
                0x0000000000000b48       0x38 .build/obj_splitography_beaklti/outputselect.o
 .debug_aranges
                0x0000000000000b80       0x20 .build/obj_splitography_beaklti/./lib/lufa/LUFA/Drivers/USB/Core/AVR8/Device_AVR8.o
 .debug_aranges
                0x0000000000000ba0       0xc8 .build/obj_splitography_beaklti/./lib/lufa/LUFA/Drivers/USB/Core/AVR8/EndpointStream_AVR8.o
 .debug_aranges
                0x0000000000000c68       0x40 .build/obj_splitography_beaklti/./lib/lufa/LUFA/Drivers/USB/Core/AVR8/Endpoint_AVR8.o
 .debug_aranges
                0x0000000000000ca8       0x30 .build/obj_splitography_beaklti/./lib/lufa/LUFA/Drivers/USB/Core/AVR8/USBController_AVR8.o
 .debug_aranges
                0x0000000000000cd8       0x38 .build/obj_splitography_beaklti/./lib/lufa/LUFA/Drivers/USB/Core/AVR8/USBInterrupt_AVR8.o
 .debug_aranges
                0x0000000000000d10       0x20 .build/obj_splitography_beaklti/./lib/lufa/LUFA/Drivers/USB/Core/DeviceStandardReq.o
 .debug_aranges
                0x0000000000000d30       0x20 .build/obj_splitography_beaklti/./lib/lufa/LUFA/Drivers/USB/Core/Events.o
 .debug_aranges
                0x0000000000000d50       0x20 .build/obj_splitography_beaklti/./lib/lufa/LUFA/Drivers/USB/Core/USBTask.o
 .debug_aranges
                0x0000000000000d70       0xa8 .build/obj_splitography_beaklti/./lib/lufa/LUFA/Drivers/USB/Class/Device/CDCClassDevice.o

.debug_pubnames
 *(.debug_pubnames)

.debug_info     0x0000000000000000    0x1ce59
 *(.debug_info .gnu.linkonce.wi.*)
 .debug_info    0x0000000000000000      0x9f4 /usr/lib/gcc/avr/7.3.0/../../../../avr/lib/avr5/crtatmega32u4.o
 .debug_info    0x00000000000009f4      0x6cc .build/obj_splitography_beaklti/keyboards/splitography/splitography.o
 .debug_info    0x00000000000010c0     0x36c5 .build/obj_splitography_beaklti/keyboards/splitography/keymaps/beaklti/keymap.o
 .debug_info    0x0000000000004785     0x264f .build/obj_splitography_beaklti/quantum/quantum.o
 .debug_info    0x0000000000006dd4     0x1c54 .build/obj_splitography_beaklti/quantum/keymap_common.o
 .debug_info    0x0000000000008a28      0x615 .build/obj_splitography_beaklti/quantum/keycode_config.o
 .debug_info    0x000000000000903d     0x10e2 .build/obj_splitography_beaklti/quantum/process_keycode/process_leader.o
 .debug_info    0x000000000000a11f      0x76b .build/obj_splitography_beaklti/quantum/matrix.o
 .debug_info    0x000000000000a88a     0x1560 .build/obj_splitography_beaklti/quantum/process_keycode/process_steno.o
 .debug_info    0x000000000000bdea     0x1587 .build/obj_splitography_beaklti/quantum/process_keycode/process_tap_dance.o
 .debug_info    0x000000000000d371      0x64e .build/obj_splitography_beaklti/common/host.o
 .debug_info    0x000000000000d9bf      0xa52 .build/obj_splitography_beaklti/common/keyboard.o
 .debug_info    0x000000000000e411     0x1c93 .build/obj_splitography_beaklti/common/action.o
 .debug_info    0x00000000000100a4      0xf3a .build/obj_splitography_beaklti/common/action_tapping.o
 .debug_info    0x0000000000010fde      0xa7a .build/obj_splitography_beaklti/common/action_macro.o
 .debug_info    0x0000000000011a58      0xaf2 .build/obj_splitography_beaklti/common/action_layer.o
 .debug_info    0x000000000001254a      0xaa7 .build/obj_splitography_beaklti/common/action_util.o
 .debug_info    0x0000000000012ff1      0x104 .build/obj_splitography_beaklti/common/debug.o
 .debug_info    0x00000000000130f5      0x2a2 .build/obj_splitography_beaklti/common/util.o
 .debug_info    0x0000000000013397      0x36f .build/obj_splitography_beaklti/common/eeconfig.o
 .debug_info    0x0000000000013706      0x71f .build/obj_splitography_beaklti/common/report.o
 .debug_info    0x0000000000013e25      0x65d .build/obj_splitography_beaklti/common/avr/suspend.o
 .debug_info    0x0000000000014482      0x3aa .build/obj_splitography_beaklti/common/avr/timer.o
 .debug_info    0x000000000001482c      0x382 .build/obj_splitography_beaklti/common/avr/bootloader.o
 .debug_info    0x0000000000014bae      0x4c3 .build/obj_splitography_beaklti/common/magic.o
 .debug_info    0x0000000000015071      0x824 .build/obj_splitography_beaklti/common/mousekey.o
 .debug_info    0x0000000000015895     0x1a4c .build/obj_splitography_beaklti/lufa.o
 .debug_info    0x00000000000172e1      0xb4e .build/obj_splitography_beaklti/descriptor.o
 .debug_info    0x0000000000017e2f      0x51b .build/obj_splitography_beaklti/outputselect.o
 .debug_info    0x000000000001834a      0x18c .build/obj_splitography_beaklti/./lib/lufa/LUFA/Drivers/USB/Core/AVR8/Device_AVR8.o
 .debug_info    0x00000000000184d6     0x17d8 .build/obj_splitography_beaklti/./lib/lufa/LUFA/Drivers/USB/Core/AVR8/EndpointStream_AVR8.o
 .debug_info    0x0000000000019cae      0x64a .build/obj_splitography_beaklti/./lib/lufa/LUFA/Drivers/USB/Core/AVR8/Endpoint_AVR8.o
 .debug_info    0x000000000001a2f8      0x54a .build/obj_splitography_beaklti/./lib/lufa/LUFA/Drivers/USB/Core/AVR8/USBController_AVR8.o
 .debug_info    0x000000000001a842      0x875 .build/obj_splitography_beaklti/./lib/lufa/LUFA/Drivers/USB/Core/AVR8/USBInterrupt_AVR8.o
 .debug_info    0x000000000001b0b7      0xa6f .build/obj_splitography_beaklti/./lib/lufa/LUFA/Drivers/USB/Core/DeviceStandardReq.o
 .debug_info    0x000000000001bb26       0x78 .build/obj_splitography_beaklti/./lib/lufa/LUFA/Drivers/USB/Core/Events.o
 .debug_info    0x000000000001bb9e      0x2a7 .build/obj_splitography_beaklti/./lib/lufa/LUFA/Drivers/USB/Core/USBTask.o
 .debug_info    0x000000000001be45     0x1014 .build/obj_splitography_beaklti/./lib/lufa/LUFA/Drivers/USB/Class/Device/CDCClassDevice.o

.debug_abbrev   0x0000000000000000     0x5f02
 *(.debug_abbrev)
 .debug_abbrev  0x0000000000000000      0x96a /usr/lib/gcc/avr/7.3.0/../../../../avr/lib/avr5/crtatmega32u4.o
 .debug_abbrev  0x000000000000096a      0x180 .build/obj_splitography_beaklti/keyboards/splitography/splitography.o
 .debug_abbrev  0x0000000000000aea      0x3e1 .build/obj_splitography_beaklti/keyboards/splitography/keymaps/beaklti/keymap.o
 .debug_abbrev  0x0000000000000ecb      0x4a6 .build/obj_splitography_beaklti/quantum/quantum.o
 .debug_abbrev  0x0000000000001371      0x2a5 .build/obj_splitography_beaklti/quantum/keymap_common.o
 .debug_abbrev  0x0000000000001616      0x11c .build/obj_splitography_beaklti/quantum/keycode_config.o
 .debug_abbrev  0x0000000000001732      0x1eb .build/obj_splitography_beaklti/quantum/process_keycode/process_leader.o
 .debug_abbrev  0x000000000000191d      0x369 .build/obj_splitography_beaklti/quantum/matrix.o
 .debug_abbrev  0x0000000000001c86      0x2ef .build/obj_splitography_beaklti/quantum/process_keycode/process_steno.o
 .debug_abbrev  0x0000000000001f75      0x321 .build/obj_splitography_beaklti/quantum/process_keycode/process_tap_dance.o
 .debug_abbrev  0x0000000000002296      0x204 .build/obj_splitography_beaklti/common/host.o
 .debug_abbrev  0x000000000000249a      0x2a7 .build/obj_splitography_beaklti/common/keyboard.o
 .debug_abbrev  0x0000000000002741      0x3e7 .build/obj_splitography_beaklti/common/action.o
 .debug_abbrev  0x0000000000002b28      0x305 .build/obj_splitography_beaklti/common/action_tapping.o
 .debug_abbrev  0x0000000000002e2d      0x240 .build/obj_splitography_beaklti/common/action_macro.o
 .debug_abbrev  0x000000000000306d      0x29f .build/obj_splitography_beaklti/common/action_layer.o
 .debug_abbrev  0x000000000000330c      0x298 .build/obj_splitography_beaklti/common/action_util.o
 .debug_abbrev  0x00000000000035a4       0x94 .build/obj_splitography_beaklti/common/debug.o
 .debug_abbrev  0x0000000000003638       0xcb .build/obj_splitography_beaklti/common/util.o
 .debug_abbrev  0x0000000000003703       0xc2 .build/obj_splitography_beaklti/common/eeconfig.o
 .debug_abbrev  0x00000000000037c5      0x223 .build/obj_splitography_beaklti/common/report.o
 .debug_abbrev  0x00000000000039e8      0x2bf .build/obj_splitography_beaklti/common/avr/suspend.o
 .debug_abbrev  0x0000000000003ca7      0x182 .build/obj_splitography_beaklti/common/avr/timer.o
 .debug_abbrev  0x0000000000003e29      0x200 .build/obj_splitography_beaklti/common/avr/bootloader.o
 .debug_abbrev  0x0000000000004029      0x191 .build/obj_splitography_beaklti/common/magic.o
 .debug_abbrev  0x00000000000041ba      0x267 .build/obj_splitography_beaklti/common/mousekey.o
 .debug_abbrev  0x0000000000004421      0x4f5 .build/obj_splitography_beaklti/lufa.o
 .debug_abbrev  0x0000000000004916      0x1d9 .build/obj_splitography_beaklti/descriptor.o
 .debug_abbrev  0x0000000000004aef      0x20b .build/obj_splitography_beaklti/outputselect.o
 .debug_abbrev  0x0000000000004cfa       0xb6 .build/obj_splitography_beaklti/./lib/lufa/LUFA/Drivers/USB/Core/AVR8/Device_AVR8.o
 .debug_abbrev  0x0000000000004db0      0x20a .build/obj_splitography_beaklti/./lib/lufa/LUFA/Drivers/USB/Core/AVR8/EndpointStream_AVR8.o
 .debug_abbrev  0x0000000000004fba      0x251 .build/obj_splitography_beaklti/./lib/lufa/LUFA/Drivers/USB/Core/AVR8/Endpoint_AVR8.o