Archive member included to satisfy reference by file (symbol)

/usr/lib/gcc/avr/7.3.0/avr5/libgcc.a(_udivmodqi4.o)
                              .build/obj_splitography_thumbh/quantum/process_keycode/process_steno.o (__udivmodqi4)
/usr/lib/gcc/avr/7.3.0/avr5/libgcc.a(_divmodhi4.o)
                              .build/obj_splitography_thumbh/common/mousekey.o (__divmodhi4)
/usr/lib/gcc/avr/7.3.0/avr5/libgcc.a(_exit.o)
                              /usr/lib/gcc/avr/7.3.0/../../../../avr/lib/avr5/crtatmega32u4.o (exit)
/usr/lib/gcc/avr/7.3.0/avr5/libgcc.a(_tablejump2.o)
                              .build/obj_splitography_thumbh/quantum/quantum.o (__tablejump2__)
/usr/lib/gcc/avr/7.3.0/avr5/libgcc.a(_copy_data.o)
                              .build/obj_splitography_thumbh/keyboards/splitography/keymaps/thumbh/keymap.o (__do_copy_data)
/usr/lib/gcc/avr/7.3.0/avr5/libgcc.a(_clear_bss.o)
                              .build/obj_splitography_thumbh/keyboards/splitography/keymaps/thumbh/keymap.o (__do_clear_bss)
/usr/lib/gcc/avr/7.3.0/avr5/libgcc.a(_udivmodhi4.o)
                              /usr/lib/gcc/avr/7.3.0/avr5/libgcc.a(_divmodhi4.o) (__udivmodhi4)
/usr/lib/gcc/avr/7.3.0/../../../../avr/lib/avr5/libc.a(strlen_P.o)
                              .build/obj_splitography_thumbh/./lib/lufa/LUFA/Drivers/USB/Class/Device/CDCClassDevice.o (__strlen_P)
/usr/lib/gcc/avr/7.3.0/../../../../avr/lib/avr5/libatmega32u4.a(eerd_byte.o)
                              .build/obj_splitography_thumbh/quantum/process_keycode/process_steno.o (eeprom_read_byte)
/usr/lib/gcc/avr/7.3.0/../../../../avr/lib/avr5/libatmega32u4.a(eerd_word.o)
                              .build/obj_splitography_thumbh/common/eeconfig.o (eeprom_read_word)
/usr/lib/gcc/avr/7.3.0/../../../../avr/lib/avr5/libatmega32u4.a(eeupd_byte.o)
                              .build/obj_splitography_thumbh/quantum/process_keycode/process_steno.o (eeprom_update_byte)
/usr/lib/gcc/avr/7.3.0/../../../../avr/lib/avr5/libatmega32u4.a(eeupd_word.o)
                              .build/obj_splitography_thumbh/common/eeconfig.o (eeprom_update_word)
/usr/lib/gcc/avr/7.3.0/../../../../avr/lib/avr5/libatmega32u4.a(eerd_block.o)
                              /usr/lib/gcc/avr/7.3.0/../../../../avr/lib/avr5/libatmega32u4.a(eerd_word.o) (eeprom_read_blraw)

Allocating common symbols
Common symbol       size              file

USB_IsInitialized   0x1               .build/obj_splitography_thumbh/./lib/lufa/LUFA/Drivers/USB/Core/USBTask.o
keymap_config       0x2               .build/obj_splitography_thumbh/common/magic.o
USB_DeviceState     0x1               .build/obj_splitography_thumbh/./lib/lufa/LUFA/Drivers/USB/Core/USBTask.o
USB_Device_ConfigurationNumber
                    0x1               .build/obj_splitography_thumbh/./lib/lufa/LUFA/Drivers/USB/Core/DeviceStandardReq.o
mode                0x1               .build/obj_splitography_thumbh/quantum/process_keycode/process_steno.o
USB_Device_CurrentlySelfPowered
                    0x1               .build/obj_splitography_thumbh/./lib/lufa/LUFA/Drivers/USB/Core/DeviceStandardReq.o
USB_ControlRequest  0x8               .build/obj_splitography_thumbh/./lib/lufa/LUFA/Drivers/USB/Core/USBTask.o
tp_buttons          0x2               .build/obj_splitography_thumbh/common/action.o
USB_Device_RemoteWakeupEnabled
                    0x1               .build/obj_splitography_thumbh/./lib/lufa/LUFA/Drivers/USB/Core/DeviceStandardReq.o
timer_count         0x4               .build/obj_splitography_thumbh/common/avr/timer.o

Discarded input sections

 .data          0x0000000000000000        0x0 /usr/lib/gcc/avr/7.3.0/../../../../avr/lib/avr5/crtatmega32u4.o
 .bss           0x0000000000000000        0x0 /usr/lib/gcc/avr/7.3.0/../../../../avr/lib/avr5/crtatmega32u4.o
 .text          0x0000000000000000        0x0 .build/obj_splitography_thumbh/keyboards/splitography/splitography.o
 .data          0x0000000000000000        0x0 .build/obj_splitography_thumbh/keyboards/splitography/splitography.o
 .bss           0x0000000000000000        0x0 .build/obj_splitography_thumbh/keyboards/splitography/splitography.o
 .text          0x0000000000000000        0x0 .build/obj_splitography_thumbh/keyboards/splitography/keymaps/thumbh/keymap.o
 .data          0x0000000000000000        0x0 .build/obj_splitography_thumbh/keyboards/splitography/keymaps/thumbh/keymap.o
 .bss           0x0000000000000000        0x0 .build/obj_splitography_thumbh/keyboards/splitography/keymaps/thumbh/keymap.o
 .text.lt       0x0000000000000000       0x74 .build/obj_splitography_thumbh/keyboards/splitography/keymaps/thumbh/keymap.o
 .text.lt_shift
                0x0000000000000000       0x14 .build/obj_splitography_thumbh/keyboards/splitography/keymaps/thumbh/keymap.o
 .text.steno_exit
                0x0000000000000000       0x14 .build/obj_splitography_thumbh/keyboards/splitography/keymaps/thumbh/keymap.o
[...]
Memory Configuration

Name             Origin             Length             Attributes
text             0x0000000000000000 0x0000000000020000 xr
data             0x0000000000800060 0x000000000000ffa0 rw !x
eeprom           0x0000000000810000 0x0000000000010000 rw !x
fuse             0x0000000000820000 0x0000000000000400 rw !x
lock             0x0000000000830000 0x0000000000000400 rw !x
signature        0x0000000000840000 0x0000000000000400 rw !x
user_signatures  0x0000000000850000 0x0000000000000400 rw !x
*default*        0x0000000000000000 0xffffffffffffffff

Linker script and memory map

Address of section .data set to 0x800100
LOAD /usr/lib/gcc/avr/7.3.0/../../../../avr/lib/avr5/crtatmega32u4.o
LOAD .build/obj_splitography_thumbh/keyboards/splitography/splitography.o
LOAD .build/obj_splitography_thumbh/keyboards/splitography/keymaps/thumbh/keymap.o
LOAD .build/obj_splitography_thumbh/quantum/quantum.o
LOAD .build/obj_splitography_thumbh/quantum/keymap_common.o
LOAD .build/obj_splitography_thumbh/quantum/keycode_config.o
LOAD .build/obj_splitography_thumbh/quantum/process_keycode/process_leader.o
LOAD .build/obj_splitography_thumbh/quantum/matrix.o
LOAD .build/obj_splitography_thumbh/quantum/process_keycode/process_steno.o
LOAD .build/obj_splitography_thumbh/quantum/process_keycode/process_tap_dance.o
LOAD .build/obj_splitography_thumbh/common/host.o
LOAD .build/obj_splitography_thumbh/common/keyboard.o
LOAD .build/obj_splitography_thumbh/common/action.o
LOAD .build/obj_splitography_thumbh/common/action_tapping.o
LOAD .build/obj_splitography_thumbh/common/action_macro.o
LOAD .build/obj_splitography_thumbh/common/action_layer.o
LOAD .build/obj_splitography_thumbh/common/action_util.o
LOAD .build/obj_splitography_thumbh/common/print.o
LOAD .build/obj_splitography_thumbh/common/debug.o
LOAD .build/obj_splitography_thumbh/common/util.o
LOAD .build/obj_splitography_thumbh/common/eeconfig.o
LOAD .build/obj_splitography_thumbh/common/report.o
LOAD .build/obj_splitography_thumbh/common/avr/suspend.o
LOAD .build/obj_splitography_thumbh/common/avr/timer.o
LOAD .build/obj_splitography_thumbh/common/avr/bootloader.o
LOAD .build/obj_splitography_thumbh/common/avr/xprintf.o
LOAD .build/obj_splitography_thumbh/common/magic.o
LOAD .build/obj_splitography_thumbh/common/mousekey.o
LOAD .build/obj_splitography_thumbh/lufa.o
LOAD .build/obj_splitography_thumbh/descriptor.o
LOAD .build/obj_splitography_thumbh/outputselect.o
LOAD .build/obj_splitography_thumbh/./lib/lufa/LUFA/Drivers/USB/Class/Common/HIDParser.o
LOAD .build/obj_splitography_thumbh/./lib/lufa/LUFA/Drivers/USB/Core/AVR8/Device_AVR8.o
LOAD .build/obj_splitography_thumbh/./lib/lufa/LUFA/Drivers/USB/Core/AVR8/EndpointStream_AVR8.o
LOAD .build/obj_splitography_thumbh/./lib/lufa/LUFA/Drivers/USB/Core/AVR8/Endpoint_AVR8.o
LOAD .build/obj_splitography_thumbh/./lib/lufa/LUFA/Drivers/USB/Core/AVR8/Host_AVR8.o
LOAD .build/obj_splitography_thumbh/./lib/lufa/LUFA/Drivers/USB/Core/AVR8/PipeStream_AVR8.o
LOAD .build/obj_splitography_thumbh/./lib/lufa/LUFA/Drivers/USB/Core/AVR8/Pipe_AVR8.o
LOAD .build/obj_splitography_thumbh/./lib/lufa/LUFA/Drivers/USB/Core/AVR8/USBController_AVR8.o
LOAD .build/obj_splitography_thumbh/./lib/lufa/LUFA/Drivers/USB/Core/AVR8/USBInterrupt_AVR8.o
LOAD .build/obj_splitography_thumbh/./lib/lufa/LUFA/Drivers/USB/Core/ConfigDescriptors.o
LOAD .build/obj_splitography_thumbh/./lib/lufa/LUFA/Drivers/USB/Core/DeviceStandardReq.o
LOAD .build/obj_splitography_thumbh/./lib/lufa/LUFA/Drivers/USB/Core/Events.o
LOAD .build/obj_splitography_thumbh/./lib/lufa/LUFA/Drivers/USB/Core/HostStandardReq.o
LOAD .build/obj_splitography_thumbh/./lib/lufa/LUFA/Drivers/USB/Core/USBTask.o
LOAD .build/obj_splitography_thumbh/./lib/lufa/LUFA/Drivers/USB/Class/Device/CDCClassDevice.o
LOAD /usr/lib/gcc/avr/7.3.0/../../../../avr/lib/avr5/libm.a
START GROUP
LOAD /usr/lib/gcc/avr/7.3.0/avr5/libgcc.a
LOAD /usr/lib/gcc/avr/7.3.0/../../../../avr/lib/avr5/libm.a
LOAD /usr/lib/gcc/avr/7.3.0/../../../../avr/lib/avr5/libc.a
LOAD /usr/lib/gcc/avr/7.3.0/../../../../avr/lib/avr5/libatmega32u4.a
END GROUP
                0x0000000000020000                __TEXT_REGION_LENGTH__ = DEFINED (__TEXT_REGION_LENGTH__)?__TEXT_REGION_LENGTH__:0x20000
                0x000000000000ffa0                __DATA_REGION_LENGTH__ = DEFINED (__DATA_REGION_LENGTH__)?__DATA_REGION_LENGTH__:0xffa0
                0x0000000000010000                __EEPROM_REGION_LENGTH__ = DEFINED (__EEPROM_REGION_LENGTH__)?__EEPROM_REGION_LENGTH__:0x10000
                0x0000000000000400                __FUSE_REGION_LENGTH__ = DEFINED (__FUSE_REGION_LENGTH__)?__FUSE_REGION_LENGTH__:0x400
                0x0000000000000400                __LOCK_REGION_LENGTH__ = DEFINED (__LOCK_REGION_LENGTH__)?__LOCK_REGION_LENGTH__:0x400
                0x0000000000000400                __SIGNATURE_REGION_LENGTH__ = DEFINED (__SIGNATURE_REGION_LENGTH__)?__SIGNATURE_REGION_LENGTH__:0x400
                0x0000000000000400                __USER_SIGNATURE_REGION_LENGTH__ = DEFINED (__USER_SIGNATURE_REGION_LENGTH__)?__USER_SIGNATURE_REGION_LENGTH__:0x400

.hash
 *(.hash)

.dynsym
 *(.dynsym)

.dynstr
 *(.dynstr)

.gnu.version
 *(.gnu.version)

.gnu.version_d
 *(.gnu.version_d)

.gnu.version_r
 *(.gnu.version_r)

.rel.init
 *(.rel.init)

.rela.init
 *(.rela.init)

.rel.text
 *(.rel.text)
 *(.rel.text.*)
 *(.rel.gnu.linkonce.t*)

.rela.text
 *(.rela.text)
 *(.rela.text.*)
 *(.rela.gnu.linkonce.t*)

.rel.fini
 *(.rel.fini)

.rela.fini
 *(.rela.fini)

.rel.rodata
 *(.rel.rodata)
 *(.rel.rodata.*)
 *(.rel.gnu.linkonce.r*)

.rela.rodata
 *(.rela.rodata)
 *(.rela.rodata.*)
 *(.rela.gnu.linkonce.r*)

.rel.data
 *(.rel.data)
 *(.rel.data.*)
 *(.rel.gnu.linkonce.d*)

.rela.data
 *(.rela.data)
 *(.rela.data.*)
 *(.rela.gnu.linkonce.d*)

.rel.ctors
 *(.rel.ctors)

.rela.ctors
 *(.rela.ctors)

.rel.dtors
 *(.rel.dtors)

.rela.dtors
 *(.rela.dtors)

.rel.got
 *(.rel.got)

.rela.got
 *(.rela.got)

.rel.bss
 *(.rel.bss)

.rela.bss
 *(.rela.bss)

.rel.plt
 *(.rel.plt)

.rela.plt
 *(.rela.plt)

.text           0x0000000000000000     0x5a36
 *(.vectors)
 .vectors       0x0000000000000000       0xac /usr/lib/gcc/avr/7.3.0/../../../../avr/lib/avr5/crtatmega32u4.o
                0x0000000000000000                __vectors
                0x0000000000000000                __vector_default
 *(.vectors)
 *(.progmem.gcc*)
                0x00000000000000ac                . = ALIGN (0x2)
                0x00000000000000ac                __trampolines_start = .
 *(.trampolines)
 .trampolines   0x00000000000000ac        0x0 linker stubs
 *(.trampolines*)
                0x00000000000000ac                __trampolines_end = .
 *libprintf_flt.a:*(.progmem.data)
 *libc.a:*(.progmem.data)
 *(.progmem.*)
 .progmem.data.__c.5770
                0x00000000000000ac       0x1c .build/obj_splitography_thumbh/keyboards/splitography/keymaps/thumbh/keymap.o
 .progmem.data.__c.5764
                0x00000000000000c8       0x12 .build/obj_splitography_thumbh/keyboards/splitography/keymaps/thumbh/keymap.o
 .progmem.data.keymaps
                0x00000000000000da      0x600 .build/obj_splitography_thumbh/keyboards/splitography/keymaps/thumbh/keymap.o
                0x00000000000000da                keymaps
 .progmem.data.ascii_to_keycode_lut
                0x00000000000006da       0x80 .build/obj_splitography_thumbh/quantum/quantum.o
                0x00000000000006da                ascii_to_keycode_lut
 .progmem.data.ascii_to_shift_lut
                0x000000000000075a       0x80 .build/obj_splitography_thumbh/quantum/quantum.o
                0x000000000000075a                ascii_to_shift_lut
 .progmem.data.fn_actions
                0x00000000000007da        0x0 .build/obj_splitography_thumbh/quantum/keymap_common.o
                0x00000000000007da                fn_actions
 .progmem.data.SerialNumberString
                0x00000000000007da        0x6 .build/obj_splitography_thumbh/descriptor.o
                0x00000000000007da                SerialNumberString
 .progmem.data.ProductString
                0x00000000000007e0       0x1c .build/obj_splitography_thumbh/descriptor.o
                0x00000000000007e0                ProductString
 .progmem.data.ManufacturerString
                0x00000000000007fc       0x16 .build/obj_splitography_thumbh/descriptor.o
                0x00000000000007fc                ManufacturerString
 .progmem.data.LanguageString
                0x0000000000000812        0x4 .build/obj_splitography_thumbh/descriptor.o
                0x0000000000000812                LanguageString
 .progmem.data.ConfigurationDescriptor
                0x0000000000000816       0x91 .build/obj_splitography_thumbh/descriptor.o
                0x0000000000000816                ConfigurationDescriptor
 .progmem.data.DeviceDescriptor
                0x00000000000008a7       0x12 .build/obj_splitography_thumbh/descriptor.o
                0x00000000000008a7                DeviceDescriptor
 .progmem.data.NKROReport
                0x00000000000008b9       0x39 .build/obj_splitography_thumbh/descriptor.o
                0x00000000000008b9                NKROReport
 .progmem.data.MouseReport
                0x00000000000008f2       0x4d .build/obj_splitography_thumbh/descriptor.o
                0x00000000000008f2                MouseReport
 .progmem.data.KeyboardReport
                0x000000000000093f       0x40 .build/obj_splitography_thumbh/descriptor.o
                0x000000000000093f                KeyboardReport
                0x0000000000000980                . = ALIGN (0x2)
 *fill*         0x000000000000097f        0x1 
 *(.lowtext)
 *(.lowtext*)
                0x0000000000000980                __ctors_start = .
 *(.ctors)
                0x0000000000000980                __ctors_end = .
                0x0000000000000980                __dtors_start = .
 *(.dtors)
                0x0000000000000980                __dtors_end = .
 SORT_BY_NAME(*)(.ctors)
 SORT_BY_NAME(*)(.dtors)
 *(.init0)
 .init0         0x0000000000000980        0x0 /usr/lib/gcc/avr/7.3.0/../../../../avr/lib/avr5/crtatmega32u4.o
                0x0000000000000980                __init
 *(.init0)
 *(.init1)
 *(.init1)
 *(.init2)
 .init2         0x0000000000000980        0xc /usr/lib/gcc/avr/7.3.0/../../../../avr/lib/avr5/crtatmega32u4.o
 *(.init2)
 *(.init3)
 .init3         0x000000000000098c       0x54 .build/obj_splitography_thumbh/common/avr/bootloader.o
                0x000000000000098c                bootloader_jump_after_watchdog_reset
 *(.init3)
 *(.init4)
 .init4         0x00000000000009e0       0x16 /usr/lib/gcc/avr/7.3.0/avr5/libgcc.a(_copy_data.o)
                0x00000000000009e0                __do_copy_data
 .init4         0x00000000000009f6       0x10 /usr/lib/gcc/avr/7.3.0/avr5/libgcc.a(_clear_bss.o)
                0x00000000000009f6                __do_clear_bss
 *(.init4)
 *(.init5)
 *(.init5)
 *(.init6)
 *(.init6)
 *(.init7)
 *(.init7)
 *(.init8)
 *(.init8)
 *(.init9)
 .init9         0x0000000000000a06        0x8 /usr/lib/gcc/avr/7.3.0/../../../../avr/lib/avr5/crtatmega32u4.o
 *(.init9)
 *(.text)
 .text          0x0000000000000a0e        0x4 /usr/lib/gcc/avr/7.3.0/../../../../avr/lib/avr5/crtatmega32u4.o
                0x0000000000000a0e                __vector_38
                0x0000000000000a0e                __vector_22
                0x0000000000000a0e                __vector_28
                0x0000000000000a0e                __vector_1
                0x0000000000000a0e                __vector_32
                0x0000000000000a0e                __vector_34
                0x0000000000000a0e                __vector_24
                0x0000000000000a0e                __bad_interrupt
                0x0000000000000a0e                __vector_6
                0x0000000000000a0e                __vector_31
                0x0000000000000a0e                __vector_35
                0x0000000000000a0e                __vector_39
                0x0000000000000a0e                __vector_3
                0x0000000000000a0e                __vector_23
                0x0000000000000a0e                __vector_30
                0x0000000000000a0e                __vector_25
                0x0000000000000a0e                __vector_13
                0x0000000000000a0e                __vector_17
                0x0000000000000a0e                __vector_19
                0x0000000000000a0e                __vector_7
                0x0000000000000a0e                __vector_41
                0x0000000000000a0e                __vector_27
                0x0000000000000a0e                __vector_5
                0x0000000000000a0e                __vector_33
                0x0000000000000a0e                __vector_37
                0x0000000000000a0e                __vector_4
                0x0000000000000a0e                __vector_9
                0x0000000000000a0e                __vector_2
                0x0000000000000a0e                __vector_15
                0x0000000000000a0e                __vector_36
                0x0000000000000a0e                __vector_29
                0x0000000000000a0e                __vector_40
                0x0000000000000a0e                __vector_8
                0x0000000000000a0e                __vector_26
                0x0000000000000a0e                __vector_14
                0x0000000000000a0e                __vector_16
                0x0000000000000a0e                __vector_18
                0x0000000000000a0e                __vector_20
                0x0000000000000a0e                __vector_42
                0x0000000000000a12                . = ALIGN (0x2)
 *(.text.*)
 .text.matrix_init_kb
                0x0000000000000a12        0x4 .build/obj_splitography_thumbh/keyboards/splitography/splitography.o
                0x0000000000000a12                matrix_init_kb
 .text.equal_reset
                0x0000000000000a16        0xc .build/obj_splitography_thumbh/keyboards/splitography/keymaps/thumbh/keymap.o
                0x0000000000000a16                equal_reset
 .text.private  0x0000000000000a22       0x1e .build/obj_splitography_thumbh/keyboards/splitography/keymaps/thumbh/keymap.o
                0x0000000000000a22                private
 .text.send     0x0000000000000a40       0x1e .build/obj_splitography_thumbh/keyboards/splitography/keymaps/thumbh/keymap.o
                0x0000000000000a40                send
 .text.tap_mods
                0x0000000000000a5e       0x2a .build/obj_splitography_thumbh/keyboards/splitography/keymaps/thumbh/keymap.o
                0x0000000000000a5e                tap_mods
 .text.modifier
                0x0000000000000a88       0x56 .build/obj_splitography_thumbh/keyboards/splitography/keymaps/thumbh/keymap.o
                0x0000000000000a88                modifier
 .text.register_shift
                0x0000000000000ade       0x12 .build/obj_splitography_thumbh/keyboards/splitography/keymaps/thumbh/keymap.o
                0x0000000000000ade                register_shift
 .text.unregister_shift
                0x0000000000000af0        0xa .build/obj_splitography_thumbh/keyboards/splitography/keymaps/thumbh/keymap.o
                0x0000000000000af0                unregister_shift
 .text.colon_reset
                0x0000000000000afa        0x8 .build/obj_splitography_thumbh/keyboards/splitography/keymaps/thumbh/keymap.o
                0x0000000000000afa                colon_reset
 .text.greater_reset
                0x0000000000000b02        0x8 .build/obj_splitography_thumbh/keyboards/splitography/keymaps/thumbh/keymap.o
                0x0000000000000b02                greater_reset
 .text.lesser_reset
                0x0000000000000b0a        0xe .build/obj_splitography_thumbh/keyboards/splitography/keymaps/thumbh/keymap.o
                0x0000000000000b0a                lesser_reset
 .text.tilde_reset
                0x0000000000000b18        0x8 .build/obj_splitography_thumbh/keyboards/splitography/keymaps/thumbh/keymap.o
                0x0000000000000b18                tilde_reset
 .text.tap_key  0x0000000000000b20       0x10 .build/obj_splitography_thumbh/keyboards/splitography/keymaps/thumbh/keymap.o
                0x0000000000000b20                tap_key
 .text.comma    0x0000000000000b30       0x26 .build/obj_splitography_thumbh/keyboards/splitography/keymaps/thumbh/keymap.o
                0x0000000000000b30                comma
 .text.shift_key
                0x0000000000000b56       0x1c .build/obj_splitography_thumbh/keyboards/splitography/keymaps/thumbh/keymap.o
                0x0000000000000b56                shift_key
 .text.tilde    0x0000000000000b72       0x58 .build/obj_splitography_thumbh/keyboards/splitography/keymaps/thumbh/keymap.o
                0x0000000000000b72                tilde
 .text.asterisk
                0x0000000000000bca       0x26 .build/obj_splitography_thumbh/keyboards/splitography/keymaps/thumbh/keymap.o
                0x0000000000000bca                asterisk
 .text.dot      0x0000000000000bf0       0x28 .build/obj_splitography_thumbh/keyboards/splitography/keymaps/thumbh/keymap.o
                0x0000000000000bf0                dot
 .text.key_press
                0x0000000000000c18       0x3e .build/obj_splitography_thumbh/keyboards/splitography/keymaps/thumbh/keymap.o
                0x0000000000000c18                key_press
 .text.mt_shift
                0x0000000000000c56       0x7a .build/obj_splitography_thumbh/keyboards/splitography/keymaps/thumbh/keymap.o
                0x0000000000000c56                mt_shift
 .text.map_shift
                0x0000000000000cd0       0x86 .build/obj_splitography_thumbh/keyboards/splitography/keymaps/thumbh/keymap.o
                0x0000000000000cd0                map_shift
 .text.double_shift
                0x0000000000000d56       0x1a .build/obj_splitography_thumbh/keyboards/splitography/keymaps/thumbh/keymap.o
                0x0000000000000d56                double_shift
 .text.tap_lt   0x0000000000000d70       0xfc .build/obj_splitography_thumbh/keyboards/splitography/keymaps/thumbh/keymap.o
                0x0000000000000d70                tap_lt
 .text.enter    0x0000000000000e6c       0x22 .build/obj_splitography_thumbh/keyboards/splitography/keymaps/thumbh/keymap.o
                0x0000000000000e6c                enter
 .text.space    0x0000000000000e8e       0x24 .build/obj_splitography_thumbh/keyboards/splitography/keymaps/thumbh/keymap.o
                0x0000000000000e8e                space
 .text.tap_reset
                0x0000000000000eb2       0x2a .build/obj_splitography_thumbh/keyboards/splitography/keymaps/thumbh/keymap.o
                0x0000000000000eb2                tap_reset
 .text.enter_reset
                0x0000000000000edc        0xa .build/obj_splitography_thumbh/keyboards/splitography/keymaps/thumbh/keymap.o
                0x0000000000000edc                enter_reset
 .text.space_reset
                0x0000000000000ee6        0xa .build/obj_splitography_thumbh/keyboards/splitography/keymaps/thumbh/keymap.o
                0x0000000000000ee6                space_reset
 .text.double_max
                0x0000000000000ef0       0x40 .build/obj_splitography_thumbh/keyboards/splitography/keymaps/thumbh/keymap.o
                0x0000000000000ef0                double_max
 .text.colon    0x0000000000000f30       0x5a .build/obj_splitography_thumbh/keyboards/splitography/keymaps/thumbh/keymap.o
                0x0000000000000f30                colon
 .text.equal    0x0000000000000f8a       0x60 .build/obj_splitography_thumbh/keyboards/splitography/keymaps/thumbh/keymap.o
                0x0000000000000f8a                equal
 .text.greater  0x0000000000000fea       0x62 .build/obj_splitography_thumbh/keyboards/splitography/keymaps/thumbh/keymap.o
                0x0000000000000fea                greater
 .text.lesser   0x000000000000104c       0x62 .build/obj_splitography_thumbh/keyboards/splitography/keymaps/thumbh/keymap.o
                0x000000000000104c                lesser
 .text.thumb_roll
                0x00000000000010ae       0xc2 .build/obj_splitography_thumbh/keyboards/splitography/keymaps/thumbh/keymap.o
                0x00000000000010ae                thumb_roll
 .text.tap_layer
                0x0000000000001170       0x14 .build/obj_splitography_thumbh/keyboards/splitography/keymaps/thumbh/keymap.o
                0x0000000000001170                tap_layer
 .text.clear_layers
                0x0000000000001184       0x34 .build/obj_splitography_thumbh/keyboards/splitography/keymaps/thumbh/keymap.o
                0x0000000000001184                clear_layers
 .text.raise_number
                0x00000000000011b8       0x3c .build/obj_splitography_thumbh/keyboards/splitography/keymaps/thumbh/keymap.o
                0x00000000000011b8                raise_number
 .text.tt_clear
                0x00000000000011f4       0x1e .build/obj_splitography_thumbh/keyboards/splitography/keymaps/thumbh/keymap.o
                0x00000000000011f4                tt_clear
 .text.tt_escape
                0x0000000000001212       0x44 .build/obj_splitography_thumbh/keyboards/splitography/keymaps/thumbh/keymap.o
                0x0000000000001212                tt_escape
 .text.toggle_plover
                0x0000000000001256       0x34 .build/obj_splitography_thumbh/keyboards/splitography/keymaps/thumbh/keymap.o
                0x0000000000001256                toggle_plover
 .text.base_layer
                0x000000000000128a       0x10 .build/obj_splitography_thumbh/keyboards/splitography/keymaps/thumbh/keymap.o
                0x000000000000128a                base_layer
 .text.steno    0x000000000000129a       0x46 .build/obj_splitography_thumbh/keyboards/splitography/keymaps/thumbh/keymap.o
                0x000000000000129a                steno
 .text.process_record_user
                0x00000000000012e0      0x34e .build/obj_splitography_thumbh/keyboards/splitography/keymaps/thumbh/keymap.o
                0x00000000000012e0                process_record_user
 .text.matrix_init_user
                0x000000000000162e        0x6 .build/obj_splitography_thumbh/keyboards/splitography/keymaps/thumbh/keymap.o
                0x000000000000162e                matrix_init_user
 .text.process_action_kb
                0x0000000000001634        0x4 .build/obj_splitography_thumbh/quantum/quantum.o
                0x0000000000001634                process_action_kb
 .text.process_record_kb
                0x0000000000001638        0x4 .build/obj_splitography_thumbh/quantum/quantum.o
                0x0000000000001638                process_record_kb
 .text.reset_keyboard
                0x000000000000163c       0x1a .build/obj_splitography_thumbh/quantum/quantum.o
                0x000000000000163c                reset_keyboard
 .text.process_record_quantum
                0x0000000000001656      0x306 .build/obj_splitography_thumbh/quantum/quantum.o
                0x0000000000001656                process_record_quantum
 .text.send_char
                0x000000000000195c       0x3c .build/obj_splitography_thumbh/quantum/quantum.o
                0x000000000000195c                send_char
 .text.send_string_with_delay
                0x0000000000001998       0x6c .build/obj_splitography_thumbh/quantum/quantum.o
                0x0000000000001998                send_string_with_delay
 .text.send_string
                0x0000000000001a04        0x6 .build/obj_splitography_thumbh/quantum/quantum.o
                0x0000000000001a04                send_string
 .text.send_string_with_delay_P
                0x0000000000001a0a       0x74 .build/obj_splitography_thumbh/quantum/quantum.o
                0x0000000000001a0a                send_string_with_delay_P
 .text.send_string_P
                0x0000000000001a7e        0x6 .build/obj_splitography_thumbh/quantum/quantum.o
                0x0000000000001a7e                send_string_P
 .text.set_single_persistent_default_layer
                0x0000000000001a84       0x26 .build/obj_splitography_thumbh/quantum/quantum.o
                0x0000000000001a84                set_single_persistent_default_layer
 .text.matrix_init_quantum
                0x0000000000001aaa        0x4 .build/obj_splitography_thumbh/quantum/quantum.o
                0x0000000000001aaa                matrix_init_quantum
 .text.matrix_scan_quantum
                0x0000000000001aae        0x8 .build/obj_splitography_thumbh/quantum/quantum.o
                0x0000000000001aae                matrix_scan_quantum
 .text.led_set_user
                0x0000000000001ab6        0x2 .build/obj_splitography_thumbh/quantum/quantum.o
                0x0000000000001ab6                led_set_user
 .text.led_set_kb
                0x0000000000001ab8        0x4 .build/obj_splitography_thumbh/quantum/quantum.o
                0x0000000000001ab8                led_set_kb
 .text.led_set  0x0000000000001abc        0x4 .build/obj_splitography_thumbh/quantum/quantum.o
                0x0000000000001abc                led_set
 .text.action_get_macro
                0x0000000000001ac0        0x6 .build/obj_splitography_thumbh/quantum/keymap_common.o
                0x0000000000001ac0                action_get_macro
 .text.action_function
                0x0000000000001ac6        0x2 .build/obj_splitography_thumbh/quantum/keymap_common.o
                0x0000000000001ac6                action_function
 .text.keymap_key_to_keycode
                0x0000000000001ac8       0x28 .build/obj_splitography_thumbh/quantum/keymap_common.o
                0x0000000000001ac8                keymap_key_to_keycode
 .text.keymap_function_id_to_action
                0x0000000000001af0       0x10 .build/obj_splitography_thumbh/quantum/keymap_common.o
                0x0000000000001af0                keymap_function_id_to_action
 .text.action_for_key
                0x0000000000001b00      0x330 .build/obj_splitography_thumbh/quantum/keymap_common.o
                0x0000000000001b00                action_for_key
 .text.keycode_config
                0x0000000000001e30      0x100 .build/obj_splitography_thumbh/quantum/keycode_config.o
                0x0000000000001e30                keycode_config
 .text.mod_config
                0x0000000000001f30       0x5a .build/obj_splitography_thumbh/quantum/keycode_config.o
                0x0000000000001f30                mod_config
 .text.leader_start
                0x0000000000001f8a        0x2 .build/obj_splitography_thumbh/quantum/process_keycode/process_leader.o
                0x0000000000001f8a                leader_start
 .text.process_leader
                0x0000000000001f8c       0x9e .build/obj_splitography_thumbh/quantum/process_keycode/process_leader.o
                0x0000000000001f8c                process_leader
 .text.matrix_scan_user
                0x000000000000202a        0x2 .build/obj_splitography_thumbh/quantum/matrix.o
                0x000000000000202a                matrix_scan_user
 .text.matrix_scan_kb
                0x000000000000202c        0x4 .build/obj_splitography_thumbh/quantum/matrix.o
                0x000000000000202c                matrix_scan_kb
 .text.matrix_init
                0x0000000000002030       0xc8 .build/obj_splitography_thumbh/quantum/matrix.o
                0x0000000000002030                matrix_init
 .text.matrix_scan
                0x00000000000020f8      0x182 .build/obj_splitography_thumbh/quantum/matrix.o
                0x00000000000020f8                matrix_scan
 .text.matrix_get_row
                0x000000000000227a       0x12 .build/obj_splitography_thumbh/quantum/matrix.o
                0x000000000000227a                matrix_get_row
 .text.matrix_print
                0x000000000000228c        0x2 .build/obj_splitography_thumbh/quantum/matrix.o
                0x000000000000228c                matrix_print
 .text.steno_clear_state
                0x000000000000228e       0x10 .build/obj_splitography_thumbh/quantum/process_keycode/process_steno.o
                0x000000000000228e                steno_clear_state
 .text.steno_init
                0x000000000000229e       0x1a .build/obj_splitography_thumbh/quantum/process_keycode/process_steno.o
                0x000000000000229e                steno_init
 .text.steno_set_mode
                0x00000000000022b8       0x18 .build/obj_splitography_thumbh/quantum/process_keycode/process_steno.o
                0x00000000000022b8                steno_set_mode
 .text.send_steno_state
                0x00000000000022d0       0x3a .build/obj_splitography_thumbh/quantum/process_keycode/process_steno.o
                0x00000000000022d0                send_steno_state
 .text.update_state_bolt
                0x000000000000230a       0x24 .build/obj_splitography_thumbh/quantum/process_keycode/process_steno.o
                0x000000000000230a                update_state_bolt
 .text.send_state_bolt
                0x000000000000232e       0x12 .build/obj_splitography_thumbh/quantum/process_keycode/process_steno.o
                0x000000000000232e                send_state_bolt
 .text.update_state_gemini
                0x0000000000002340       0x30 .build/obj_splitography_thumbh/quantum/process_keycode/process_steno.o
                0x0000000000002340                update_state_gemini
 .text.send_state_gemini
                0x0000000000002370       0x16 .build/obj_splitography_thumbh/quantum/process_keycode/process_steno.o
                0x0000000000002370                send_state_gemini
 .text.process_steno
                0x0000000000002386       0xfa .build/obj_splitography_thumbh/quantum/process_keycode/process_steno.o
                0x0000000000002386                process_steno
 .text.process_tap_dance_action_on_dance_finished
                0x0000000000002480       0x36 .build/obj_splitography_thumbh/quantum/process_keycode/process_tap_dance.o
 .text.reset_tap_dance
                0x00000000000024b6       0x72 .build/obj_splitography_thumbh/quantum/process_keycode/process_tap_dance.o
                0x00000000000024b6                reset_tap_dance
 .text.process_tap_dance
                0x0000000000002528      0x13c .build/obj_splitography_thumbh/quantum/process_keycode/process_tap_dance.o
                0x0000000000002528                process_tap_dance
 .text.matrix_scan_tap_dance
                0x0000000000002664       0x8e .build/obj_splitography_thumbh/quantum/process_keycode/process_tap_dance.o
                0x0000000000002664                matrix_scan_tap_dance
 .text.host_set_driver
                0x00000000000026f2        0xa .build/obj_splitography_thumbh/common/host.o
                0x00000000000026f2                host_set_driver
 .text.host_keyboard_leds
                0x00000000000026fc       0x18 .build/obj_splitography_thumbh/common/host.o
                0x00000000000026fc                host_keyboard_leds
 .text.host_keyboard_send
                0x0000000000002714       0x16 .build/obj_splitography_thumbh/common/host.o
                0x0000000000002714                host_keyboard_send
 .text.host_mouse_send
                0x000000000000272a       0x16 .build/obj_splitography_thumbh/common/host.o
                0x000000000000272a                host_mouse_send
 .text.host_system_send
                0x0000000000002740       0x2c .build/obj_splitography_thumbh/common/host.o
                0x0000000000002740                host_system_send
 .text.host_consumer_send
                0x000000000000276c       0x2c .build/obj_splitography_thumbh/common/host.o
                0x000000000000276c                host_consumer_send
 .text.matrix_setup
                0x0000000000002798        0x2 .build/obj_splitography_thumbh/common/keyboard.o
                0x0000000000002798                matrix_setup
 .text.keyboard_setup
                0x000000000000279a        0x4 .build/obj_splitography_thumbh/common/keyboard.o
                0x000000000000279a                keyboard_setup
 .text.is_keyboard_master
                0x000000000000279e        0x4 .build/obj_splitography_thumbh/common/keyboard.o
                0x000000000000279e                is_keyboard_master
 .text.keyboard_init
                0x00000000000027a2       0x10 .build/obj_splitography_thumbh/common/keyboard.o
                0x00000000000027a2                keyboard_init
 .text.keyboard_task
                0x00000000000027b2      0x17e .build/obj_splitography_thumbh/common/keyboard.o
                0x00000000000027b2                keyboard_task
 .text.action_exec
                0x0000000000002930       0x54 .build/obj_splitography_thumbh/common/action.o
                0x0000000000002930                action_exec
 .text.register_code
                0x0000000000002984      0x1ee .build/obj_splitography_thumbh/common/action.o
                0x0000000000002984                register_code
 .text.unregister_code
                0x0000000000002b72       0x9e .build/obj_splitography_thumbh/common/action.o
                0x0000000000002b72                unregister_code
 .text.register_mods
                0x0000000000002c10        0xe .build/obj_splitography_thumbh/common/action.o
                0x0000000000002c10                register_mods
 .text.unregister_mods
                0x0000000000002c1e        0xe .build/obj_splitography_thumbh/common/action.o
                0x0000000000002c1e                unregister_mods
 .text.process_action
                0x0000000000002c2c      0x4bc .build/obj_splitography_thumbh/common/action.o
                0x0000000000002c2c                process_action
 .text.process_record
                0x00000000000030e8       0x62 .build/obj_splitography_thumbh/common/action.o
                0x00000000000030e8                process_record
 .text.clear_keyboard_but_mods
                0x000000000000314a       0x18 .build/obj_splitography_thumbh/common/action.o
                0x000000000000314a                clear_keyboard_but_mods
 .text.clear_keyboard
                0x0000000000003162        0x8 .build/obj_splitography_thumbh/common/action.o
                0x0000000000003162                clear_keyboard
 .text.is_tap_key
                0x000000000000316a       0x5e .build/obj_splitography_thumbh/common/action.o
                0x000000000000316a                is_tap_key
 .text.debug_event
                0x00000000000031c8       0x1e .build/obj_splitography_thumbh/common/action.o
                0x00000000000031c8                debug_event
 .text.debug_record
                0x00000000000031e6       0x20 .build/obj_splitography_thumbh/common/action.o
                0x00000000000031e6                debug_record
 .text.debug_waiting_buffer
                0x0000000000003206       0x42 .build/obj_splitography_thumbh/common/action_tapping.o
 .text.debug_tapping_key
                0x0000000000003248       0x1c .build/obj_splitography_thumbh/common/action_tapping.o
 .text.waiting_buffer_typed.isra.1
                0x0000000000003264       0x40 .build/obj_splitography_thumbh/common/action_tapping.o
 .text.waiting_buffer_scan_tap
                0x00000000000032a4       0xd6 .build/obj_splitography_thumbh/common/action_tapping.o
 .text.process_tapping
                0x000000000000337a      0x3bc .build/obj_splitography_thumbh/common/action_tapping.o
 .text.action_tapping_process
                0x0000000000003736      0x152 .build/obj_splitography_thumbh/common/action_tapping.o
                0x0000000000003736                action_tapping_process
 .text.action_macro_play
                0x0000000000003888       0xf0 .build/obj_splitography_thumbh/common/action_macro.o
                0x0000000000003888                action_macro_play
 .text.default_layer_state_set_kb
                0x0000000000003978        0x2 .build/obj_splitography_thumbh/common/action_layer.o
                0x0000000000003978                default_layer_state_set_kb
 .text.default_layer_state_set
                0x000000000000397a       0x18 .build/obj_splitography_thumbh/common/action_layer.o
 .text.default_layer_debug
                0x0000000000003992        0x2 .build/obj_splitography_thumbh/common/action_layer.o
                0x0000000000003992                default_layer_debug
 .text.default_layer_set
                0x0000000000003994        0x4 .build/obj_splitography_thumbh/common/action_layer.o
                0x0000000000003994                default_layer_set
 .text.default_layer_or
                0x0000000000003998       0x24 .build/obj_splitography_thumbh/common/action_layer.o
                0x0000000000003998                default_layer_or
 .text.default_layer_and
                0x00000000000039bc       0x24 .build/obj_splitography_thumbh/common/action_layer.o
                0x00000000000039bc                default_layer_and
 .text.default_layer_xor
                0x00000000000039e0       0x24 .build/obj_splitography_thumbh/common/action_layer.o
                0x00000000000039e0                default_layer_xor
 .text.layer_state_set_user
                0x0000000000003a04        0x4 .build/obj_splitography_thumbh/common/action_layer.o
                0x0000000000003a04                layer_state_set_user
 .text.layer_state_set_kb
                0x0000000000003a08        0x4 .build/obj_splitography_thumbh/common/action_layer.o
                0x0000000000003a08                layer_state_set_kb
 .text.layer_state_set
                0x0000000000003a0c       0x18 .build/obj_splitography_thumbh/common/action_layer.o
 .text.layer_clear
                0x0000000000003a24        0xa .build/obj_splitography_thumbh/common/action_layer.o
                0x0000000000003a24                layer_clear
 .text.layer_move
                0x0000000000003a2e       0x2a .build/obj_splitography_thumbh/common/action_layer.o
                0x0000000000003a2e                layer_move
 .text.layer_on
                0x0000000000003a58       0x42 .build/obj_splitography_thumbh/common/action_layer.o
                0x0000000000003a58                layer_on
 .text.layer_off
                0x0000000000003a9a       0x46 .build/obj_splitography_thumbh/common/action_layer.o
                0x0000000000003a9a                layer_off
 .text.layer_invert
                0x0000000000003ae0       0x42 .build/obj_splitography_thumbh/common/action_layer.o
                0x0000000000003ae0                layer_invert
 .text.layer_or
                0x0000000000003b22       0x24 .build/obj_splitography_thumbh/common/action_layer.o
                0x0000000000003b22                layer_or
 .text.layer_and
                0x0000000000003b46       0x24 .build/obj_splitography_thumbh/common/action_layer.o
                0x0000000000003b46                layer_and
 .text.layer_xor
                0x0000000000003b6a       0x24 .build/obj_splitography_thumbh/common/action_layer.o
                0x0000000000003b6a                layer_xor
 .text.layer_debug
                0x0000000000003b8e        0x2 .build/obj_splitography_thumbh/common/action_layer.o
                0x0000000000003b8e                layer_debug
 .text.update_source_layers_cache
                0x0000000000003b90       0x5e .build/obj_splitography_thumbh/common/action_layer.o
                0x0000000000003b90                update_source_layers_cache
 .text.read_source_layers_cache
                0x0000000000003bee       0x56 .build/obj_splitography_thumbh/common/action_layer.o
                0x0000000000003bee                read_source_layers_cache
 .text.layer_switch_get_layer
                0x0000000000003c44       0x84 .build/obj_splitography_thumbh/common/action_layer.o
                0x0000000000003c44                layer_switch_get_layer
 .text.layer_switch_get_action
                0x0000000000003cc8       0x14 .build/obj_splitography_thumbh/common/action_layer.o
                0x0000000000003cc8                layer_switch_get_action
 .text.store_or_get_action
                0x0000000000003cdc       0x48 .build/obj_splitography_thumbh/common/action_layer.o
                0x0000000000003cdc                store_or_get_action
 .text.add_key  0x0000000000003d24        0xe .build/obj_splitography_thumbh/common/action_util.o
                0x0000000000003d24                add_key
 .text.del_key  0x0000000000003d32        0xe .build/obj_splitography_thumbh/common/action_util.o
                0x0000000000003d32                del_key
 .text.clear_keys
                0x0000000000003d40        0xc .build/obj_splitography_thumbh/common/action_util.o
                0x0000000000003d40                clear_keys
 .text.get_oneshot_layer
                0x0000000000003d4c        0xc .build/obj_splitography_thumbh/common/action_util.o
                0x0000000000003d4c                get_oneshot_layer
 .text.get_oneshot_layer_state
                0x0000000000003d58        0x8 .build/obj_splitography_thumbh/common/action_util.o
                0x0000000000003d58                get_oneshot_layer_state
 .text.set_oneshot_layer
                0x0000000000003d60       0x12 .build/obj_splitography_thumbh/common/action_util.o
                0x0000000000003d60                set_oneshot_layer
 .text.clear_oneshot_layer_state
                0x0000000000003d72       0x2c .build/obj_splitography_thumbh/common/action_util.o
                0x0000000000003d72                clear_oneshot_layer_state
 .text.is_oneshot_layer_active
                0x0000000000003d9e        0xe .build/obj_splitography_thumbh/common/action_util.o
                0x0000000000003d9e                is_oneshot_layer_active
 .text.send_keyboard_report
                0x0000000000003dac       0x66 .build/obj_splitography_thumbh/common/action_util.o
                0x0000000000003dac                send_keyboard_report
 .text.get_mods
                0x0000000000003e12        0x6 .build/obj_splitography_thumbh/common/action_util.o
                0x0000000000003e12                get_mods
 .text.add_mods
                0x0000000000003e18        0xc .build/obj_splitography_thumbh/common/action_util.o
                0x0000000000003e18                add_mods
 .text.del_mods
                0x0000000000003e24       0x10 .build/obj_splitography_thumbh/common/action_util.o
                0x0000000000003e24                del_mods
 .text.clear_mods
                0x0000000000003e34        0x6 .build/obj_splitography_thumbh/common/action_util.o
                0x0000000000003e34                clear_mods
 .text.add_weak_mods
                0x0000000000003e3a        0xc .build/obj_splitography_thumbh/common/action_util.o
                0x0000000000003e3a                add_weak_mods
 .text.del_weak_mods
                0x0000000000003e46       0x10 .build/obj_splitography_thumbh/common/action_util.o
                0x0000000000003e46                del_weak_mods
 .text.clear_weak_mods
                0x0000000000003e56        0x6 .build/obj_splitography_thumbh/common/action_util.o
                0x0000000000003e56                clear_weak_mods
 .text.add_macro_mods
                0x0000000000003e5c        0xc .build/obj_splitography_thumbh/common/action_util.o
                0x0000000000003e5c                add_macro_mods
 .text.del_macro_mods
                0x0000000000003e68       0x10 .build/obj_splitography_thumbh/common/action_util.o
                0x0000000000003e68                del_macro_mods
 .text.clear_macro_mods
                0x0000000000003e78        0x6 .build/obj_splitography_thumbh/common/action_util.o
                0x0000000000003e78                clear_macro_mods
 .text.set_oneshot_mods
                0x0000000000003e7e        0x6 .build/obj_splitography_thumbh/common/action_util.o
                0x0000000000003e7e                set_oneshot_mods
 .text.clear_oneshot_mods
                0x0000000000003e84        0x6 .build/obj_splitography_thumbh/common/action_util.o
                0x0000000000003e84                clear_oneshot_mods
 .text.get_oneshot_mods
                0x0000000000003e8a        0x6 .build/obj_splitography_thumbh/common/action_util.o
                0x0000000000003e8a                get_oneshot_mods
 .text.biton32  0x0000000000003e90       0x9a .build/obj_splitography_thumbh/common/util.o
                0x0000000000003e90                biton32
 .text.eeconfig_init
                0x0000000000003f2a       0x3e .build/obj_splitography_thumbh/common/eeconfig.o
                0x0000000000003f2a                eeconfig_init
 .text.eeconfig_is_enabled
                0x0000000000003f68       0x16 .build/obj_splitography_thumbh/common/eeconfig.o
                0x0000000000003f68                eeconfig_is_enabled
 .text.eeconfig_read_debug
                0x0000000000003f7e        0x8 .build/obj_splitography_thumbh/common/eeconfig.o
                0x0000000000003f7e                eeconfig_read_debug
 .text.eeconfig_read_default_layer
                0x0000000000003f86        0x8 .build/obj_splitography_thumbh/common/eeconfig.o
                0x0000000000003f86                eeconfig_read_default_layer
 .text.eeconfig_update_default_layer
                0x0000000000003f8e        0xa .build/obj_splitography_thumbh/common/eeconfig.o
                0x0000000000003f8e                eeconfig_update_default_layer
 .text.eeconfig_read_keymap
                0x0000000000003f98        0x8 .build/obj_splitography_thumbh/common/eeconfig.o
                0x0000000000003f98                eeconfig_read_keymap
 .text.eeconfig_update_keymap
                0x0000000000003fa0        0xa .build/obj_splitography_thumbh/common/eeconfig.o
                0x0000000000003fa0                eeconfig_update_keymap
 .text.has_anykey
                0x0000000000003faa       0x1a .build/obj_splitography_thumbh/common/report.o
                0x0000000000003faa                has_anykey
 .text.add_key_byte
                0x0000000000003fc4       0x34 .build/obj_splitography_thumbh/common/report.o
                0x0000000000003fc4                add_key_byte
 .text.del_key_byte
                0x0000000000003ff8       0x1a .build/obj_splitography_thumbh/common/report.o
                0x0000000000003ff8                del_key_byte
 .text.add_key_bit
                0x0000000000004012       0x28 .build/obj_splitography_thumbh/common/report.o
                0x0000000000004012                add_key_bit
 .text.del_key_bit
                0x000000000000403a       0x2a .build/obj_splitography_thumbh/common/report.o
                0x000000000000403a                del_key_bit
 .text.add_key_to_report
                0x0000000000004064       0x16 .build/obj_splitography_thumbh/common/report.o
                0x0000000000004064                add_key_to_report
 .text.del_key_from_report
                0x000000000000407a       0x16 .build/obj_splitography_thumbh/common/report.o
                0x000000000000407a                del_key_from_report
 .text.clear_keys_from_report
                0x0000000000004090       0x10 .build/obj_splitography_thumbh/common/report.o
                0x0000000000004090                clear_keys_from_report
 .text.suspend_power_down
                0x00000000000040a0       0x58 .build/obj_splitography_thumbh/common/avr/suspend.o
                0x00000000000040a0                suspend_power_down
 .text.matrix_power_up
                0x00000000000040f8        0x2 .build/obj_splitography_thumbh/common/avr/suspend.o
                0x00000000000040f8                matrix_power_up
 .text.matrix_power_down
                0x00000000000040fa        0x2 .build/obj_splitography_thumbh/common/avr/suspend.o
                0x00000000000040fa                matrix_power_down
 .text.suspend_wakeup_condition
                0x00000000000040fc       0x2a .build/obj_splitography_thumbh/common/avr/suspend.o
                0x00000000000040fc                suspend_wakeup_condition
 .text.suspend_wakeup_init
                0x0000000000004126        0xc .build/obj_splitography_thumbh/common/avr/suspend.o
                0x0000000000004126                suspend_wakeup_init
 .text.__vector_12
                0x0000000000004132       0x52 .build/obj_splitography_thumbh/common/avr/suspend.o
                0x0000000000004132                __vector_12
 .text.timer_init
                0x0000000000004184       0x12 .build/obj_splitography_thumbh/common/avr/timer.o
                0x0000000000004184                timer_init
 .text.timer_read
                0x0000000000004196       0x18 .build/obj_splitography_thumbh/common/avr/timer.o
                0x0000000000004196                timer_read
 .text.timer_elapsed
                0x00000000000041ae       0x54 .build/obj_splitography_thumbh/common/avr/timer.o
                0x00000000000041ae                timer_elapsed
 .text.__vector_21
                0x0000000000004202       0x4c .build/obj_splitography_thumbh/common/avr/timer.o
                0x0000000000004202                __vector_21
 .text.bootloader_jump
                0x000000000000424e       0x48 .build/obj_splitography_thumbh/common/avr/bootloader.o
                0x000000000000424e                bootloader_jump
 .text.magic    0x0000000000004296       0x32 .build/obj_splitography_thumbh/common/magic.o
                0x0000000000004296                magic
 .text.move_unit
                0x00000000000042c8       0x94 .build/obj_splitography_thumbh/common/mousekey.o
 .text.wheel_unit
                0x000000000000435c       0x72 .build/obj_splitography_thumbh/common/mousekey.o
 .text.mousekey_on
                0x00000000000043ce       0xd0 .build/obj_splitography_thumbh/common/mousekey.o
                0x00000000000043ce                mousekey_on
 .text.mousekey_off
                0x000000000000449e      0x108 .build/obj_splitography_thumbh/common/mousekey.o
                0x000000000000449e                mousekey_off
 .text.mousekey_send
                0x00000000000045a6       0x16 .build/obj_splitography_thumbh/common/mousekey.o
                0x00000000000045a6                mousekey_send
 .text.mousekey_task
                0x00000000000045bc      0x116 .build/obj_splitography_thumbh/common/mousekey.o
                0x00000000000045bc                mousekey_task
 .text.mousekey_clear
                0x00000000000046d2       0x18 .build/obj_splitography_thumbh/common/mousekey.o
                0x00000000000046d2                mousekey_clear
 .text.keyboard_leds
                0x00000000000046ea        0x6 .build/obj_splitography_thumbh/lufa.o
 .text.send_consumer
                0x00000000000046f0       0x76 .build/obj_splitography_thumbh/lufa.o
 .text.send_system
                0x0000000000004766       0x6a .build/obj_splitography_thumbh/lufa.o
 .text.send_mouse
                0x00000000000047d0       0x56 .build/obj_splitography_thumbh/lufa.o
 .text.send_keyboard
                0x0000000000004826       0xa6 .build/obj_splitography_thumbh/lufa.o
 .text.EVENT_USB_Device_Connect
                0x00000000000048cc       0x1c .build/obj_splitography_thumbh/lufa.o
                0x00000000000048cc                EVENT_USB_Device_Connect
 .text.EVENT_USB_Device_Disconnect
                0x00000000000048e8        0x6 .build/obj_splitography_thumbh/lufa.o
                0x00000000000048e8                EVENT_USB_Device_Disconnect
 .text.EVENT_USB_Device_Reset
                0x00000000000048ee        0x2 .build/obj_splitography_thumbh/lufa.o
                0x00000000000048ee                EVENT_USB_Device_Reset
 .text.EVENT_USB_Device_Suspend
                0x00000000000048f0        0x2 .build/obj_splitography_thumbh/lufa.o
                0x00000000000048f0                EVENT_USB_Device_Suspend
 .text.EVENT_USB_Device_WakeUp
                0x00000000000048f2        0x4 .build/obj_splitography_thumbh/lufa.o
                0x00000000000048f2                EVENT_USB_Device_WakeUp
 .text.EVENT_USB_Device_ConfigurationChanged
                0x00000000000048f6       0x3c .build/obj_splitography_thumbh/lufa.o
                0x00000000000048f6                EVENT_USB_Device_ConfigurationChanged
 .text.EVENT_USB_Device_ControlRequest
                0x0000000000004932      0x16a .build/obj_splitography_thumbh/lufa.o
                0x0000000000004932                EVENT_USB_Device_ControlRequest
 .text.virtser_init
                0x0000000000004a9c       0x14 .build/obj_splitography_thumbh/lufa.o
                0x0000000000004a9c                virtser_init
 .text.virtser_recv
                0x0000000000004ab0        0x2 .build/obj_splitography_thumbh/lufa.o
                0x0000000000004ab0                virtser_recv
 .text.virtser_task
                0x0000000000004ab2       0x1a .build/obj_splitography_thumbh/lufa.o
                0x0000000000004ab2                virtser_task
 .text.virtser_send
                0x0000000000004acc       0x7c .build/obj_splitography_thumbh/lufa.o
                0x0000000000004acc                virtser_send
 .text.startup.main
                0x0000000000004b48       0x86 .build/obj_splitography_thumbh/lufa.o
                0x0000000000004b48                main
 .text.CALLBACK_USB_GetDescriptor
                0x0000000000004bce       0xb6 .build/obj_splitography_thumbh/descriptor.o
                0x0000000000004bce                CALLBACK_USB_GetDescriptor
 .text.set_output_user
                0x0000000000004c84        0x2 .build/obj_splitography_thumbh/outputselect.o
                0x0000000000004c84                set_output_user
 .text.set_output
                0x0000000000004c86       0x10 .build/obj_splitography_thumbh/outputselect.o
                0x0000000000004c86                set_output
 .text.auto_detect_output
                0x0000000000004c96       0x10 .build/obj_splitography_thumbh/outputselect.o
                0x0000000000004c96                auto_detect_output
 .text.where_to_send
                0x0000000000004ca6        0xe .build/obj_splitography_thumbh/outputselect.o
                0x0000000000004ca6                where_to_send
 .text.USB_Device_SendRemoteWakeup
                0x0000000000004cb4       0x2c .build/obj_splitography_thumbh/./lib/lufa/LUFA/Drivers/USB/Core/AVR8/Device_AVR8.o
                0x0000000000004cb4                USB_Device_SendRemoteWakeup
 .text.Endpoint_Write_Stream_LE
                0x0000000000004ce0       0x9e .build/obj_splitography_thumbh/./lib/lufa/LUFA/Drivers/USB/Core/AVR8/EndpointStream_AVR8.o
                0x0000000000004ce0                Endpoint_Write_Stream_LE
 .text.Endpoint_Write_Control_Stream_LE
                0x0000000000004d7e       0xbe .build/obj_splitography_thumbh/./lib/lufa/LUFA/Drivers/USB/Core/AVR8/EndpointStream_AVR8.o
                0x0000000000004d7e                Endpoint_Write_Control_Stream_LE
 .text.Endpoint_Write_Control_PStream_LE
                0x0000000000004e3c       0xc0 .build/obj_splitography_thumbh/./lib/lufa/LUFA/Drivers/USB/Core/AVR8/EndpointStream_AVR8.o
                0x0000000000004e3c                Endpoint_Write_Control_PStream_LE
 .text.Endpoint_ConfigureEndpoint_Prv
                0x0000000000004efc       0x68 .build/obj_splitography_thumbh/./lib/lufa/LUFA/Drivers/USB/Core/AVR8/Endpoint_AVR8.o
                0x0000000000004efc                Endpoint_ConfigureEndpoint_Prv
 .text.Endpoint_ClearStatusStage
                0x0000000000004f64       0x3e .build/obj_splitography_thumbh/./lib/lufa/LUFA/Drivers/USB/Core/AVR8/Endpoint_AVR8.o
                0x0000000000004f64                Endpoint_ClearStatusStage
 .text.Endpoint_WaitUntilReady
                0x0000000000004fa2       0x5e .build/obj_splitography_thumbh/./lib/lufa/LUFA/Drivers/USB/Core/AVR8/Endpoint_AVR8.o
                0x0000000000004fa2                Endpoint_WaitUntilReady
 .text.USB_Disable
                0x0000000000005000       0x34 .build/obj_splitography_thumbh/./lib/lufa/LUFA/Drivers/USB/Core/AVR8/USBController_AVR8.o
                0x0000000000005000                USB_Disable
 .text.USB_ResetInterface
                0x0000000000005034       0x86 .build/obj_splitography_thumbh/./lib/lufa/LUFA/Drivers/USB/Core/AVR8/USBController_AVR8.o
                0x0000000000005034                USB_ResetInterface
 .text.USB_Init
                0x00000000000050ba       0x22 .build/obj_splitography_thumbh/./lib/lufa/LUFA/Drivers/USB/Core/AVR8/USBController_AVR8.o
                0x00000000000050ba                USB_Init
 .text.USB_INT_DisableAllInterrupts
                0x00000000000050dc       0x10 .build/obj_splitography_thumbh/./lib/lufa/LUFA/Drivers/USB/Core/AVR8/USBInterrupt_AVR8.o
                0x00000000000050dc                USB_INT_DisableAllInterrupts
 .text.USB_INT_ClearAllInterrupts
                0x00000000000050ec        0xa .build/obj_splitography_thumbh/./lib/lufa/LUFA/Drivers/USB/Core/AVR8/USBInterrupt_AVR8.o
                0x00000000000050ec                USB_INT_ClearAllInterrupts
 .text.__vector_10
                0x00000000000050f6      0x1a6 .build/obj_splitography_thumbh/./lib/lufa/LUFA/Drivers/USB/Core/AVR8/USBInterrupt_AVR8.o
                0x00000000000050f6                __vector_10
 .text.__vector_11
                0x000000000000529c       0x78 .build/obj_splitography_thumbh/./lib/lufa/LUFA/Drivers/USB/Core/AVR8/USBInterrupt_AVR8.o
                0x000000000000529c                __vector_11
 .text.USB_Device_ProcessControlRequest
                0x0000000000005314      0x2b6 .build/obj_splitography_thumbh/./lib/lufa/LUFA/Drivers/USB/Core/DeviceStandardReq.o
                0x0000000000005314                USB_Device_ProcessControlRequest
 .text.USB_Event_Stub
                0x00000000000055ca        0x2 .build/obj_splitography_thumbh/./lib/lufa/LUFA/Drivers/USB/Core/Events.o
                0x00000000000055ca                USB_Event_Stub
                0x00000000000055ca                EVENT_USB_Device_StartOfFrame
 .text.USB_USBTask
                0x00000000000055cc       0x38 .build/obj_splitography_thumbh/./lib/lufa/LUFA/Drivers/USB/Core/USBTask.o
                0x00000000000055cc                USB_USBTask
 .text.CDC_Device_Flush
                0x0000000000005604       0x62 .build/obj_splitography_thumbh/./lib/lufa/LUFA/Drivers/USB/Class/Device/CDCClassDevice.o
                0x0000000000005604                CDC_Device_Flush
 .text.CDC_Device_USBTask
                0x0000000000005666       0x2e .build/obj_splitography_thumbh/./lib/lufa/LUFA/Drivers/USB/Class/Device/CDCClassDevice.o
                0x0000000000005666                CDC_Device_USBTask
 .text.CDC_Device_BytesReceived
                0x0000000000005694       0x5e .build/obj_splitography_thumbh/./lib/lufa/LUFA/Drivers/USB/Class/Device/CDCClassDevice.o
                0x0000000000005694                CDC_Device_BytesReceived
 .text.CDC_Device_ReceiveByte
                0x00000000000056f2       0x6c .build/obj_splitography_thumbh/./lib/lufa/LUFA/Drivers/USB/Class/Device/CDCClassDevice.o
                0x00000000000056f2                CDC_Device_ReceiveByte
 .text.CDC_Device_SendControlLineStateChange
                0x000000000000575e       0x8e .build/obj_splitography_thumbh/./lib/lufa/LUFA/Drivers/USB/Class/Device/CDCClassDevice.o
                0x000000000000575e                CDC_Device_SendControlLineStateChange
 .text.CDC_Device_Event_Stub
                0x00000000000057ec        0x2 .build/obj_splitography_thumbh/./lib/lufa/LUFA/Drivers/USB/Class/Device/CDCClassDevice.o
                0x00000000000057ec                EVENT_CDC_Device_LineEncodingChanged
                0x00000000000057ec                EVENT_CDC_Device_ControLineStateChanged
                0x00000000000057ec                EVENT_CDC_Device_BreakSent
                0x00000000000057ec                CDC_Device_Event_Stub
 .text.CDC_Device_ProcessControlRequest
                0x00000000000057ee      0x164 .build/obj_splitography_thumbh/./lib/lufa/LUFA/Drivers/USB/Class/Device/CDCClassDevice.o
                0x00000000000057ee                CDC_Device_ProcessControlRequest
 .text.libgcc.div
                0x0000000000005952       0x18 /usr/lib/gcc/avr/7.3.0/avr5/libgcc.a(_udivmodqi4.o)
                0x0000000000005952                __udivmodqi4
 .text.libgcc.div
                0x000000000000596a       0x28 /usr/lib/gcc/avr/7.3.0/avr5/libgcc.a(_divmodhi4.o)
                0x000000000000596a                __divmodhi4
                0x000000000000596a                _div
 .text.libgcc   0x0000000000005992        0xc /usr/lib/gcc/avr/7.3.0/avr5/libgcc.a(_tablejump2.o)
                0x0000000000005992                __tablejump2__
 .text.libgcc.div
                0x000000000000599e       0x28 /usr/lib/gcc/avr/7.3.0/avr5/libgcc.a(_udivmodhi4.o)
                0x000000000000599e                __udivmodhi4
 .text.avr-libc
                0x00000000000059c6       0x10 /usr/lib/gcc/avr/7.3.0/../../../../avr/lib/avr5/libatmega32u4.a(eerd_byte.o)
                0x00000000000059c6                eeprom_read_byte
 .text.avr-libc
                0x00000000000059d6        0xc /usr/lib/gcc/avr/7.3.0/../../../../avr/lib/avr5/libatmega32u4.a(eerd_word.o)
                0x00000000000059d6                eeprom_read_word
 .text.avr-libc
                0x00000000000059e2       0x24 /usr/lib/gcc/avr/7.3.0/../../../../avr/lib/avr5/libatmega32u4.a(eeupd_byte.o)
                0x00000000000059e2                eeprom_update_byte
                0x00000000000059e4                eeprom_update_r18
 .text.avr-libc
                0x0000000000005a06        0xc /usr/lib/gcc/avr/7.3.0/../../../../avr/lib/avr5/libatmega32u4.a(eeupd_word.o)
                0x0000000000005a06                eeprom_update_word
 .text.avr-libc
                0x0000000000005a12       0x20 /usr/lib/gcc/avr/7.3.0/../../../../avr/lib/avr5/libatmega32u4.a(eerd_block.o)
                0x0000000000005a12                eeprom_read_block
                0x0000000000005a16                eeprom_read_blraw
                0x0000000000005a32                . = ALIGN (0x2)
 *(.fini9)
 .fini9         0x0000000000005a32        0x0 /usr/lib/gcc/avr/7.3.0/avr5/libgcc.a(_exit.o)
                0x0000000000005a32                exit
                0x0000000000005a32                _exit
 *(.fini9)
 *(.fini8)
 *(.fini8)
 *(.fini7)
 *(.fini7)
 *(.fini6)
 *(.fini6)
 *(.fini5)
 *(.fini5)
 *(.fini4)
 *(.fini4)
 *(.fini3)
 *(.fini3)
 *(.fini2)
 *(.fini2)
 *(.fini1)
 *(.fini1)
 *(.fini0)
 .fini0         0x0000000000005a32        0x4 /usr/lib/gcc/avr/7.3.0/avr5/libgcc.a(_exit.o)
 *(.fini0)
 *(.hightext)
 *(.hightext*)
 *(.progmemx.*)
                0x0000000000005a36                . = ALIGN (0x2)
 *(.jumptables)
 *(.jumptables*)
                0x0000000000005a36                _etext = .

.data           0x0000000000800100      0x192 load address 0x0000000000005a36
                0x0000000000800100                PROVIDE (__data_start = .)
 *(.data)
 *(.data*)
 .data.tap_dance_actions
                0x0000000000800100       0xe4 .build/obj_splitography_thumbh/keyboards/splitography/keymaps/thumbh/keymap.o
                0x0000000000800100                tap_dance_actions
 .data.boltmap  0x00000000008001e4       0x40 .build/obj_splitography_thumbh/quantum/process_keycode/process_steno.o
                0x00000000008001e4                boltmap
 .data.highest_td
                0x0000000000800224        0x1 .build/obj_splitography_thumbh/quantum/process_keycode/process_tap_dance.o
 .data.keyboard_report
                0x0000000000800225        0x2 .build/obj_splitography_thumbh/common/action_util.o
                0x0000000000800225                keyboard_report
 .data.mk_wheel_time_to_max
                0x0000000000800227        0x1 .build/obj_splitography_thumbh/common/mousekey.o
                0x0000000000800227                mk_wheel_time_to_max
 .data.mk_wheel_max_speed
                0x0000000000800228        0x1 .build/obj_splitography_thumbh/common/mousekey.o
                0x0000000000800228                mk_wheel_max_speed
 .data.mk_time_to_max
                0x0000000000800229        0x1 .build/obj_splitography_thumbh/common/mousekey.o
                0x0000000000800229                mk_time_to_max
 .data.mk_max_speed
                0x000000000080022a        0x1 .build/obj_splitography_thumbh/common/mousekey.o
                0x000000000080022a                mk_max_speed
 .data.mk_interval
                0x000000000080022b        0x1 .build/obj_splitography_thumbh/common/mousekey.o
                0x000000000080022b                mk_interval
 .data.mk_delay
                0x000000000080022c        0x1 .build/obj_splitography_thumbh/common/mousekey.o
                0x000000000080022c                mk_delay
 .data.cdc_device
                0x000000000080022d       0x1b .build/obj_splitography_thumbh/lufa.o
                0x000000000080022d                cdc_device
 .data.lufa_driver
                0x0000000000800248        0xa .build/obj_splitography_thumbh/lufa.o
                0x0000000000800248                lufa_driver
 .data.keyboard_protocol
                0x0000000000800252        0x1 .build/obj_splitography_thumbh/lufa.o
                0x0000000000800252                keyboard_protocol
 *(.gnu.linkonce.d*)
 *(.rodata)
 .rodata        0x0000000000800253        0x8 .build/obj_splitography_thumbh/./lib/lufa/LUFA/Drivers/USB/Class/Device/CDCClassDevice.o
 *(.rodata*)
 .rodata.tilde.str1.1
                0x000000000080025b        0x3 .build/obj_splitography_thumbh/keyboards/splitography/keymaps/thumbh/keymap.o
 .rodata.colon.str1.1
                0x000000000080025e        0x5 .build/obj_splitography_thumbh/keyboards/splitography/keymaps/thumbh/keymap.o
 .rodata.equal.str1.1
                0x0000000000800263        0x5 .build/obj_splitography_thumbh/keyboards/splitography/keymaps/thumbh/keymap.o
 .rodata.greater.str1.1
                0x0000000000800268        0x5 .build/obj_splitography_thumbh/keyboards/splitography/keymaps/thumbh/keymap.o
 .rodata.lesser.str1.1
                0x000000000080026d        0x5 .build/obj_splitography_thumbh/keyboards/splitography/keymaps/thumbh/keymap.o
 .rodata.col_pins
                0x0000000000800272        0xc .build/obj_splitography_thumbh/quantum/matrix.o
 .rodata.row_pins
                0x000000000080027e        0x4 .build/obj_splitography_thumbh/quantum/matrix.o
 .rodata.CSWTCH.3
                0x0000000000800282        0x3 .build/obj_splitography_thumbh/descriptor.o
 .rodata.CSWTCH.2
                0x0000000000800285        0x6 .build/obj_splitography_thumbh/descriptor.o
 .rodata.CSWTCH.1
                0x000000000080028b        0x6 .build/obj_splitography_thumbh/descriptor.o
 *(.gnu.linkonce.r*)
                0x0000000000800292                . = ALIGN (0x2)
 *fill*         0x0000000000800291        0x1 
                0x0000000000800292                _edata = .
                0x0000000000800292                PROVIDE (__data_end = .)

.bss            0x0000000000800292      0x115
                0x0000000000800292                PROVIDE (__bss_start = .)
 *(.bss)
 *(.bss*)
 .bss.down_rule
                0x0000000000800292        0x1 .build/obj_splitography_thumbh/keyboards/splitography/keymaps/thumbh/keymap.o
 .bss.base_n    0x0000000000800293        0x1 .build/obj_splitography_thumbh/keyboards/splitography/keymaps/thumbh/keymap.o
 .bss.plover    0x0000000000800294        0x1 .build/obj_splitography_thumbh/keyboards/splitography/keymaps/thumbh/keymap.o
 .bss.double_key
                0x0000000000800295        0x1 .build/obj_splitography_thumbh/keyboards/splitography/keymaps/thumbh/keymap.o
 .bss.tt_keycode
                0x0000000000800296        0x2 .build/obj_splitography_thumbh/keyboards/splitography/keymaps/thumbh/keymap.o
 .bss.overlayer
                0x0000000000800298        0x1 .build/obj_splitography_thumbh/keyboards/splitography/keymaps/thumbh/keymap.o
 .bss.thumb     0x0000000000800299        0x1 .build/obj_splitography_thumbh/keyboards/splitography/keymaps/thumbh/keymap.o
 .bss.tap_rule  0x000000000080029a        0x1 .build/obj_splitography_thumbh/keyboards/splitography/keymaps/thumbh/keymap.o
 .bss.dt_shift  0x000000000080029b        0x1 .build/obj_splitography_thumbh/keyboards/splitography/keymaps/thumbh/keymap.o
 .bss.key_timer
                0x000000000080029c        0x2 .build/obj_splitography_thumbh/keyboards/splitography/keymaps/thumbh/keymap.o
 .bss.mods      0x000000000080029e        0x1 .build/obj_splitography_thumbh/keyboards/splitography/keymaps/thumbh/keymap.o
 .bss.grave_esc_was_shifted
                0x000000000080029f        0x1 .build/obj_splitography_thumbh/quantum/quantum.o
 .bss.scs_timer
                0x00000000008002a0        0x4 .build/obj_splitography_thumbh/quantum/quantum.o
 .bss.shift_interrupted
                0x00000000008002a4        0x2 .build/obj_splitography_thumbh/quantum/quantum.o
 .bss.leader_sequence_size
                0x00000000008002a6        0x1 .build/obj_splitography_thumbh/quantum/process_keycode/process_leader.o
                0x00000000008002a6                leader_sequence_size
 .bss.leader_sequence
                0x00000000008002a7        0xa .build/obj_splitography_thumbh/quantum/process_keycode/process_leader.o
                0x00000000008002a7                leader_sequence
 .bss.leader_time
                0x00000000008002b1        0x2 .build/obj_splitography_thumbh/quantum/process_keycode/process_leader.o
                0x00000000008002b1                leader_time
 .bss.leading   0x00000000008002b3        0x1 .build/obj_splitography_thumbh/quantum/process_keycode/process_leader.o
                0x00000000008002b3                leading
 .bss.matrix_debouncing
                0x00000000008002b4        0x8 .build/obj_splitography_thumbh/quantum/matrix.o
 .bss.matrix    0x00000000008002bc        0x8 .build/obj_splitography_thumbh/quantum/matrix.o
 .bss.debouncing
                0x00000000008002c4        0x1 .build/obj_splitography_thumbh/quantum/matrix.o
 .bss.debouncing_time
                0x00000000008002c5        0x2 .build/obj_splitography_thumbh/quantum/matrix.o
 .bss.pressed   0x00000000008002c7        0x1 .build/obj_splitography_thumbh/quantum/process_keycode/process_steno.o
                0x00000000008002c7                pressed
 .bss.state     0x00000000008002c8        0x6 .build/obj_splitography_thumbh/quantum/process_keycode/process_steno.o
                0x00000000008002c8                state
 .bss.last_td   0x00000000008002ce        0x2 .build/obj_splitography_thumbh/quantum/process_keycode/process_tap_dance.o
 .bss.last_consumer_report
                0x00000000008002d0        0x2 .build/obj_splitography_thumbh/common/host.o
 .bss.last_system_report
                0x00000000008002d2        0x2 .build/obj_splitography_thumbh/common/host.o
 .bss.driver    0x00000000008002d4        0x2 .build/obj_splitography_thumbh/common/host.o
 .bss.led_status.5576
                0x00000000008002d6        0x1 .build/obj_splitography_thumbh/common/keyboard.o
 .bss.matrix_prev.5575
                0x00000000008002d7        0x8 .build/obj_splitography_thumbh/common/keyboard.o
 .bss.disable_action_cache
                0x00000000008002df        0x1 .build/obj_splitography_thumbh/common/action.o
                0x00000000008002df                disable_action_cache
 .bss.waiting_buffer_tail
                0x00000000008002e0        0x1 .build/obj_splitography_thumbh/common/action_tapping.o
 .bss.waiting_buffer_head
                0x00000000008002e1        0x1 .build/obj_splitography_thumbh/common/action_tapping.o
 .bss.waiting_buffer
                0x00000000008002e2       0x30 .build/obj_splitography_thumbh/common/action_tapping.o
 .bss.tapping_key
                0x0000000000800312        0x6 .build/obj_splitography_thumbh/common/action_tapping.o
 .bss.source_layers_cache
                0x0000000000800318       0x1e .build/obj_splitography_thumbh/common/action_layer.o
                0x0000000000800318                source_layers_cache
 .bss.layer_state
                0x0000000000800336        0x4 .build/obj_splitography_thumbh/common/action_layer.o
                0x0000000000800336                layer_state
 .bss.default_layer_state
                0x000000000080033a        0x4 .build/obj_splitography_thumbh/common/action_layer.o
                0x000000000080033a                default_layer_state
 .bss.oneshot_layer_data
                0x000000000080033e        0x1 .build/obj_splitography_thumbh/common/action_util.o
 .bss.oneshot_mods
                0x000000000080033f        0x1 .build/obj_splitography_thumbh/common/action_util.o
 .bss.__compound_literal.0
                0x0000000000800340       0x20 .build/obj_splitography_thumbh/common/action_util.o
 .bss.macro_mods
                0x0000000000800360        0x1 .build/obj_splitography_thumbh/common/action_util.o
 .bss.weak_mods
                0x0000000000800361        0x1 .build/obj_splitography_thumbh/common/action_util.o
 .bss.real_mods
                0x0000000000800362        0x1 .build/obj_splitography_thumbh/common/action_util.o
 .bss.debug_config
                0x0000000000800363        0x1 .build/obj_splitography_thumbh/common/debug.o
                0x0000000000800363                debug_config
 .bss.wdt_timeout
                0x0000000000800364        0x1 .build/obj_splitography_thumbh/common/avr/suspend.o
 .bss.last_timer
                0x0000000000800365        0x2 .build/obj_splitography_thumbh/common/mousekey.o
 .bss.mousekey_accel
                0x0000000000800367        0x1 .build/obj_splitography_thumbh/common/mousekey.o
 .bss.mousekey_repeat
                0x0000000000800368        0x1 .build/obj_splitography_thumbh/common/mousekey.o
 .bss.mouse_report
                0x0000000000800369        0x5 .build/obj_splitography_thumbh/common/mousekey.o
 .bss.keyboard_report_sent
                0x000000000080036e       0x20 .build/obj_splitography_thumbh/lufa.o
 .bss.keyboard_led_stats
                0x000000000080038e        0x1 .build/obj_splitography_thumbh/lufa.o
 .bss.keyboard_idle
                0x000000000080038f        0x1 .build/obj_splitography_thumbh/lufa.o
                0x000000000080038f                keyboard_idle
 .bss.desired_output
                0x0000000000800390        0x1 .build/obj_splitography_thumbh/outputselect.o
                0x0000000000800390                desired_output
 *(COMMON)
 COMMON         0x0000000000800391        0x1 .build/obj_splitography_thumbh/quantum/process_keycode/process_steno.o
                0x0000000000800391                mode
 COMMON         0x0000000000800392        0x2 .build/obj_splitography_thumbh/common/action.o
                0x0000000000800392                tp_buttons
 COMMON         0x0000000000800394        0x4 .build/obj_splitography_thumbh/common/avr/timer.o
                0x0000000000800394                timer_count
 COMMON         0x0000000000800398        0x2 .build/obj_splitography_thumbh/common/magic.o
                0x0000000000800398                keymap_config
 COMMON         0x000000000080039a        0x3 .build/obj_splitography_thumbh/./lib/lufa/LUFA/Drivers/USB/Core/DeviceStandardReq.o
                0x000000000080039a                USB_Device_ConfigurationNumber
                0x000000000080039b                USB_Device_CurrentlySelfPowered
                0x000000000080039c                USB_Device_RemoteWakeupEnabled
 COMMON         0x000000000080039d        0xa .build/obj_splitography_thumbh/./lib/lufa/LUFA/Drivers/USB/Core/USBTask.o
                0x000000000080039d                USB_IsInitialized
                0x000000000080039e                USB_DeviceState
                0x000000000080039f                USB_ControlRequest
                0x00000000008003a7                PROVIDE (__bss_end = .)
                0x0000000000005a36                __data_load_start = LOADADDR (.data)
                0x0000000000005bc8                __data_load_end = (__data_load_start + SIZEOF (.data))

.noinit         0x00000000008003a7        0x4
                [!provide]                        PROVIDE (__noinit_start = .)
 *(.noinit*)
 .noinit        0x00000000008003a7        0x4 .build/obj_splitography_thumbh/common/avr/bootloader.o
                0x00000000008003a7                reset_key
                [!provide]                        PROVIDE (__noinit_end = .)
                0x00000000008003ab                _end = .
                [!provide]                        PROVIDE (__heap_start = .)

.eeprom         0x0000000000810000        0x0
 *(.eeprom*)
                0x0000000000810000                __eeprom_end = .

.fuse
 *(.fuse)
 *(.lfuse)
 *(.hfuse)
 *(.efuse)

.lock
 *(.lock*)

.signature
 *(.signature*)

.stab
 *(.stab)

.stabstr        0x0000000000000000       0x6f
 *(.stabstr)
 .stabstr       0x0000000000000000       0x6f .build/obj_splitography_thumbh/common/avr/xprintf.o

.stab.excl
 *(.stab.excl)

.stab.exclstr
 *(.stab.exclstr)

.stab.index
 *(.stab.index)

.stab.indexstr
 *(.stab.indexstr)

.comment        0x0000000000000000       0x11
 *(.comment)
 .comment       0x0000000000000000       0x11 .build/obj_splitography_thumbh/keyboards/splitography/splitography.o
                                         0x12 (size before relaxing)
 .comment       0x0000000000000011       0x12 .build/obj_splitography_thumbh/keyboards/splitography/keymaps/thumbh/keymap.o
 .comment       0x0000000000000011       0x12 .build/obj_splitography_thumbh/quantum/quantum.o
 .comment       0x0000000000000011       0x12 .build/obj_splitography_thumbh/quantum/keymap_common.o
 .comment       0x0000000000000011       0x12 .build/obj_splitography_thumbh/quantum/keycode_config.o
 .comment       0x0000000000000011       0x12 .build/obj_splitography_thumbh/quantum/process_keycode/process_leader.o
 .comment       0x0000000000000011       0x12 .build/obj_splitography_thumbh/quantum/matrix.o
 .comment       0x0000000000000011       0x12 .build/obj_splitography_thumbh/quantum/process_keycode/process_steno.o
 .comment       0x0000000000000011       0x12 .build/obj_splitography_thumbh/quantum/process_keycode/process_tap_dance.o
 .comment       0x0000000000000011       0x12 .build/obj_splitography_thumbh/common/host.o
 .comment       0x0000000000000011       0x12 .build/obj_splitography_thumbh/common/keyboard.o
 .comment       0x0000000000000011       0x12 .build/obj_splitography_thumbh/common/action.o
 .comment       0x0000000000000011       0x12 .build/obj_splitography_thumbh/common/action_tapping.o
 .comment       0x0000000000000011       0x12 .build/obj_splitography_thumbh/common/action_macro.o
 .comment       0x0000000000000011       0x12 .build/obj_splitography_thumbh/common/action_layer.o
 .comment       0x0000000000000011       0x12 .build/obj_splitography_thumbh/common/action_util.o
 .comment       0x0000000000000011       0x12 .build/obj_splitography_thumbh/common/debug.o
 .comment       0x0000000000000011       0x12 .build/obj_splitography_thumbh/common/util.o
 .comment       0x0000000000000011       0x12 .build/obj_splitography_thumbh/common/eeconfig.o
 .comment       0x0000000000000011       0x12 .build/obj_splitography_thumbh/common/report.o
 .comment       0x0000000000000011       0x12 .build/obj_splitography_thumbh/common/avr/suspend.o
 .comment       0x0000000000000011       0x12 .build/obj_splitography_thumbh/common/avr/timer.o
 .comment       0x0000000000000011       0x12 .build/obj_splitography_thumbh/common/avr/bootloader.o
 .comment       0x0000000000000011       0x12 .build/obj_splitography_thumbh/common/magic.o
 .comment       0x0000000000000011       0x12 .build/obj_splitography_thumbh/common/mousekey.o
 .comment       0x0000000000000011       0x12 .build/obj_splitography_thumbh/lufa.o
 .comment       0x0000000000000011       0x12 .build/obj_splitography_thumbh/descriptor.o
 .comment       0x0000000000000011       0x12 .build/obj_splitography_thumbh/outputselect.o
 .comment       0x0000000000000011       0x12 .build/obj_splitography_thumbh/./lib/lufa/LUFA/Drivers/USB/Core/AVR8/Device_AVR8.o
 .comment       0x0000000000000011       0x12 .build/obj_splitography_thumbh/./lib/lufa/LUFA/Drivers/USB/Core/AVR8/EndpointStream_AVR8.o
 .comment       0x0000000000000011       0x12 .build/obj_splitography_thumbh/./lib/lufa/LUFA/Drivers/USB/Core/AVR8/Endpoint_AVR8.o
 .comment       0x0000000000000011       0x12 .build/obj_splitography_thumbh/./lib/lufa/LUFA/Drivers/USB/Core/AVR8/USBController_AVR8.o
 .comment       0x0000000000000011       0x12 .build/obj_splitography_thumbh/./lib/lufa/LUFA/Drivers/USB/Core/AVR8/USBInterrupt_AVR8.o
 .comment       0x0000000000000011       0x12 .build/obj_splitography_thumbh/./lib/lufa/LUFA/Drivers/USB/Core/DeviceStandardReq.o
 .comment       0x0000000000000011       0x12 .build/obj_splitography_thumbh/./lib/lufa/LUFA/Drivers/USB/Core/Events.o
 .comment       0x0000000000000011       0x12 .build/obj_splitography_thumbh/./lib/lufa/LUFA/Drivers/USB/Core/USBTask.o
 .comment       0x0000000000000011       0x12 .build/obj_splitography_thumbh/./lib/lufa/LUFA/Drivers/USB/Class/Device/CDCClassDevice.o

.note.gnu.avr.deviceinfo
                0x0000000000000000       0x40
 .note.gnu.avr.deviceinfo
                0x0000000000000000       0x40 /usr/lib/gcc/avr/7.3.0/../../../../avr/lib/avr5/crtatmega32u4.o

.note.gnu.build-id
 *(.note.gnu.build-id)

.debug
 *(.debug)

.line
 *(.line)

.debug_srcinfo
 *(.debug_srcinfo)

.debug_sfnames
 *(.debug_sfnames)

.debug_aranges  0x0000000000000000      0xe08
 *(.debug_aranges)
 .debug_aranges
                0x0000000000000000       0x20 .build/obj_splitography_thumbh/keyboards/splitography/splitography.o
 .debug_aranges
                0x0000000000000020      0x188 .build/obj_splitography_thumbh/keyboards/splitography/keymaps/thumbh/keymap.o
 .debug_aranges
                0x00000000000001a8      0x108 .build/obj_splitography_thumbh/quantum/quantum.o
 .debug_aranges
                0x00000000000002b0       0x40 .build/obj_splitography_thumbh/quantum/keymap_common.o
 .debug_aranges
                0x00000000000002f0       0x28 .build/obj_splitography_thumbh/quantum/keycode_config.o
 .debug_aranges
                0x0000000000000318       0x28 .build/obj_splitography_thumbh/quantum/process_keycode/process_leader.o
 .debug_aranges
                0x0000000000000340       0x88 .build/obj_splitography_thumbh/quantum/matrix.o
 .debug_aranges
                0x00000000000003c8       0x60 .build/obj_splitography_thumbh/quantum/process_keycode/process_steno.o
 .debug_aranges
                0x0000000000000428       0x58 .build/obj_splitography_thumbh/quantum/process_keycode/process_tap_dance.o
 .debug_aranges
                0x0000000000000480       0x60 .build/obj_splitography_thumbh/common/host.o
 .debug_aranges
                0x00000000000004e0       0x48 .build/obj_splitography_thumbh/common/keyboard.o
 .debug_aranges
                0x0000000000000528       0x90 .build/obj_splitography_thumbh/common/action.o
 .debug_aranges
                0x00000000000005b8       0x48 .build/obj_splitography_thumbh/common/action_tapping.o
 .debug_aranges
                0x0000000000000600       0x20 .build/obj_splitography_thumbh/common/action_macro.o
 .debug_aranges
                0x0000000000000620       0xc8 .build/obj_splitography_thumbh/common/action_layer.o
 .debug_aranges
                0x00000000000006e8      0x120 .build/obj_splitography_thumbh/common/action_util.o
 .debug_aranges
                0x0000000000000808       0x18 .build/obj_splitography_thumbh/common/debug.o
 .debug_aranges
                0x0000000000000820       0x60 .build/obj_splitography_thumbh/common/util.o
 .debug_aranges
                0x0000000000000880       0x68 .build/obj_splitography_thumbh/common/eeconfig.o
 .debug_aranges
                0x00000000000008e8       0x60 .build/obj_splitography_thumbh/common/report.o
 .debug_aranges
                0x0000000000000948       0x48 .build/obj_splitography_thumbh/common/avr/suspend.o
 .debug_aranges
                0x0000000000000990       0x50 .build/obj_splitography_thumbh/common/avr/timer.o
 .debug_aranges
                0x00000000000009e0       0x28 .build/obj_splitography_thumbh/common/avr/bootloader.o
 .debug_aranges
                0x0000000000000a08       0x20 .build/obj_splitography_thumbh/common/magic.o
 .debug_aranges
                0x0000000000000a28       0x50 .build/obj_splitography_thumbh/common/mousekey.o
 .debug_aranges
                0x0000000000000a78       0xa0 .build/obj_splitography_thumbh/lufa.o
 .debug_aranges
                0x0000000000000b18       0x20 .build/obj_splitography_thumbh/descriptor.o
 .debug_aranges
                0x0000000000000b38       0x38 .build/obj_splitography_thumbh/outputselect.o
 .debug_aranges
                0x0000000000000b70       0x20 .build/obj_splitography_thumbh/./lib/lufa/LUFA/Drivers/USB/Core/AVR8/Device_AVR8.o
 .debug_aranges
                0x0000000000000b90       0xc8 .build/obj_splitography_thumbh/./lib/lufa/LUFA/Drivers/USB/Core/AVR8/EndpointStream_AVR8.o
 .debug_aranges
                0x0000000000000c58       0x40 .build/obj_splitography_thumbh/./lib/lufa/LUFA/Drivers/USB/Core/AVR8/Endpoint_AVR8.o
 .debug_aranges
                0x0000000000000c98       0x30 .build/obj_splitography_thumbh/./lib/lufa/LUFA/Drivers/USB/Core/AVR8/USBController_AVR8.o
 .debug_aranges
                0x0000000000000cc8       0x38 .build/obj_splitography_thumbh/./lib/lufa/LUFA/Drivers/USB/Core/AVR8/USBInterrupt_AVR8.o
 .debug_aranges
                0x0000000000000d00       0x20 .build/obj_splitography_thumbh/./lib/lufa/LUFA/Drivers/USB/Core/DeviceStandardReq.o
 .debug_aranges
                0x0000000000000d20       0x20 .build/obj_splitography_thumbh/./lib/lufa/LUFA/Drivers/USB/Core/Events.o
 .debug_aranges
                0x0000000000000d40       0x20 .build/obj_splitography_thumbh/./lib/lufa/LUFA/Drivers/USB/Core/USBTask.o
 .debug_aranges
                0x0000000000000d60       0xa8 .build/obj_splitography_thumbh/./lib/lufa/LUFA/Drivers/USB/Class/Device/CDCClassDevice.o

.debug_pubnames
 *(.debug_pubnames)

.debug_info     0x0000000000000000    0x1cb8e
 *(.debug_info .gnu.linkonce.wi.*)
 .debug_info    0x0000000000000000      0x9f4 /usr/lib/gcc/avr/7.3.0/../../../../avr/lib/avr5/crtatmega32u4.o
 .debug_info    0x00000000000009f4      0x6cc .build/obj_splitography_thumbh/keyboards/splitography/splitography.o
 .debug_info    0x00000000000010c0     0x33fa .build/obj_splitography_thumbh/keyboards/splitography/keymaps/thumbh/keymap.o
 .debug_info    0x00000000000044ba     0x264f .build/obj_splitography_thumbh/quantum/quantum.o
 .debug_info    0x0000000000006b09     0x1c54 .build/obj_splitography_thumbh/quantum/keymap_common.o
 .debug_info    0x000000000000875d      0x615 .build/obj_splitography_thumbh/quantum/keycode_config.o
 .debug_info    0x0000000000008d72     0x10e2 .build/obj_splitography_thumbh/quantum/process_keycode/process_leader.o
 .debug_info    0x0000000000009e54      0x76b .build/obj_splitography_thumbh/quantum/matrix.o
 .debug_info    0x000000000000a5bf     0x1560 .build/obj_splitography_thumbh/quantum/process_keycode/process_steno.o
 .debug_info    0x000000000000bb1f     0x1587 .build/obj_splitography_thumbh/quantum/process_keycode/process_tap_dance.o
 .debug_info    0x000000000000d0a6      0x64e .build/obj_splitography_thumbh/common/host.o
 .debug_info    0x000000000000d6f4      0xa52 .build/obj_splitography_thumbh/common/keyboard.o
 .debug_info    0x000000000000e146     0x1c93 .build/obj_splitography_thumbh/common/action.o
 .debug_info    0x000000000000fdd9      0xf3a .build/obj_splitography_thumbh/common/action_tapping.o
 .debug_info    0x0000000000010d13      0xa7a .build/obj_splitography_thumbh/common/action_macro.o
 .debug_info    0x000000000001178d      0xaf2 .build/obj_splitography_thumbh/common/action_layer.o
 .debug_info    0x000000000001227f      0xaa7 .build/obj_splitography_thumbh/common/action_util.o
 .debug_info    0x0000000000012d26      0x104 .build/obj_splitography_thumbh/common/debug.o
 .debug_info    0x0000000000012e2a      0x2a2 .build/obj_splitography_thumbh/common/util.o
 .debug_info    0x00000000000130cc      0x36f .build/obj_splitography_thumbh/common/eeconfig.o
 .debug_info    0x000000000001343b      0x71f .build/obj_splitography_thumbh/common/report.o
 .debug_info    0x0000000000013b5a      0x65d .build/obj_splitography_thumbh/common/avr/suspend.o
 .debug_info    0x00000000000141b7      0x3aa .build/obj_splitography_thumbh/common/avr/timer.o
 .debug_info    0x0000000000014561      0x382 .build/obj_splitography_thumbh/common/avr/bootloader.o
 .debug_info    0x00000000000148e3      0x4c3 .build/obj_splitography_thumbh/common/magic.o
 .debug_info    0x0000000000014da6      0x824 .build/obj_splitography_thumbh/common/mousekey.o
 .debug_info    0x00000000000155ca     0x1a4c .build/obj_splitography_thumbh/lufa.o
 .debug_info    0x0000000000017016      0xb4e .build/obj_splitography_thumbh/descriptor.o
 .debug_info    0x0000000000017b64      0x51b .build/obj_splitography_thumbh/outputselect.o
 .debug_info    0x000000000001807f      0x18c .build/obj_splitography_thumbh/./lib/lufa/LUFA/Drivers/USB/Core/AVR8/Device_AVR8.o
 .debug_info    0x000000000001820b     0x17d8 .build/obj_splitography_thumbh/./lib/lufa/LUFA/Drivers/USB/Core/AVR8/EndpointStream_AVR8.o
 .debug_info    0x00000000000199e3      0x64a .build/obj_splitography_thumbh/./lib/lufa/LUFA/Drivers/USB/Core/AVR8/Endpoint_AVR8.o
 .debug_info    0x000000000001a02d      0x54a .build/obj_splitography_thumbh/./lib/lufa/LUFA/Drivers/USB/Core/AVR8/USBController_AVR8.o
 .debug_info    0x000000000001a577      0x875 .build/obj_splitography_thumbh/./lib/lufa/LUFA/Drivers/USB/Core/AVR8/USBInterrupt_AVR8.o
 .debug_info    0x000000000001adec      0xa6f .build/obj_splitography_thumbh/./lib/lufa/LUFA/Drivers/USB/Core/DeviceStandardReq.o
 .debug_info    0x000000000001b85b       0x78 .build/obj_splitography_thumbh/./lib/lufa/LUFA/Drivers/USB/Core/Events.o
 .debug_info    0x000000000001b8d3      0x2a7 .build/obj_splitography_thumbh/./lib/lufa/LUFA/Drivers/USB/Core/USBTask.o
 .debug_info    0x000000000001bb7a     0x1014 .build/obj_splitography_thumbh/./lib/lufa/LUFA/Drivers/USB/Class/Device/CDCClassDevice.o

.debug_abbrev   0x0000000000000000     0x5eb4
 *(.debug_abbrev)
 .debug_abbrev  0x0000000000000000      0x96a /usr/lib/gcc/avr/7.3.0/../../../../avr/lib/avr5/crtatmega32u4.o
 .debug_abbrev  0x000000000000096a      0x180 .build/obj_splitography_thumbh/keyboards/splitography/splitography.o
 .debug_abbrev  0x0000000000000aea      0x393 .build/obj_splitography_thumbh/keyboards/splitography/keymaps/thumbh/keymap.o
 .debug_abbrev  0x0000000000000e7d      0x4a6 .build/obj_splitography_thumbh/quantum/quantum.o
 .debug_abbrev  0x0000000000001323      0x2a5 .build/obj_splitography_thumbh/quantum/keymap_common.o
 .debug_abbrev  0x00000000000015c8      0x11c .build/obj_splitography_thumbh/quantum/keycode_config.o
 .debug_abbrev  0x00000000000016e4      0x1eb .build/obj_splitography_thumbh/quantum/process_keycode/process_leader.o
 .debug_abbrev  0x00000000000018cf      0x369 .build/obj_splitography_thumbh/quantum/matrix.o
 .debug_abbrev  0x0000000000001c38      0x2ef .build/obj_splitography_thumbh/quantum/process_keycode/process_steno.o
 .debug_abbrev  0x0000000000001f27      0x321 .build/obj_splitography_thumbh/quantum/process_keycode/process_tap_dance.o
 .debug_abbrev  0x0000000000002248      0x204 .build/obj_splitography_thumbh/common/host.o
 .debug_abbrev  0x000000000000244c      0x2a7 .build/obj_splitography_thumbh/common/keyboard.o
 .debug_abbrev  0x00000000000026f3      0x3e7 .build/obj_splitography_thumbh/common/action.o
 .debug_abbrev  0x0000000000002ada      0x305 .build/obj_splitography_thumbh/common/action_tapping.o
 .debug_abbrev  0x0000000000002ddf      0x240 .build/obj_splitography_thumbh/common/action_macro.o
 .debug_abbrev  0x000000000000301f      0x29f .build/obj_splitography_thumbh/common/action_layer.o
 .debug_abbrev  0x00000000000032be      0x298 .build/obj_splitography_thumbh/common/action_util.o
 .debug_abbrev  0x0000000000003556       0x94 .build/obj_splitography_thumbh/common/debug.o
 .debug_abbrev  0x00000000000035ea       0xcb .build/obj_splitography_thumbh/common/util.o
 .debug_abbrev  0x00000000000036b5       0xc2 .build/obj_splitography_thumbh/common/eeconfig.o
 .debug_abbrev  0x0000000000003777      0x223 .build/obj_splitography_thumbh/common/report.o
 .debug_abbrev  0x000000000000399a      0x2bf .build/obj_splitography_thumbh/common/avr/suspend.o
 .debug_abbrev  0x0000000000003c59      0x182 .build/obj_splitography_thumbh/common/avr/timer.o
 .debug_abbrev  0x0000000000003ddb      0x200 .build/obj_splitography_thumbh/common/avr/bootloader.o
 .debug_abbrev  0x0000000000003fdb      0x191 .build/obj_splitography_thumbh/common/magic.o
 .debug_abbrev  0x000000000000416c      0x267 .build/obj_splitography_thumbh/common/mousekey.o
 .debug_abbrev  0x00000000000043d3      0x4f5 .build/obj_splitography_thumbh/lufa.o
 .debug_abbrev  0x00000000000048c8      0x1d9 .build/obj_splitography_thumbh/descriptor.o
 .debug_abbrev  0x0000000000004aa1      0x20b .build/obj_splitography_thumbh/outputselect.o
 .debug_abbrev  0x0000000000004cac       0xb6 .build/obj_splitography_thumbh/./lib/lufa/LUFA/Drivers/USB/Core/AVR8/Device_AVR8.o
 .debug_abbrev  0x0000000000004d62      0x20a .build/obj_splitography_thumbh/./lib/lufa/LUFA/Drivers/USB/Core/AVR8/EndpointStream_AVR8.o
 .debug_abbrev  0x0000000000004f6c      0x251 .build/obj_splitography_thumbh/./lib/lufa/LUFA/Drivers/USB/Core/AVR8/Endpoint_AVR8.o
 .debug_abbrev  0x00000000000051bd      0x1af .build/obj_splitography_thumbh/./lib/lufa/LUFA/Drivers/USB/Core/AVR8/USBController_AVR8.o
 .debug_abbrev  0x000000000000536c      0x231 .build/obj_splitography_thumbh/./lib/lufa/LUFA/Drivers/USB/Core/AVR8/USBInterrupt_AVR8.o
 .debug_abbrev  0x000000000000559d      0x2fc .build/obj_splitography_thumbh/./lib/lufa/LUFA/Drivers/USB/Core/DeviceStandardReq.o
 .debug_abbrev  0x0000000000005899       0x44 .build/obj_splitography_thumbh/./lib/lufa/LUFA/Drivers/USB/Core/Events.o
 .debug_abbrev  0x00000000000058dd      0x198 .build/obj_splitography_thumbh/./lib/lufa/LUFA/Drivers/USB/Core/USBTask.o
 .debug_abbrev  0x0000000000005a75      0x43f .build/obj_splitography_thumbh/./lib/lufa/LUFA/Drivers/USB/Class/Device/CDCClassDevice.o

.debug_line     0x0000000000000000     0xad41
 *(.debug_line .debug_line.* .debug_line_end)
 .debug_line    0x0000000000000000       0x1d /usr/lib/gcc/avr/7.3.0/../../../../avr/lib/avr5/crtatmega32u4.o