Archive member included to satisfy reference by file (symbol)

/usr/lib/gcc/avr/7.3.0/avr5/libgcc.a(_udivmodqi4.o)
                              .build/obj_splitography_multi/quantum/process_keycode/process_steno.o (__udivmodqi4)
/usr/lib/gcc/avr/7.3.0/avr5/libgcc.a(_exit.o)
                              /usr/lib/gcc/avr/7.3.0/../../../../avr/lib/avr5/crtatmega32u4.o (exit)
/usr/lib/gcc/avr/7.3.0/avr5/libgcc.a(_tablejump2.o)
                              .build/obj_splitography_multi/quantum/quantum.o (__tablejump2__)
/usr/lib/gcc/avr/7.3.0/avr5/libgcc.a(_copy_data.o)
                              .build/obj_splitography_multi/quantum/matrix.o (__do_copy_data)
/usr/lib/gcc/avr/7.3.0/avr5/libgcc.a(_clear_bss.o)
                              .build/obj_splitography_multi/keyboards/splitography/keymaps/multi/keymap.o (__do_clear_bss)
/usr/lib/gcc/avr/7.3.0/../../../../avr/lib/avr5/libc.a(strlen_P.o)
                              .build/obj_splitography_multi/./lib/lufa/LUFA/Drivers/USB/Class/Device/CDCClassDevice.o (__strlen_P)
/usr/lib/gcc/avr/7.3.0/../../../../avr/lib/avr5/libatmega32u4.a(eerd_byte.o)
                              .build/obj_splitography_multi/quantum/process_keycode/process_steno.o (eeprom_read_byte)
/usr/lib/gcc/avr/7.3.0/../../../../avr/lib/avr5/libatmega32u4.a(eerd_word.o)
                              .build/obj_splitography_multi/common/eeconfig.o (eeprom_read_word)
/usr/lib/gcc/avr/7.3.0/../../../../avr/lib/avr5/libatmega32u4.a(eeupd_byte.o)
                              .build/obj_splitography_multi/quantum/process_keycode/process_steno.o (eeprom_update_byte)
/usr/lib/gcc/avr/7.3.0/../../../../avr/lib/avr5/libatmega32u4.a(eeupd_word.o)
                              .build/obj_splitography_multi/common/eeconfig.o (eeprom_update_word)
/usr/lib/gcc/avr/7.3.0/../../../../avr/lib/avr5/libatmega32u4.a(eerd_block.o)
                              /usr/lib/gcc/avr/7.3.0/../../../../avr/lib/avr5/libatmega32u4.a(eerd_word.o) (eeprom_read_blraw)

Allocating common symbols
Common symbol       size              file

USB_IsInitialized   0x1               .build/obj_splitography_multi/./lib/lufa/LUFA/Drivers/USB/Core/USBTask.o
keymap_config       0x2               .build/obj_splitography_multi/common/magic.o
USB_DeviceState     0x1               .build/obj_splitography_multi/./lib/lufa/LUFA/Drivers/USB/Core/USBTask.o
USB_Device_ConfigurationNumber
                    0x1               .build/obj_splitography_multi/./lib/lufa/LUFA/Drivers/USB/Core/DeviceStandardReq.o
mode                0x1               .build/obj_splitography_multi/quantum/process_keycode/process_steno.o
USB_Device_CurrentlySelfPowered
                    0x1               .build/obj_splitography_multi/./lib/lufa/LUFA/Drivers/USB/Core/DeviceStandardReq.o
USB_ControlRequest  0x8               .build/obj_splitography_multi/./lib/lufa/LUFA/Drivers/USB/Core/USBTask.o
tp_buttons          0x2               .build/obj_splitography_multi/common/action.o
USB_Device_RemoteWakeupEnabled
                    0x1               .build/obj_splitography_multi/./lib/lufa/LUFA/Drivers/USB/Core/DeviceStandardReq.o
timer_count         0x4               .build/obj_splitography_multi/common/avr/timer.o

Discarded input sections

 .data          0x0000000000000000        0x0 /usr/lib/gcc/avr/7.3.0/../../../../avr/lib/avr5/crtatmega32u4.o
 .bss           0x0000000000000000        0x0 /usr/lib/gcc/avr/7.3.0/../../../../avr/lib/avr5/crtatmega32u4.o
 .text          0x0000000000000000        0x0 .build/obj_splitography_multi/keyboards/splitography/splitography.o
 .data          0x0000000000000000        0x0 .build/obj_splitography_multi/keyboards/splitography/splitography.o
 .bss           0x0000000000000000        0x0 .build/obj_splitography_multi/keyboards/splitography/splitography.o
 .text          0x0000000000000000        0x0 .build/obj_splitography_multi/keyboards/splitography/keymaps/multi/keymap.o
 .data          0x0000000000000000        0x0 .build/obj_splitography_multi/keyboards/splitography/keymaps/multi/keymap.o
 .bss           0x0000000000000000        0x0 .build/obj_splitography_multi/keyboards/splitography/keymaps/multi/keymap.o
 .text          0x0000000000000000        0x0 .build/obj_splitography_multi/quantum/quantum.o
 .data          0x0000000000000000        0x0 .build/obj_splitography_multi/quantum/quantum.o
 .bss           0x0000000000000000        0x0 .build/obj_splitography_multi/quantum/quantum.o
 .text.do_code16
                0x0000000000000000       0x6c .build/obj_splitography_multi/quantum/quantum.o
 .text.qk_register_weak_mods
                0x0000000000000000       0x16 .build/obj_splitography_multi/quantum/quantum.o
 .text.qk_register_mods
                0x0000000000000000        0x4 .build/obj_splitography_multi/quantum/quantum.o
 .text.qk_unregister_weak_mods
                0x0000000000000000       0x16 .build/obj_splitography_multi/quantum/quantum.o
 .text.qk_unregister_mods
[...]
Memory Configuration

Name             Origin             Length             Attributes
text             0x0000000000000000 0x0000000000020000 xr
data             0x0000000000800060 0x000000000000ffa0 rw !x
eeprom           0x0000000000810000 0x0000000000010000 rw !x
fuse             0x0000000000820000 0x0000000000000400 rw !x
lock             0x0000000000830000 0x0000000000000400 rw !x
signature        0x0000000000840000 0x0000000000000400 rw !x
user_signatures  0x0000000000850000 0x0000000000000400 rw !x
*default*        0x0000000000000000 0xffffffffffffffff

Linker script and memory map

Address of section .data set to 0x800100
LOAD /usr/lib/gcc/avr/7.3.0/../../../../avr/lib/avr5/crtatmega32u4.o
LOAD .build/obj_splitography_multi/keyboards/splitography/splitography.o
LOAD .build/obj_splitography_multi/keyboards/splitography/keymaps/multi/keymap.o
LOAD .build/obj_splitography_multi/quantum/quantum.o
LOAD .build/obj_splitography_multi/quantum/keymap_common.o
LOAD .build/obj_splitography_multi/quantum/keycode_config.o
LOAD .build/obj_splitography_multi/quantum/process_keycode/process_leader.o
LOAD .build/obj_splitography_multi/quantum/matrix.o
LOAD .build/obj_splitography_multi/quantum/process_keycode/process_steno.o
LOAD .build/obj_splitography_multi/common/host.o
LOAD .build/obj_splitography_multi/common/keyboard.o
LOAD .build/obj_splitography_multi/common/action.o
LOAD .build/obj_splitography_multi/common/action_tapping.o
LOAD .build/obj_splitography_multi/common/action_macro.o
LOAD .build/obj_splitography_multi/common/action_layer.o
LOAD .build/obj_splitography_multi/common/action_util.o
LOAD .build/obj_splitography_multi/common/print.o
LOAD .build/obj_splitography_multi/common/debug.o
LOAD .build/obj_splitography_multi/common/util.o
LOAD .build/obj_splitography_multi/common/eeconfig.o
LOAD .build/obj_splitography_multi/common/report.o
LOAD .build/obj_splitography_multi/common/avr/suspend.o
LOAD .build/obj_splitography_multi/common/avr/timer.o
LOAD .build/obj_splitography_multi/common/avr/bootloader.o
LOAD .build/obj_splitography_multi/common/avr/xprintf.o
LOAD .build/obj_splitography_multi/common/magic.o
LOAD .build/obj_splitography_multi/lufa.o
LOAD .build/obj_splitography_multi/descriptor.o
LOAD .build/obj_splitography_multi/outputselect.o
LOAD .build/obj_splitography_multi/./lib/lufa/LUFA/Drivers/USB/Class/Common/HIDParser.o
LOAD .build/obj_splitography_multi/./lib/lufa/LUFA/Drivers/USB/Core/AVR8/Device_AVR8.o
LOAD .build/obj_splitography_multi/./lib/lufa/LUFA/Drivers/USB/Core/AVR8/EndpointStream_AVR8.o
LOAD .build/obj_splitography_multi/./lib/lufa/LUFA/Drivers/USB/Core/AVR8/Endpoint_AVR8.o
LOAD .build/obj_splitography_multi/./lib/lufa/LUFA/Drivers/USB/Core/AVR8/Host_AVR8.o
LOAD .build/obj_splitography_multi/./lib/lufa/LUFA/Drivers/USB/Core/AVR8/PipeStream_AVR8.o
LOAD .build/obj_splitography_multi/./lib/lufa/LUFA/Drivers/USB/Core/AVR8/Pipe_AVR8.o
LOAD .build/obj_splitography_multi/./lib/lufa/LUFA/Drivers/USB/Core/AVR8/USBController_AVR8.o
LOAD .build/obj_splitography_multi/./lib/lufa/LUFA/Drivers/USB/Core/AVR8/USBInterrupt_AVR8.o
LOAD .build/obj_splitography_multi/./lib/lufa/LUFA/Drivers/USB/Core/ConfigDescriptors.o
LOAD .build/obj_splitography_multi/./lib/lufa/LUFA/Drivers/USB/Core/DeviceStandardReq.o
LOAD .build/obj_splitography_multi/./lib/lufa/LUFA/Drivers/USB/Core/Events.o
LOAD .build/obj_splitography_multi/./lib/lufa/LUFA/Drivers/USB/Core/HostStandardReq.o
LOAD .build/obj_splitography_multi/./lib/lufa/LUFA/Drivers/USB/Core/USBTask.o
LOAD .build/obj_splitography_multi/./lib/lufa/LUFA/Drivers/USB/Class/Device/CDCClassDevice.o
LOAD /usr/lib/gcc/avr/7.3.0/../../../../avr/lib/avr5/libm.a
START GROUP
LOAD /usr/lib/gcc/avr/7.3.0/avr5/libgcc.a
LOAD /usr/lib/gcc/avr/7.3.0/../../../../avr/lib/avr5/libm.a
LOAD /usr/lib/gcc/avr/7.3.0/../../../../avr/lib/avr5/libc.a
LOAD /usr/lib/gcc/avr/7.3.0/../../../../avr/lib/avr5/libatmega32u4.a
END GROUP
                0x0000000000020000                __TEXT_REGION_LENGTH__ = DEFINED (__TEXT_REGION_LENGTH__)?__TEXT_REGION_LENGTH__:0x20000
                0x000000000000ffa0                __DATA_REGION_LENGTH__ = DEFINED (__DATA_REGION_LENGTH__)?__DATA_REGION_LENGTH__:0xffa0
                0x0000000000010000                __EEPROM_REGION_LENGTH__ = DEFINED (__EEPROM_REGION_LENGTH__)?__EEPROM_REGION_LENGTH__:0x10000
                0x0000000000000400                __FUSE_REGION_LENGTH__ = DEFINED (__FUSE_REGION_LENGTH__)?__FUSE_REGION_LENGTH__:0x400
                0x0000000000000400                __LOCK_REGION_LENGTH__ = DEFINED (__LOCK_REGION_LENGTH__)?__LOCK_REGION_LENGTH__:0x400
                0x0000000000000400                __SIGNATURE_REGION_LENGTH__ = DEFINED (__SIGNATURE_REGION_LENGTH__)?__SIGNATURE_REGION_LENGTH__:0x400
                0x0000000000000400                __USER_SIGNATURE_REGION_LENGTH__ = DEFINED (__USER_SIGNATURE_REGION_LENGTH__)?__USER_SIGNATURE_REGION_LENGTH__:0x400

.hash
 *(.hash)

.dynsym
 *(.dynsym)

.dynstr
 *(.dynstr)

.gnu.version
 *(.gnu.version)

.gnu.version_d
 *(.gnu.version_d)

.gnu.version_r
 *(.gnu.version_r)

.rel.init
 *(.rel.init)

.rela.init
 *(.rela.init)

.rel.text
 *(.rel.text)
 *(.rel.text.*)
 *(.rel.gnu.linkonce.t*)

.rela.text
 *(.rela.text)
 *(.rela.text.*)
 *(.rela.gnu.linkonce.t*)

.rel.fini
 *(.rel.fini)

.rela.fini
 *(.rela.fini)

.rel.rodata
 *(.rel.rodata)
 *(.rel.rodata.*)
 *(.rel.gnu.linkonce.r*)

.rela.rodata
 *(.rela.rodata)
 *(.rela.rodata.*)
 *(.rela.gnu.linkonce.r*)

.rel.data
 *(.rel.data)
 *(.rel.data.*)
 *(.rel.gnu.linkonce.d*)

.rela.data
 *(.rela.data)
 *(.rela.data.*)
 *(.rela.gnu.linkonce.d*)

.rel.ctors
 *(.rel.ctors)

.rela.ctors
 *(.rela.ctors)

.rel.dtors
 *(.rel.dtors)

.rela.dtors
 *(.rela.dtors)

.rel.got
 *(.rel.got)

.rela.got
 *(.rela.got)

.rel.bss
 *(.rel.bss)

.rela.bss
 *(.rela.bss)

.rel.plt
 *(.rel.plt)

.rela.plt
 *(.rela.plt)

.text           0x0000000000000000     0x4430
 *(.vectors)
 .vectors       0x0000000000000000       0xac /usr/lib/gcc/avr/7.3.0/../../../../avr/lib/avr5/crtatmega32u4.o
                0x0000000000000000                __vectors
                0x0000000000000000                __vector_default
 *(.vectors)
 *(.progmem.gcc*)
                0x00000000000000ac                . = ALIGN (0x2)
                0x00000000000000ac                __trampolines_start = .
 *(.trampolines)
 .trampolines   0x00000000000000ac        0x0 linker stubs
 *(.trampolines*)
                0x00000000000000ac                __trampolines_end = .
 *libprintf_flt.a:*(.progmem.data)
 *libc.a:*(.progmem.data)
 *(.progmem.*)
 .progmem.data.keymaps
                0x00000000000000ac      0x3c0 .build/obj_splitography_multi/keyboards/splitography/keymaps/multi/keymap.o
                0x00000000000000ac                keymaps
 .progmem.data.fn_actions
                0x000000000000046c        0x0 .build/obj_splitography_multi/quantum/keymap_common.o
                0x000000000000046c                fn_actions
 .progmem.data.SerialNumberString
                0x000000000000046c        0x6 .build/obj_splitography_multi/descriptor.o
                0x000000000000046c                SerialNumberString
 .progmem.data.ProductString
                0x0000000000000472       0x1c .build/obj_splitography_multi/descriptor.o
                0x0000000000000472                ProductString
 .progmem.data.ManufacturerString
                0x000000000000048e       0x16 .build/obj_splitography_multi/descriptor.o
                0x000000000000048e                ManufacturerString
 .progmem.data.LanguageString
                0x00000000000004a4        0x4 .build/obj_splitography_multi/descriptor.o
                0x00000000000004a4                LanguageString
 .progmem.data.ConfigurationDescriptor
                0x00000000000004a8       0x91 .build/obj_splitography_multi/descriptor.o
                0x00000000000004a8                ConfigurationDescriptor
 .progmem.data.DeviceDescriptor
                0x0000000000000539       0x12 .build/obj_splitography_multi/descriptor.o
                0x0000000000000539                DeviceDescriptor
 .progmem.data.NKROReport
                0x000000000000054b       0x39 .build/obj_splitography_multi/descriptor.o
                0x000000000000054b                NKROReport
 .progmem.data.ExtrakeyReport
                0x0000000000000584       0x36 .build/obj_splitography_multi/descriptor.o
                0x0000000000000584                ExtrakeyReport
 .progmem.data.KeyboardReport
                0x00000000000005ba       0x40 .build/obj_splitography_multi/descriptor.o
                0x00000000000005ba                KeyboardReport
                0x00000000000005fa                . = ALIGN (0x2)
 *(.lowtext)
 *(.lowtext*)
                0x00000000000005fa                __ctors_start = .
 *(.ctors)
                0x00000000000005fa                __ctors_end = .
                0x00000000000005fa                __dtors_start = .
 *(.dtors)
                0x00000000000005fa                __dtors_end = .
 SORT_BY_NAME(*)(.ctors)
 SORT_BY_NAME(*)(.dtors)
 *(.init0)
 .init0         0x00000000000005fa        0x0 /usr/lib/gcc/avr/7.3.0/../../../../avr/lib/avr5/crtatmega32u4.o
                0x00000000000005fa                __init
 *(.init0)
 *(.init1)
 *(.init1)
 *(.init2)
 .init2         0x00000000000005fa        0xc /usr/lib/gcc/avr/7.3.0/../../../../avr/lib/avr5/crtatmega32u4.o
 *(.init2)
 *(.init3)
 .init3         0x0000000000000606       0x54 .build/obj_splitography_multi/common/avr/bootloader.o
                0x0000000000000606                bootloader_jump_after_watchdog_reset
 *(.init3)
 *(.init4)
 .init4         0x000000000000065a       0x16 /usr/lib/gcc/avr/7.3.0/avr5/libgcc.a(_copy_data.o)
                0x000000000000065a                __do_copy_data
 .init4         0x0000000000000670       0x10 /usr/lib/gcc/avr/7.3.0/avr5/libgcc.a(_clear_bss.o)
                0x0000000000000670                __do_clear_bss
 *(.init4)
 *(.init5)
 *(.init5)
 *(.init6)
 *(.init6)
 *(.init7)
 *(.init7)
 *(.init8)
 *(.init8)
 *(.init9)
 .init9         0x0000000000000680        0x8 /usr/lib/gcc/avr/7.3.0/../../../../avr/lib/avr5/crtatmega32u4.o
 *(.init9)
 *(.text)
 .text          0x0000000000000688        0x4 /usr/lib/gcc/avr/7.3.0/../../../../avr/lib/avr5/crtatmega32u4.o
                0x0000000000000688                __vector_38
                0x0000000000000688                __vector_22
                0x0000000000000688                __vector_28
                0x0000000000000688                __vector_1
                0x0000000000000688                __vector_32
                0x0000000000000688                __vector_34
                0x0000000000000688                __vector_24
                0x0000000000000688                __bad_interrupt
                0x0000000000000688                __vector_6
                0x0000000000000688                __vector_31
                0x0000000000000688                __vector_35
                0x0000000000000688                __vector_39
                0x0000000000000688                __vector_3
                0x0000000000000688                __vector_23
                0x0000000000000688                __vector_30
                0x0000000000000688                __vector_25
                0x0000000000000688                __vector_13
                0x0000000000000688                __vector_17
                0x0000000000000688                __vector_19
                0x0000000000000688                __vector_7
                0x0000000000000688                __vector_41
                0x0000000000000688                __vector_27
                0x0000000000000688                __vector_5
                0x0000000000000688                __vector_33
                0x0000000000000688                __vector_37
                0x0000000000000688                __vector_4
                0x0000000000000688                __vector_9
                0x0000000000000688                __vector_2
                0x0000000000000688                __vector_15
                0x0000000000000688                __vector_36
                0x0000000000000688                __vector_29
                0x0000000000000688                __vector_40
                0x0000000000000688                __vector_8
                0x0000000000000688                __vector_26
                0x0000000000000688                __vector_14
                0x0000000000000688                __vector_16
                0x0000000000000688                __vector_18
                0x0000000000000688                __vector_20
                0x0000000000000688                __vector_42
                0x000000000000068c                . = ALIGN (0x2)
 *(.text.*)
 .text.matrix_init_kb
                0x000000000000068c        0x4 .build/obj_splitography_multi/keyboards/splitography/splitography.o
                0x000000000000068c                matrix_init_kb
 .text.clear_layers
                0x0000000000000690       0x14 .build/obj_splitography_multi/keyboards/splitography/keymaps/multi/keymap.o
                0x0000000000000690                clear_layers
 .text.qwerty   0x00000000000006a4       0x1a .build/obj_splitography_multi/keyboards/splitography/keymaps/multi/keymap.o
                0x00000000000006a4                qwerty
 .text.dvorak   0x00000000000006be       0x1a .build/obj_splitography_multi/keyboards/splitography/keymaps/multi/keymap.o
                0x00000000000006be                dvorak
 .text.colemak  0x00000000000006d8       0x1a .build/obj_splitography_multi/keyboards/splitography/keymaps/multi/keymap.o
                0x00000000000006d8                colemak
 .text.workman  0x00000000000006f2       0x1a .build/obj_splitography_multi/keyboards/splitography/keymaps/multi/keymap.o
                0x00000000000006f2                workman
 .text.plover   0x000000000000070c       0x38 .build/obj_splitography_multi/keyboards/splitography/keymaps/multi/keymap.o
                0x000000000000070c                plover
 .text.txbolt   0x0000000000000744        0xa .build/obj_splitography_multi/keyboards/splitography/keymaps/multi/keymap.o
                0x0000000000000744                txbolt
 .text.process_record_user
                0x000000000000074e      0x170 .build/obj_splitography_multi/keyboards/splitography/keymaps/multi/keymap.o
                0x000000000000074e                process_record_user
 .text.matrix_init_user
                0x00000000000008be        0x6 .build/obj_splitography_multi/keyboards/splitography/keymaps/multi/keymap.o
                0x00000000000008be                matrix_init_user
 .text.process_action_kb
                0x00000000000008c4        0x4 .build/obj_splitography_multi/quantum/quantum.o
                0x00000000000008c4                process_action_kb
 .text.process_record_kb
                0x00000000000008c8        0x4 .build/obj_splitography_multi/quantum/quantum.o
                0x00000000000008c8                process_record_kb
 .text.reset_keyboard
                0x00000000000008cc       0x1a .build/obj_splitography_multi/quantum/quantum.o
                0x00000000000008cc                reset_keyboard
 .text.process_record_quantum
                0x00000000000008e6      0x2f6 .build/obj_splitography_multi/quantum/quantum.o
                0x00000000000008e6                process_record_quantum
 .text.set_single_persistent_default_layer
                0x0000000000000bdc       0x26 .build/obj_splitography_multi/quantum/quantum.o
                0x0000000000000bdc                set_single_persistent_default_layer
 .text.update_tri_layer
                0x0000000000000c02       0xa2 .build/obj_splitography_multi/quantum/quantum.o
                0x0000000000000c02                update_tri_layer
 .text.matrix_init_quantum
                0x0000000000000ca4        0x4 .build/obj_splitography_multi/quantum/quantum.o
                0x0000000000000ca4                matrix_init_quantum
 .text.matrix_scan_quantum
                0x0000000000000ca8        0x4 .build/obj_splitography_multi/quantum/quantum.o
                0x0000000000000ca8                matrix_scan_quantum
 .text.led_set_user
                0x0000000000000cac        0x2 .build/obj_splitography_multi/quantum/quantum.o
                0x0000000000000cac                led_set_user
 .text.led_set_kb
                0x0000000000000cae        0x4 .build/obj_splitography_multi/quantum/quantum.o
                0x0000000000000cae                led_set_kb
 .text.led_set  0x0000000000000cb2        0x4 .build/obj_splitography_multi/quantum/quantum.o
                0x0000000000000cb2                led_set
 .text.action_get_macro
                0x0000000000000cb6        0x6 .build/obj_splitography_multi/quantum/keymap_common.o
                0x0000000000000cb6                action_get_macro
 .text.action_function
                0x0000000000000cbc        0x2 .build/obj_splitography_multi/quantum/keymap_common.o
                0x0000000000000cbc                action_function
 .text.keymap_key_to_keycode
                0x0000000000000cbe       0x28 .build/obj_splitography_multi/quantum/keymap_common.o
                0x0000000000000cbe                keymap_key_to_keycode
 .text.keymap_function_id_to_action
                0x0000000000000ce6       0x10 .build/obj_splitography_multi/quantum/keymap_common.o
                0x0000000000000ce6                keymap_function_id_to_action
 .text.action_for_key
                0x0000000000000cf6      0x330 .build/obj_splitography_multi/quantum/keymap_common.o
                0x0000000000000cf6                action_for_key
 .text.keycode_config
                0x0000000000001026      0x100 .build/obj_splitography_multi/quantum/keycode_config.o
                0x0000000000001026                keycode_config
 .text.mod_config
                0x0000000000001126       0x5a .build/obj_splitography_multi/quantum/keycode_config.o
                0x0000000000001126                mod_config
 .text.leader_start
                0x0000000000001180        0x2 .build/obj_splitography_multi/quantum/process_keycode/process_leader.o
                0x0000000000001180                leader_start
 .text.process_leader
                0x0000000000001182       0x9e .build/obj_splitography_multi/quantum/process_keycode/process_leader.o
                0x0000000000001182                process_leader
 .text.matrix_scan_user
                0x0000000000001220        0x2 .build/obj_splitography_multi/quantum/matrix.o
                0x0000000000001220                matrix_scan_user
 .text.matrix_scan_kb
                0x0000000000001222        0x4 .build/obj_splitography_multi/quantum/matrix.o
                0x0000000000001222                matrix_scan_kb
 .text.matrix_init
                0x0000000000001226       0xc8 .build/obj_splitography_multi/quantum/matrix.o
                0x0000000000001226                matrix_init
 .text.matrix_scan
                0x00000000000012ee      0x182 .build/obj_splitography_multi/quantum/matrix.o
                0x00000000000012ee                matrix_scan
 .text.matrix_get_row
                0x0000000000001470       0x12 .build/obj_splitography_multi/quantum/matrix.o
                0x0000000000001470                matrix_get_row
 .text.matrix_print
                0x0000000000001482        0x2 .build/obj_splitography_multi/quantum/matrix.o
                0x0000000000001482                matrix_print
 .text.steno_clear_state
                0x0000000000001484       0x10 .build/obj_splitography_multi/quantum/process_keycode/process_steno.o
                0x0000000000001484                steno_clear_state
 .text.steno_init
                0x0000000000001494       0x1a .build/obj_splitography_multi/quantum/process_keycode/process_steno.o
                0x0000000000001494                steno_init
 .text.steno_set_mode
                0x00000000000014ae       0x18 .build/obj_splitography_multi/quantum/process_keycode/process_steno.o
                0x00000000000014ae                steno_set_mode
 .text.send_steno_state
                0x00000000000014c6       0x3a .build/obj_splitography_multi/quantum/process_keycode/process_steno.o
                0x00000000000014c6                send_steno_state
 .text.update_state_bolt
                0x0000000000001500       0x24 .build/obj_splitography_multi/quantum/process_keycode/process_steno.o
                0x0000000000001500                update_state_bolt
 .text.send_state_bolt
                0x0000000000001524       0x12 .build/obj_splitography_multi/quantum/process_keycode/process_steno.o
                0x0000000000001524                send_state_bolt
 .text.update_state_gemini
                0x0000000000001536       0x30 .build/obj_splitography_multi/quantum/process_keycode/process_steno.o
                0x0000000000001536                update_state_gemini
 .text.send_state_gemini
                0x0000000000001566       0x16 .build/obj_splitography_multi/quantum/process_keycode/process_steno.o
                0x0000000000001566                send_state_gemini
 .text.process_steno
                0x000000000000157c       0xfa .build/obj_splitography_multi/quantum/process_keycode/process_steno.o
                0x000000000000157c                process_steno
 .text.host_set_driver
                0x0000000000001676        0xa .build/obj_splitography_multi/common/host.o
                0x0000000000001676                host_set_driver
 .text.host_keyboard_leds
                0x0000000000001680       0x18 .build/obj_splitography_multi/common/host.o
                0x0000000000001680                host_keyboard_leds
 .text.host_keyboard_send
                0x0000000000001698       0x16 .build/obj_splitography_multi/common/host.o
                0x0000000000001698                host_keyboard_send
 .text.host_system_send
                0x00000000000016ae       0x2c .build/obj_splitography_multi/common/host.o
                0x00000000000016ae                host_system_send
 .text.host_consumer_send
                0x00000000000016da       0x2c .build/obj_splitography_multi/common/host.o
                0x00000000000016da                host_consumer_send
 .text.matrix_setup
                0x0000000000001706        0x2 .build/obj_splitography_multi/common/keyboard.o
                0x0000000000001706                matrix_setup
 .text.keyboard_setup
                0x0000000000001708        0x4 .build/obj_splitography_multi/common/keyboard.o
                0x0000000000001708                keyboard_setup
 .text.is_keyboard_master
                0x000000000000170c        0x4 .build/obj_splitography_multi/common/keyboard.o
                0x000000000000170c                is_keyboard_master
 .text.keyboard_init
                0x0000000000001710       0x10 .build/obj_splitography_multi/common/keyboard.o
                0x0000000000001710                keyboard_init
 .text.keyboard_task
                0x0000000000001720      0x17a .build/obj_splitography_multi/common/keyboard.o
                0x0000000000001720                keyboard_task
 .text.action_exec
                0x000000000000189a       0x54 .build/obj_splitography_multi/common/action.o
                0x000000000000189a                action_exec
 .text.register_code
                0x00000000000018ee      0x1ee .build/obj_splitography_multi/common/action.o
                0x00000000000018ee                register_code
 .text.unregister_code
                0x0000000000001adc       0x9e .build/obj_splitography_multi/common/action.o
                0x0000000000001adc                unregister_code
 .text.register_mods
                0x0000000000001b7a        0xe .build/obj_splitography_multi/common/action.o
                0x0000000000001b7a                register_mods
 .text.unregister_mods
                0x0000000000001b88        0xe .build/obj_splitography_multi/common/action.o
                0x0000000000001b88                unregister_mods
 .text.process_action
                0x0000000000001b96      0x480 .build/obj_splitography_multi/common/action.o
                0x0000000000001b96                process_action
 .text.process_record
                0x0000000000002016       0x62 .build/obj_splitography_multi/common/action.o
                0x0000000000002016                process_record
 .text.clear_keyboard_but_mods
                0x0000000000002078       0x20 .build/obj_splitography_multi/common/action.o
                0x0000000000002078                clear_keyboard_but_mods
 .text.clear_keyboard
                0x0000000000002098        0x8 .build/obj_splitography_multi/common/action.o
                0x0000000000002098                clear_keyboard
 .text.is_tap_key
                0x00000000000020a0       0x5e .build/obj_splitography_multi/common/action.o
                0x00000000000020a0                is_tap_key
 .text.debug_event
                0x00000000000020fe       0x1e .build/obj_splitography_multi/common/action.o
                0x00000000000020fe                debug_event
 .text.debug_record
                0x000000000000211c       0x20 .build/obj_splitography_multi/common/action.o
                0x000000000000211c                debug_record
 .text.debug_waiting_buffer
                0x000000000000213c       0x42 .build/obj_splitography_multi/common/action_tapping.o
 .text.debug_tapping_key
                0x000000000000217e       0x1c .build/obj_splitography_multi/common/action_tapping.o
 .text.waiting_buffer_scan_tap
                0x000000000000219a       0xd6 .build/obj_splitography_multi/common/action_tapping.o
 .text.process_tapping
                0x0000000000002270      0x38c .build/obj_splitography_multi/common/action_tapping.o
 .text.action_tapping_process
                0x00000000000025fc      0x152 .build/obj_splitography_multi/common/action_tapping.o
                0x00000000000025fc                action_tapping_process
 .text.action_macro_play
                0x000000000000274e       0xf0 .build/obj_splitography_multi/common/action_macro.o
                0x000000000000274e                action_macro_play
 .text.default_layer_state_set_kb
                0x000000000000283e        0x2 .build/obj_splitography_multi/common/action_layer.o
                0x000000000000283e                default_layer_state_set_kb
 .text.default_layer_state_set
                0x0000000000002840       0x18 .build/obj_splitography_multi/common/action_layer.o
 .text.default_layer_debug
                0x0000000000002858        0x2 .build/obj_splitography_multi/common/action_layer.o
                0x0000000000002858                default_layer_debug
 .text.default_layer_set
                0x000000000000285a        0x4 .build/obj_splitography_multi/common/action_layer.o
                0x000000000000285a                default_layer_set
 .text.default_layer_or
                0x000000000000285e       0x24 .build/obj_splitography_multi/common/action_layer.o
                0x000000000000285e                default_layer_or
 .text.default_layer_and
                0x0000000000002882       0x24 .build/obj_splitography_multi/common/action_layer.o
                0x0000000000002882                default_layer_and
 .text.default_layer_xor
                0x00000000000028a6       0x24 .build/obj_splitography_multi/common/action_layer.o
                0x00000000000028a6                default_layer_xor
 .text.layer_state_set_user
                0x00000000000028ca        0x4 .build/obj_splitography_multi/common/action_layer.o
                0x00000000000028ca                layer_state_set_user
 .text.layer_state_set_kb
                0x00000000000028ce        0x4 .build/obj_splitography_multi/common/action_layer.o
                0x00000000000028ce                layer_state_set_kb
 .text.layer_state_set
                0x00000000000028d2       0x18 .build/obj_splitography_multi/common/action_layer.o
 .text.layer_clear
                0x00000000000028ea        0xa .build/obj_splitography_multi/common/action_layer.o
                0x00000000000028ea                layer_clear
 .text.layer_move
                0x00000000000028f4       0x2a .build/obj_splitography_multi/common/action_layer.o
                0x00000000000028f4                layer_move
 .text.layer_on
                0x000000000000291e       0x42 .build/obj_splitography_multi/common/action_layer.o
                0x000000000000291e                layer_on
 .text.layer_off
                0x0000000000002960       0x46 .build/obj_splitography_multi/common/action_layer.o
                0x0000000000002960                layer_off
 .text.layer_invert
                0x00000000000029a6       0x42 .build/obj_splitography_multi/common/action_layer.o
                0x00000000000029a6                layer_invert
 .text.layer_or
                0x00000000000029e8       0x24 .build/obj_splitography_multi/common/action_layer.o
                0x00000000000029e8                layer_or
 .text.layer_and
                0x0000000000002a0c       0x24 .build/obj_splitography_multi/common/action_layer.o
                0x0000000000002a0c                layer_and
 .text.layer_xor
                0x0000000000002a30       0x24 .build/obj_splitography_multi/common/action_layer.o
                0x0000000000002a30                layer_xor
 .text.layer_debug
                0x0000000000002a54        0x2 .build/obj_splitography_multi/common/action_layer.o
                0x0000000000002a54                layer_debug
 .text.update_source_layers_cache
                0x0000000000002a56       0x5e .build/obj_splitography_multi/common/action_layer.o
                0x0000000000002a56                update_source_layers_cache
 .text.read_source_layers_cache
                0x0000000000002ab4       0x56 .build/obj_splitography_multi/common/action_layer.o
                0x0000000000002ab4                read_source_layers_cache
 .text.layer_switch_get_layer
                0x0000000000002b0a       0x84 .build/obj_splitography_multi/common/action_layer.o
                0x0000000000002b0a                layer_switch_get_layer
 .text.layer_switch_get_action
                0x0000000000002b8e       0x14 .build/obj_splitography_multi/common/action_layer.o
                0x0000000000002b8e                layer_switch_get_action
 .text.store_or_get_action
                0x0000000000002ba2       0x48 .build/obj_splitography_multi/common/action_layer.o
                0x0000000000002ba2                store_or_get_action
 .text.add_key  0x0000000000002bea        0xe .build/obj_splitography_multi/common/action_util.o
                0x0000000000002bea                add_key
 .text.del_key  0x0000000000002bf8        0xe .build/obj_splitography_multi/common/action_util.o
                0x0000000000002bf8                del_key
 .text.clear_keys
                0x0000000000002c06        0xc .build/obj_splitography_multi/common/action_util.o
                0x0000000000002c06                clear_keys
 .text.get_oneshot_layer
                0x0000000000002c12        0xc .build/obj_splitography_multi/common/action_util.o
                0x0000000000002c12                get_oneshot_layer
 .text.get_oneshot_layer_state
                0x0000000000002c1e        0x8 .build/obj_splitography_multi/common/action_util.o
                0x0000000000002c1e                get_oneshot_layer_state
 .text.set_oneshot_layer
                0x0000000000002c26       0x12 .build/obj_splitography_multi/common/action_util.o
                0x0000000000002c26                set_oneshot_layer
 .text.clear_oneshot_layer_state
                0x0000000000002c38       0x2c .build/obj_splitography_multi/common/action_util.o
                0x0000000000002c38                clear_oneshot_layer_state
 .text.is_oneshot_layer_active
                0x0000000000002c64        0xe .build/obj_splitography_multi/common/action_util.o
                0x0000000000002c64                is_oneshot_layer_active
 .text.send_keyboard_report
                0x0000000000002c72       0x66 .build/obj_splitography_multi/common/action_util.o
                0x0000000000002c72                send_keyboard_report
 .text.get_mods
                0x0000000000002cd8        0x6 .build/obj_splitography_multi/common/action_util.o
                0x0000000000002cd8                get_mods
 .text.add_mods
                0x0000000000002cde        0xc .build/obj_splitography_multi/common/action_util.o
                0x0000000000002cde                add_mods
 .text.del_mods
                0x0000000000002cea       0x10 .build/obj_splitography_multi/common/action_util.o
                0x0000000000002cea                del_mods
 .text.clear_mods
                0x0000000000002cfa        0x6 .build/obj_splitography_multi/common/action_util.o
                0x0000000000002cfa                clear_mods
 .text.add_weak_mods
                0x0000000000002d00        0xc .build/obj_splitography_multi/common/action_util.o
                0x0000000000002d00                add_weak_mods
 .text.del_weak_mods
                0x0000000000002d0c       0x10 .build/obj_splitography_multi/common/action_util.o
                0x0000000000002d0c                del_weak_mods
 .text.clear_weak_mods
                0x0000000000002d1c        0x6 .build/obj_splitography_multi/common/action_util.o
                0x0000000000002d1c                clear_weak_mods
 .text.add_macro_mods
                0x0000000000002d22        0xc .build/obj_splitography_multi/common/action_util.o
                0x0000000000002d22                add_macro_mods
 .text.del_macro_mods
                0x0000000000002d2e       0x10 .build/obj_splitography_multi/common/action_util.o
                0x0000000000002d2e                del_macro_mods
 .text.clear_macro_mods
                0x0000000000002d3e        0x6 .build/obj_splitography_multi/common/action_util.o
                0x0000000000002d3e                clear_macro_mods
 .text.set_oneshot_mods
                0x0000000000002d44        0x6 .build/obj_splitography_multi/common/action_util.o
                0x0000000000002d44                set_oneshot_mods
 .text.clear_oneshot_mods
                0x0000000000002d4a        0x6 .build/obj_splitography_multi/common/action_util.o
                0x0000000000002d4a                clear_oneshot_mods
 .text.biton32  0x0000000000002d50       0x9a .build/obj_splitography_multi/common/util.o
                0x0000000000002d50                biton32
 .text.eeconfig_init
                0x0000000000002dea       0x3e .build/obj_splitography_multi/common/eeconfig.o
                0x0000000000002dea                eeconfig_init
 .text.eeconfig_is_enabled
                0x0000000000002e28       0x16 .build/obj_splitography_multi/common/eeconfig.o
                0x0000000000002e28                eeconfig_is_enabled
 .text.eeconfig_read_debug
                0x0000000000002e3e        0x8 .build/obj_splitography_multi/common/eeconfig.o
                0x0000000000002e3e                eeconfig_read_debug
 .text.eeconfig_read_default_layer
                0x0000000000002e46        0x8 .build/obj_splitography_multi/common/eeconfig.o
                0x0000000000002e46                eeconfig_read_default_layer
 .text.eeconfig_update_default_layer
                0x0000000000002e4e        0xa .build/obj_splitography_multi/common/eeconfig.o
                0x0000000000002e4e                eeconfig_update_default_layer
 .text.eeconfig_read_keymap
                0x0000000000002e58        0x8 .build/obj_splitography_multi/common/eeconfig.o
                0x0000000000002e58                eeconfig_read_keymap
 .text.eeconfig_update_keymap
                0x0000000000002e60        0xa .build/obj_splitography_multi/common/eeconfig.o
                0x0000000000002e60                eeconfig_update_keymap
 .text.has_anykey
                0x0000000000002e6a       0x1a .build/obj_splitography_multi/common/report.o
                0x0000000000002e6a                has_anykey
 .text.add_key_byte
                0x0000000000002e84       0x34 .build/obj_splitography_multi/common/report.o
                0x0000000000002e84                add_key_byte
 .text.del_key_byte
                0x0000000000002eb8       0x1a .build/obj_splitography_multi/common/report.o
                0x0000000000002eb8                del_key_byte
 .text.add_key_bit
                0x0000000000002ed2       0x28 .build/obj_splitography_multi/common/report.o
                0x0000000000002ed2                add_key_bit
 .text.del_key_bit
                0x0000000000002efa       0x2a .build/obj_splitography_multi/common/report.o
                0x0000000000002efa                del_key_bit
 .text.add_key_to_report
                0x0000000000002f24       0x16 .build/obj_splitography_multi/common/report.o
                0x0000000000002f24                add_key_to_report
 .text.del_key_from_report
                0x0000000000002f3a       0x16 .build/obj_splitography_multi/common/report.o
                0x0000000000002f3a                del_key_from_report
 .text.clear_keys_from_report
                0x0000000000002f50       0x10 .build/obj_splitography_multi/common/report.o
                0x0000000000002f50                clear_keys_from_report
 .text.suspend_power_down
                0x0000000000002f60       0x58 .build/obj_splitography_multi/common/avr/suspend.o
                0x0000000000002f60                suspend_power_down
 .text.matrix_power_up
                0x0000000000002fb8        0x2 .build/obj_splitography_multi/common/avr/suspend.o
                0x0000000000002fb8                matrix_power_up
 .text.matrix_power_down
                0x0000000000002fba        0x2 .build/obj_splitography_multi/common/avr/suspend.o
                0x0000000000002fba                matrix_power_down
 .text.suspend_wakeup_condition
                0x0000000000002fbc       0x2a .build/obj_splitography_multi/common/avr/suspend.o
                0x0000000000002fbc                suspend_wakeup_condition
 .text.suspend_wakeup_init
                0x0000000000002fe6        0xc .build/obj_splitography_multi/common/avr/suspend.o
                0x0000000000002fe6                suspend_wakeup_init
 .text.__vector_12
                0x0000000000002ff2       0x52 .build/obj_splitography_multi/common/avr/suspend.o
                0x0000000000002ff2                __vector_12
 .text.timer_init
                0x0000000000003044       0x12 .build/obj_splitography_multi/common/avr/timer.o
                0x0000000000003044                timer_init
 .text.timer_read
                0x0000000000003056       0x18 .build/obj_splitography_multi/common/avr/timer.o
                0x0000000000003056                timer_read
 .text.timer_elapsed
                0x000000000000306e       0x54 .build/obj_splitography_multi/common/avr/timer.o
                0x000000000000306e                timer_elapsed
 .text.__vector_21
                0x00000000000030c2       0x4c .build/obj_splitography_multi/common/avr/timer.o
                0x00000000000030c2                __vector_21
 .text.bootloader_jump
                0x000000000000310e       0x48 .build/obj_splitography_multi/common/avr/bootloader.o
                0x000000000000310e                bootloader_jump
 .text.magic    0x0000000000003156       0x32 .build/obj_splitography_multi/common/magic.o
                0x0000000000003156                magic
 .text.keyboard_leds
                0x0000000000003188        0x6 .build/obj_splitography_multi/lufa.o
 .text.send_mouse
                0x000000000000318e        0x2 .build/obj_splitography_multi/lufa.o
 .text.send_consumer
                0x0000000000003190       0x76 .build/obj_splitography_multi/lufa.o
 .text.send_system
                0x0000000000003206       0x6a .build/obj_splitography_multi/lufa.o
 .text.send_keyboard
                0x0000000000003270       0xa6 .build/obj_splitography_multi/lufa.o
 .text.EVENT_USB_Device_Connect
                0x0000000000003316       0x1c .build/obj_splitography_multi/lufa.o
                0x0000000000003316                EVENT_USB_Device_Connect
 .text.EVENT_USB_Device_Disconnect
                0x0000000000003332        0x6 .build/obj_splitography_multi/lufa.o
                0x0000000000003332                EVENT_USB_Device_Disconnect
 .text.EVENT_USB_Device_Reset
                0x0000000000003338        0x2 .build/obj_splitography_multi/lufa.o
                0x0000000000003338                EVENT_USB_Device_Reset
 .text.EVENT_USB_Device_Suspend
                0x000000000000333a        0x2 .build/obj_splitography_multi/lufa.o
                0x000000000000333a                EVENT_USB_Device_Suspend
 .text.EVENT_USB_Device_WakeUp
                0x000000000000333c        0x4 .build/obj_splitography_multi/lufa.o
                0x000000000000333c                EVENT_USB_Device_WakeUp
 .text.EVENT_USB_Device_ConfigurationChanged
                0x0000000000003340       0x3c .build/obj_splitography_multi/lufa.o
                0x0000000000003340                EVENT_USB_Device_ConfigurationChanged
 .text.EVENT_USB_Device_ControlRequest
                0x000000000000337c      0x16a .build/obj_splitography_multi/lufa.o
                0x000000000000337c                EVENT_USB_Device_ControlRequest
 .text.virtser_init
                0x00000000000034e6       0x14 .build/obj_splitography_multi/lufa.o
                0x00000000000034e6                virtser_init
 .text.virtser_recv
                0x00000000000034fa        0x2 .build/obj_splitography_multi/lufa.o
                0x00000000000034fa                virtser_recv
 .text.virtser_task
                0x00000000000034fc       0x1a .build/obj_splitography_multi/lufa.o
                0x00000000000034fc                virtser_task
 .text.virtser_send
                0x0000000000003516       0x7c .build/obj_splitography_multi/lufa.o
                0x0000000000003516                virtser_send
 .text.startup.main
                0x0000000000003592       0x86 .build/obj_splitography_multi/lufa.o
                0x0000000000003592                main
 .text.CALLBACK_USB_GetDescriptor
                0x0000000000003618       0xb6 .build/obj_splitography_multi/descriptor.o
                0x0000000000003618                CALLBACK_USB_GetDescriptor
 .text.set_output_user
                0x00000000000036ce        0x2 .build/obj_splitography_multi/outputselect.o
                0x00000000000036ce                set_output_user
 .text.set_output
                0x00000000000036d0       0x10 .build/obj_splitography_multi/outputselect.o
                0x00000000000036d0                set_output
 .text.auto_detect_output
                0x00000000000036e0       0x10 .build/obj_splitography_multi/outputselect.o
                0x00000000000036e0                auto_detect_output
 .text.where_to_send
                0x00000000000036f0        0xe .build/obj_splitography_multi/outputselect.o
                0x00000000000036f0                where_to_send
 .text.USB_Device_SendRemoteWakeup
                0x00000000000036fe       0x2c .build/obj_splitography_multi/./lib/lufa/LUFA/Drivers/USB/Core/AVR8/Device_AVR8.o
                0x00000000000036fe                USB_Device_SendRemoteWakeup
 .text.Endpoint_Write_Stream_LE
                0x000000000000372a       0x9e .build/obj_splitography_multi/./lib/lufa/LUFA/Drivers/USB/Core/AVR8/EndpointStream_AVR8.o
                0x000000000000372a                Endpoint_Write_Stream_LE
 .text.Endpoint_Write_Control_Stream_LE
                0x00000000000037c8       0xbe .build/obj_splitography_multi/./lib/lufa/LUFA/Drivers/USB/Core/AVR8/EndpointStream_AVR8.o
                0x00000000000037c8                Endpoint_Write_Control_Stream_LE
 .text.Endpoint_Write_Control_PStream_LE
                0x0000000000003886       0xc0 .build/obj_splitography_multi/./lib/lufa/LUFA/Drivers/USB/Core/AVR8/EndpointStream_AVR8.o
                0x0000000000003886                Endpoint_Write_Control_PStream_LE
 .text.Endpoint_ConfigureEndpoint_Prv
                0x0000000000003946       0x68 .build/obj_splitography_multi/./lib/lufa/LUFA/Drivers/USB/Core/AVR8/Endpoint_AVR8.o
                0x0000000000003946                Endpoint_ConfigureEndpoint_Prv
 .text.Endpoint_ClearStatusStage
                0x00000000000039ae       0x3e .build/obj_splitography_multi/./lib/lufa/LUFA/Drivers/USB/Core/AVR8/Endpoint_AVR8.o
                0x00000000000039ae                Endpoint_ClearStatusStage
 .text.Endpoint_WaitUntilReady
                0x00000000000039ec       0x5e .build/obj_splitography_multi/./lib/lufa/LUFA/Drivers/USB/Core/AVR8/Endpoint_AVR8.o
                0x00000000000039ec                Endpoint_WaitUntilReady
 .text.USB_Disable
                0x0000000000003a4a       0x34 .build/obj_splitography_multi/./lib/lufa/LUFA/Drivers/USB/Core/AVR8/USBController_AVR8.o
                0x0000000000003a4a                USB_Disable
 .text.USB_ResetInterface
                0x0000000000003a7e       0x86 .build/obj_splitography_multi/./lib/lufa/LUFA/Drivers/USB/Core/AVR8/USBController_AVR8.o
                0x0000000000003a7e                USB_ResetInterface
 .text.USB_Init
                0x0000000000003b04       0x22 .build/obj_splitography_multi/./lib/lufa/LUFA/Drivers/USB/Core/AVR8/USBController_AVR8.o
                0x0000000000003b04                USB_Init
 .text.USB_INT_DisableAllInterrupts
                0x0000000000003b26       0x10 .build/obj_splitography_multi/./lib/lufa/LUFA/Drivers/USB/Core/AVR8/USBInterrupt_AVR8.o
                0x0000000000003b26                USB_INT_DisableAllInterrupts
 .text.USB_INT_ClearAllInterrupts
                0x0000000000003b36        0xa .build/obj_splitography_multi/./lib/lufa/LUFA/Drivers/USB/Core/AVR8/USBInterrupt_AVR8.o
                0x0000000000003b36                USB_INT_ClearAllInterrupts
 .text.__vector_10
                0x0000000000003b40      0x1a6 .build/obj_splitography_multi/./lib/lufa/LUFA/Drivers/USB/Core/AVR8/USBInterrupt_AVR8.o
                0x0000000000003b40                __vector_10
 .text.__vector_11
                0x0000000000003ce6       0x78 .build/obj_splitography_multi/./lib/lufa/LUFA/Drivers/USB/Core/AVR8/USBInterrupt_AVR8.o
                0x0000000000003ce6                __vector_11
 .text.USB_Device_ProcessControlRequest
                0x0000000000003d5e      0x2b6 .build/obj_splitography_multi/./lib/lufa/LUFA/Drivers/USB/Core/DeviceStandardReq.o
                0x0000000000003d5e                USB_Device_ProcessControlRequest
 .text.USB_Event_Stub
                0x0000000000004014        0x2 .build/obj_splitography_multi/./lib/lufa/LUFA/Drivers/USB/Core/Events.o
                0x0000000000004014                USB_Event_Stub
                0x0000000000004014                EVENT_USB_Device_StartOfFrame
 .text.USB_USBTask
                0x0000000000004016       0x38 .build/obj_splitography_multi/./lib/lufa/LUFA/Drivers/USB/Core/USBTask.o
                0x0000000000004016                USB_USBTask
 .text.CDC_Device_Flush
                0x000000000000404e       0x62 .build/obj_splitography_multi/./lib/lufa/LUFA/Drivers/USB/Class/Device/CDCClassDevice.o
                0x000000000000404e                CDC_Device_Flush
 .text.CDC_Device_USBTask
                0x00000000000040b0       0x2e .build/obj_splitography_multi/./lib/lufa/LUFA/Drivers/USB/Class/Device/CDCClassDevice.o
                0x00000000000040b0                CDC_Device_USBTask
 .text.CDC_Device_BytesReceived
                0x00000000000040de       0x5e .build/obj_splitography_multi/./lib/lufa/LUFA/Drivers/USB/Class/Device/CDCClassDevice.o
                0x00000000000040de                CDC_Device_BytesReceived
 .text.CDC_Device_ReceiveByte
                0x000000000000413c       0x6c .build/obj_splitography_multi/./lib/lufa/LUFA/Drivers/USB/Class/Device/CDCClassDevice.o
                0x000000000000413c                CDC_Device_ReceiveByte
 .text.CDC_Device_SendControlLineStateChange
                0x00000000000041a8       0x8e .build/obj_splitography_multi/./lib/lufa/LUFA/Drivers/USB/Class/Device/CDCClassDevice.o
                0x00000000000041a8                CDC_Device_SendControlLineStateChange
 .text.CDC_Device_Event_Stub
                0x0000000000004236        0x2 .build/obj_splitography_multi/./lib/lufa/LUFA/Drivers/USB/Class/Device/CDCClassDevice.o
                0x0000000000004236                EVENT_CDC_Device_LineEncodingChanged
                0x0000000000004236                EVENT_CDC_Device_ControLineStateChanged
                0x0000000000004236                EVENT_CDC_Device_BreakSent
                0x0000000000004236                CDC_Device_Event_Stub
 .text.CDC_Device_ProcessControlRequest
                0x0000000000004238      0x164 .build/obj_splitography_multi/./lib/lufa/LUFA/Drivers/USB/Class/Device/CDCClassDevice.o
                0x0000000000004238                CDC_Device_ProcessControlRequest
 .text.libgcc.div
                0x000000000000439c       0x18 /usr/lib/gcc/avr/7.3.0/avr5/libgcc.a(_udivmodqi4.o)
                0x000000000000439c                __udivmodqi4
 .text.libgcc   0x00000000000043b4        0xc /usr/lib/gcc/avr/7.3.0/avr5/libgcc.a(_tablejump2.o)
                0x00000000000043b4                __tablejump2__
 .text.avr-libc
                0x00000000000043c0       0x10 /usr/lib/gcc/avr/7.3.0/../../../../avr/lib/avr5/libatmega32u4.a(eerd_byte.o)
                0x00000000000043c0                eeprom_read_byte
 .text.avr-libc
                0x00000000000043d0        0xc /usr/lib/gcc/avr/7.3.0/../../../../avr/lib/avr5/libatmega32u4.a(eerd_word.o)
                0x00000000000043d0                eeprom_read_word
 .text.avr-libc
                0x00000000000043dc       0x24 /usr/lib/gcc/avr/7.3.0/../../../../avr/lib/avr5/libatmega32u4.a(eeupd_byte.o)
                0x00000000000043dc                eeprom_update_byte
                0x00000000000043de                eeprom_update_r18
 .text.avr-libc
                0x0000000000004400        0xc /usr/lib/gcc/avr/7.3.0/../../../../avr/lib/avr5/libatmega32u4.a(eeupd_word.o)
                0x0000000000004400                eeprom_update_word
 .text.avr-libc
                0x000000000000440c       0x20 /usr/lib/gcc/avr/7.3.0/../../../../avr/lib/avr5/libatmega32u4.a(eerd_block.o)
                0x000000000000440c                eeprom_read_block
                0x0000000000004410                eeprom_read_blraw
                0x000000000000442c                . = ALIGN (0x2)
 *(.fini9)
 .fini9         0x000000000000442c        0x0 /usr/lib/gcc/avr/7.3.0/avr5/libgcc.a(_exit.o)
                0x000000000000442c                exit
                0x000000000000442c                _exit
 *(.fini9)
 *(.fini8)
 *(.fini8)
 *(.fini7)
 *(.fini7)
 *(.fini6)
 *(.fini6)
 *(.fini5)
 *(.fini5)
 *(.fini4)
 *(.fini4)
 *(.fini3)
 *(.fini3)
 *(.fini2)
 *(.fini2)
 *(.fini1)
 *(.fini1)
 *(.fini0)
 .fini0         0x000000000000442c        0x4 /usr/lib/gcc/avr/7.3.0/avr5/libgcc.a(_exit.o)
 *(.fini0)
 *(.hightext)
 *(.hightext*)
 *(.progmemx.*)
                0x0000000000004430                . = ALIGN (0x2)
 *(.jumptables)
 *(.jumptables*)
                0x0000000000004430                _etext = .

.data           0x0000000000800100       0x90 load address 0x0000000000004430
                0x0000000000800100                PROVIDE (__data_start = .)
 *(.data)
 *(.data*)
 .data.boltmap  0x0000000000800100       0x40 .build/obj_splitography_multi/quantum/process_keycode/process_steno.o
                0x0000000000800100                boltmap
 .data.keyboard_report
                0x0000000000800140        0x2 .build/obj_splitography_multi/common/action_util.o
                0x0000000000800140                keyboard_report
 .data.cdc_device
                0x0000000000800142       0x1b .build/obj_splitography_multi/lufa.o
                0x0000000000800142                cdc_device
 .data.lufa_driver
                0x000000000080015d        0xa .build/obj_splitography_multi/lufa.o
                0x000000000080015d                lufa_driver
 .data.keyboard_protocol
                0x0000000000800167        0x1 .build/obj_splitography_multi/lufa.o
                0x0000000000800167                keyboard_protocol
 *(.gnu.linkonce.d*)
 *(.rodata)
 .rodata        0x0000000000800168        0x8 .build/obj_splitography_multi/./lib/lufa/LUFA/Drivers/USB/Class/Device/CDCClassDevice.o
 *(.rodata*)
 .rodata.col_pins
                0x0000000000800170        0xc .build/obj_splitography_multi/quantum/matrix.o
 .rodata.row_pins
                0x000000000080017c        0x4 .build/obj_splitography_multi/quantum/matrix.o
 .rodata.CSWTCH.3
                0x0000000000800180        0x3 .build/obj_splitography_multi/descriptor.o
 .rodata.CSWTCH.2
                0x0000000000800183        0x6 .build/obj_splitography_multi/descriptor.o
 .rodata.CSWTCH.1
                0x0000000000800189        0x6 .build/obj_splitography_multi/descriptor.o
 *(.gnu.linkonce.r*)
                0x0000000000800190                . = ALIGN (0x2)
 *fill*         0x000000000080018f        0x1 
                0x0000000000800190                _edata = .
                0x0000000000800190                PROVIDE (__data_end = .)

.bss            0x0000000000800190       0xfe
                0x0000000000800190                PROVIDE (__bss_start = .)
 *(.bss)
 *(.bss*)
 .bss.base_layer
                0x0000000000800190        0x2 .build/obj_splitography_multi/keyboards/splitography/keymaps/multi/keymap.o
                0x0000000000800190                base_layer
 .bss.base_n    0x0000000000800192        0x1 .build/obj_splitography_multi/keyboards/splitography/keymaps/multi/keymap.o
 .bss.grave_esc_was_shifted
                0x0000000000800193        0x1 .build/obj_splitography_multi/quantum/quantum.o
 .bss.scs_timer
                0x0000000000800194        0x4 .build/obj_splitography_multi/quantum/quantum.o
 .bss.shift_interrupted
                0x0000000000800198        0x2 .build/obj_splitography_multi/quantum/quantum.o
 .bss.leader_sequence_size
                0x000000000080019a        0x1 .build/obj_splitography_multi/quantum/process_keycode/process_leader.o
                0x000000000080019a                leader_sequence_size
 .bss.leader_sequence
                0x000000000080019b        0xa .build/obj_splitography_multi/quantum/process_keycode/process_leader.o
                0x000000000080019b                leader_sequence
 .bss.leader_time
                0x00000000008001a5        0x2 .build/obj_splitography_multi/quantum/process_keycode/process_leader.o
                0x00000000008001a5                leader_time
 .bss.leading   0x00000000008001a7        0x1 .build/obj_splitography_multi/quantum/process_keycode/process_leader.o
                0x00000000008001a7                leading
 .bss.matrix_debouncing
                0x00000000008001a8        0x8 .build/obj_splitography_multi/quantum/matrix.o
 .bss.matrix    0x00000000008001b0        0x8 .build/obj_splitography_multi/quantum/matrix.o
 .bss.debouncing
                0x00000000008001b8        0x1 .build/obj_splitography_multi/quantum/matrix.o
 .bss.debouncing_time
                0x00000000008001b9        0x2 .build/obj_splitography_multi/quantum/matrix.o
 .bss.pressed   0x00000000008001bb        0x1 .build/obj_splitography_multi/quantum/process_keycode/process_steno.o
                0x00000000008001bb                pressed
 .bss.state     0x00000000008001bc        0x6 .build/obj_splitography_multi/quantum/process_keycode/process_steno.o
                0x00000000008001bc                state
 .bss.last_consumer_report
                0x00000000008001c2        0x2 .build/obj_splitography_multi/common/host.o
 .bss.last_system_report
                0x00000000008001c4        0x2 .build/obj_splitography_multi/common/host.o
 .bss.driver    0x00000000008001c6        0x2 .build/obj_splitography_multi/common/host.o
 .bss.led_status.5510
                0x00000000008001c8        0x1 .build/obj_splitography_multi/common/keyboard.o
 .bss.matrix_prev.5509
                0x00000000008001c9        0x8 .build/obj_splitography_multi/common/keyboard.o
 .bss.disable_action_cache
                0x00000000008001d1        0x1 .build/obj_splitography_multi/common/action.o
                0x00000000008001d1                disable_action_cache
 .bss.waiting_buffer_tail
                0x00000000008001d2        0x1 .build/obj_splitography_multi/common/action_tapping.o
 .bss.waiting_buffer_head
                0x00000000008001d3        0x1 .build/obj_splitography_multi/common/action_tapping.o
 .bss.waiting_buffer
                0x00000000008001d4       0x30 .build/obj_splitography_multi/common/action_tapping.o
 .bss.tapping_key
                0x0000000000800204        0x6 .build/obj_splitography_multi/common/action_tapping.o
 .bss.source_layers_cache
                0x000000000080020a       0x1e .build/obj_splitography_multi/common/action_layer.o
                0x000000000080020a                source_layers_cache
 .bss.layer_state
                0x0000000000800228        0x4 .build/obj_splitography_multi/common/action_layer.o
                0x0000000000800228                layer_state
 .bss.default_layer_state
                0x000000000080022c        0x4 .build/obj_splitography_multi/common/action_layer.o
                0x000000000080022c                default_layer_state
 .bss.oneshot_layer_data
                0x0000000000800230        0x1 .build/obj_splitography_multi/common/action_util.o
 .bss.oneshot_mods
                0x0000000000800231        0x1 .build/obj_splitography_multi/common/action_util.o
 .bss.__compound_literal.0
                0x0000000000800232       0x20 .build/obj_splitography_multi/common/action_util.o
 .bss.macro_mods
                0x0000000000800252        0x1 .build/obj_splitography_multi/common/action_util.o
 .bss.weak_mods
                0x0000000000800253        0x1 .build/obj_splitography_multi/common/action_util.o
 .bss.real_mods
                0x0000000000800254        0x1 .build/obj_splitography_multi/common/action_util.o
 .bss.debug_config
                0x0000000000800255        0x1 .build/obj_splitography_multi/common/debug.o
                0x0000000000800255                debug_config
 .bss.wdt_timeout
                0x0000000000800256        0x1 .build/obj_splitography_multi/common/avr/suspend.o
 .bss.keyboard_report_sent
                0x0000000000800257       0x20 .build/obj_splitography_multi/lufa.o
 .bss.keyboard_led_stats
                0x0000000000800277        0x1 .build/obj_splitography_multi/lufa.o
 .bss.keyboard_idle
                0x0000000000800278        0x1 .build/obj_splitography_multi/lufa.o
                0x0000000000800278                keyboard_idle
 .bss.desired_output
                0x0000000000800279        0x1 .build/obj_splitography_multi/outputselect.o
                0x0000000000800279                desired_output
 *(COMMON)
 COMMON         0x000000000080027a        0x1 .build/obj_splitography_multi/quantum/process_keycode/process_steno.o
                0x000000000080027a                mode
 COMMON         0x000000000080027b        0x4 .build/obj_splitography_multi/common/avr/timer.o
                0x000000000080027b                timer_count
 COMMON         0x000000000080027f        0x2 .build/obj_splitography_multi/common/magic.o
                0x000000000080027f                keymap_config
 COMMON         0x0000000000800281        0x3 .build/obj_splitography_multi/./lib/lufa/LUFA/Drivers/USB/Core/DeviceStandardReq.o
                0x0000000000800281                USB_Device_ConfigurationNumber
                0x0000000000800282                USB_Device_CurrentlySelfPowered
                0x0000000000800283                USB_Device_RemoteWakeupEnabled
 COMMON         0x0000000000800284        0xa .build/obj_splitography_multi/./lib/lufa/LUFA/Drivers/USB/Core/USBTask.o
                0x0000000000800284                USB_IsInitialized
                0x0000000000800285                USB_DeviceState
                0x0000000000800286                USB_ControlRequest
                0x000000000080028e                PROVIDE (__bss_end = .)
                0x0000000000004430                __data_load_start = LOADADDR (.data)
                0x00000000000044c0                __data_load_end = (__data_load_start + SIZEOF (.data))

.noinit         0x000000000080028e        0x4
                [!provide]                        PROVIDE (__noinit_start = .)
 *(.noinit*)
 .noinit        0x000000000080028e        0x4 .build/obj_splitography_multi/common/avr/bootloader.o
                0x000000000080028e                reset_key
                [!provide]                        PROVIDE (__noinit_end = .)
                0x0000000000800292                _end = .
                [!provide]                        PROVIDE (__heap_start = .)

.eeprom         0x0000000000810000        0x0
 *(.eeprom*)
                0x0000000000810000                __eeprom_end = .

.fuse
 *(.fuse)
 *(.lfuse)
 *(.hfuse)
 *(.efuse)

.lock
 *(.lock*)

.signature
 *(.signature*)

.stab
 *(.stab)

.stabstr        0x0000000000000000       0x6f
 *(.stabstr)
 .stabstr       0x0000000000000000       0x6f .build/obj_splitography_multi/common/avr/xprintf.o

.stab.excl
 *(.stab.excl)

.stab.exclstr
 *(.stab.exclstr)

.stab.index
 *(.stab.index)

.stab.indexstr
 *(.stab.indexstr)

.comment        0x0000000000000000       0x11
 *(.comment)
 .comment       0x0000000000000000       0x11 .build/obj_splitography_multi/keyboards/splitography/splitography.o
                                         0x12 (size before relaxing)
 .comment       0x0000000000000011       0x12 .build/obj_splitography_multi/keyboards/splitography/keymaps/multi/keymap.o
 .comment       0x0000000000000011       0x12 .build/obj_splitography_multi/quantum/quantum.o
 .comment       0x0000000000000011       0x12 .build/obj_splitography_multi/quantum/keymap_common.o
 .comment       0x0000000000000011       0x12 .build/obj_splitography_multi/quantum/keycode_config.o
 .comment       0x0000000000000011       0x12 .build/obj_splitography_multi/quantum/process_keycode/process_leader.o
 .comment       0x0000000000000011       0x12 .build/obj_splitography_multi/quantum/matrix.o
 .comment       0x0000000000000011       0x12 .build/obj_splitography_multi/quantum/process_keycode/process_steno.o
 .comment       0x0000000000000011       0x12 .build/obj_splitography_multi/common/host.o
 .comment       0x0000000000000011       0x12 .build/obj_splitography_multi/common/keyboard.o
 .comment       0x0000000000000011       0x12 .build/obj_splitography_multi/common/action.o
 .comment       0x0000000000000011       0x12 .build/obj_splitography_multi/common/action_tapping.o
 .comment       0x0000000000000011       0x12 .build/obj_splitography_multi/common/action_macro.o
 .comment       0x0000000000000011       0x12 .build/obj_splitography_multi/common/action_layer.o
 .comment       0x0000000000000011       0x12 .build/obj_splitography_multi/common/action_util.o
 .comment       0x0000000000000011       0x12 .build/obj_splitography_multi/common/debug.o
 .comment       0x0000000000000011       0x12 .build/obj_splitography_multi/common/util.o
 .comment       0x0000000000000011       0x12 .build/obj_splitography_multi/common/eeconfig.o
 .comment       0x0000000000000011       0x12 .build/obj_splitography_multi/common/report.o
 .comment       0x0000000000000011       0x12 .build/obj_splitography_multi/common/avr/suspend.o
 .comment       0x0000000000000011       0x12 .build/obj_splitography_multi/common/avr/timer.o
 .comment       0x0000000000000011       0x12 .build/obj_splitography_multi/common/avr/bootloader.o
 .comment       0x0000000000000011       0x12 .build/obj_splitography_multi/common/magic.o
 .comment       0x0000000000000011       0x12 .build/obj_splitography_multi/lufa.o
 .comment       0x0000000000000011       0x12 .build/obj_splitography_multi/descriptor.o
 .comment       0x0000000000000011       0x12 .build/obj_splitography_multi/outputselect.o
 .comment       0x0000000000000011       0x12 .build/obj_splitography_multi/./lib/lufa/LUFA/Drivers/USB/Core/AVR8/Device_AVR8.o
 .comment       0x0000000000000011       0x12 .build/obj_splitography_multi/./lib/lufa/LUFA/Drivers/USB/Core/AVR8/EndpointStream_AVR8.o
 .comment       0x0000000000000011       0x12 .build/obj_splitography_multi/./lib/lufa/LUFA/Drivers/USB/Core/AVR8/Endpoint_AVR8.o
 .comment       0x0000000000000011       0x12 .build/obj_splitography_multi/./lib/lufa/LUFA/Drivers/USB/Core/AVR8/USBController_AVR8.o
 .comment       0x0000000000000011       0x12 .build/obj_splitography_multi/./lib/lufa/LUFA/Drivers/USB/Core/AVR8/USBInterrupt_AVR8.o
 .comment       0x0000000000000011       0x12 .build/obj_splitography_multi/./lib/lufa/LUFA/Drivers/USB/Core/DeviceStandardReq.o
 .comment       0x0000000000000011       0x12 .build/obj_splitography_multi/./lib/lufa/LUFA/Drivers/USB/Core/Events.o
 .comment       0x0000000000000011       0x12 .build/obj_splitography_multi/./lib/lufa/LUFA/Drivers/USB/Core/USBTask.o
 .comment       0x0000000000000011       0x12 .build/obj_splitography_multi/./lib/lufa/LUFA/Drivers/USB/Class/Device/CDCClassDevice.o

.note.gnu.avr.deviceinfo
                0x0000000000000000       0x40
 .note.gnu.avr.deviceinfo
                0x0000000000000000       0x40 /usr/lib/gcc/avr/7.3.0/../../../../avr/lib/avr5/crtatmega32u4.o

.note.gnu.build-id
 *(.note.gnu.build-id)

.debug
 *(.debug)

.line
 *(.line)

.debug_srcinfo
 *(.debug_srcinfo)

.debug_sfnames
 *(.debug_sfnames)

.debug_aranges  0x0000000000000000      0xc30
 *(.debug_aranges)
 .debug_aranges
                0x0000000000000000       0x20 .build/obj_splitography_multi/keyboards/splitography/splitography.o
 .debug_aranges
                0x0000000000000020       0x60 .build/obj_splitography_multi/keyboards/splitography/keymaps/multi/keymap.o
 .debug_aranges
                0x0000000000000080      0x108 .build/obj_splitography_multi/quantum/quantum.o
 .debug_aranges
                0x0000000000000188       0x40 .build/obj_splitography_multi/quantum/keymap_common.o
 .debug_aranges
                0x00000000000001c8       0x28 .build/obj_splitography_multi/quantum/keycode_config.o
 .debug_aranges
                0x00000000000001f0       0x28 .build/obj_splitography_multi/quantum/process_keycode/process_leader.o
 .debug_aranges
                0x0000000000000218       0x88 .build/obj_splitography_multi/quantum/matrix.o
 .debug_aranges
                0x00000000000002a0       0x60 .build/obj_splitography_multi/quantum/process_keycode/process_steno.o
 .debug_aranges
                0x0000000000000300       0x60 .build/obj_splitography_multi/common/host.o
 .debug_aranges
                0x0000000000000360       0x48 .build/obj_splitography_multi/common/keyboard.o
 .debug_aranges
                0x00000000000003a8       0x90 .build/obj_splitography_multi/common/action.o
 .debug_aranges
                0x0000000000000438       0x40 .build/obj_splitography_multi/common/action_tapping.o
 .debug_aranges
                0x0000000000000478       0x20 .build/obj_splitography_multi/common/action_macro.o
 .debug_aranges
                0x0000000000000498       0xc8 .build/obj_splitography_multi/common/action_layer.o
 .debug_aranges
                0x0000000000000560      0x120 .build/obj_splitography_multi/common/action_util.o
 .debug_aranges
                0x0000000000000680       0x18 .build/obj_splitography_multi/common/debug.o
 .debug_aranges
                0x0000000000000698       0x60 .build/obj_splitography_multi/common/util.o
 .debug_aranges
                0x00000000000006f8       0x68 .build/obj_splitography_multi/common/eeconfig.o
 .debug_aranges
                0x0000000000000760       0x60 .build/obj_splitography_multi/common/report.o
 .debug_aranges
                0x00000000000007c0       0x48 .build/obj_splitography_multi/common/avr/suspend.o
 .debug_aranges
                0x0000000000000808       0x50 .build/obj_splitography_multi/common/avr/timer.o
 .debug_aranges
                0x0000000000000858       0x28 .build/obj_splitography_multi/common/avr/bootloader.o
 .debug_aranges
                0x0000000000000880       0x20 .build/obj_splitography_multi/common/magic.o
 .debug_aranges
                0x00000000000008a0       0xa0 .build/obj_splitography_multi/lufa.o
 .debug_aranges
                0x0000000000000940       0x20 .build/obj_splitography_multi/descriptor.o
 .debug_aranges
                0x0000000000000960       0x38 .build/obj_splitography_multi/outputselect.o
 .debug_aranges
                0x0000000000000998       0x20 .build/obj_splitography_multi/./lib/lufa/LUFA/Drivers/USB/Core/AVR8/Device_AVR8.o
 .debug_aranges
                0x00000000000009b8       0xc8 .build/obj_splitography_multi/./lib/lufa/LUFA/Drivers/USB/Core/AVR8/EndpointStream_AVR8.o
 .debug_aranges
                0x0000000000000a80       0x40 .build/obj_splitography_multi/./lib/lufa/LUFA/Drivers/USB/Core/AVR8/Endpoint_AVR8.o
 .debug_aranges
                0x0000000000000ac0       0x30 .build/obj_splitography_multi/./lib/lufa/LUFA/Drivers/USB/Core/AVR8/USBController_AVR8.o
 .debug_aranges
                0x0000000000000af0       0x38 .build/obj_splitography_multi/./lib/lufa/LUFA/Drivers/USB/Core/AVR8/USBInterrupt_AVR8.o
 .debug_aranges
                0x0000000000000b28       0x20 .build/obj_splitography_multi/./lib/lufa/LUFA/Drivers/USB/Core/DeviceStandardReq.o
 .debug_aranges
                0x0000000000000b48       0x20 .build/obj_splitography_multi/./lib/lufa/LUFA/Drivers/USB/Core/Events.o
 .debug_aranges
                0x0000000000000b68       0x20 .build/obj_splitography_multi/./lib/lufa/LUFA/Drivers/USB/Core/USBTask.o
 .debug_aranges
                0x0000000000000b88       0xa8 .build/obj_splitography_multi/./lib/lufa/LUFA/Drivers/USB/Class/Device/CDCClassDevice.o

.debug_pubnames
 *(.debug_pubnames)

.debug_info     0x0000000000000000    0x189bb
 *(.debug_info .gnu.linkonce.wi.*)
 .debug_info    0x0000000000000000      0x9f4 /usr/lib/gcc/avr/7.3.0/../../../../avr/lib/avr5/crtatmega32u4.o
 .debug_info    0x00000000000009f4      0x598 .build/obj_splitography_multi/keyboards/splitography/splitography.o
 .debug_info    0x0000000000000f8c     0x1a8a .build/obj_splitography_multi/keyboards/splitography/keymaps/multi/keymap.o
 .debug_info    0x0000000000002a16     0x24d4 .build/obj_splitography_multi/quantum/quantum.o
 .debug_info    0x0000000000004eea     0x1b20 .build/obj_splitography_multi/quantum/keymap_common.o
 .debug_info    0x0000000000006a0a      0x615 .build/obj_splitography_multi/quantum/keycode_config.o
 .debug_info    0x000000000000701f      0xfae .build/obj_splitography_multi/quantum/process_keycode/process_leader.o
 .debug_info    0x0000000000007fcd      0x76b .build/obj_splitography_multi/quantum/matrix.o
 .debug_info    0x0000000000008738     0x142c .build/obj_splitography_multi/quantum/process_keycode/process_steno.o
 .debug_info    0x0000000000009b64      0x64e .build/obj_splitography_multi/common/host.o
 .debug_info    0x000000000000a1b2      0x8ba .build/obj_splitography_multi/common/keyboard.o
 .debug_info    0x000000000000aa6c     0x1c53 .build/obj_splitography_multi/common/action.o
 .debug_info    0x000000000000c6bf      0xea6 .build/obj_splitography_multi/common/action_tapping.o
 .debug_info    0x000000000000d565      0xa7a .build/obj_splitography_multi/common/action_macro.o
 .debug_info    0x000000000000dfdf      0xaf2 .build/obj_splitography_multi/common/action_layer.o
 .debug_info    0x000000000000ead1      0xaa7 .build/obj_splitography_multi/common/action_util.o
 .debug_info    0x000000000000f578      0x104 .build/obj_splitography_multi/common/debug.o
 .debug_info    0x000000000000f67c      0x2a2 .build/obj_splitography_multi/common/util.o
 .debug_info    0x000000000000f91e      0x36f .build/obj_splitography_multi/common/eeconfig.o
 .debug_info    0x000000000000fc8d      0x71f .build/obj_splitography_multi/common/report.o
 .debug_info    0x00000000000103ac      0x65d .build/obj_splitography_multi/common/avr/suspend.o
 .debug_info    0x0000000000010a09      0x3aa .build/obj_splitography_multi/common/avr/timer.o
 .debug_info    0x0000000000010db3      0x382 .build/obj_splitography_multi/common/avr/bootloader.o
 .debug_info    0x0000000000011135      0x4c3 .build/obj_splitography_multi/common/magic.o
 .debug_info    0x00000000000115f8     0x184b .build/obj_splitography_multi/lufa.o
 .debug_info    0x0000000000012e43      0xb4e .build/obj_splitography_multi/descriptor.o
 .debug_info    0x0000000000013991      0x51b .build/obj_splitography_multi/outputselect.o
 .debug_info    0x0000000000013eac      0x18c .build/obj_splitography_multi/./lib/lufa/LUFA/Drivers/USB/Core/AVR8/Device_AVR8.o
 .debug_info    0x0000000000014038     0x17d8 .build/obj_splitography_multi/./lib/lufa/LUFA/Drivers/USB/Core/AVR8/EndpointStream_AVR8.o
 .debug_info    0x0000000000015810      0x64a .build/obj_splitography_multi/./lib/lufa/LUFA/Drivers/USB/Core/AVR8/Endpoint_AVR8.o
 .debug_info    0x0000000000015e5a      0x54a .build/obj_splitography_multi/./lib/lufa/LUFA/Drivers/USB/Core/AVR8/USBController_AVR8.o
 .debug_info    0x00000000000163a4      0x875 .build/obj_splitography_multi/./lib/lufa/LUFA/Drivers/USB/Core/AVR8/USBInterrupt_AVR8.o
 .debug_info    0x0000000000016c19      0xa6f .build/obj_splitography_multi/./lib/lufa/LUFA/Drivers/USB/Core/DeviceStandardReq.o
 .debug_info    0x0000000000017688       0x78 .build/obj_splitography_multi/./lib/lufa/LUFA/Drivers/USB/Core/Events.o
 .debug_info    0x0000000000017700      0x2a7 .build/obj_splitography_multi/./lib/lufa/LUFA/Drivers/USB/Core/USBTask.o
 .debug_info    0x00000000000179a7     0x1014 .build/obj_splitography_multi/./lib/lufa/LUFA/Drivers/USB/Class/Device/CDCClassDevice.o

.debug_abbrev   0x0000000000000000     0x5806
 *(.debug_abbrev)
 .debug_abbrev  0x0000000000000000      0x96a /usr/lib/gcc/avr/7.3.0/../../../../avr/lib/avr5/crtatmega32u4.o
 .debug_abbrev  0x000000000000096a      0x177 .build/obj_splitography_multi/keyboards/splitography/splitography.o
 .debug_abbrev  0x0000000000000ae1      0x285 .build/obj_splitography_multi/keyboards/splitography/keymaps/multi/keymap.o
 .debug_abbrev  0x0000000000000d66      0x4a6 .build/obj_splitography_multi/quantum/quantum.o
 .debug_abbrev  0x000000000000120c      0x29c .build/obj_splitography_multi/quantum/keymap_common.o
 .debug_abbrev  0x00000000000014a8      0x11c .build/obj_splitography_multi/quantum/keycode_config.o
 .debug_abbrev  0x00000000000015c4      0x1e2 .build/obj_splitography_multi/quantum/process_keycode/process_leader.o
 .debug_abbrev  0x00000000000017a6      0x369 .build/obj_splitography_multi/quantum/matrix.o
 .debug_abbrev  0x0000000000001b0f      0x2e6 .build/obj_splitography_multi/quantum/process_keycode/process_steno.o
 .debug_abbrev  0x0000000000001df5      0x204 .build/obj_splitography_multi/common/host.o
 .debug_abbrev  0x0000000000001ff9      0x29e .build/obj_splitography_multi/common/keyboard.o
 .debug_abbrev  0x0000000000002297      0x3e7 .build/obj_splitography_multi/common/action.o
 .debug_abbrev  0x000000000000267e      0x2f3 .build/obj_splitography_multi/common/action_tapping.o
 .debug_abbrev  0x0000000000002971      0x240 .build/obj_splitography_multi/common/action_macro.o
 .debug_abbrev  0x0000000000002bb1      0x29f .build/obj_splitography_multi/common/action_layer.o
 .debug_abbrev  0x0000000000002e50      0x298 .build/obj_splitography_multi/common/action_util.o
 .debug_abbrev  0x00000000000030e8       0x94 .build/obj_splitography_multi/common/debug.o
 .debug_abbrev  0x000000000000317c       0xcb .build/obj_splitography_multi/common/util.o
 .debug_abbrev  0x0000000000003247       0xc2 .build/obj_splitography_multi/common/eeconfig.o
 .debug_abbrev  0x0000000000003309      0x223 .build/obj_splitography_multi/common/report.o
 .debug_abbrev  0x000000000000352c      0x2bf .build/obj_splitography_multi/common/avr/suspend.o
 .debug_abbrev  0x00000000000037eb      0x182 .build/obj_splitography_multi/common/avr/timer.o
 .debug_abbrev  0x000000000000396d      0x200 .build/obj_splitography_multi/common/avr/bootloader.o
 .debug_abbrev  0x0000000000003b6d      0x191 .build/obj_splitography_multi/common/magic.o
 .debug_abbrev  0x0000000000003cfe      0x51c .build/obj_splitography_multi/lufa.o
 .debug_abbrev  0x000000000000421a      0x1d9 .build/obj_splitography_multi/descriptor.o
 .debug_abbrev  0x00000000000043f3      0x20b .build/obj_splitography_multi/outputselect.o
 .debug_abbrev  0x00000000000045fe       0xb6 .build/obj_splitography_multi/./lib/lufa/LUFA/Drivers/USB/Core/AVR8/Device_AVR8.o
 .debug_abbrev  0x00000000000046b4      0x20a .build/obj_splitography_multi/./lib/lufa/LUFA/Drivers/USB/Core/AVR8/EndpointStream_AVR8.o
 .debug_abbrev  0x00000000000048be      0x251 .build/obj_splitography_multi/./lib/lufa/LUFA/Drivers/USB/Core/AVR8/Endpoint_AVR8.o
 .debug_abbrev  0x0000000000004b0f      0x1af .build/obj_splitography_multi/./lib/lufa/LUFA/Drivers/USB/Core/AVR8/USBController_AVR8.o
 .debug_abbrev  0x0000000000004cbe      0x231 .build/obj_splitography_multi/./lib/lufa/LUFA/Drivers/USB/Core/AVR8/USBInterrupt_AVR8.o
 .debug_abbrev  0x0000000000004eef      0x2fc .build/obj_splitography_multi/./lib/lufa/LUFA/Drivers/USB/Core/DeviceStandardReq.o
 .debug_abbrev  0x00000000000051eb       0x44 .build/obj_splitography_multi/./lib/lufa/LUFA/Drivers/USB/Core/Events.o
 .debug_abbrev  0x000000000000522f      0x198 .build/obj_splitography_multi/./lib/lufa/LUFA/Drivers/USB/Core/USBTask.o
 .debug_abbrev  0x00000000000053c7      0x43f .build/obj_splitography_multi/./lib/lufa/LUFA/Drivers/USB/Class/Device/CDCClassDevice.o

.debug_line     0x0000000000000000     0x92d7
 *(.debug_line .debug_line.* .debug_line_end)
 .debug_line    0x0000000000000000       0x1d /usr/lib/gcc/avr/7.3.0/../../../../avr/lib/avr5/crtatmega32u4.o
 .debug_line    0x000000000000001d      0x1f6 .build/obj_splitography_multi/keyboards/splitography/splitography.o
 .debug_line    0x0000000000000213      0x512 .build/obj_splitography_multi/keyboards/splitography/keymaps/multi/keymap.o
 .debug_line    0x0000000000000725      0xb15 .build/obj_splitography_multi/quantum/quantum.o
 .debug_line    0x000000000000123a      0x492 .build/obj_splitography_multi/quantum/keymap_common.o
 .debug_line    0x00000000000016cc      0x1d1 .build/obj_splitography_multi/quantum/keycode_config.o
 .debug_line    0x000000000000189d      0x2af .build/obj_splitography_multi/quantum/process_keycode/process_leader.o
 .debug_line    0x0000000000001b4c      0x34a .build/obj_splitography_multi/quantum/matrix.o
 .debug_line    0x0000000000001e96      0x4a2 .build/obj_splitography_multi/quantum/process_keycode/process_steno.o
 .debug_line    0x0000000000002338      0x24e .build/obj_splitography_multi/common/host.o
 .debug_line    0x0000000000002586      0x364 .build/obj_splitography_multi/common/keyboard.o
 .debug_line    0x00000000000028ea      0x9c3 .build/obj_splitography_multi/common/action.o
 .debug_line    0x00000000000032ad      0x557 .build/obj_splitography_multi/common/action_tapping.o
 .debug_line    0x0000000000003804      0x23c .build/obj_splitography_multi/common/action_macro.o
 .debug_line    0x0000000000003a40      0x43f .build/obj_splitography_multi/common/action_layer.o
 .debug_line    0x0000000000003e7f      0x526 .build/obj_splitography_multi/common/action_util.o
 .debug_line    0x00000000000043a5       0x62 .build/obj_splitography_multi/common/debug.o
 .debug_line    0x0000000000004407      0x288 .build/obj_splitography_multi/common/util.o
 .debug_line    0x000000000000468f      0x179 .build/obj_splitography_multi/common/eeconfig.o
 .debug_line    0x0000000000004808      0x319 .build/obj_splitography_multi/common/report.o
 .debug_line    0x0000000000004b21      0x2ec .build/obj_splitography_multi/common/avr/suspend.o
 .debug_line    0x0000000000004e0d      0x256 .build/obj_splitography_multi/common/avr/timer.o
 .debug_line    0x0000000000005063      0x1c5 .build/obj_splitography_multi/common/avr/bootloader.o
 .debug_line    0x0000000000005228      0x198 .build/obj_splitography_multi/common/magic.o
 .debug_line    0x00000000000053c0      0x9ce .build/obj_splitography_multi/lufa.o
 .debug_line    0x0000000000005d8e      0x23c .build/obj_splitography_multi/descriptor.o
 .debug_line    0x0000000000005fca      0x1ea .build/obj_splitography_multi/outputselect.o
 .debug_line    0x00000000000061b4      0x178 .build/obj_splitography_multi/./lib/lufa/LUFA/Drivers/USB/Core/AVR8/Device_AVR8.o
 .debug_line    0x000000000000632c     0x1389 .build/obj_splitography_multi/./lib/lufa/LUFA/Drivers/USB/Core/AVR8/EndpointStream_AVR8.o
 .debug_line    0x00000000000076b5      0x4ab .build/obj_splitography_multi/./lib/lufa/LUFA/Drivers/USB/Core/AVR8/Endpoint_AVR8.o
 .debug_line    0x0000000000007b60      0x2f3 .build/obj_splitography_multi/./lib/lufa/LUFA/Drivers/USB/Core/AVR8/USBController_AVR8.o
 .debug_line    0x0000000000007e53      0x527 .build/obj_splitography_multi/./lib/lufa/LUFA/Drivers/USB/Core/AVR8/USBInterrupt_AVR8.o
 .debug_line    0x000000000000837a      0x49b .build/obj_splitography_multi/./lib/lufa/LUFA/Drivers/USB/Core/DeviceStandardReq.o
 .debug_line    0x0000000000008815       0x5e .build/obj_splitography_multi/./lib/lufa/LUFA/Drivers/USB/Core/Events.o
 .debug_line    0x0000000000008873      0x172 .build/obj_splitography_multi/./lib/lufa/LUFA/Drivers/USB/Core/USBTask.o
 .debug_line    0x00000000000089e5      0x8f2 .build/obj_splitography_multi/./lib/lufa/LUFA/Drivers/USB/Class/Device/CDCClassDevice.o

.debug_frame    0x0000000000000000     0x1f38
 *(.debug_frame)
 .debug_frame   0x0000000000000000       0x24 .build/obj_splitography_multi/keyboards/splitography/splitography.o
 .debug_frame   0x0000000000000024       0xb8 .build/obj_splitography_multi/keyboards/splitography/keymaps/multi/keymap.o
 .debug_frame   0x00000000000000dc      0x370 .build/obj_splitography_multi/quantum/quantum.o
 .debug_frame   0x000000000000044c       0x70 .build/obj_splitography_multi/quantum/keymap_common.o
 .debug_frame   0x00000000000004bc       0x3c .build/obj_splitography_multi/quantum/keycode_config.o
 .debug_frame   0x00000000000004f8       0x58 .build/obj_splitography_multi/quantum/process_keycode/process_leader.o
 .debug_frame   0x0000000000000550      0x180 .build/obj_splitography_multi/quantum/matrix.o
 .debug_frame   0x00000000000006d0       0xcc .build/obj_splitography_multi/quantum/process_keycode/process_steno.o
 .debug_frame   0x000000000000079c       0xa4 .build/obj_splitography_multi/common/host.o
 .debug_frame   0x0000000000000840       0xd4 .build/obj_splitography_multi/common/keyboard.o
 .debug_frame   0x0000000000000914      0x19c .build/obj_splitography_multi/common/action.o
 .debug_frame   0x0000000000000ab0       0xe8 .build/obj_splitography_multi/common/action_tapping.o
 .debug_frame   0x0000000000000b98       0x48 .build/obj_splitography_multi/common/action_macro.o
 .debug_frame   0x0000000000000be0      0x264 .build/obj_splitography_multi/common/action_layer.o
 .debug_frame   0x0000000000000e44      0x224 .build/obj_splitography_multi/common/action_util.o
 .debug_frame   0x0000000000001068      0x110 .build/obj_splitography_multi/common/util.o
 .debug_frame   0x0000000000001178       0xb4 .build/obj_splitography_multi/common/eeconfig.o
 .debug_frame   0x000000000000122c       0xb0 .build/obj_splitography_multi/common/report.o
 .debug_frame   0x00000000000012dc       0xb0 .build/obj_splitography_multi/common/avr/suspend.o
 .debug_frame   0x000000000000138c       0xcc .build/obj_splitography_multi/common/avr/timer.o
 .debug_frame   0x0000000000001458       0x34 .build/obj_splitography_multi/common/avr/bootloader.o
 .debug_frame   0x000000000000148c       0x24 .build/obj_splitography_multi/common/magic.o
 .debug_frame   0x00000000000014b0      0x17c .build/obj_splitography_multi/lufa.o
 .debug_frame   0x000000000000162c       0x24 .build/obj_splitography_multi/descriptor.o
 .debug_frame   0x0000000000001650       0x5c .build/obj_splitography_multi/outputselect.o
 .debug_frame   0x00000000000016ac       0x24 .build/obj_splitography_multi/./lib/lufa/LUFA/Drivers/USB/Core/AVR8/Device_AVR8.o
 .debug_frame   0x00000000000016d0      0x474 .build/obj_splitography_multi/./lib/lufa/LUFA/Drivers/USB/Core/AVR8/EndpointStream_AVR8.o
 .debug_frame   0x0000000000001b44       0x7c .build/obj_splitography_multi/./lib/lufa/LUFA/Drivers/USB/Core/AVR8/Endpoint_AVR8.o
 .debug_frame   0x0000000000001bc0       0x5c .build/obj_splitography_multi/./lib/lufa/LUFA/Drivers/USB/Core/AVR8/USBController_AVR8.o
 .debug_frame   0x0000000000001c1c      0x104 .build/obj_splitography_multi/./lib/lufa/LUFA/Drivers/USB/Core/AVR8/USBInterrupt_AVR8.o
 .debug_frame   0x0000000000001d20       0x3c .build/obj_splitography_multi/./lib/lufa/LUFA/Drivers/USB/Core/DeviceStandardReq.o
 .debug_frame   0x0000000000001d5c       0x24 .build/obj_splitography_multi/./lib/lufa/LUFA/Drivers/USB/Core/Events.o
 .debug_frame   0x0000000000001d80       0x2c .build/obj_splitography_multi/./lib/lufa/LUFA/Drivers/USB/Core/USBTask.o
 .debug_frame   0x0000000000001dac      0x18c .build/obj_splitography_multi/./lib/lufa/LUFA/Drivers/USB/Class/Device/CDCClassDevice.o

.debug_str      0x0000000000000000     0x599b
 *(.debug_str)
 .debug_str     0x0000000000000000      0x371 /usr/lib/gcc/avr/7.3.0/../../../../avr/lib/avr5/crtatmega32u4.o
 .debug_str     0x0000000000000371      0x44d .build/obj_splitography_multi/keyboards/splitography/splitography.o
                                        0x4ce (size before relaxing)
 .debug_str     0x00000000000007be     0x1865 .build/obj_splitography_multi/keyboards/splitography/keymaps/multi/keymap.o
                                       0x1d85 (size before relaxing)
 .debug_str     0x0000000000002023      0x480 .build/obj_splitography_multi/quantum/quantum.o
                                       0x1c41 (size before relaxing)
 .debug_str     0x00000000000024a3      0x336 .build/obj_splitography_multi/quantum/keymap_common.o
                                       0x1d64 (size before relaxing)
 .debug_str     0x00000000000027d9       0x6a .build/obj_splitography_multi/quantum/keycode_config.o
                                        0x875 (size before relaxing)
 .debug_str     0x0000000000002843       0x7a .build/obj_splitography_multi/quantum/process_keycode/process_leader.o
                                       0x1158 (size before relaxing)
 .debug_str     0x00000000000028bd      0x17b .build/obj_splitography_multi/quantum/matrix.o
                                        0x40f (size before relaxing)
 .debug_str     0x0000000000002a38      0x117 .build/obj_splitography_multi/quantum/process_keycode/process_steno.o
                                       0x13ac (size before relaxing)
 .debug_str     0x0000000000002b4f      0x115 .build/obj_splitography_multi/common/host.o
                                        0x489 (size before relaxing)
 .debug_str     0x0000000000002c64       0xfd .build/obj_splitography_multi/common/keyboard.o
                                        0x62e (size before relaxing)
 .debug_str     0x0000000000002d61      0x35a .build/obj_splitography_multi/common/action.o
                                       0x14eb (size before relaxing)
 .debug_str     0x00000000000030bb       0xe8 .build/obj_splitography_multi/common/action_tapping.o
                                        0xb86 (size before relaxing)
 .debug_str     0x00000000000031a3       0x76 .build/obj_splitography_multi/common/action_macro.o
                                        0xa11 (size before relaxing)
 .debug_str     0x0000000000003219       0x97 .build/obj_splitography_multi/common/action_layer.o
                                        0x54b (size before relaxing)
 .debug_str     0x00000000000032b0      0x187 .build/obj_splitography_multi/common/action_util.o
                                        0x791 (size before relaxing)
 .debug_str     0x0000000000003437       0x1a .build/obj_splitography_multi/common/debug.o
                                        0x1d1 (size before relaxing)
 .debug_str     0x0000000000003451       0x49 .build/obj_splitography_multi/common/util.o
                                        0x1e7 (size before relaxing)
 .debug_str     0x000000000000349a       0xa8 .build/obj_splitography_multi/common/eeconfig.o
                                        0x2b6 (size before relaxing)
 .debug_str     0x0000000000003542       0x5b .build/obj_splitography_multi/common/report.o
                                        0x481 (size before relaxing)
 .debug_str     0x000000000000359d      0x169 .build/obj_splitography_multi/common/avr/suspend.o
                                        0x53d (size before relaxing)
 .debug_str     0x0000000000003706       0x8b .build/obj_splitography_multi/common/avr/timer.o
                                        0x23c (size before relaxing)
 .debug_str     0x0000000000003791       0x5d .build/obj_splitography_multi/common/avr/bootloader.o
                                        0x36c (size before relaxing)
 .debug_str     0x00000000000037ee       0x1a .build/obj_splitography_multi/common/magic.o
                                        0x48d (size before relaxing)
 .debug_str     0x0000000000003808      0x657 .build/obj_splitography_multi/lufa.o
                                        0xda1 (size before relaxing)
 .debug_str     0x0000000000003e5f      0x9fc .build/obj_splitography_multi/descriptor.o
                                        0xd05 (size before relaxing)
 .debug_str     0x000000000000485b       0x5a .build/obj_splitography_multi/outputselect.o
                                        0x4c5 (size before relaxing)
 .debug_str     0x00000000000048b5       0x5e .build/obj_splitography_multi/./lib/lufa/LUFA/Drivers/USB/Core/AVR8/Device_AVR8.o
                                        0x2cd (size before relaxing)
 .debug_str     0x0000000000004913      0x4bc .build/obj_splitography_multi/./lib/lufa/LUFA/Drivers/USB/Core/AVR8/EndpointStream_AVR8.o
                                        0x8c1 (size before relaxing)
 .debug_str     0x0000000000004dcf      0x20b .build/obj_splitography_multi/./lib/lufa/LUFA/Drivers/USB/Core/AVR8/Endpoint_AVR8.o
                                        0x681 (size before relaxing)
 .debug_str     0x0000000000004fda      0x181 .build/obj_splitography_multi/./lib/lufa/LUFA/Drivers/USB/Core/AVR8/USBController_AVR8.o
                                        0x5a5 (size before relaxing)
 .debug_str     0x000000000000515b      0x12a .build/obj_splitography_multi/./lib/lufa/LUFA/Drivers/USB/Core/AVR8/USBInterrupt_AVR8.o
                                        0x675 (size before relaxing)
 .debug_str     0x0000000000005285      0x3fa .build/obj_splitography_multi/./lib/lufa/LUFA/Drivers/USB/Core/DeviceStandardReq.o
                                        0x9d5 (size before relaxing)
 .debug_str     0x000000000000567f       0x37 .build/obj_splitography_multi/./lib/lufa/LUFA/Drivers/USB/Core/Events.o
                                        0x19e (size before relaxing)
 .debug_str     0x00000000000056b6       0x45 .build/obj_splitography_multi/./lib/lufa/LUFA/Drivers/USB/Core/USBTask.o
                                        0x3d4 (size before relaxing)
 .debug_str     0x00000000000056fb      0x2a0 .build/obj_splitography_multi/./lib/lufa/LUFA/Drivers/USB/Class/Device/CDCClassDevice.o
                                        0xafb (size before relaxing)

.debug_loc      0x0000000000000000     0x9cfa
 *(.debug_loc)
 .debug_loc     0x0000000000000000      0x3e0 .build/obj_splitography_multi/keyboards/splitography/keymaps/multi/keymap.o
 .debug_loc     0x00000000000003e0      0xeca .build/obj_splitography_multi/quantum/quantum.o
 .debug_loc     0x00000000000012aa      0x675 .build/obj_splitography_multi/quantum/keymap_common.o
 .debug_loc     0x000000000000191f      0x1e1 .build/obj_splitography_multi/quantum/keycode_config.o
 .debug_loc     0x0000000000001b00       0xe4 .build/obj_splitography_multi/quantum/process_keycode/process_leader.o
 .debug_loc     0x0000000000001be4      0x577 .build/obj_splitography_multi/quantum/matrix.o
 .debug_loc     0x000000000000215b      0x657 .build/obj_splitography_multi/quantum/process_keycode/process_steno.o
 .debug_loc     0x00000000000027b2       0xd8 .build/obj_splitography_multi/common/host.o
 .debug_loc     0x000000000000288a      0x1e9 .build/obj_splitography_multi/common/keyboard.o
 .debug_loc     0x0000000000002a73      0xb1c .build/obj_splitography_multi/common/action.o
 .debug_loc     0x000000000000358f      0x602 .build/obj_splitography_multi/common/action_tapping.o
 .debug_loc     0x0000000000003b91      0x4b0 .build/obj_splitography_multi/common/action_macro.o
 .debug_loc     0x0000000000004041      0x84a .build/obj_splitography_multi/common/action_layer.o
 .debug_loc     0x000000000000488b      0x1ad .build/obj_splitography_multi/common/action_util.o
 .debug_loc     0x0000000000004a38      0x51f .build/obj_splitography_multi/common/util.o
 .debug_loc     0x0000000000004f57       0x84 .build/obj_splitography_multi/common/eeconfig.o
 .debug_loc     0x0000000000004fdb      0x3cf .build/obj_splitography_multi/common/report.o
 .debug_loc     0x00000000000053aa       0xe4 .build/obj_splitography_multi/common/avr/suspend.o
 .debug_loc     0x000000000000548e      0x2ac .build/obj_splitography_multi/common/avr/timer.o
 .debug_loc     0x000000000000573a       0x48 .build/obj_splitography_multi/common/avr/bootloader.o
 .debug_loc     0x0000000000005782       0x2a .build/obj_splitography_multi/common/magic.o
 .debug_loc     0x00000000000057ac      0x810 .build/obj_splitography_multi/lufa.o
 .debug_loc     0x0000000000005fbc      0x2b3 .build/obj_splitography_multi/descriptor.o
 .debug_loc     0x000000000000626f       0x4f .build/obj_splitography_multi/outputselect.o
 .debug_loc     0x00000000000062be     0x240c .build/obj_splitography_multi/./lib/lufa/LUFA/Drivers/USB/Core/AVR8/EndpointStream_AVR8.o
 .debug_loc     0x00000000000086ca      0x422 .build/obj_splitography_multi/./lib/lufa/LUFA/Drivers/USB/Core/AVR8/Endpoint_AVR8.o
 .debug_loc     0x0000000000008aec       0xd5 .build/obj_splitography_multi/./lib/lufa/LUFA/Drivers/USB/Core/AVR8/USBController_AVR8.o