Archive member included to satisfy reference by file (symbol)

/usr/lib/gcc/avr/7.3.0/avr5/libgcc.a(_udivmodqi4.o)
                              .build/obj_splitography_beaklsi/quantum/process_keycode/process_steno.o (__udivmodqi4)
/usr/lib/gcc/avr/7.3.0/avr5/libgcc.a(_divmodhi4.o)
                              .build/obj_splitography_beaklsi/common/mousekey.o (__divmodhi4)
/usr/lib/gcc/avr/7.3.0/avr5/libgcc.a(_exit.o)
                              /usr/lib/gcc/avr/7.3.0/../../../../avr/lib/avr5/crtatmega32u4.o (exit)
/usr/lib/gcc/avr/7.3.0/avr5/libgcc.a(_tablejump2.o)
                              .build/obj_splitography_beaklsi/quantum/quantum.o (__tablejump2__)
/usr/lib/gcc/avr/7.3.0/avr5/libgcc.a(_copy_data.o)
                              .build/obj_splitography_beaklsi/keyboards/splitography/keymaps/beaklsi/keymap.o (__do_copy_data)
/usr/lib/gcc/avr/7.3.0/avr5/libgcc.a(_clear_bss.o)
                              .build/obj_splitography_beaklsi/keyboards/splitography/keymaps/beaklsi/keymap.o (__do_clear_bss)
/usr/lib/gcc/avr/7.3.0/avr5/libgcc.a(_udivmodhi4.o)
                              /usr/lib/gcc/avr/7.3.0/avr5/libgcc.a(_divmodhi4.o) (__udivmodhi4)
/usr/lib/gcc/avr/7.3.0/../../../../avr/lib/avr5/libc.a(strlen_P.o)
                              .build/obj_splitography_beaklsi/./lib/lufa/LUFA/Drivers/USB/Class/Device/CDCClassDevice.o (__strlen_P)
/usr/lib/gcc/avr/7.3.0/../../../../avr/lib/avr5/libatmega32u4.a(eerd_byte.o)
                              .build/obj_splitography_beaklsi/quantum/process_keycode/process_steno.o (eeprom_read_byte)
/usr/lib/gcc/avr/7.3.0/../../../../avr/lib/avr5/libatmega32u4.a(eerd_word.o)
                              .build/obj_splitography_beaklsi/common/eeconfig.o (eeprom_read_word)
/usr/lib/gcc/avr/7.3.0/../../../../avr/lib/avr5/libatmega32u4.a(eeupd_byte.o)
                              .build/obj_splitography_beaklsi/quantum/process_keycode/process_steno.o (eeprom_update_byte)
/usr/lib/gcc/avr/7.3.0/../../../../avr/lib/avr5/libatmega32u4.a(eeupd_word.o)
                              .build/obj_splitography_beaklsi/common/eeconfig.o (eeprom_update_word)
/usr/lib/gcc/avr/7.3.0/../../../../avr/lib/avr5/libatmega32u4.a(eerd_block.o)
                              /usr/lib/gcc/avr/7.3.0/../../../../avr/lib/avr5/libatmega32u4.a(eerd_word.o) (eeprom_read_blraw)

Allocating common symbols
Common symbol       size              file

USB_IsInitialized   0x1               .build/obj_splitography_beaklsi/./lib/lufa/LUFA/Drivers/USB/Core/USBTask.o
keymap_config       0x2               .build/obj_splitography_beaklsi/common/magic.o
USB_DeviceState     0x1               .build/obj_splitography_beaklsi/./lib/lufa/LUFA/Drivers/USB/Core/USBTask.o
USB_Device_ConfigurationNumber
                    0x1               .build/obj_splitography_beaklsi/./lib/lufa/LUFA/Drivers/USB/Core/DeviceStandardReq.o
mode                0x1               .build/obj_splitography_beaklsi/quantum/process_keycode/process_steno.o
USB_Device_CurrentlySelfPowered
                    0x1               .build/obj_splitography_beaklsi/./lib/lufa/LUFA/Drivers/USB/Core/DeviceStandardReq.o
USB_ControlRequest  0x8               .build/obj_splitography_beaklsi/./lib/lufa/LUFA/Drivers/USB/Core/USBTask.o
tp_buttons          0x2               .build/obj_splitography_beaklsi/common/action.o
USB_Device_RemoteWakeupEnabled
                    0x1               .build/obj_splitography_beaklsi/./lib/lufa/LUFA/Drivers/USB/Core/DeviceStandardReq.o
timer_count         0x4               .build/obj_splitography_beaklsi/common/avr/timer.o

Discarded input sections

 .data          0x0000000000000000        0x0 /usr/lib/gcc/avr/7.3.0/../../../../avr/lib/avr5/crtatmega32u4.o
 .bss           0x0000000000000000        0x0 /usr/lib/gcc/avr/7.3.0/../../../../avr/lib/avr5/crtatmega32u4.o
 .text          0x0000000000000000        0x0 .build/obj_splitography_beaklsi/keyboards/splitography/splitography.o
 .data          0x0000000000000000        0x0 .build/obj_splitography_beaklsi/keyboards/splitography/splitography.o
 .bss           0x0000000000000000        0x0 .build/obj_splitography_beaklsi/keyboards/splitography/splitography.o
 .text          0x0000000000000000        0x0 .build/obj_splitography_beaklsi/keyboards/splitography/keymaps/beaklsi/keymap.o
 .data          0x0000000000000000        0x0 .build/obj_splitography_beaklsi/keyboards/splitography/keymaps/beaklsi/keymap.o
 .bss           0x0000000000000000        0x0 .build/obj_splitography_beaklsi/keyboards/splitography/keymaps/beaklsi/keymap.o
 .text.modifier
                0x0000000000000000       0x56 .build/obj_splitography_beaklsi/keyboards/splitography/keymaps/beaklsi/keymap.o
 .text          0x0000000000000000        0x0 .build/obj_splitography_beaklsi/quantum/quantum.o
 .data          0x0000000000000000        0x0 .build/obj_splitography_beaklsi/quantum/quantum.o
 .bss           0x0000000000000000        0x0 .build/obj_splitography_beaklsi/quantum/quantum.o
 .text.do_code16
[...]
Memory Configuration

Name             Origin             Length             Attributes
text             0x0000000000000000 0x0000000000020000 xr
data             0x0000000000800060 0x000000000000ffa0 rw !x
eeprom           0x0000000000810000 0x0000000000010000 rw !x
fuse             0x0000000000820000 0x0000000000000400 rw !x
lock             0x0000000000830000 0x0000000000000400 rw !x
signature        0x0000000000840000 0x0000000000000400 rw !x
user_signatures  0x0000000000850000 0x0000000000000400 rw !x
*default*        0x0000000000000000 0xffffffffffffffff

Linker script and memory map

Address of section .data set to 0x800100
LOAD /usr/lib/gcc/avr/7.3.0/../../../../avr/lib/avr5/crtatmega32u4.o
LOAD .build/obj_splitography_beaklsi/keyboards/splitography/splitography.o
LOAD .build/obj_splitography_beaklsi/keyboards/splitography/keymaps/beaklsi/keymap.o
LOAD .build/obj_splitography_beaklsi/quantum/quantum.o
LOAD .build/obj_splitography_beaklsi/quantum/keymap_common.o
LOAD .build/obj_splitography_beaklsi/quantum/keycode_config.o
LOAD .build/obj_splitography_beaklsi/quantum/process_keycode/process_leader.o
LOAD .build/obj_splitography_beaklsi/quantum/matrix.o
LOAD .build/obj_splitography_beaklsi/quantum/process_keycode/process_steno.o
LOAD .build/obj_splitography_beaklsi/quantum/process_keycode/process_tap_dance.o
LOAD .build/obj_splitography_beaklsi/common/host.o
LOAD .build/obj_splitography_beaklsi/common/keyboard.o
LOAD .build/obj_splitography_beaklsi/common/action.o
LOAD .build/obj_splitography_beaklsi/common/action_tapping.o
LOAD .build/obj_splitography_beaklsi/common/action_macro.o
LOAD .build/obj_splitography_beaklsi/common/action_layer.o
LOAD .build/obj_splitography_beaklsi/common/action_util.o
LOAD .build/obj_splitography_beaklsi/common/print.o
LOAD .build/obj_splitography_beaklsi/common/debug.o
LOAD .build/obj_splitography_beaklsi/common/util.o
LOAD .build/obj_splitography_beaklsi/common/eeconfig.o
LOAD .build/obj_splitography_beaklsi/common/report.o
LOAD .build/obj_splitography_beaklsi/common/avr/suspend.o
LOAD .build/obj_splitography_beaklsi/common/avr/timer.o
LOAD .build/obj_splitography_beaklsi/common/avr/bootloader.o
LOAD .build/obj_splitography_beaklsi/common/avr/xprintf.o
LOAD .build/obj_splitography_beaklsi/common/magic.o
LOAD .build/obj_splitography_beaklsi/common/mousekey.o
LOAD .build/obj_splitography_beaklsi/lufa.o
LOAD .build/obj_splitography_beaklsi/descriptor.o
LOAD .build/obj_splitography_beaklsi/outputselect.o
LOAD .build/obj_splitography_beaklsi/./lib/lufa/LUFA/Drivers/USB/Class/Common/HIDParser.o
LOAD .build/obj_splitography_beaklsi/./lib/lufa/LUFA/Drivers/USB/Core/AVR8/Device_AVR8.o
LOAD .build/obj_splitography_beaklsi/./lib/lufa/LUFA/Drivers/USB/Core/AVR8/EndpointStream_AVR8.o
LOAD .build/obj_splitography_beaklsi/./lib/lufa/LUFA/Drivers/USB/Core/AVR8/Endpoint_AVR8.o
LOAD .build/obj_splitography_beaklsi/./lib/lufa/LUFA/Drivers/USB/Core/AVR8/Host_AVR8.o
LOAD .build/obj_splitography_beaklsi/./lib/lufa/LUFA/Drivers/USB/Core/AVR8/PipeStream_AVR8.o
LOAD .build/obj_splitography_beaklsi/./lib/lufa/LUFA/Drivers/USB/Core/AVR8/Pipe_AVR8.o
LOAD .build/obj_splitography_beaklsi/./lib/lufa/LUFA/Drivers/USB/Core/AVR8/USBController_AVR8.o
LOAD .build/obj_splitography_beaklsi/./lib/lufa/LUFA/Drivers/USB/Core/AVR8/USBInterrupt_AVR8.o
LOAD .build/obj_splitography_beaklsi/./lib/lufa/LUFA/Drivers/USB/Core/ConfigDescriptors.o
LOAD .build/obj_splitography_beaklsi/./lib/lufa/LUFA/Drivers/USB/Core/DeviceStandardReq.o
LOAD .build/obj_splitography_beaklsi/./lib/lufa/LUFA/Drivers/USB/Core/Events.o
LOAD .build/obj_splitography_beaklsi/./lib/lufa/LUFA/Drivers/USB/Core/HostStandardReq.o
LOAD .build/obj_splitography_beaklsi/./lib/lufa/LUFA/Drivers/USB/Core/USBTask.o
LOAD .build/obj_splitography_beaklsi/./lib/lufa/LUFA/Drivers/USB/Class/Device/CDCClassDevice.o
LOAD /usr/lib/gcc/avr/7.3.0/../../../../avr/lib/avr5/libm.a
START GROUP
LOAD /usr/lib/gcc/avr/7.3.0/avr5/libgcc.a
LOAD /usr/lib/gcc/avr/7.3.0/../../../../avr/lib/avr5/libm.a
LOAD /usr/lib/gcc/avr/7.3.0/../../../../avr/lib/avr5/libc.a
LOAD /usr/lib/gcc/avr/7.3.0/../../../../avr/lib/avr5/libatmega32u4.a
END GROUP
                0x0000000000020000                __TEXT_REGION_LENGTH__ = DEFINED (__TEXT_REGION_LENGTH__)?__TEXT_REGION_LENGTH__:0x20000
                0x000000000000ffa0                __DATA_REGION_LENGTH__ = DEFINED (__DATA_REGION_LENGTH__)?__DATA_REGION_LENGTH__:0xffa0
                0x0000000000010000                __EEPROM_REGION_LENGTH__ = DEFINED (__EEPROM_REGION_LENGTH__)?__EEPROM_REGION_LENGTH__:0x10000
                0x0000000000000400                __FUSE_REGION_LENGTH__ = DEFINED (__FUSE_REGION_LENGTH__)?__FUSE_REGION_LENGTH__:0x400
                0x0000000000000400                __LOCK_REGION_LENGTH__ = DEFINED (__LOCK_REGION_LENGTH__)?__LOCK_REGION_LENGTH__:0x400
                0x0000000000000400                __SIGNATURE_REGION_LENGTH__ = DEFINED (__SIGNATURE_REGION_LENGTH__)?__SIGNATURE_REGION_LENGTH__:0x400
                0x0000000000000400                __USER_SIGNATURE_REGION_LENGTH__ = DEFINED (__USER_SIGNATURE_REGION_LENGTH__)?__USER_SIGNATURE_REGION_LENGTH__:0x400

.hash
 *(.hash)

.dynsym
 *(.dynsym)

.dynstr
 *(.dynstr)

.gnu.version
 *(.gnu.version)

.gnu.version_d
 *(.gnu.version_d)

.gnu.version_r
 *(.gnu.version_r)

.rel.init
 *(.rel.init)

.rela.init
 *(.rela.init)

.rel.text
 *(.rel.text)
 *(.rel.text.*)
 *(.rel.gnu.linkonce.t*)

.rela.text
 *(.rela.text)
 *(.rela.text.*)
 *(.rela.gnu.linkonce.t*)

.rel.fini
 *(.rel.fini)

.rela.fini
 *(.rela.fini)

.rel.rodata
 *(.rel.rodata)
 *(.rel.rodata.*)
 *(.rel.gnu.linkonce.r*)

.rela.rodata
 *(.rela.rodata)
 *(.rela.rodata.*)
 *(.rela.gnu.linkonce.r*)

.rel.data
 *(.rel.data)
 *(.rel.data.*)
 *(.rel.gnu.linkonce.d*)

.rela.data
 *(.rela.data)
 *(.rela.data.*)
 *(.rela.gnu.linkonce.d*)

.rel.ctors
 *(.rel.ctors)

.rela.ctors
 *(.rela.ctors)

.rel.dtors
 *(.rel.dtors)

.rela.dtors
 *(.rela.dtors)

.rel.got
 *(.rel.got)

.rela.got
 *(.rela.got)

.rel.bss
 *(.rel.bss)

.rela.bss
 *(.rela.bss)

.rel.plt
 *(.rel.plt)

.rela.plt
 *(.rela.plt)

.text           0x0000000000000000     0x5c36
 *(.vectors)
 .vectors       0x0000000000000000       0xac /usr/lib/gcc/avr/7.3.0/../../../../avr/lib/avr5/crtatmega32u4.o
                0x0000000000000000                __vectors
                0x0000000000000000                __vector_default
 *(.vectors)
 *(.progmem.gcc*)
                0x00000000000000ac                . = ALIGN (0x2)
                0x00000000000000ac                __trampolines_start = .
 *(.trampolines)
 .trampolines   0x00000000000000ac        0x0 linker stubs
 *(.trampolines*)
                0x00000000000000ac                __trampolines_end = .
 *libprintf_flt.a:*(.progmem.data)
 *libc.a:*(.progmem.data)
 *(.progmem.*)
 .progmem.data.__c.5960
                0x00000000000000ac       0x1c .build/obj_splitography_beaklsi/keyboards/splitography/keymaps/beaklsi/keymap.o
 .progmem.data.__c.5954
                0x00000000000000c8       0x12 .build/obj_splitography_beaklsi/keyboards/splitography/keymaps/beaklsi/keymap.o
 .progmem.data.keymaps
                0x00000000000000da      0x5a0 .build/obj_splitography_beaklsi/keyboards/splitography/keymaps/beaklsi/keymap.o
                0x00000000000000da                keymaps
 .progmem.data.ascii_to_keycode_lut
                0x000000000000067a       0x80 .build/obj_splitography_beaklsi/quantum/quantum.o
                0x000000000000067a                ascii_to_keycode_lut
 .progmem.data.ascii_to_shift_lut
                0x00000000000006fa       0x80 .build/obj_splitography_beaklsi/quantum/quantum.o
                0x00000000000006fa                ascii_to_shift_lut
 .progmem.data.fn_actions
                0x000000000000077a        0x0 .build/obj_splitography_beaklsi/quantum/keymap_common.o
                0x000000000000077a                fn_actions
 .progmem.data.SerialNumberString
                0x000000000000077a        0x6 .build/obj_splitography_beaklsi/descriptor.o
                0x000000000000077a                SerialNumberString
 .progmem.data.ProductString
                0x0000000000000780       0x1c .build/obj_splitography_beaklsi/descriptor.o
                0x0000000000000780                ProductString
 .progmem.data.ManufacturerString
                0x000000000000079c       0x16 .build/obj_splitography_beaklsi/descriptor.o
                0x000000000000079c                ManufacturerString
 .progmem.data.LanguageString
                0x00000000000007b2        0x4 .build/obj_splitography_beaklsi/descriptor.o
                0x00000000000007b2                LanguageString
 .progmem.data.ConfigurationDescriptor
                0x00000000000007b6       0x91 .build/obj_splitography_beaklsi/descriptor.o
                0x00000000000007b6                ConfigurationDescriptor
 .progmem.data.DeviceDescriptor
                0x0000000000000847       0x12 .build/obj_splitography_beaklsi/descriptor.o
                0x0000000000000847                DeviceDescriptor
 .progmem.data.NKROReport
                0x0000000000000859       0x39 .build/obj_splitography_beaklsi/descriptor.o
                0x0000000000000859                NKROReport
 .progmem.data.MouseReport
                0x0000000000000892       0x4d .build/obj_splitography_beaklsi/descriptor.o
                0x0000000000000892                MouseReport
 .progmem.data.KeyboardReport
                0x00000000000008df       0x40 .build/obj_splitography_beaklsi/descriptor.o
                0x00000000000008df                KeyboardReport
                0x0000000000000920                . = ALIGN (0x2)
 *fill*         0x000000000000091f        0x1 
 *(.lowtext)
 *(.lowtext*)
                0x0000000000000920                __ctors_start = .
 *(.ctors)
                0x0000000000000920                __ctors_end = .
                0x0000000000000920                __dtors_start = .
 *(.dtors)
                0x0000000000000920                __dtors_end = .
 SORT_BY_NAME(*)(.ctors)
 SORT_BY_NAME(*)(.dtors)
 *(.init0)
 .init0         0x0000000000000920        0x0 /usr/lib/gcc/avr/7.3.0/../../../../avr/lib/avr5/crtatmega32u4.o
                0x0000000000000920                __init
 *(.init0)
 *(.init1)
 *(.init1)
 *(.init2)
 .init2         0x0000000000000920        0xc /usr/lib/gcc/avr/7.3.0/../../../../avr/lib/avr5/crtatmega32u4.o
 *(.init2)
 *(.init3)
 .init3         0x000000000000092c       0x54 .build/obj_splitography_beaklsi/common/avr/bootloader.o
                0x000000000000092c                bootloader_jump_after_watchdog_reset
 *(.init3)
 *(.init4)
 .init4         0x0000000000000980       0x16 /usr/lib/gcc/avr/7.3.0/avr5/libgcc.a(_copy_data.o)
                0x0000000000000980                __do_copy_data
 .init4         0x0000000000000996       0x10 /usr/lib/gcc/avr/7.3.0/avr5/libgcc.a(_clear_bss.o)
                0x0000000000000996                __do_clear_bss
 *(.init4)
 *(.init5)
 *(.init5)
 *(.init6)
 *(.init6)
 *(.init7)
 *(.init7)
 *(.init8)
 *(.init8)
 *(.init9)
 .init9         0x00000000000009a6        0x8 /usr/lib/gcc/avr/7.3.0/../../../../avr/lib/avr5/crtatmega32u4.o
 *(.init9)
 *(.text)
 .text          0x00000000000009ae        0x4 /usr/lib/gcc/avr/7.3.0/../../../../avr/lib/avr5/crtatmega32u4.o
                0x00000000000009ae                __vector_38
                0x00000000000009ae                __vector_22
                0x00000000000009ae                __vector_28
                0x00000000000009ae                __vector_1
                0x00000000000009ae                __vector_32
                0x00000000000009ae                __vector_34
                0x00000000000009ae                __vector_24
                0x00000000000009ae                __bad_interrupt
                0x00000000000009ae                __vector_6
                0x00000000000009ae                __vector_31
                0x00000000000009ae                __vector_35
                0x00000000000009ae                __vector_39
                0x00000000000009ae                __vector_3
                0x00000000000009ae                __vector_23
                0x00000000000009ae                __vector_30
                0x00000000000009ae                __vector_25
                0x00000000000009ae                __vector_13
                0x00000000000009ae                __vector_17
                0x00000000000009ae                __vector_19
                0x00000000000009ae                __vector_7
                0x00000000000009ae                __vector_41
                0x00000000000009ae                __vector_27
                0x00000000000009ae                __vector_5
                0x00000000000009ae                __vector_33
                0x00000000000009ae                __vector_37
                0x00000000000009ae                __vector_4
                0x00000000000009ae                __vector_9
                0x00000000000009ae                __vector_2
                0x00000000000009ae                __vector_15
                0x00000000000009ae                __vector_36
                0x00000000000009ae                __vector_29
                0x00000000000009ae                __vector_40
                0x00000000000009ae                __vector_8
                0x00000000000009ae                __vector_26
                0x00000000000009ae                __vector_14
                0x00000000000009ae                __vector_16
                0x00000000000009ae                __vector_18
                0x00000000000009ae                __vector_20
                0x00000000000009ae                __vector_42
                0x00000000000009b2                . = ALIGN (0x2)
 *(.text.*)
 .text.matrix_init_kb
                0x00000000000009b2        0x4 .build/obj_splitography_beaklsi/keyboards/splitography/splitography.o
                0x00000000000009b2                matrix_init_kb
 .text.paste_reset
                0x00000000000009b6        0xc .build/obj_splitography_beaklsi/keyboards/splitography/keymaps/beaklsi/keymap.o
                0x00000000000009b6                paste_reset
 .text.private  0x00000000000009c2       0x1e .build/obj_splitography_beaklsi/keyboards/splitography/keymaps/beaklsi/keymap.o
                0x00000000000009c2                private
 .text.send     0x00000000000009e0       0x1e .build/obj_splitography_beaklsi/keyboards/splitography/keymaps/beaklsi/keymap.o
                0x00000000000009e0                send
 .text.tap_mods
                0x00000000000009fe       0x2a .build/obj_splitography_beaklsi/keyboards/splitography/keymaps/beaklsi/keymap.o
                0x00000000000009fe                tap_mods
 .text.on_shift
                0x0000000000000a28       0x26 .build/obj_splitography_beaklsi/keyboards/splitography/keymaps/beaklsi/keymap.o
                0x0000000000000a28                on_shift
 .text.register_shift
                0x0000000000000a4e       0x12 .build/obj_splitography_beaklsi/keyboards/splitography/keymaps/beaklsi/keymap.o
                0x0000000000000a4e                register_shift
 .text.unregister_shift
                0x0000000000000a60        0xa .build/obj_splitography_beaklsi/keyboards/splitography/keymaps/beaklsi/keymap.o
                0x0000000000000a60                unregister_shift
 .text.colon_reset
                0x0000000000000a6a        0x8 .build/obj_splitography_beaklsi/keyboards/splitography/keymaps/beaklsi/keymap.o
                0x0000000000000a6a                colon_reset
 .text.lesser_reset
                0x0000000000000a72        0xe .build/obj_splitography_beaklsi/keyboards/splitography/keymaps/beaklsi/keymap.o
                0x0000000000000a72                lesser_reset
 .text.greater_reset
                0x0000000000000a80        0xe .build/obj_splitography_beaklsi/keyboards/splitography/keymaps/beaklsi/keymap.o
                0x0000000000000a80                greater_reset
 .text.tilde_reset
                0x0000000000000a8e       0x22 .build/obj_splitography_beaklsi/keyboards/splitography/keymaps/beaklsi/keymap.o
                0x0000000000000a8e                tilde_reset
 .text.percent_reset
                0x0000000000000ab0        0xe .build/obj_splitography_beaklsi/keyboards/splitography/keymaps/beaklsi/keymap.o
                0x0000000000000ab0                percent_reset
 .text.xpaste_reset
                0x0000000000000abe        0xe .build/obj_splitography_beaklsi/keyboards/splitography/keymaps/beaklsi/keymap.o
                0x0000000000000abe                xpaste_reset
 .text.emoji_reset
                0x0000000000000acc        0x8 .build/obj_splitography_beaklsi/keyboards/splitography/keymaps/beaklsi/keymap.o
                0x0000000000000acc                emoji_reset
 .text.tap_key  0x0000000000000ad4       0x10 .build/obj_splitography_beaklsi/keyboards/splitography/keymaps/beaklsi/keymap.o
                0x0000000000000ad4                tap_key
 .text.comma    0x0000000000000ae4       0x26 .build/obj_splitography_beaklsi/keyboards/splitography/keymaps/beaklsi/keymap.o
                0x0000000000000ae4                comma
 .text.tap_shift
                0x0000000000000b0a       0x1c .build/obj_splitography_beaklsi/keyboards/splitography/keymaps/beaklsi/keymap.o
                0x0000000000000b0a                tap_shift
 .text.tilde    0x0000000000000b26       0x84 .build/obj_splitography_beaklsi/keyboards/splitography/keymaps/beaklsi/keymap.o
                0x0000000000000b26                tilde
 .text.asterisk
                0x0000000000000baa       0x26 .build/obj_splitography_beaklsi/keyboards/splitography/keymaps/beaklsi/keymap.o
                0x0000000000000baa                asterisk
 .text.dot      0x0000000000000bd0       0x28 .build/obj_splitography_beaklsi/keyboards/splitography/keymaps/beaklsi/keymap.o
                0x0000000000000bd0                dot
 .text.xpaste   0x0000000000000bf8       0x6a .build/obj_splitography_beaklsi/keyboards/splitography/keymaps/beaklsi/keymap.o
                0x0000000000000bf8                xpaste
 .text.double_tap
                0x0000000000000c62       0x40 .build/obj_splitography_beaklsi/keyboards/splitography/keymaps/beaklsi/keymap.o
                0x0000000000000c62                double_tap
 .text.colon    0x0000000000000ca2       0x64 .build/obj_splitography_beaklsi/keyboards/splitography/keymaps/beaklsi/keymap.o
                0x0000000000000ca2                colon
 .text.lesser   0x0000000000000d06       0x74 .build/obj_splitography_beaklsi/keyboards/splitography/keymaps/beaklsi/keymap.o
                0x0000000000000d06                lesser
 .text.greater  0x0000000000000d7a       0x74 .build/obj_splitography_beaklsi/keyboards/splitography/keymaps/beaklsi/keymap.o
                0x0000000000000d7a                greater
 .text.emoji    0x0000000000000dee       0x6c .build/obj_splitography_beaklsi/keyboards/splitography/keymaps/beaklsi/keymap.o
                0x0000000000000dee                emoji
 .text.percent  0x0000000000000e5a       0x3c .build/obj_splitography_beaklsi/keyboards/splitography/keymaps/beaklsi/keymap.o
                0x0000000000000e5a                percent
 .text.tap_mod  0x0000000000000e96       0x4a .build/obj_splitography_beaklsi/keyboards/splitography/keymaps/beaklsi/keymap.o
                0x0000000000000e96                tap_mod
 .text.on_tap   0x0000000000000ee0       0x38 .build/obj_splitography_beaklsi/keyboards/splitography/keymaps/beaklsi/keymap.o
                0x0000000000000ee0                on_tap
 .text.paste    0x0000000000000f18       0x58 .build/obj_splitography_beaklsi/keyboards/splitography/keymaps/beaklsi/keymap.o
                0x0000000000000f18                paste
 .text.mt_shift
                0x0000000000000f70       0x7a .build/obj_splitography_beaklsi/keyboards/splitography/keymaps/beaklsi/keymap.o
                0x0000000000000f70                mt_shift
 .text.map_shift
                0x0000000000000fea       0x5a .build/obj_splitography_beaklsi/keyboards/splitography/keymaps/beaklsi/keymap.o
                0x0000000000000fea                map_shift
 .text.double_shift
                0x0000000000001044       0x1a .build/obj_splitography_beaklsi/keyboards/splitography/keymaps/beaklsi/keymap.o
                0x0000000000001044                double_shift
 .text.cap_lt   0x000000000000105e       0xae .build/obj_splitography_beaklsi/keyboards/splitography/keymaps/beaklsi/keymap.o
                0x000000000000105e                cap_lt
 .text.backspace
                0x000000000000110c       0x1a .build/obj_splitography_beaklsi/keyboards/splitography/keymaps/beaklsi/keymap.o
                0x000000000000110c                backspace
 .text.space    0x0000000000001126       0x1a .build/obj_splitography_beaklsi/keyboards/splitography/keymaps/beaklsi/keymap.o
                0x0000000000001126                space
 .text.tap_reset
                0x0000000000001140       0x2a .build/obj_splitography_beaklsi/keyboards/splitography/keymaps/beaklsi/keymap.o
                0x0000000000001140                tap_reset
 .text.backspace_reset
                0x000000000000116a        0xa .build/obj_splitography_beaklsi/keyboards/splitography/keymaps/beaklsi/keymap.o
                0x000000000000116a                backspace_reset
 .text.space_reset
                0x0000000000001174        0xa .build/obj_splitography_beaklsi/keyboards/splitography/keymaps/beaklsi/keymap.o
                0x0000000000001174                space_reset
 .text.clear_layers
                0x000000000000117e       0x36 .build/obj_splitography_beaklsi/keyboards/splitography/keymaps/beaklsi/keymap.o
                0x000000000000117e                clear_layers
 .text.tap_layer
                0x00000000000011b4       0x14 .build/obj_splitography_beaklsi/keyboards/splitography/keymaps/beaklsi/keymap.o
                0x00000000000011b4                tap_layer
 .text.lt_shift
                0x00000000000011c8       0x50 .build/obj_splitography_beaklsi/keyboards/splitography/keymaps/beaklsi/keymap.o
                0x00000000000011c8                lt_shift
 .text.raise_layer
                0x0000000000001218       0x4e .build/obj_splitography_beaklsi/keyboards/splitography/keymaps/beaklsi/keymap.o
                0x0000000000001218                raise_layer
 .text.rolling_layer
                0x0000000000001266       0xa2 .build/obj_splitography_beaklsi/keyboards/splitography/keymaps/beaklsi/keymap.o
                0x0000000000001266                rolling_layer
 .text.toggle_plover
                0x0000000000001308       0x34 .build/obj_splitography_beaklsi/keyboards/splitography/keymaps/beaklsi/keymap.o
                0x0000000000001308                toggle_plover
 .text.base_layer
                0x000000000000133c       0x16 .build/obj_splitography_beaklsi/keyboards/splitography/keymaps/beaklsi/keymap.o
                0x000000000000133c                base_layer
 .text.tt_escape
                0x0000000000001352       0x66 .build/obj_splitography_beaklsi/keyboards/splitography/keymaps/beaklsi/keymap.o
                0x0000000000001352                tt_escape
 .text.steno    0x00000000000013b8       0x1a .build/obj_splitography_beaklsi/keyboards/splitography/keymaps/beaklsi/keymap.o
                0x00000000000013b8                steno
 .text.process_record_user
                0x00000000000013d2      0x4f8 .build/obj_splitography_beaklsi/keyboards/splitography/keymaps/beaklsi/keymap.o
                0x00000000000013d2                process_record_user
 .text.matrix_init_user
                0x00000000000018ca        0x6 .build/obj_splitography_beaklsi/keyboards/splitography/keymaps/beaklsi/keymap.o
                0x00000000000018ca                matrix_init_user
 .text.process_action_kb
                0x00000000000018d0        0x4 .build/obj_splitography_beaklsi/quantum/quantum.o
                0x00000000000018d0                process_action_kb
 .text.process_record_kb
                0x00000000000018d4        0x4 .build/obj_splitography_beaklsi/quantum/quantum.o
                0x00000000000018d4                process_record_kb
 .text.reset_keyboard
                0x00000000000018d8       0x1a .build/obj_splitography_beaklsi/quantum/quantum.o
                0x00000000000018d8                reset_keyboard
 .text.process_record_quantum
                0x00000000000018f2      0x306 .build/obj_splitography_beaklsi/quantum/quantum.o
                0x00000000000018f2                process_record_quantum
 .text.send_char
                0x0000000000001bf8       0x3c .build/obj_splitography_beaklsi/quantum/quantum.o
                0x0000000000001bf8                send_char
 .text.send_string_with_delay
                0x0000000000001c34       0x6c .build/obj_splitography_beaklsi/quantum/quantum.o
                0x0000000000001c34                send_string_with_delay
 .text.send_string
                0x0000000000001ca0        0x6 .build/obj_splitography_beaklsi/quantum/quantum.o
                0x0000000000001ca0                send_string
 .text.send_string_with_delay_P
                0x0000000000001ca6       0x74 .build/obj_splitography_beaklsi/quantum/quantum.o
                0x0000000000001ca6                send_string_with_delay_P
 .text.send_string_P
                0x0000000000001d1a        0x6 .build/obj_splitography_beaklsi/quantum/quantum.o
                0x0000000000001d1a                send_string_P
 .text.set_single_persistent_default_layer
                0x0000000000001d20       0x26 .build/obj_splitography_beaklsi/quantum/quantum.o
                0x0000000000001d20                set_single_persistent_default_layer
 .text.matrix_init_quantum
                0x0000000000001d46        0x4 .build/obj_splitography_beaklsi/quantum/quantum.o
                0x0000000000001d46                matrix_init_quantum
 .text.matrix_scan_quantum
                0x0000000000001d4a        0x8 .build/obj_splitography_beaklsi/quantum/quantum.o
                0x0000000000001d4a                matrix_scan_quantum
 .text.led_set_user
                0x0000000000001d52        0x2 .build/obj_splitography_beaklsi/quantum/quantum.o
                0x0000000000001d52                led_set_user
 .text.led_set_kb
                0x0000000000001d54        0x4 .build/obj_splitography_beaklsi/quantum/quantum.o
                0x0000000000001d54                led_set_kb
 .text.led_set  0x0000000000001d58        0x4 .build/obj_splitography_beaklsi/quantum/quantum.o
                0x0000000000001d58                led_set
 .text.action_get_macro
                0x0000000000001d5c        0x6 .build/obj_splitography_beaklsi/quantum/keymap_common.o
                0x0000000000001d5c                action_get_macro
 .text.action_function
                0x0000000000001d62        0x2 .build/obj_splitography_beaklsi/quantum/keymap_common.o
                0x0000000000001d62                action_function
 .text.keymap_key_to_keycode
                0x0000000000001d64       0x28 .build/obj_splitography_beaklsi/quantum/keymap_common.o
                0x0000000000001d64                keymap_key_to_keycode
 .text.keymap_function_id_to_action
                0x0000000000001d8c       0x10 .build/obj_splitography_beaklsi/quantum/keymap_common.o
                0x0000000000001d8c                keymap_function_id_to_action
 .text.action_for_key
                0x0000000000001d9c      0x330 .build/obj_splitography_beaklsi/quantum/keymap_common.o
                0x0000000000001d9c                action_for_key
 .text.keycode_config
                0x00000000000020cc      0x100 .build/obj_splitography_beaklsi/quantum/keycode_config.o
                0x00000000000020cc                keycode_config
 .text.mod_config
                0x00000000000021cc       0x5a .build/obj_splitography_beaklsi/quantum/keycode_config.o
                0x00000000000021cc                mod_config
 .text.leader_start
                0x0000000000002226        0x2 .build/obj_splitography_beaklsi/quantum/process_keycode/process_leader.o
                0x0000000000002226                leader_start
 .text.process_leader
                0x0000000000002228       0x9e .build/obj_splitography_beaklsi/quantum/process_keycode/process_leader.o
                0x0000000000002228                process_leader
 .text.matrix_scan_user
                0x00000000000022c6        0x2 .build/obj_splitography_beaklsi/quantum/matrix.o
                0x00000000000022c6                matrix_scan_user
 .text.matrix_scan_kb
                0x00000000000022c8        0x4 .build/obj_splitography_beaklsi/quantum/matrix.o
                0x00000000000022c8                matrix_scan_kb
 .text.matrix_init
                0x00000000000022cc       0xc8 .build/obj_splitography_beaklsi/quantum/matrix.o
                0x00000000000022cc                matrix_init
 .text.matrix_scan
                0x0000000000002394      0x182 .build/obj_splitography_beaklsi/quantum/matrix.o
                0x0000000000002394                matrix_scan
 .text.matrix_get_row
                0x0000000000002516       0x12 .build/obj_splitography_beaklsi/quantum/matrix.o
                0x0000000000002516                matrix_get_row
 .text.matrix_print
                0x0000000000002528        0x2 .build/obj_splitography_beaklsi/quantum/matrix.o
                0x0000000000002528                matrix_print
 .text.steno_clear_state
                0x000000000000252a       0x10 .build/obj_splitography_beaklsi/quantum/process_keycode/process_steno.o
                0x000000000000252a                steno_clear_state
 .text.steno_init
                0x000000000000253a       0x1a .build/obj_splitography_beaklsi/quantum/process_keycode/process_steno.o
                0x000000000000253a                steno_init
 .text.steno_set_mode
                0x0000000000002554       0x18 .build/obj_splitography_beaklsi/quantum/process_keycode/process_steno.o
                0x0000000000002554                steno_set_mode
 .text.send_steno_state
                0x000000000000256c       0x3a .build/obj_splitography_beaklsi/quantum/process_keycode/process_steno.o
                0x000000000000256c                send_steno_state
 .text.update_state_bolt
                0x00000000000025a6       0x24 .build/obj_splitography_beaklsi/quantum/process_keycode/process_steno.o
                0x00000000000025a6                update_state_bolt
 .text.send_state_bolt
                0x00000000000025ca       0x12 .build/obj_splitography_beaklsi/quantum/process_keycode/process_steno.o
                0x00000000000025ca                send_state_bolt
 .text.update_state_gemini
                0x00000000000025dc       0x30 .build/obj_splitography_beaklsi/quantum/process_keycode/process_steno.o
                0x00000000000025dc                update_state_gemini
 .text.send_state_gemini
                0x000000000000260c       0x16 .build/obj_splitography_beaklsi/quantum/process_keycode/process_steno.o
                0x000000000000260c                send_state_gemini
 .text.process_steno
                0x0000000000002622       0xfa .build/obj_splitography_beaklsi/quantum/process_keycode/process_steno.o
                0x0000000000002622                process_steno
 .text.process_tap_dance_action_on_dance_finished
                0x000000000000271c       0x36 .build/obj_splitography_beaklsi/quantum/process_keycode/process_tap_dance.o
 .text.reset_tap_dance
                0x0000000000002752       0x72 .build/obj_splitography_beaklsi/quantum/process_keycode/process_tap_dance.o
                0x0000000000002752                reset_tap_dance
 .text.process_tap_dance
                0x00000000000027c4      0x13c .build/obj_splitography_beaklsi/quantum/process_keycode/process_tap_dance.o
                0x00000000000027c4                process_tap_dance
 .text.matrix_scan_tap_dance
                0x0000000000002900       0x8e .build/obj_splitography_beaklsi/quantum/process_keycode/process_tap_dance.o
                0x0000000000002900                matrix_scan_tap_dance
 .text.host_set_driver
                0x000000000000298e        0xa .build/obj_splitography_beaklsi/common/host.o
                0x000000000000298e                host_set_driver
 .text.host_keyboard_leds
                0x0000000000002998       0x18 .build/obj_splitography_beaklsi/common/host.o
                0x0000000000002998                host_keyboard_leds
 .text.host_keyboard_send
                0x00000000000029b0       0x16 .build/obj_splitography_beaklsi/common/host.o
                0x00000000000029b0                host_keyboard_send
 .text.host_mouse_send
                0x00000000000029c6       0x16 .build/obj_splitography_beaklsi/common/host.o
                0x00000000000029c6                host_mouse_send
 .text.host_system_send
                0x00000000000029dc       0x2c .build/obj_splitography_beaklsi/common/host.o
                0x00000000000029dc                host_system_send
 .text.host_consumer_send
                0x0000000000002a08       0x2c .build/obj_splitography_beaklsi/common/host.o
                0x0000000000002a08                host_consumer_send
 .text.matrix_setup
                0x0000000000002a34        0x2 .build/obj_splitography_beaklsi/common/keyboard.o
                0x0000000000002a34                matrix_setup
 .text.keyboard_setup
                0x0000000000002a36        0x4 .build/obj_splitography_beaklsi/common/keyboard.o
                0x0000000000002a36                keyboard_setup
 .text.is_keyboard_master
                0x0000000000002a3a        0x4 .build/obj_splitography_beaklsi/common/keyboard.o
                0x0000000000002a3a                is_keyboard_master
 .text.keyboard_init
                0x0000000000002a3e       0x10 .build/obj_splitography_beaklsi/common/keyboard.o
                0x0000000000002a3e                keyboard_init
 .text.keyboard_task
                0x0000000000002a4e      0x17e .build/obj_splitography_beaklsi/common/keyboard.o
                0x0000000000002a4e                keyboard_task
 .text.action_exec
                0x0000000000002bcc       0x54 .build/obj_splitography_beaklsi/common/action.o
                0x0000000000002bcc                action_exec
 .text.register_code
                0x0000000000002c20      0x1ee .build/obj_splitography_beaklsi/common/action.o
                0x0000000000002c20                register_code
 .text.unregister_code
                0x0000000000002e0e       0x9e .build/obj_splitography_beaklsi/common/action.o
                0x0000000000002e0e                unregister_code
 .text.register_mods
                0x0000000000002eac        0xe .build/obj_splitography_beaklsi/common/action.o
                0x0000000000002eac                register_mods
 .text.unregister_mods
                0x0000000000002eba        0xe .build/obj_splitography_beaklsi/common/action.o
                0x0000000000002eba                unregister_mods
 .text.process_action
                0x0000000000002ec8      0x4ba .build/obj_splitography_beaklsi/common/action.o
                0x0000000000002ec8                process_action
 .text.process_record
                0x0000000000003382       0x62 .build/obj_splitography_beaklsi/common/action.o
                0x0000000000003382                process_record
 .text.clear_keyboard_but_mods
                0x00000000000033e4       0x18 .build/obj_splitography_beaklsi/common/action.o
                0x00000000000033e4                clear_keyboard_but_mods
 .text.clear_keyboard
                0x00000000000033fc        0x8 .build/obj_splitography_beaklsi/common/action.o
                0x00000000000033fc                clear_keyboard
 .text.is_tap_key
                0x0000000000003404       0x5e .build/obj_splitography_beaklsi/common/action.o
                0x0000000000003404                is_tap_key
 .text.debug_event
                0x0000000000003462       0x1e .build/obj_splitography_beaklsi/common/action.o
                0x0000000000003462                debug_event
 .text.debug_record
                0x0000000000003480       0x20 .build/obj_splitography_beaklsi/common/action.o
                0x0000000000003480                debug_record
 .text.debug_waiting_buffer
                0x00000000000034a0       0x42 .build/obj_splitography_beaklsi/common/action_tapping.o
 .text.debug_tapping_key
                0x00000000000034e2       0x1c .build/obj_splitography_beaklsi/common/action_tapping.o
 .text.waiting_buffer_typed.isra.1
                0x00000000000034fe       0x40 .build/obj_splitography_beaklsi/common/action_tapping.o
 .text.waiting_buffer_scan_tap
                0x000000000000353e       0xd6 .build/obj_splitography_beaklsi/common/action_tapping.o
 .text.process_tapping
                0x0000000000003614      0x3bc .build/obj_splitography_beaklsi/common/action_tapping.o
 .text.action_tapping_process
                0x00000000000039d0      0x152 .build/obj_splitography_beaklsi/common/action_tapping.o
                0x00000000000039d0                action_tapping_process
 .text.action_macro_play
                0x0000000000003b22       0xf0 .build/obj_splitography_beaklsi/common/action_macro.o
                0x0000000000003b22                action_macro_play
 .text.default_layer_state_set_kb
                0x0000000000003c12        0x2 .build/obj_splitography_beaklsi/common/action_layer.o
                0x0000000000003c12                default_layer_state_set_kb
 .text.default_layer_state_set
                0x0000000000003c14       0x18 .build/obj_splitography_beaklsi/common/action_layer.o
 .text.default_layer_debug
                0x0000000000003c2c        0x2 .build/obj_splitography_beaklsi/common/action_layer.o
                0x0000000000003c2c                default_layer_debug
 .text.default_layer_set
                0x0000000000003c2e        0x4 .build/obj_splitography_beaklsi/common/action_layer.o
                0x0000000000003c2e                default_layer_set
 .text.default_layer_or
                0x0000000000003c32       0x24 .build/obj_splitography_beaklsi/common/action_layer.o
                0x0000000000003c32                default_layer_or
 .text.default_layer_and
                0x0000000000003c56       0x24 .build/obj_splitography_beaklsi/common/action_layer.o
                0x0000000000003c56                default_layer_and
 .text.default_layer_xor
                0x0000000000003c7a       0x24 .build/obj_splitography_beaklsi/common/action_layer.o
                0x0000000000003c7a                default_layer_xor
 .text.layer_state_set_user
                0x0000000000003c9e        0x4 .build/obj_splitography_beaklsi/common/action_layer.o
                0x0000000000003c9e                layer_state_set_user
 .text.layer_state_set_kb
                0x0000000000003ca2        0x4 .build/obj_splitography_beaklsi/common/action_layer.o
                0x0000000000003ca2                layer_state_set_kb
 .text.layer_state_set
                0x0000000000003ca6       0x18 .build/obj_splitography_beaklsi/common/action_layer.o
 .text.layer_clear
                0x0000000000003cbe        0xa .build/obj_splitography_beaklsi/common/action_layer.o
                0x0000000000003cbe                layer_clear
 .text.layer_move
                0x0000000000003cc8       0x2a .build/obj_splitography_beaklsi/common/action_layer.o
                0x0000000000003cc8                layer_move
 .text.layer_on
                0x0000000000003cf2       0x42 .build/obj_splitography_beaklsi/common/action_layer.o
                0x0000000000003cf2                layer_on
 .text.layer_off
                0x0000000000003d34       0x46 .build/obj_splitography_beaklsi/common/action_layer.o
                0x0000000000003d34                layer_off
 .text.layer_invert
                0x0000000000003d7a       0x42 .build/obj_splitography_beaklsi/common/action_layer.o
                0x0000000000003d7a                layer_invert
 .text.layer_or
                0x0000000000003dbc       0x24 .build/obj_splitography_beaklsi/common/action_layer.o
                0x0000000000003dbc                layer_or
 .text.layer_and
                0x0000000000003de0       0x24 .build/obj_splitography_beaklsi/common/action_layer.o
                0x0000000000003de0                layer_and
 .text.layer_xor
                0x0000000000003e04       0x24 .build/obj_splitography_beaklsi/common/action_layer.o
                0x0000000000003e04                layer_xor
 .text.layer_debug
                0x0000000000003e28        0x2 .build/obj_splitography_beaklsi/common/action_layer.o
                0x0000000000003e28                layer_debug
 .text.update_source_layers_cache
                0x0000000000003e2a       0x5e .build/obj_splitography_beaklsi/common/action_layer.o
                0x0000000000003e2a                update_source_layers_cache
 .text.read_source_layers_cache
                0x0000000000003e88       0x56 .build/obj_splitography_beaklsi/common/action_layer.o
                0x0000000000003e88                read_source_layers_cache
 .text.layer_switch_get_layer
                0x0000000000003ede       0x84 .build/obj_splitography_beaklsi/common/action_layer.o
                0x0000000000003ede                layer_switch_get_layer
 .text.layer_switch_get_action
                0x0000000000003f62       0x14 .build/obj_splitography_beaklsi/common/action_layer.o
                0x0000000000003f62                layer_switch_get_action
 .text.store_or_get_action
                0x0000000000003f76       0x48 .build/obj_splitography_beaklsi/common/action_layer.o
                0x0000000000003f76                store_or_get_action
 .text.add_key  0x0000000000003fbe        0xe .build/obj_splitography_beaklsi/common/action_util.o
                0x0000000000003fbe                add_key
 .text.del_key  0x0000000000003fcc        0xe .build/obj_splitography_beaklsi/common/action_util.o
                0x0000000000003fcc                del_key
 .text.clear_keys
                0x0000000000003fda        0xc .build/obj_splitography_beaklsi/common/action_util.o
                0x0000000000003fda                clear_keys
 .text.get_oneshot_layer
                0x0000000000003fe6        0xc .build/obj_splitography_beaklsi/common/action_util.o
                0x0000000000003fe6                get_oneshot_layer
 .text.get_oneshot_layer_state
                0x0000000000003ff2        0x8 .build/obj_splitography_beaklsi/common/action_util.o
                0x0000000000003ff2                get_oneshot_layer_state
 .text.set_oneshot_layer
                0x0000000000003ffa       0x12 .build/obj_splitography_beaklsi/common/action_util.o
                0x0000000000003ffa                set_oneshot_layer
 .text.clear_oneshot_layer_state
                0x000000000000400c       0x2c .build/obj_splitography_beaklsi/common/action_util.o
                0x000000000000400c                clear_oneshot_layer_state
 .text.is_oneshot_layer_active
                0x0000000000004038        0xe .build/obj_splitography_beaklsi/common/action_util.o
                0x0000000000004038                is_oneshot_layer_active
 .text.send_keyboard_report
                0x0000000000004046       0x66 .build/obj_splitography_beaklsi/common/action_util.o
                0x0000000000004046                send_keyboard_report
 .text.get_mods
                0x00000000000040ac        0x6 .build/obj_splitography_beaklsi/common/action_util.o
                0x00000000000040ac                get_mods
 .text.add_mods
                0x00000000000040b2        0xc .build/obj_splitography_beaklsi/common/action_util.o
                0x00000000000040b2                add_mods
 .text.del_mods
                0x00000000000040be       0x10 .build/obj_splitography_beaklsi/common/action_util.o
                0x00000000000040be                del_mods
 .text.clear_mods
                0x00000000000040ce        0x6 .build/obj_splitography_beaklsi/common/action_util.o
                0x00000000000040ce                clear_mods
 .text.add_weak_mods
                0x00000000000040d4        0xc .build/obj_splitography_beaklsi/common/action_util.o
                0x00000000000040d4                add_weak_mods
 .text.del_weak_mods
                0x00000000000040e0       0x10 .build/obj_splitography_beaklsi/common/action_util.o
                0x00000000000040e0                del_weak_mods
 .text.clear_weak_mods
                0x00000000000040f0        0x6 .build/obj_splitography_beaklsi/common/action_util.o
                0x00000000000040f0                clear_weak_mods
 .text.add_macro_mods
                0x00000000000040f6        0xc .build/obj_splitography_beaklsi/common/action_util.o
                0x00000000000040f6                add_macro_mods
 .text.del_macro_mods
                0x0000000000004102       0x10 .build/obj_splitography_beaklsi/common/action_util.o
                0x0000000000004102                del_macro_mods
 .text.clear_macro_mods
                0x0000000000004112        0x6 .build/obj_splitography_beaklsi/common/action_util.o
                0x0000000000004112                clear_macro_mods
 .text.set_oneshot_mods
                0x0000000000004118        0x6 .build/obj_splitography_beaklsi/common/action_util.o
                0x0000000000004118                set_oneshot_mods
 .text.clear_oneshot_mods
                0x000000000000411e        0x6 .build/obj_splitography_beaklsi/common/action_util.o
                0x000000000000411e                clear_oneshot_mods
 .text.get_oneshot_mods
                0x0000000000004124        0x6 .build/obj_splitography_beaklsi/common/action_util.o
                0x0000000000004124                get_oneshot_mods
 .text.eeconfig_init
                0x000000000000412a       0x3e .build/obj_splitography_beaklsi/common/eeconfig.o
                0x000000000000412a                eeconfig_init
 .text.eeconfig_is_enabled
                0x0000000000004168       0x16 .build/obj_splitography_beaklsi/common/eeconfig.o
                0x0000000000004168                eeconfig_is_enabled
 .text.eeconfig_read_debug
                0x000000000000417e        0x8 .build/obj_splitography_beaklsi/common/eeconfig.o
                0x000000000000417e                eeconfig_read_debug
 .text.eeconfig_read_default_layer
                0x0000000000004186        0x8 .build/obj_splitography_beaklsi/common/eeconfig.o
                0x0000000000004186                eeconfig_read_default_layer
 .text.eeconfig_update_default_layer
                0x000000000000418e        0xa .build/obj_splitography_beaklsi/common/eeconfig.o
                0x000000000000418e                eeconfig_update_default_layer
 .text.eeconfig_read_keymap
                0x0000000000004198        0x8 .build/obj_splitography_beaklsi/common/eeconfig.o
                0x0000000000004198                eeconfig_read_keymap
 .text.eeconfig_update_keymap
                0x00000000000041a0        0xa .build/obj_splitography_beaklsi/common/eeconfig.o
                0x00000000000041a0                eeconfig_update_keymap
 .text.has_anykey
                0x00000000000041aa       0x1a .build/obj_splitography_beaklsi/common/report.o
                0x00000000000041aa                has_anykey
 .text.add_key_byte
                0x00000000000041c4       0x34 .build/obj_splitography_beaklsi/common/report.o
                0x00000000000041c4                add_key_byte
 .text.del_key_byte
                0x00000000000041f8       0x1a .build/obj_splitography_beaklsi/common/report.o
                0x00000000000041f8                del_key_byte
 .text.add_key_bit
                0x0000000000004212       0x28 .build/obj_splitography_beaklsi/common/report.o
                0x0000000000004212                add_key_bit
 .text.del_key_bit
                0x000000000000423a       0x2a .build/obj_splitography_beaklsi/common/report.o
                0x000000000000423a                del_key_bit
 .text.add_key_to_report
                0x0000000000004264       0x16 .build/obj_splitography_beaklsi/common/report.o
                0x0000000000004264                add_key_to_report
 .text.del_key_from_report
                0x000000000000427a       0x16 .build/obj_splitography_beaklsi/common/report.o
                0x000000000000427a                del_key_from_report
 .text.clear_keys_from_report
                0x0000000000004290       0x10 .build/obj_splitography_beaklsi/common/report.o
                0x0000000000004290                clear_keys_from_report
 .text.suspend_power_down
                0x00000000000042a0       0x58 .build/obj_splitography_beaklsi/common/avr/suspend.o
                0x00000000000042a0                suspend_power_down
 .text.matrix_power_up
                0x00000000000042f8        0x2 .build/obj_splitography_beaklsi/common/avr/suspend.o
                0x00000000000042f8                matrix_power_up
 .text.matrix_power_down
                0x00000000000042fa        0x2 .build/obj_splitography_beaklsi/common/avr/suspend.o
                0x00000000000042fa                matrix_power_down
 .text.suspend_wakeup_condition
                0x00000000000042fc       0x2a .build/obj_splitography_beaklsi/common/avr/suspend.o
                0x00000000000042fc                suspend_wakeup_condition
 .text.suspend_wakeup_init
                0x0000000000004326        0xc .build/obj_splitography_beaklsi/common/avr/suspend.o
                0x0000000000004326                suspend_wakeup_init
 .text.__vector_12
                0x0000000000004332       0x52 .build/obj_splitography_beaklsi/common/avr/suspend.o
                0x0000000000004332                __vector_12
 .text.timer_init
                0x0000000000004384       0x12 .build/obj_splitography_beaklsi/common/avr/timer.o
                0x0000000000004384                timer_init
 .text.timer_read
                0x0000000000004396       0x18 .build/obj_splitography_beaklsi/common/avr/timer.o
                0x0000000000004396                timer_read
 .text.timer_elapsed
                0x00000000000043ae       0x54 .build/obj_splitography_beaklsi/common/avr/timer.o
                0x00000000000043ae                timer_elapsed
 .text.__vector_21
                0x0000000000004402       0x4c .build/obj_splitography_beaklsi/common/avr/timer.o
                0x0000000000004402                __vector_21
 .text.bootloader_jump
                0x000000000000444e       0x48 .build/obj_splitography_beaklsi/common/avr/bootloader.o
                0x000000000000444e                bootloader_jump
 .text.magic    0x0000000000004496       0x32 .build/obj_splitography_beaklsi/common/magic.o
                0x0000000000004496                magic
 .text.move_unit
                0x00000000000044c8       0x94 .build/obj_splitography_beaklsi/common/mousekey.o
 .text.wheel_unit
                0x000000000000455c       0x72 .build/obj_splitography_beaklsi/common/mousekey.o
 .text.mousekey_on
                0x00000000000045ce       0xd0 .build/obj_splitography_beaklsi/common/mousekey.o
                0x00000000000045ce                mousekey_on
 .text.mousekey_off
                0x000000000000469e      0x108 .build/obj_splitography_beaklsi/common/mousekey.o
                0x000000000000469e                mousekey_off
 .text.mousekey_send
                0x00000000000047a6       0x16 .build/obj_splitography_beaklsi/common/mousekey.o
                0x00000000000047a6                mousekey_send
 .text.mousekey_task
                0x00000000000047bc      0x116 .build/obj_splitography_beaklsi/common/mousekey.o
                0x00000000000047bc                mousekey_task
 .text.mousekey_clear
                0x00000000000048d2       0x18 .build/obj_splitography_beaklsi/common/mousekey.o
                0x00000000000048d2                mousekey_clear
 .text.keyboard_leds
                0x00000000000048ea        0x6 .build/obj_splitography_beaklsi/lufa.o
 .text.send_consumer
                0x00000000000048f0       0x76 .build/obj_splitography_beaklsi/lufa.o
 .text.send_system
                0x0000000000004966       0x6a .build/obj_splitography_beaklsi/lufa.o
 .text.send_mouse
                0x00000000000049d0       0x56 .build/obj_splitography_beaklsi/lufa.o
 .text.send_keyboard
                0x0000000000004a26       0xa6 .build/obj_splitography_beaklsi/lufa.o
 .text.EVENT_USB_Device_Connect
                0x0000000000004acc       0x1c .build/obj_splitography_beaklsi/lufa.o
                0x0000000000004acc                EVENT_USB_Device_Connect
 .text.EVENT_USB_Device_Disconnect
                0x0000000000004ae8        0x6 .build/obj_splitography_beaklsi/lufa.o
                0x0000000000004ae8                EVENT_USB_Device_Disconnect
 .text.EVENT_USB_Device_Reset
                0x0000000000004aee        0x2 .build/obj_splitography_beaklsi/lufa.o
                0x0000000000004aee                EVENT_USB_Device_Reset
 .text.EVENT_USB_Device_Suspend
                0x0000000000004af0        0x2 .build/obj_splitography_beaklsi/lufa.o
                0x0000000000004af0                EVENT_USB_Device_Suspend
 .text.EVENT_USB_Device_WakeUp
                0x0000000000004af2        0x4 .build/obj_splitography_beaklsi/lufa.o
                0x0000000000004af2                EVENT_USB_Device_WakeUp
 .text.EVENT_USB_Device_ConfigurationChanged
                0x0000000000004af6       0x3c .build/obj_splitography_beaklsi/lufa.o
                0x0000000000004af6                EVENT_USB_Device_ConfigurationChanged
 .text.EVENT_USB_Device_ControlRequest
                0x0000000000004b32      0x16a .build/obj_splitography_beaklsi/lufa.o
                0x0000000000004b32                EVENT_USB_Device_ControlRequest
 .text.virtser_init
                0x0000000000004c9c       0x14 .build/obj_splitography_beaklsi/lufa.o
                0x0000000000004c9c                virtser_init
 .text.virtser_recv
                0x0000000000004cb0        0x2 .build/obj_splitography_beaklsi/lufa.o
                0x0000000000004cb0                virtser_recv
 .text.virtser_task
                0x0000000000004cb2       0x1a .build/obj_splitography_beaklsi/lufa.o
                0x0000000000004cb2                virtser_task
 .text.virtser_send
                0x0000000000004ccc       0x7c .build/obj_splitography_beaklsi/lufa.o
                0x0000000000004ccc                virtser_send
 .text.startup.main
                0x0000000000004d48       0x86 .build/obj_splitography_beaklsi/lufa.o
                0x0000000000004d48                main
 .text.CALLBACK_USB_GetDescriptor
                0x0000000000004dce       0xb6 .build/obj_splitography_beaklsi/descriptor.o
                0x0000000000004dce                CALLBACK_USB_GetDescriptor
 .text.set_output_user
                0x0000000000004e84        0x2 .build/obj_splitography_beaklsi/outputselect.o
                0x0000000000004e84                set_output_user
 .text.set_output
                0x0000000000004e86       0x10 .build/obj_splitography_beaklsi/outputselect.o
                0x0000000000004e86                set_output
 .text.auto_detect_output
                0x0000000000004e96       0x10 .build/obj_splitography_beaklsi/outputselect.o
                0x0000000000004e96                auto_detect_output
 .text.where_to_send
                0x0000000000004ea6        0xe .build/obj_splitography_beaklsi/outputselect.o
                0x0000000000004ea6                where_to_send
 .text.USB_Device_SendRemoteWakeup
                0x0000000000004eb4       0x2c .build/obj_splitography_beaklsi/./lib/lufa/LUFA/Drivers/USB/Core/AVR8/Device_AVR8.o
                0x0000000000004eb4                USB_Device_SendRemoteWakeup
 .text.Endpoint_Write_Stream_LE
                0x0000000000004ee0       0x9e .build/obj_splitography_beaklsi/./lib/lufa/LUFA/Drivers/USB/Core/AVR8/EndpointStream_AVR8.o
                0x0000000000004ee0                Endpoint_Write_Stream_LE
 .text.Endpoint_Write_Control_Stream_LE
                0x0000000000004f7e       0xbe .build/obj_splitography_beaklsi/./lib/lufa/LUFA/Drivers/USB/Core/AVR8/EndpointStream_AVR8.o
                0x0000000000004f7e                Endpoint_Write_Control_Stream_LE
 .text.Endpoint_Write_Control_PStream_LE
                0x000000000000503c       0xc0 .build/obj_splitography_beaklsi/./lib/lufa/LUFA/Drivers/USB/Core/AVR8/EndpointStream_AVR8.o
                0x000000000000503c                Endpoint_Write_Control_PStream_LE
 .text.Endpoint_ConfigureEndpoint_Prv
                0x00000000000050fc       0x68 .build/obj_splitography_beaklsi/./lib/lufa/LUFA/Drivers/USB/Core/AVR8/Endpoint_AVR8.o
                0x00000000000050fc                Endpoint_ConfigureEndpoint_Prv
 .text.Endpoint_ClearStatusStage
                0x0000000000005164       0x3e .build/obj_splitography_beaklsi/./lib/lufa/LUFA/Drivers/USB/Core/AVR8/Endpoint_AVR8.o
                0x0000000000005164                Endpoint_ClearStatusStage
 .text.Endpoint_WaitUntilReady
                0x00000000000051a2       0x5e .build/obj_splitography_beaklsi/./lib/lufa/LUFA/Drivers/USB/Core/AVR8/Endpoint_AVR8.o
                0x00000000000051a2                Endpoint_WaitUntilReady
 .text.USB_Disable
                0x0000000000005200       0x34 .build/obj_splitography_beaklsi/./lib/lufa/LUFA/Drivers/USB/Core/AVR8/USBController_AVR8.o
                0x0000000000005200                USB_Disable
 .text.USB_ResetInterface
                0x0000000000005234       0x86 .build/obj_splitography_beaklsi/./lib/lufa/LUFA/Drivers/USB/Core/AVR8/USBController_AVR8.o
                0x0000000000005234                USB_ResetInterface
 .text.USB_Init
                0x00000000000052ba       0x22 .build/obj_splitography_beaklsi/./lib/lufa/LUFA/Drivers/USB/Core/AVR8/USBController_AVR8.o
                0x00000000000052ba                USB_Init
 .text.USB_INT_DisableAllInterrupts
                0x00000000000052dc       0x10 .build/obj_splitography_beaklsi/./lib/lufa/LUFA/Drivers/USB/Core/AVR8/USBInterrupt_AVR8.o
                0x00000000000052dc                USB_INT_DisableAllInterrupts
 .text.USB_INT_ClearAllInterrupts
                0x00000000000052ec        0xa .build/obj_splitography_beaklsi/./lib/lufa/LUFA/Drivers/USB/Core/AVR8/USBInterrupt_AVR8.o
                0x00000000000052ec                USB_INT_ClearAllInterrupts
 .text.__vector_10
                0x00000000000052f6      0x1a6 .build/obj_splitography_beaklsi/./lib/lufa/LUFA/Drivers/USB/Core/AVR8/USBInterrupt_AVR8.o
                0x00000000000052f6                __vector_10
 .text.__vector_11
                0x000000000000549c       0x78 .build/obj_splitography_beaklsi/./lib/lufa/LUFA/Drivers/USB/Core/AVR8/USBInterrupt_AVR8.o
                0x000000000000549c                __vector_11
 .text.USB_Device_ProcessControlRequest
                0x0000000000005514      0x2b6 .build/obj_splitography_beaklsi/./lib/lufa/LUFA/Drivers/USB/Core/DeviceStandardReq.o
                0x0000000000005514                USB_Device_ProcessControlRequest
 .text.USB_Event_Stub
                0x00000000000057ca        0x2 .build/obj_splitography_beaklsi/./lib/lufa/LUFA/Drivers/USB/Core/Events.o
                0x00000000000057ca                USB_Event_Stub
                0x00000000000057ca                EVENT_USB_Device_StartOfFrame
 .text.USB_USBTask
                0x00000000000057cc       0x38 .build/obj_splitography_beaklsi/./lib/lufa/LUFA/Drivers/USB/Core/USBTask.o
                0x00000000000057cc                USB_USBTask
 .text.CDC_Device_Flush
                0x0000000000005804       0x62 .build/obj_splitography_beaklsi/./lib/lufa/LUFA/Drivers/USB/Class/Device/CDCClassDevice.o
                0x0000000000005804                CDC_Device_Flush
 .text.CDC_Device_USBTask
                0x0000000000005866       0x2e .build/obj_splitography_beaklsi/./lib/lufa/LUFA/Drivers/USB/Class/Device/CDCClassDevice.o
                0x0000000000005866                CDC_Device_USBTask
 .text.CDC_Device_BytesReceived
                0x0000000000005894       0x5e .build/obj_splitography_beaklsi/./lib/lufa/LUFA/Drivers/USB/Class/Device/CDCClassDevice.o
                0x0000000000005894                CDC_Device_BytesReceived
 .text.CDC_Device_ReceiveByte
                0x00000000000058f2       0x6c .build/obj_splitography_beaklsi/./lib/lufa/LUFA/Drivers/USB/Class/Device/CDCClassDevice.o
                0x00000000000058f2                CDC_Device_ReceiveByte
 .text.CDC_Device_SendControlLineStateChange
                0x000000000000595e       0x8e .build/obj_splitography_beaklsi/./lib/lufa/LUFA/Drivers/USB/Class/Device/CDCClassDevice.o
                0x000000000000595e                CDC_Device_SendControlLineStateChange
 .text.CDC_Device_Event_Stub
                0x00000000000059ec        0x2 .build/obj_splitography_beaklsi/./lib/lufa/LUFA/Drivers/USB/Class/Device/CDCClassDevice.o
                0x00000000000059ec                EVENT_CDC_Device_LineEncodingChanged
                0x00000000000059ec                EVENT_CDC_Device_ControLineStateChanged
                0x00000000000059ec                EVENT_CDC_Device_BreakSent
                0x00000000000059ec                CDC_Device_Event_Stub
 .text.CDC_Device_ProcessControlRequest
                0x00000000000059ee      0x164 .build/obj_splitography_beaklsi/./lib/lufa/LUFA/Drivers/USB/Class/Device/CDCClassDevice.o
                0x00000000000059ee                CDC_Device_ProcessControlRequest
 .text.libgcc.div
                0x0000000000005b52       0x18 /usr/lib/gcc/avr/7.3.0/avr5/libgcc.a(_udivmodqi4.o)
                0x0000000000005b52                __udivmodqi4
 .text.libgcc.div
                0x0000000000005b6a       0x28 /usr/lib/gcc/avr/7.3.0/avr5/libgcc.a(_divmodhi4.o)
                0x0000000000005b6a                __divmodhi4
                0x0000000000005b6a                _div
 .text.libgcc   0x0000000000005b92        0xc /usr/lib/gcc/avr/7.3.0/avr5/libgcc.a(_tablejump2.o)
                0x0000000000005b92                __tablejump2__
 .text.libgcc.div
                0x0000000000005b9e       0x28 /usr/lib/gcc/avr/7.3.0/avr5/libgcc.a(_udivmodhi4.o)
                0x0000000000005b9e                __udivmodhi4
 .text.avr-libc
                0x0000000000005bc6       0x10 /usr/lib/gcc/avr/7.3.0/../../../../avr/lib/avr5/libatmega32u4.a(eerd_byte.o)
                0x0000000000005bc6                eeprom_read_byte
 .text.avr-libc
                0x0000000000005bd6        0xc /usr/lib/gcc/avr/7.3.0/../../../../avr/lib/avr5/libatmega32u4.a(eerd_word.o)
                0x0000000000005bd6                eeprom_read_word
 .text.avr-libc
                0x0000000000005be2       0x24 /usr/lib/gcc/avr/7.3.0/../../../../avr/lib/avr5/libatmega32u4.a(eeupd_byte.o)
                0x0000000000005be2                eeprom_update_byte
                0x0000000000005be4                eeprom_update_r18
 .text.avr-libc
                0x0000000000005c06        0xc /usr/lib/gcc/avr/7.3.0/../../../../avr/lib/avr5/libatmega32u4.a(eeupd_word.o)
                0x0000000000005c06                eeprom_update_word
 .text.avr-libc
                0x0000000000005c12       0x20 /usr/lib/gcc/avr/7.3.0/../../../../avr/lib/avr5/libatmega32u4.a(eerd_block.o)
                0x0000000000005c12                eeprom_read_block
                0x0000000000005c16                eeprom_read_blraw
                0x0000000000005c32                . = ALIGN (0x2)
 *(.fini9)
 .fini9         0x0000000000005c32        0x0 /usr/lib/gcc/avr/7.3.0/avr5/libgcc.a(_exit.o)
                0x0000000000005c32                exit
                0x0000000000005c32                _exit
 *(.fini9)
 *(.fini8)
 *(.fini8)
 *(.fini7)
 *(.fini7)
 *(.fini6)
 *(.fini6)
 *(.fini5)
 *(.fini5)
 *(.fini4)
 *(.fini4)
 *(.fini3)
 *(.fini3)
 *(.fini2)
 *(.fini2)
 *(.fini1)
 *(.fini1)
 *(.fini0)
 .fini0         0x0000000000005c32        0x4 /usr/lib/gcc/avr/7.3.0/avr5/libgcc.a(_exit.o)
 *(.fini0)
 *(.hightext)
 *(.hightext*)
 *(.progmemx.*)
                0x0000000000005c36                . = ALIGN (0x2)
 *(.jumptables)
 *(.jumptables*)
                0x0000000000005c36                _etext = .

.data           0x0000000000800100      0x1c6 load address 0x0000000000005c36
                0x0000000000800100                PROVIDE (__data_start = .)
 *(.data)
 *(.data*)
 .data.tap_dance_actions
                0x0000000000800100      0x11d .build/obj_splitography_beaklsi/keyboards/splitography/keymaps/beaklsi/keymap.o
                0x0000000000800100                tap_dance_actions
 .data.boltmap  0x000000000080021d       0x40 .build/obj_splitography_beaklsi/quantum/process_keycode/process_steno.o
                0x000000000080021d                boltmap
 .data.highest_td
                0x000000000080025d        0x1 .build/obj_splitography_beaklsi/quantum/process_keycode/process_tap_dance.o
 .data.keyboard_report
                0x000000000080025e        0x2 .build/obj_splitography_beaklsi/common/action_util.o
                0x000000000080025e                keyboard_report
 .data.mk_wheel_time_to_max
                0x0000000000800260        0x1 .build/obj_splitography_beaklsi/common/mousekey.o
                0x0000000000800260                mk_wheel_time_to_max
 .data.mk_wheel_max_speed
                0x0000000000800261        0x1 .build/obj_splitography_beaklsi/common/mousekey.o
                0x0000000000800261                mk_wheel_max_speed
 .data.mk_time_to_max
                0x0000000000800262        0x1 .build/obj_splitography_beaklsi/common/mousekey.o
                0x0000000000800262                mk_time_to_max
 .data.mk_max_speed
                0x0000000000800263        0x1 .build/obj_splitography_beaklsi/common/mousekey.o
                0x0000000000800263                mk_max_speed
 .data.mk_interval
                0x0000000000800264        0x1 .build/obj_splitography_beaklsi/common/mousekey.o
                0x0000000000800264                mk_interval
 .data.mk_delay
                0x0000000000800265        0x1 .build/obj_splitography_beaklsi/common/mousekey.o
                0x0000000000800265                mk_delay
 .data.cdc_device
                0x0000000000800266       0x1b .build/obj_splitography_beaklsi/lufa.o
                0x0000000000800266                cdc_device
 .data.lufa_driver
                0x0000000000800281        0xa .build/obj_splitography_beaklsi/lufa.o
                0x0000000000800281                lufa_driver
 .data.keyboard_protocol
                0x000000000080028b        0x1 .build/obj_splitography_beaklsi/lufa.o
                0x000000000080028b                keyboard_protocol
 *(.gnu.linkonce.d*)
 *(.rodata)
 .rodata        0x000000000080028c        0x8 .build/obj_splitography_beaklsi/./lib/lufa/LUFA/Drivers/USB/Class/Device/CDCClassDevice.o
 *(.rodata*)
 .rodata.tilde.str1.1
                0x0000000000800294        0x3 .build/obj_splitography_beaklsi/keyboards/splitography/keymaps/beaklsi/keymap.o
 .rodata.colon.str1.1
                0x0000000000800297        0x5 .build/obj_splitography_beaklsi/keyboards/splitography/keymaps/beaklsi/keymap.o
 .rodata.lesser.str1.1
                0x000000000080029c        0x5 .build/obj_splitography_beaklsi/keyboards/splitography/keymaps/beaklsi/keymap.o
 .rodata.greater.str1.1
                0x00000000008002a1        0x5 .build/obj_splitography_beaklsi/keyboards/splitography/keymaps/beaklsi/keymap.o
 .rodata.col_pins
                0x00000000008002a6        0xc .build/obj_splitography_beaklsi/quantum/matrix.o
 .rodata.row_pins
                0x00000000008002b2        0x4 .build/obj_splitography_beaklsi/quantum/matrix.o
 .rodata.CSWTCH.3
                0x00000000008002b6        0x3 .build/obj_splitography_beaklsi/descriptor.o
 .rodata.CSWTCH.2
                0x00000000008002b9        0x6 .build/obj_splitography_beaklsi/descriptor.o
 .rodata.CSWTCH.1
                0x00000000008002bf        0x6 .build/obj_splitography_beaklsi/descriptor.o
 *(.gnu.linkonce.r*)
                0x00000000008002c6                . = ALIGN (0x2)
 *fill*         0x00000000008002c5        0x1 
                0x00000000008002c6                _edata = .
                0x00000000008002c6                PROVIDE (__data_end = .)

.bss            0x00000000008002c6      0x116
                0x00000000008002c6                PROVIDE (__bss_start = .)
 *(.bss)
 *(.bss*)
 .bss.dual_down
                0x00000000008002c6        0x1 .build/obj_splitography_beaklsi/keyboards/splitography/keymaps/beaklsi/keymap.o
 .bss.down_punc
                0x00000000008002c7        0x1 .build/obj_splitography_beaklsi/keyboards/splitography/keymaps/beaklsi/keymap.o
 .bss.plover    0x00000000008002c8        0x1 .build/obj_splitography_beaklsi/keyboards/splitography/keymaps/beaklsi/keymap.o
 .bss.rightside
                0x00000000008002c9        0x1 .build/obj_splitography_beaklsi/keyboards/splitography/keymaps/beaklsi/keymap.o
 .bss.leftside  0x00000000008002ca        0x1 .build/obj_splitography_beaklsi/keyboards/splitography/keymaps/beaklsi/keymap.o
 .bss.double_key
                0x00000000008002cb        0x1 .build/obj_splitography_beaklsi/keyboards/splitography/keymaps/beaklsi/keymap.o
 .bss.auto_cap  0x00000000008002cc        0x1 .build/obj_splitography_beaklsi/keyboards/splitography/keymaps/beaklsi/keymap.o
 .bss.dt_shift  0x00000000008002cd        0x1 .build/obj_splitography_beaklsi/keyboards/splitography/keymaps/beaklsi/keymap.o
 .bss.tt_keycode
                0x00000000008002ce        0x2 .build/obj_splitography_beaklsi/keyboards/splitography/keymaps/beaklsi/keymap.o
 .bss.mods      0x00000000008002d0        0x1 .build/obj_splitography_beaklsi/keyboards/splitography/keymaps/beaklsi/keymap.o
 .bss.key_timer
                0x00000000008002d1        0x2 .build/obj_splitography_beaklsi/keyboards/splitography/keymaps/beaklsi/keymap.o
 .bss.i         0x00000000008002d3        0x1 .build/obj_splitography_beaklsi/keyboards/splitography/keymaps/beaklsi/keymap.o
 .bss.grave_esc_was_shifted
                0x00000000008002d4        0x1 .build/obj_splitography_beaklsi/quantum/quantum.o
 .bss.scs_timer
                0x00000000008002d5        0x4 .build/obj_splitography_beaklsi/quantum/quantum.o
 .bss.shift_interrupted
                0x00000000008002d9        0x2 .build/obj_splitography_beaklsi/quantum/quantum.o
 .bss.leader_sequence_size
                0x00000000008002db        0x1 .build/obj_splitography_beaklsi/quantum/process_keycode/process_leader.o
                0x00000000008002db                leader_sequence_size
 .bss.leader_sequence
                0x00000000008002dc        0xa .build/obj_splitography_beaklsi/quantum/process_keycode/process_leader.o
                0x00000000008002dc                leader_sequence
 .bss.leader_time
                0x00000000008002e6        0x2 .build/obj_splitography_beaklsi/quantum/process_keycode/process_leader.o
                0x00000000008002e6                leader_time
 .bss.leading   0x00000000008002e8        0x1 .build/obj_splitography_beaklsi/quantum/process_keycode/process_leader.o
                0x00000000008002e8                leading
 .bss.matrix_debouncing
                0x00000000008002e9        0x8 .build/obj_splitography_beaklsi/quantum/matrix.o
 .bss.matrix    0x00000000008002f1        0x8 .build/obj_splitography_beaklsi/quantum/matrix.o
 .bss.debouncing
                0x00000000008002f9        0x1 .build/obj_splitography_beaklsi/quantum/matrix.o
 .bss.debouncing_time
                0x00000000008002fa        0x2 .build/obj_splitography_beaklsi/quantum/matrix.o
 .bss.pressed   0x00000000008002fc        0x1 .build/obj_splitography_beaklsi/quantum/process_keycode/process_steno.o
                0x00000000008002fc                pressed
 .bss.state     0x00000000008002fd        0x6 .build/obj_splitography_beaklsi/quantum/process_keycode/process_steno.o
                0x00000000008002fd                state
 .bss.last_td   0x0000000000800303        0x2 .build/obj_splitography_beaklsi/quantum/process_keycode/process_tap_dance.o
 .bss.last_consumer_report
                0x0000000000800305        0x2 .build/obj_splitography_beaklsi/common/host.o
 .bss.last_system_report
                0x0000000000800307        0x2 .build/obj_splitography_beaklsi/common/host.o
 .bss.driver    0x0000000000800309        0x2 .build/obj_splitography_beaklsi/common/host.o
 .bss.led_status.5576
                0x000000000080030b        0x1 .build/obj_splitography_beaklsi/common/keyboard.o
 .bss.matrix_prev.5575
                0x000000000080030c        0x8 .build/obj_splitography_beaklsi/common/keyboard.o
 .bss.disable_action_cache
                0x0000000000800314        0x1 .build/obj_splitography_beaklsi/common/action.o
                0x0000000000800314                disable_action_cache
 .bss.waiting_buffer_tail
                0x0000000000800315        0x1 .build/obj_splitography_beaklsi/common/action_tapping.o
 .bss.waiting_buffer_head
                0x0000000000800316        0x1 .build/obj_splitography_beaklsi/common/action_tapping.o
 .bss.waiting_buffer
                0x0000000000800317       0x30 .build/obj_splitography_beaklsi/common/action_tapping.o
 .bss.tapping_key
                0x0000000000800347        0x6 .build/obj_splitography_beaklsi/common/action_tapping.o
 .bss.source_layers_cache
                0x000000000080034d       0x1e .build/obj_splitography_beaklsi/common/action_layer.o
                0x000000000080034d                source_layers_cache
 .bss.layer_state
                0x000000000080036b        0x4 .build/obj_splitography_beaklsi/common/action_layer.o
                0x000000000080036b                layer_state
 .bss.default_layer_state
                0x000000000080036f        0x4 .build/obj_splitography_beaklsi/common/action_layer.o
                0x000000000080036f                default_layer_state
 .bss.oneshot_layer_data
                0x0000000000800373        0x1 .build/obj_splitography_beaklsi/common/action_util.o
 .bss.oneshot_mods
                0x0000000000800374        0x1 .build/obj_splitography_beaklsi/common/action_util.o
 .bss.__compound_literal.0
                0x0000000000800375       0x20 .build/obj_splitography_beaklsi/common/action_util.o
 .bss.macro_mods
                0x0000000000800395        0x1 .build/obj_splitography_beaklsi/common/action_util.o
 .bss.weak_mods
                0x0000000000800396        0x1 .build/obj_splitography_beaklsi/common/action_util.o
 .bss.real_mods
                0x0000000000800397        0x1 .build/obj_splitography_beaklsi/common/action_util.o
 .bss.debug_config
                0x0000000000800398        0x1 .build/obj_splitography_beaklsi/common/debug.o
                0x0000000000800398                debug_config
 .bss.wdt_timeout
                0x0000000000800399        0x1 .build/obj_splitography_beaklsi/common/avr/suspend.o
 .bss.last_timer
                0x000000000080039a        0x2 .build/obj_splitography_beaklsi/common/mousekey.o
 .bss.mousekey_accel
                0x000000000080039c        0x1 .build/obj_splitography_beaklsi/common/mousekey.o
 .bss.mousekey_repeat
                0x000000000080039d        0x1 .build/obj_splitography_beaklsi/common/mousekey.o
 .bss.mouse_report
                0x000000000080039e        0x5 .build/obj_splitography_beaklsi/common/mousekey.o
 .bss.keyboard_report_sent
                0x00000000008003a3       0x20 .build/obj_splitography_beaklsi/lufa.o
 .bss.keyboard_led_stats
                0x00000000008003c3        0x1 .build/obj_splitography_beaklsi/lufa.o
 .bss.keyboard_idle
                0x00000000008003c4        0x1 .build/obj_splitography_beaklsi/lufa.o
                0x00000000008003c4                keyboard_idle
 .bss.desired_output
                0x00000000008003c5        0x1 .build/obj_splitography_beaklsi/outputselect.o
                0x00000000008003c5                desired_output
 *(COMMON)
 COMMON         0x00000000008003c6        0x1 .build/obj_splitography_beaklsi/quantum/process_keycode/process_steno.o
                0x00000000008003c6                mode
 COMMON         0x00000000008003c7        0x2 .build/obj_splitography_beaklsi/common/action.o
                0x00000000008003c7                tp_buttons
 COMMON         0x00000000008003c9        0x4 .build/obj_splitography_beaklsi/common/avr/timer.o
                0x00000000008003c9                timer_count
 COMMON         0x00000000008003cd        0x2 .build/obj_splitography_beaklsi/common/magic.o
                0x00000000008003cd                keymap_config
 COMMON         0x00000000008003cf        0x3 .build/obj_splitography_beaklsi/./lib/lufa/LUFA/Drivers/USB/Core/DeviceStandardReq.o
                0x00000000008003cf                USB_Device_ConfigurationNumber
                0x00000000008003d0                USB_Device_CurrentlySelfPowered
                0x00000000008003d1                USB_Device_RemoteWakeupEnabled
 COMMON         0x00000000008003d2        0xa .build/obj_splitography_beaklsi/./lib/lufa/LUFA/Drivers/USB/Core/USBTask.o
                0x00000000008003d2                USB_IsInitialized
                0x00000000008003d3                USB_DeviceState
                0x00000000008003d4                USB_ControlRequest
                0x00000000008003dc                PROVIDE (__bss_end = .)
                0x0000000000005c36                __data_load_start = LOADADDR (.data)
                0x0000000000005dfc                __data_load_end = (__data_load_start + SIZEOF (.data))

.noinit         0x00000000008003dc        0x4
                [!provide]                        PROVIDE (__noinit_start = .)
 *(.noinit*)
 .noinit        0x00000000008003dc        0x4 .build/obj_splitography_beaklsi/common/avr/bootloader.o
                0x00000000008003dc                reset_key
                [!provide]                        PROVIDE (__noinit_end = .)
                0x00000000008003e0                _end = .
                [!provide]                        PROVIDE (__heap_start = .)

.eeprom         0x0000000000810000        0x0
 *(.eeprom*)
                0x0000000000810000                __eeprom_end = .

.fuse
 *(.fuse)
 *(.lfuse)
 *(.hfuse)
 *(.efuse)

.lock
 *(.lock*)

.signature
 *(.signature*)

.stab
 *(.stab)

.stabstr        0x0000000000000000       0x6f
 *(.stabstr)
 .stabstr       0x0000000000000000       0x6f .build/obj_splitography_beaklsi/common/avr/xprintf.o

.stab.excl
 *(.stab.excl)

.stab.exclstr
 *(.stab.exclstr)

.stab.index
 *(.stab.index)

.stab.indexstr
 *(.stab.indexstr)

.comment        0x0000000000000000       0x11
 *(.comment)
 .comment       0x0000000000000000       0x11 .build/obj_splitography_beaklsi/keyboards/splitography/splitography.o
                                         0x12 (size before relaxing)
 .comment       0x0000000000000011       0x12 .build/obj_splitography_beaklsi/keyboards/splitography/keymaps/beaklsi/keymap.o
 .comment       0x0000000000000011       0x12 .build/obj_splitography_beaklsi/quantum/quantum.o
 .comment       0x0000000000000011       0x12 .build/obj_splitography_beaklsi/quantum/keymap_common.o
 .comment       0x0000000000000011       0x12 .build/obj_splitography_beaklsi/quantum/keycode_config.o
 .comment       0x0000000000000011       0x12 .build/obj_splitography_beaklsi/quantum/process_keycode/process_leader.o
 .comment       0x0000000000000011       0x12 .build/obj_splitography_beaklsi/quantum/matrix.o
 .comment       0x0000000000000011       0x12 .build/obj_splitography_beaklsi/quantum/process_keycode/process_steno.o
 .comment       0x0000000000000011       0x12 .build/obj_splitography_beaklsi/quantum/process_keycode/process_tap_dance.o
 .comment       0x0000000000000011       0x12 .build/obj_splitography_beaklsi/common/host.o
 .comment       0x0000000000000011       0x12 .build/obj_splitography_beaklsi/common/keyboard.o
 .comment       0x0000000000000011       0x12 .build/obj_splitography_beaklsi/common/action.o
 .comment       0x0000000000000011       0x12 .build/obj_splitography_beaklsi/common/action_tapping.o
 .comment       0x0000000000000011       0x12 .build/obj_splitography_beaklsi/common/action_macro.o
 .comment       0x0000000000000011       0x12 .build/obj_splitography_beaklsi/common/action_layer.o
 .comment       0x0000000000000011       0x12 .build/obj_splitography_beaklsi/common/action_util.o
 .comment       0x0000000000000011       0x12 .build/obj_splitography_beaklsi/common/debug.o
 .comment       0x0000000000000011       0x12 .build/obj_splitography_beaklsi/common/eeconfig.o
 .comment       0x0000000000000011       0x12 .build/obj_splitography_beaklsi/common/report.o
 .comment       0x0000000000000011       0x12 .build/obj_splitography_beaklsi/common/avr/suspend.o
 .comment       0x0000000000000011       0x12 .build/obj_splitography_beaklsi/common/avr/timer.o
 .comment       0x0000000000000011       0x12 .build/obj_splitography_beaklsi/common/avr/bootloader.o
 .comment       0x0000000000000011       0x12 .build/obj_splitography_beaklsi/common/magic.o
 .comment       0x0000000000000011       0x12 .build/obj_splitography_beaklsi/common/mousekey.o
 .comment       0x0000000000000011       0x12 .build/obj_splitography_beaklsi/lufa.o
 .comment       0x0000000000000011       0x12 .build/obj_splitography_beaklsi/descriptor.o
 .comment       0x0000000000000011       0x12 .build/obj_splitography_beaklsi/outputselect.o
 .comment       0x0000000000000011       0x12 .build/obj_splitography_beaklsi/./lib/lufa/LUFA/Drivers/USB/Core/AVR8/Device_AVR8.o
 .comment       0x0000000000000011       0x12 .build/obj_splitography_beaklsi/./lib/lufa/LUFA/Drivers/USB/Core/AVR8/EndpointStream_AVR8.o
 .comment       0x0000000000000011       0x12 .build/obj_splitography_beaklsi/./lib/lufa/LUFA/Drivers/USB/Core/AVR8/Endpoint_AVR8.o
 .comment       0x0000000000000011       0x12 .build/obj_splitography_beaklsi/./lib/lufa/LUFA/Drivers/USB/Core/AVR8/USBController_AVR8.o
 .comment       0x0000000000000011       0x12 .build/obj_splitography_beaklsi/./lib/lufa/LUFA/Drivers/USB/Core/AVR8/USBInterrupt_AVR8.o
 .comment       0x0000000000000011       0x12 .build/obj_splitography_beaklsi/./lib/lufa/LUFA/Drivers/USB/Core/DeviceStandardReq.o
 .comment       0x0000000000000011       0x12 .build/obj_splitography_beaklsi/./lib/lufa/LUFA/Drivers/USB/Core/Events.o
 .comment       0x0000000000000011       0x12 .build/obj_splitography_beaklsi/./lib/lufa/LUFA/Drivers/USB/Core/USBTask.o
 .comment       0x0000000000000011       0x12 .build/obj_splitography_beaklsi/./lib/lufa/LUFA/Drivers/USB/Class/Device/CDCClassDevice.o

.note.gnu.avr.deviceinfo
                0x0000000000000000       0x40
 .note.gnu.avr.deviceinfo
                0x0000000000000000       0x40 /usr/lib/gcc/avr/7.3.0/../../../../avr/lib/avr5/crtatmega32u4.o

.note.gnu.build-id
 *(.note.gnu.build-id)

.debug
 *(.debug)

.line
 *(.line)

.debug_srcinfo
 *(.debug_srcinfo)

.debug_sfnames
 *(.debug_sfnames)

.debug_aranges  0x0000000000000000      0xdc8
 *(.debug_aranges)
 .debug_aranges
                0x0000000000000000       0x20 .build/obj_splitography_beaklsi/keyboards/splitography/splitography.o
 .debug_aranges
                0x0000000000000020      0x1a8 .build/obj_splitography_beaklsi/keyboards/splitography/keymaps/beaklsi/keymap.o
 .debug_aranges
                0x00000000000001c8      0x108 .build/obj_splitography_beaklsi/quantum/quantum.o
 .debug_aranges
                0x00000000000002d0       0x40 .build/obj_splitography_beaklsi/quantum/keymap_common.o
 .debug_aranges
                0x0000000000000310       0x28 .build/obj_splitography_beaklsi/quantum/keycode_config.o
 .debug_aranges
                0x0000000000000338       0x28 .build/obj_splitography_beaklsi/quantum/process_keycode/process_leader.o
 .debug_aranges
                0x0000000000000360       0x88 .build/obj_splitography_beaklsi/quantum/matrix.o
 .debug_aranges
                0x00000000000003e8       0x60 .build/obj_splitography_beaklsi/quantum/process_keycode/process_steno.o
 .debug_aranges
                0x0000000000000448       0x58 .build/obj_splitography_beaklsi/quantum/process_keycode/process_tap_dance.o
 .debug_aranges
                0x00000000000004a0       0x60 .build/obj_splitography_beaklsi/common/host.o
 .debug_aranges
                0x0000000000000500       0x48 .build/obj_splitography_beaklsi/common/keyboard.o
 .debug_aranges
                0x0000000000000548       0x90 .build/obj_splitography_beaklsi/common/action.o
 .debug_aranges
                0x00000000000005d8       0x48 .build/obj_splitography_beaklsi/common/action_tapping.o
 .debug_aranges
                0x0000000000000620       0x20 .build/obj_splitography_beaklsi/common/action_macro.o
 .debug_aranges
                0x0000000000000640       0xc8 .build/obj_splitography_beaklsi/common/action_layer.o
 .debug_aranges
                0x0000000000000708      0x120 .build/obj_splitography_beaklsi/common/action_util.o
 .debug_aranges
                0x0000000000000828       0x18 .build/obj_splitography_beaklsi/common/debug.o
 .debug_aranges
                0x0000000000000840       0x68 .build/obj_splitography_beaklsi/common/eeconfig.o
 .debug_aranges
                0x00000000000008a8       0x60 .build/obj_splitography_beaklsi/common/report.o
 .debug_aranges
                0x0000000000000908       0x48 .build/obj_splitography_beaklsi/common/avr/suspend.o
 .debug_aranges
                0x0000000000000950       0x50 .build/obj_splitography_beaklsi/common/avr/timer.o
 .debug_aranges
                0x00000000000009a0       0x28 .build/obj_splitography_beaklsi/common/avr/bootloader.o
 .debug_aranges
                0x00000000000009c8       0x20 .build/obj_splitography_beaklsi/common/magic.o
 .debug_aranges
                0x00000000000009e8       0x50 .build/obj_splitography_beaklsi/common/mousekey.o
 .debug_aranges
                0x0000000000000a38       0xa0 .build/obj_splitography_beaklsi/lufa.o
 .debug_aranges
                0x0000000000000ad8       0x20 .build/obj_splitography_beaklsi/descriptor.o
 .debug_aranges
                0x0000000000000af8       0x38 .build/obj_splitography_beaklsi/outputselect.o
 .debug_aranges
                0x0000000000000b30       0x20 .build/obj_splitography_beaklsi/./lib/lufa/LUFA/Drivers/USB/Core/AVR8/Device_AVR8.o
 .debug_aranges
                0x0000000000000b50       0xc8 .build/obj_splitography_beaklsi/./lib/lufa/LUFA/Drivers/USB/Core/AVR8/EndpointStream_AVR8.o
 .debug_aranges
                0x0000000000000c18       0x40 .build/obj_splitography_beaklsi/./lib/lufa/LUFA/Drivers/USB/Core/AVR8/Endpoint_AVR8.o
 .debug_aranges
                0x0000000000000c58       0x30 .build/obj_splitography_beaklsi/./lib/lufa/LUFA/Drivers/USB/Core/AVR8/USBController_AVR8.o
 .debug_aranges
                0x0000000000000c88       0x38 .build/obj_splitography_beaklsi/./lib/lufa/LUFA/Drivers/USB/Core/AVR8/USBInterrupt_AVR8.o
 .debug_aranges
                0x0000000000000cc0       0x20 .build/obj_splitography_beaklsi/./lib/lufa/LUFA/Drivers/USB/Core/DeviceStandardReq.o
 .debug_aranges
                0x0000000000000ce0       0x20 .build/obj_splitography_beaklsi/./lib/lufa/LUFA/Drivers/USB/Core/Events.o
 .debug_aranges
                0x0000000000000d00       0x20 .build/obj_splitography_beaklsi/./lib/lufa/LUFA/Drivers/USB/Core/USBTask.o
 .debug_aranges
                0x0000000000000d20       0xa8 .build/obj_splitography_beaklsi/./lib/lufa/LUFA/Drivers/USB/Class/Device/CDCClassDevice.o

.debug_pubnames
 *(.debug_pubnames)

.debug_info     0x0000000000000000    0x1d018
 *(.debug_info .gnu.linkonce.wi.*)
 .debug_info    0x0000000000000000      0x9f4 /usr/lib/gcc/avr/7.3.0/../../../../avr/lib/avr5/crtatmega32u4.o
 .debug_info    0x00000000000009f4      0x6cc .build/obj_splitography_beaklsi/keyboards/splitography/splitography.o
 .debug_info    0x00000000000010c0     0x3b26 .build/obj_splitography_beaklsi/keyboards/splitography/keymaps/beaklsi/keymap.o
 .debug_info    0x0000000000004be6     0x264f .build/obj_splitography_beaklsi/quantum/quantum.o
 .debug_info    0x0000000000007235     0x1c54 .build/obj_splitography_beaklsi/quantum/keymap_common.o
 .debug_info    0x0000000000008e89      0x615 .build/obj_splitography_beaklsi/quantum/keycode_config.o
 .debug_info    0x000000000000949e     0x10e2 .build/obj_splitography_beaklsi/quantum/process_keycode/process_leader.o
 .debug_info    0x000000000000a580      0x76b .build/obj_splitography_beaklsi/quantum/matrix.o
 .debug_info    0x000000000000aceb     0x1560 .build/obj_splitography_beaklsi/quantum/process_keycode/process_steno.o
 .debug_info    0x000000000000c24b     0x1587 .build/obj_splitography_beaklsi/quantum/process_keycode/process_tap_dance.o
 .debug_info    0x000000000000d7d2      0x64e .build/obj_splitography_beaklsi/common/host.o
 .debug_info    0x000000000000de20      0xa52 .build/obj_splitography_beaklsi/common/keyboard.o
 .debug_info    0x000000000000e872     0x1c93 .build/obj_splitography_beaklsi/common/action.o
 .debug_info    0x0000000000010505      0xf3a .build/obj_splitography_beaklsi/common/action_tapping.o
 .debug_info    0x000000000001143f      0xa7a .build/obj_splitography_beaklsi/common/action_macro.o
 .debug_info    0x0000000000011eb9      0xaf2 .build/obj_splitography_beaklsi/common/action_layer.o
 .debug_info    0x00000000000129ab      0xaa7 .build/obj_splitography_beaklsi/common/action_util.o
 .debug_info    0x0000000000013452      0x104 .build/obj_splitography_beaklsi/common/debug.o
 .debug_info    0x0000000000013556      0x36f .build/obj_splitography_beaklsi/common/eeconfig.o
 .debug_info    0x00000000000138c5      0x71f .build/obj_splitography_beaklsi/common/report.o
 .debug_info    0x0000000000013fe4      0x65d .build/obj_splitography_beaklsi/common/avr/suspend.o
 .debug_info    0x0000000000014641      0x3aa .build/obj_splitography_beaklsi/common/avr/timer.o
 .debug_info    0x00000000000149eb      0x382 .build/obj_splitography_beaklsi/common/avr/bootloader.o
 .debug_info    0x0000000000014d6d      0x4c3 .build/obj_splitography_beaklsi/common/magic.o
 .debug_info    0x0000000000015230      0x824 .build/obj_splitography_beaklsi/common/mousekey.o
 .debug_info    0x0000000000015a54     0x1a4c .build/obj_splitography_beaklsi/lufa.o
 .debug_info    0x00000000000174a0      0xb4e .build/obj_splitography_beaklsi/descriptor.o
 .debug_info    0x0000000000017fee      0x51b .build/obj_splitography_beaklsi/outputselect.o
 .debug_info    0x0000000000018509      0x18c .build/obj_splitography_beaklsi/./lib/lufa/LUFA/Drivers/USB/Core/AVR8/Device_AVR8.o
 .debug_info    0x0000000000018695     0x17d8 .build/obj_splitography_beaklsi/./lib/lufa/LUFA/Drivers/USB/Core/AVR8/EndpointStream_AVR8.o
 .debug_info    0x0000000000019e6d      0x64a .build/obj_splitography_beaklsi/./lib/lufa/LUFA/Drivers/USB/Core/AVR8/Endpoint_AVR8.o
 .debug_info    0x000000000001a4b7      0x54a .build/obj_splitography_beaklsi/./lib/lufa/LUFA/Drivers/USB/Core/AVR8/USBController_AVR8.o
 .debug_info    0x000000000001aa01      0x875 .build/obj_splitography_beaklsi/./lib/lufa/LUFA/Drivers/USB/Core/AVR8/USBInterrupt_AVR8.o
 .debug_info    0x000000000001b276      0xa6f .build/obj_splitography_beaklsi/./lib/lufa/LUFA/Drivers/USB/Core/DeviceStandardReq.o
 .debug_info    0x000000000001bce5       0x78 .build/obj_splitography_beaklsi/./lib/lufa/LUFA/Drivers/USB/Core/Events.o
 .debug_info    0x000000000001bd5d      0x2a7 .build/obj_splitography_beaklsi/./lib/lufa/LUFA/Drivers/USB/Core/USBTask.o
 .debug_info    0x000000000001c004     0x1014 .build/obj_splitography_beaklsi/./lib/lufa/LUFA/Drivers/USB/Class/Device/CDCClassDevice.o

.debug_abbrev   0x0000000000000000     0x5e76
 *(.debug_abbrev)
 .debug_abbrev  0x0000000000000000      0x96a /usr/lib/gcc/avr/7.3.0/../../../../avr/lib/avr5/crtatmega32u4.o
 .debug_abbrev  0x000000000000096a      0x180 .build/obj_splitography_beaklsi/keyboards/splitography/splitography.o
 .debug_abbrev  0x0000000000000aea      0x420 .build/obj_splitography_beaklsi/keyboards/splitography/keymaps/beaklsi/keymap.o
 .debug_abbrev  0x0000000000000f0a      0x4a6 .build/obj_splitography_beaklsi/quantum/quantum.o
 .debug_abbrev  0x00000000000013b0      0x2a5 .build/obj_splitography_beaklsi/quantum/keymap_common.o
 .debug_abbrev  0x0000000000001655      0x11c .build/obj_splitography_beaklsi/quantum/keycode_config.o
 .debug_abbrev  0x0000000000001771      0x1eb .build/obj_splitography_beaklsi/quantum/process_keycode/process_leader.o
 .debug_abbrev  0x000000000000195c      0x369 .build/obj_splitography_beaklsi/quantum/matrix.o
 .debug_abbrev  0x0000000000001cc5      0x2ef .build/obj_splitography_beaklsi/quantum/process_keycode/process_steno.o
 .debug_abbrev  0x0000000000001fb4      0x321 .build/obj_splitography_beaklsi/quantum/process_keycode/process_tap_dance.o
 .debug_abbrev  0x00000000000022d5      0x204 .build/obj_splitography_beaklsi/common/host.o
 .debug_abbrev  0x00000000000024d9      0x2a7 .build/obj_splitography_beaklsi/common/keyboard.o
 .debug_abbrev  0x0000000000002780      0x3e7 .build/obj_splitography_beaklsi/common/action.o
 .debug_abbrev  0x0000000000002b67      0x305 .build/obj_splitography_beaklsi/common/action_tapping.o
 .debug_abbrev  0x0000000000002e6c      0x240 .build/obj_splitography_beaklsi/common/action_macro.o
 .debug_abbrev  0x00000000000030ac      0x29f .build/obj_splitography_beaklsi/common/action_layer.o
 .debug_abbrev  0x000000000000334b      0x298 .build/obj_splitography_beaklsi/common/action_util.o
 .debug_abbrev  0x00000000000035e3       0x94 .build/obj_splitography_beaklsi/common/debug.o
 .debug_abbrev  0x0000000000003677       0xc2 .build/obj_splitography_beaklsi/common/eeconfig.o
 .debug_abbrev  0x0000000000003739      0x223 .build/obj_splitography_beaklsi/common/report.o
 .debug_abbrev  0x000000000000395c      0x2bf .build/obj_splitography_beaklsi/common/avr/suspend.o
 .debug_abbrev  0x0000000000003c1b      0x182 .build/obj_splitography_beaklsi/common/avr/timer.o
 .debug_abbrev  0x0000000000003d9d      0x200 .build/obj_splitography_beaklsi/common/avr/bootloader.o
 .debug_abbrev  0x0000000000003f9d      0x191 .build/obj_splitography_beaklsi/common/magic.o
 .debug_abbrev  0x000000000000412e      0x267 .build/obj_splitography_beaklsi/common/mousekey.o
 .debug_abbrev  0x0000000000004395      0x4f5 .build/obj_splitography_beaklsi/lufa.o
 .debug_abbrev  0x000000000000488a      0x1d9 .build/obj_splitography_beaklsi/descriptor.o