Archive member included to satisfy reference by file (symbol)

/usr/lib/gcc/avr/7.3.0/avr5/libgcc.a(_udivmodqi4.o)
                              .build/obj_splitography_hiea/quantum/process_keycode/process_steno.o (__udivmodqi4)
/usr/lib/gcc/avr/7.3.0/avr5/libgcc.a(_divmodhi4.o)
                              .build/obj_splitography_hiea/common/mousekey.o (__divmodhi4)
/usr/lib/gcc/avr/7.3.0/avr5/libgcc.a(_exit.o)
                              /usr/lib/gcc/avr/7.3.0/../../../../avr/lib/avr5/crtatmega32u4.o (exit)
/usr/lib/gcc/avr/7.3.0/avr5/libgcc.a(_tablejump2.o)
                              .build/obj_splitography_hiea/quantum/quantum.o (__tablejump2__)
/usr/lib/gcc/avr/7.3.0/avr5/libgcc.a(_copy_data.o)
                              .build/obj_splitography_hiea/keyboards/splitography/keymaps/hiea/keymap.o (__do_copy_data)
/usr/lib/gcc/avr/7.3.0/avr5/libgcc.a(_clear_bss.o)
                              .build/obj_splitography_hiea/keyboards/splitography/keymaps/hiea/keymap.o (__do_clear_bss)
/usr/lib/gcc/avr/7.3.0/avr5/libgcc.a(_udivmodhi4.o)
                              /usr/lib/gcc/avr/7.3.0/avr5/libgcc.a(_divmodhi4.o) (__udivmodhi4)
/usr/lib/gcc/avr/7.3.0/../../../../avr/lib/avr5/libc.a(strlen_P.o)
                              .build/obj_splitography_hiea/./lib/lufa/LUFA/Drivers/USB/Class/Device/CDCClassDevice.o (__strlen_P)
/usr/lib/gcc/avr/7.3.0/../../../../avr/lib/avr5/libatmega32u4.a(eerd_byte.o)
                              .build/obj_splitography_hiea/quantum/process_keycode/process_steno.o (eeprom_read_byte)
/usr/lib/gcc/avr/7.3.0/../../../../avr/lib/avr5/libatmega32u4.a(eerd_word.o)
                              .build/obj_splitography_hiea/common/eeconfig.o (eeprom_read_word)
/usr/lib/gcc/avr/7.3.0/../../../../avr/lib/avr5/libatmega32u4.a(eeupd_byte.o)
                              .build/obj_splitography_hiea/quantum/process_keycode/process_steno.o (eeprom_update_byte)
/usr/lib/gcc/avr/7.3.0/../../../../avr/lib/avr5/libatmega32u4.a(eeupd_word.o)
                              .build/obj_splitography_hiea/common/eeconfig.o (eeprom_update_word)
/usr/lib/gcc/avr/7.3.0/../../../../avr/lib/avr5/libatmega32u4.a(eerd_block.o)
                              /usr/lib/gcc/avr/7.3.0/../../../../avr/lib/avr5/libatmega32u4.a(eerd_word.o) (eeprom_read_blraw)

Allocating common symbols
Common symbol       size              file

USB_IsInitialized   0x1               .build/obj_splitography_hiea/./lib/lufa/LUFA/Drivers/USB/Core/USBTask.o
keymap_config       0x2               .build/obj_splitography_hiea/common/magic.o
USB_DeviceState     0x1               .build/obj_splitography_hiea/./lib/lufa/LUFA/Drivers/USB/Core/USBTask.o
USB_Device_ConfigurationNumber
                    0x1               .build/obj_splitography_hiea/./lib/lufa/LUFA/Drivers/USB/Core/DeviceStandardReq.o
mode                0x1               .build/obj_splitography_hiea/quantum/process_keycode/process_steno.o
USB_Device_CurrentlySelfPowered
                    0x1               .build/obj_splitography_hiea/./lib/lufa/LUFA/Drivers/USB/Core/DeviceStandardReq.o
USB_ControlRequest  0x8               .build/obj_splitography_hiea/./lib/lufa/LUFA/Drivers/USB/Core/USBTask.o
tp_buttons          0x2               .build/obj_splitography_hiea/common/action.o
USB_Device_RemoteWakeupEnabled
                    0x1               .build/obj_splitography_hiea/./lib/lufa/LUFA/Drivers/USB/Core/DeviceStandardReq.o
timer_count         0x4               .build/obj_splitography_hiea/common/avr/timer.o

Discarded input sections

 .data          0x0000000000000000        0x0 /usr/lib/gcc/avr/7.3.0/../../../../avr/lib/avr5/crtatmega32u4.o
 .bss           0x0000000000000000        0x0 /usr/lib/gcc/avr/7.3.0/../../../../avr/lib/avr5/crtatmega32u4.o
 .text          0x0000000000000000        0x0 .build/obj_splitography_hiea/keyboards/splitography/splitography.o
 .data          0x0000000000000000        0x0 .build/obj_splitography_hiea/keyboards/splitography/splitography.o
 .bss           0x0000000000000000        0x0 .build/obj_splitography_hiea/keyboards/splitography/splitography.o
 .text          0x0000000000000000        0x0 .build/obj_splitography_hiea/keyboards/splitography/keymaps/hiea/keymap.o
 .data          0x0000000000000000        0x0 .build/obj_splitography_hiea/keyboards/splitography/keymaps/hiea/keymap.o
 .bss           0x0000000000000000        0x0 .build/obj_splitography_hiea/keyboards/splitography/keymaps/hiea/keymap.o
 .text.lt_shift
                0x0000000000000000       0x4c .build/obj_splitography_hiea/keyboards/splitography/keymaps/hiea/keymap.o
 .text.steno_exit
                0x0000000000000000       0x14 .build/obj_splitography_hiea/keyboards/splitography/keymaps/hiea/keymap.o
 .text          0x0000000000000000        0x0 .build/obj_splitography_hiea/quantum/quantum.o
 .data          0x0000000000000000        0x0 .build/obj_splitography_hiea/quantum/quantum.o
[...]
Memory Configuration

Name             Origin             Length             Attributes
text             0x0000000000000000 0x0000000000020000 xr
data             0x0000000000800060 0x000000000000ffa0 rw !x
eeprom           0x0000000000810000 0x0000000000010000 rw !x
fuse             0x0000000000820000 0x0000000000000400 rw !x
lock             0x0000000000830000 0x0000000000000400 rw !x
signature        0x0000000000840000 0x0000000000000400 rw !x
user_signatures  0x0000000000850000 0x0000000000000400 rw !x
*default*        0x0000000000000000 0xffffffffffffffff

Linker script and memory map

Address of section .data set to 0x800100
LOAD /usr/lib/gcc/avr/7.3.0/../../../../avr/lib/avr5/crtatmega32u4.o
LOAD .build/obj_splitography_hiea/keyboards/splitography/splitography.o
LOAD .build/obj_splitography_hiea/keyboards/splitography/keymaps/hiea/keymap.o
LOAD .build/obj_splitography_hiea/quantum/quantum.o
LOAD .build/obj_splitography_hiea/quantum/keymap_common.o
LOAD .build/obj_splitography_hiea/quantum/keycode_config.o
LOAD .build/obj_splitography_hiea/quantum/process_keycode/process_leader.o
LOAD .build/obj_splitography_hiea/quantum/matrix.o
LOAD .build/obj_splitography_hiea/quantum/process_keycode/process_steno.o
LOAD .build/obj_splitography_hiea/quantum/process_keycode/process_tap_dance.o
LOAD .build/obj_splitography_hiea/common/host.o
LOAD .build/obj_splitography_hiea/common/keyboard.o
LOAD .build/obj_splitography_hiea/common/action.o
LOAD .build/obj_splitography_hiea/common/action_tapping.o
LOAD .build/obj_splitography_hiea/common/action_macro.o
LOAD .build/obj_splitography_hiea/common/action_layer.o
LOAD .build/obj_splitography_hiea/common/action_util.o
LOAD .build/obj_splitography_hiea/common/print.o
LOAD .build/obj_splitography_hiea/common/debug.o
LOAD .build/obj_splitography_hiea/common/util.o
LOAD .build/obj_splitography_hiea/common/eeconfig.o
LOAD .build/obj_splitography_hiea/common/report.o
LOAD .build/obj_splitography_hiea/common/avr/suspend.o
LOAD .build/obj_splitography_hiea/common/avr/timer.o
LOAD .build/obj_splitography_hiea/common/avr/bootloader.o
LOAD .build/obj_splitography_hiea/common/avr/xprintf.o
LOAD .build/obj_splitography_hiea/common/magic.o
LOAD .build/obj_splitography_hiea/common/mousekey.o
LOAD .build/obj_splitography_hiea/lufa.o
LOAD .build/obj_splitography_hiea/descriptor.o
LOAD .build/obj_splitography_hiea/outputselect.o
LOAD .build/obj_splitography_hiea/./lib/lufa/LUFA/Drivers/USB/Class/Common/HIDParser.o
LOAD .build/obj_splitography_hiea/./lib/lufa/LUFA/Drivers/USB/Core/AVR8/Device_AVR8.o
LOAD .build/obj_splitography_hiea/./lib/lufa/LUFA/Drivers/USB/Core/AVR8/EndpointStream_AVR8.o
LOAD .build/obj_splitography_hiea/./lib/lufa/LUFA/Drivers/USB/Core/AVR8/Endpoint_AVR8.o
LOAD .build/obj_splitography_hiea/./lib/lufa/LUFA/Drivers/USB/Core/AVR8/Host_AVR8.o
LOAD .build/obj_splitography_hiea/./lib/lufa/LUFA/Drivers/USB/Core/AVR8/PipeStream_AVR8.o
LOAD .build/obj_splitography_hiea/./lib/lufa/LUFA/Drivers/USB/Core/AVR8/Pipe_AVR8.o
LOAD .build/obj_splitography_hiea/./lib/lufa/LUFA/Drivers/USB/Core/AVR8/USBController_AVR8.o
LOAD .build/obj_splitography_hiea/./lib/lufa/LUFA/Drivers/USB/Core/AVR8/USBInterrupt_AVR8.o
LOAD .build/obj_splitography_hiea/./lib/lufa/LUFA/Drivers/USB/Core/ConfigDescriptors.o
LOAD .build/obj_splitography_hiea/./lib/lufa/LUFA/Drivers/USB/Core/DeviceStandardReq.o
LOAD .build/obj_splitography_hiea/./lib/lufa/LUFA/Drivers/USB/Core/Events.o
LOAD .build/obj_splitography_hiea/./lib/lufa/LUFA/Drivers/USB/Core/HostStandardReq.o
LOAD .build/obj_splitography_hiea/./lib/lufa/LUFA/Drivers/USB/Core/USBTask.o
LOAD .build/obj_splitography_hiea/./lib/lufa/LUFA/Drivers/USB/Class/Device/CDCClassDevice.o
LOAD /usr/lib/gcc/avr/7.3.0/../../../../avr/lib/avr5/libm.a
START GROUP
LOAD /usr/lib/gcc/avr/7.3.0/avr5/libgcc.a
LOAD /usr/lib/gcc/avr/7.3.0/../../../../avr/lib/avr5/libm.a
LOAD /usr/lib/gcc/avr/7.3.0/../../../../avr/lib/avr5/libc.a
LOAD /usr/lib/gcc/avr/7.3.0/../../../../avr/lib/avr5/libatmega32u4.a
END GROUP
                0x0000000000020000                __TEXT_REGION_LENGTH__ = DEFINED (__TEXT_REGION_LENGTH__)?__TEXT_REGION_LENGTH__:0x20000
                0x000000000000ffa0                __DATA_REGION_LENGTH__ = DEFINED (__DATA_REGION_LENGTH__)?__DATA_REGION_LENGTH__:0xffa0
                0x0000000000010000                __EEPROM_REGION_LENGTH__ = DEFINED (__EEPROM_REGION_LENGTH__)?__EEPROM_REGION_LENGTH__:0x10000
                0x0000000000000400                __FUSE_REGION_LENGTH__ = DEFINED (__FUSE_REGION_LENGTH__)?__FUSE_REGION_LENGTH__:0x400
                0x0000000000000400                __LOCK_REGION_LENGTH__ = DEFINED (__LOCK_REGION_LENGTH__)?__LOCK_REGION_LENGTH__:0x400
                0x0000000000000400                __SIGNATURE_REGION_LENGTH__ = DEFINED (__SIGNATURE_REGION_LENGTH__)?__SIGNATURE_REGION_LENGTH__:0x400
                0x0000000000000400                __USER_SIGNATURE_REGION_LENGTH__ = DEFINED (__USER_SIGNATURE_REGION_LENGTH__)?__USER_SIGNATURE_REGION_LENGTH__:0x400

.hash
 *(.hash)

.dynsym
 *(.dynsym)

.dynstr
 *(.dynstr)

.gnu.version
 *(.gnu.version)

.gnu.version_d
 *(.gnu.version_d)

.gnu.version_r
 *(.gnu.version_r)

.rel.init
 *(.rel.init)

.rela.init
 *(.rela.init)

.rel.text
 *(.rel.text)
 *(.rel.text.*)
 *(.rel.gnu.linkonce.t*)

.rela.text
 *(.rela.text)
 *(.rela.text.*)
 *(.rela.gnu.linkonce.t*)

.rel.fini
 *(.rel.fini)

.rela.fini
 *(.rela.fini)

.rel.rodata
 *(.rel.rodata)
 *(.rel.rodata.*)
 *(.rel.gnu.linkonce.r*)

.rela.rodata
 *(.rela.rodata)
 *(.rela.rodata.*)
 *(.rela.gnu.linkonce.r*)

.rel.data
 *(.rel.data)
 *(.rel.data.*)
 *(.rel.gnu.linkonce.d*)

.rela.data
 *(.rela.data)
 *(.rela.data.*)
 *(.rela.gnu.linkonce.d*)

.rel.ctors
 *(.rel.ctors)

.rela.ctors
 *(.rela.ctors)

.rel.dtors
 *(.rel.dtors)

.rela.dtors
 *(.rela.dtors)

.rel.got
 *(.rel.got)

.rela.got
 *(.rela.got)

.rel.bss
 *(.rel.bss)

.rela.bss
 *(.rela.bss)

.rel.plt
 *(.rel.plt)

.rela.plt
 *(.rela.plt)

.text           0x0000000000000000     0x5722
 *(.vectors)
 .vectors       0x0000000000000000       0xac /usr/lib/gcc/avr/7.3.0/../../../../avr/lib/avr5/crtatmega32u4.o
                0x0000000000000000                __vectors
                0x0000000000000000                __vector_default
 *(.vectors)
 *(.progmem.gcc*)
                0x00000000000000ac                . = ALIGN (0x2)
                0x00000000000000ac                __trampolines_start = .
 *(.trampolines)
 .trampolines   0x00000000000000ac        0x0 linker stubs
 *(.trampolines*)
                0x00000000000000ac                __trampolines_end = .
 *libprintf_flt.a:*(.progmem.data)
 *libc.a:*(.progmem.data)
 *(.progmem.*)
 .progmem.data.__c.5780
                0x00000000000000ac       0x1c .build/obj_splitography_hiea/keyboards/splitography/keymaps/hiea/keymap.o
 .progmem.data.__c.5774
                0x00000000000000c8       0x12 .build/obj_splitography_hiea/keyboards/splitography/keymaps/hiea/keymap.o
 .progmem.data.keymaps
                0x00000000000000da      0x5a0 .build/obj_splitography_hiea/keyboards/splitography/keymaps/hiea/keymap.o
                0x00000000000000da                keymaps
 .progmem.data.ascii_to_keycode_lut
                0x000000000000067a       0x80 .build/obj_splitography_hiea/quantum/quantum.o
                0x000000000000067a                ascii_to_keycode_lut
 .progmem.data.ascii_to_shift_lut
                0x00000000000006fa       0x80 .build/obj_splitography_hiea/quantum/quantum.o
                0x00000000000006fa                ascii_to_shift_lut
 .progmem.data.fn_actions
                0x000000000000077a        0x0 .build/obj_splitography_hiea/quantum/keymap_common.o
                0x000000000000077a                fn_actions
 .progmem.data.SerialNumberString
                0x000000000000077a        0x6 .build/obj_splitography_hiea/descriptor.o
                0x000000000000077a                SerialNumberString
 .progmem.data.ProductString
                0x0000000000000780       0x1c .build/obj_splitography_hiea/descriptor.o
                0x0000000000000780                ProductString
 .progmem.data.ManufacturerString
                0x000000000000079c       0x16 .build/obj_splitography_hiea/descriptor.o
                0x000000000000079c                ManufacturerString
 .progmem.data.LanguageString
                0x00000000000007b2        0x4 .build/obj_splitography_hiea/descriptor.o
                0x00000000000007b2                LanguageString
 .progmem.data.ConfigurationDescriptor
                0x00000000000007b6       0x91 .build/obj_splitography_hiea/descriptor.o
                0x00000000000007b6                ConfigurationDescriptor
 .progmem.data.DeviceDescriptor
                0x0000000000000847       0x12 .build/obj_splitography_hiea/descriptor.o
                0x0000000000000847                DeviceDescriptor
 .progmem.data.NKROReport
                0x0000000000000859       0x39 .build/obj_splitography_hiea/descriptor.o
                0x0000000000000859                NKROReport
 .progmem.data.MouseReport
                0x0000000000000892       0x4d .build/obj_splitography_hiea/descriptor.o
                0x0000000000000892                MouseReport
 .progmem.data.KeyboardReport
                0x00000000000008df       0x40 .build/obj_splitography_hiea/descriptor.o
                0x00000000000008df                KeyboardReport
                0x0000000000000920                . = ALIGN (0x2)
 *fill*         0x000000000000091f        0x1 
 *(.lowtext)
 *(.lowtext*)
                0x0000000000000920                __ctors_start = .
 *(.ctors)
                0x0000000000000920                __ctors_end = .
                0x0000000000000920                __dtors_start = .
 *(.dtors)
                0x0000000000000920                __dtors_end = .
 SORT_BY_NAME(*)(.ctors)
 SORT_BY_NAME(*)(.dtors)
 *(.init0)
 .init0         0x0000000000000920        0x0 /usr/lib/gcc/avr/7.3.0/../../../../avr/lib/avr5/crtatmega32u4.o
                0x0000000000000920                __init
 *(.init0)
 *(.init1)
 *(.init1)
 *(.init2)
 .init2         0x0000000000000920        0xc /usr/lib/gcc/avr/7.3.0/../../../../avr/lib/avr5/crtatmega32u4.o
 *(.init2)
 *(.init3)
 .init3         0x000000000000092c       0x54 .build/obj_splitography_hiea/common/avr/bootloader.o
                0x000000000000092c                bootloader_jump_after_watchdog_reset
 *(.init3)
 *(.init4)
 .init4         0x0000000000000980       0x16 /usr/lib/gcc/avr/7.3.0/avr5/libgcc.a(_copy_data.o)
                0x0000000000000980                __do_copy_data
 .init4         0x0000000000000996       0x10 /usr/lib/gcc/avr/7.3.0/avr5/libgcc.a(_clear_bss.o)
                0x0000000000000996                __do_clear_bss
 *(.init4)
 *(.init5)
 *(.init5)
 *(.init6)
 *(.init6)
 *(.init7)
 *(.init7)
 *(.init8)
 *(.init8)
 *(.init9)
 .init9         0x00000000000009a6        0x8 /usr/lib/gcc/avr/7.3.0/../../../../avr/lib/avr5/crtatmega32u4.o
 *(.init9)
 *(.text)
 .text          0x00000000000009ae        0x4 /usr/lib/gcc/avr/7.3.0/../../../../avr/lib/avr5/crtatmega32u4.o
                0x00000000000009ae                __vector_38
                0x00000000000009ae                __vector_22
                0x00000000000009ae                __vector_28
                0x00000000000009ae                __vector_1
                0x00000000000009ae                __vector_32
                0x00000000000009ae                __vector_34
                0x00000000000009ae                __vector_24
                0x00000000000009ae                __bad_interrupt
                0x00000000000009ae                __vector_6
                0x00000000000009ae                __vector_31
                0x00000000000009ae                __vector_35
                0x00000000000009ae                __vector_39
                0x00000000000009ae                __vector_3
                0x00000000000009ae                __vector_23
                0x00000000000009ae                __vector_30
                0x00000000000009ae                __vector_25
                0x00000000000009ae                __vector_13
                0x00000000000009ae                __vector_17
                0x00000000000009ae                __vector_19
                0x00000000000009ae                __vector_7
                0x00000000000009ae                __vector_41
                0x00000000000009ae                __vector_27
                0x00000000000009ae                __vector_5
                0x00000000000009ae                __vector_33
                0x00000000000009ae                __vector_37
                0x00000000000009ae                __vector_4
                0x00000000000009ae                __vector_9
                0x00000000000009ae                __vector_2
                0x00000000000009ae                __vector_15
                0x00000000000009ae                __vector_36
                0x00000000000009ae                __vector_29
                0x00000000000009ae                __vector_40
                0x00000000000009ae                __vector_8
                0x00000000000009ae                __vector_26
                0x00000000000009ae                __vector_14
                0x00000000000009ae                __vector_16
                0x00000000000009ae                __vector_18
                0x00000000000009ae                __vector_20
                0x00000000000009ae                __vector_42
                0x00000000000009b2                . = ALIGN (0x2)
 *(.text.*)
 .text.matrix_init_kb
                0x00000000000009b2        0x4 .build/obj_splitography_hiea/keyboards/splitography/splitography.o
                0x00000000000009b2                matrix_init_kb
 .text.tilde_reset
                0x00000000000009b6        0xc .build/obj_splitography_hiea/keyboards/splitography/keymaps/hiea/keymap.o
                0x00000000000009b6                tilde_reset
 .text.lparen_reset
                0x00000000000009c2        0x6 .build/obj_splitography_hiea/keyboards/splitography/keymaps/hiea/keymap.o
                0x00000000000009c2                lparen_reset
 .text.caps_reset
                0x00000000000009c8        0x6 .build/obj_splitography_hiea/keyboards/splitography/keymaps/hiea/keymap.o
                0x00000000000009c8                caps_reset
 .text.private  0x00000000000009ce       0x1e .build/obj_splitography_hiea/keyboards/splitography/keymaps/hiea/keymap.o
                0x00000000000009ce                private
 .text.send     0x00000000000009ec       0x1e .build/obj_splitography_hiea/keyboards/splitography/keymaps/hiea/keymap.o
                0x00000000000009ec                send
 .text.rparen_reset
                0x0000000000000a0a        0x6 .build/obj_splitography_hiea/keyboards/splitography/keymaps/hiea/keymap.o
                0x0000000000000a0a                rparen_reset
 .text.tap_key  0x0000000000000a10       0x10 .build/obj_splitography_hiea/keyboards/splitography/keymaps/hiea/keymap.o
                0x0000000000000a10                tap_key
 .text.comma    0x0000000000000a20       0x26 .build/obj_splitography_hiea/keyboards/splitography/keymaps/hiea/keymap.o
                0x0000000000000a20                comma
 .text.caps     0x0000000000000a46       0x1c .build/obj_splitography_hiea/keyboards/splitography/keymaps/hiea/keymap.o
                0x0000000000000a46                caps
 .text.shift_key
                0x0000000000000a62       0x1c .build/obj_splitography_hiea/keyboards/splitography/keymaps/hiea/keymap.o
                0x0000000000000a62                shift_key
 .text.tilde    0x0000000000000a7e       0x3c .build/obj_splitography_hiea/keyboards/splitography/keymaps/hiea/keymap.o
                0x0000000000000a7e                tilde
 .text.dot      0x0000000000000aba       0x28 .build/obj_splitography_hiea/keyboards/splitography/keymaps/hiea/keymap.o
                0x0000000000000aba                dot
 .text.key_press
                0x0000000000000ae2       0x3e .build/obj_splitography_hiea/keyboards/splitography/keymaps/hiea/keymap.o
                0x0000000000000ae2                key_press
 .text.mt_shift
                0x0000000000000b20       0x7a .build/obj_splitography_hiea/keyboards/splitography/keymaps/hiea/keymap.o
                0x0000000000000b20                mt_shift
 .text.tap_mods
                0x0000000000000b9a       0x2a .build/obj_splitography_hiea/keyboards/splitography/keymaps/hiea/keymap.o
                0x0000000000000b9a                tap_mods
 .text.modifier
                0x0000000000000bc4       0x48 .build/obj_splitography_hiea/keyboards/splitography/keymaps/hiea/keymap.o
                0x0000000000000bc4                modifier
 .text.double_shift
                0x0000000000000c0c       0x1a .build/obj_splitography_hiea/keyboards/splitography/keymaps/hiea/keymap.o
                0x0000000000000c0c                double_shift
 .text.tap_shift
                0x0000000000000c26       0x74 .build/obj_splitography_hiea/keyboards/splitography/keymaps/hiea/keymap.o
                0x0000000000000c26                tap_shift
 .text.enter    0x0000000000000c9a        0xa .build/obj_splitography_hiea/keyboards/splitography/keymaps/hiea/keymap.o
                0x0000000000000c9a                enter
 .text.space    0x0000000000000ca4        0xa .build/obj_splitography_hiea/keyboards/splitography/keymaps/hiea/keymap.o
                0x0000000000000ca4                space
 .text.tap_reset
                0x0000000000000cae       0x26 .build/obj_splitography_hiea/keyboards/splitography/keymaps/hiea/keymap.o
                0x0000000000000cae                tap_reset
 .text.enter_reset
                0x0000000000000cd4        0xa .build/obj_splitography_hiea/keyboards/splitography/keymaps/hiea/keymap.o
                0x0000000000000cd4                enter_reset
 .text.space_reset
                0x0000000000000cde        0xa .build/obj_splitography_hiea/keyboards/splitography/keymaps/hiea/keymap.o
                0x0000000000000cde                space_reset
 .text.double_max
                0x0000000000000ce8       0x40 .build/obj_splitography_hiea/keyboards/splitography/keymaps/hiea/keymap.o
                0x0000000000000ce8                double_max
 .text.colon    0x0000000000000d28       0x42 .build/obj_splitography_hiea/keyboards/splitography/keymaps/hiea/keymap.o
                0x0000000000000d28                colon
 .text.eql      0x0000000000000d6a       0x42 .build/obj_splitography_hiea/keyboards/splitography/keymaps/hiea/keymap.o
                0x0000000000000d6a                eql
 .text.greater  0x0000000000000dac       0x42 .build/obj_splitography_hiea/keyboards/splitography/keymaps/hiea/keymap.o
                0x0000000000000dac                greater
 .text.lesser   0x0000000000000dee       0x42 .build/obj_splitography_hiea/keyboards/splitography/keymaps/hiea/keymap.o
                0x0000000000000dee                lesser
 .text.symbol_pair
                0x0000000000000e30       0x2a .build/obj_splitography_hiea/keyboards/splitography/keymaps/hiea/keymap.o
                0x0000000000000e30                symbol_pair
 .text.tap_pair
                0x0000000000000e5a       0x90 .build/obj_splitography_hiea/keyboards/splitography/keymaps/hiea/keymap.o
                0x0000000000000e5a                tap_pair
 .text.doublequote
                0x0000000000000eea       0x22 .build/obj_splitography_hiea/keyboards/splitography/keymaps/hiea/keymap.o
                0x0000000000000eea                doublequote
 .text.grave    0x0000000000000f0c       0x22 .build/obj_splitography_hiea/keyboards/splitography/keymaps/hiea/keymap.o
                0x0000000000000f0c                grave
 .text.lbrace   0x0000000000000f2e       0x22 .build/obj_splitography_hiea/keyboards/splitography/keymaps/hiea/keymap.o
                0x0000000000000f2e                lbrace
 .text.lcurly   0x0000000000000f50       0x22 .build/obj_splitography_hiea/keyboards/splitography/keymaps/hiea/keymap.o
                0x0000000000000f50                lcurly
 .text.lparen   0x0000000000000f72       0x22 .build/obj_splitography_hiea/keyboards/splitography/keymaps/hiea/keymap.o
                0x0000000000000f72                lparen
 .text.quote    0x0000000000000f94       0x22 .build/obj_splitography_hiea/keyboards/splitography/keymaps/hiea/keymap.o
                0x0000000000000f94                quote
 .text.rangle   0x0000000000000fb6       0x24 .build/obj_splitography_hiea/keyboards/splitography/keymaps/hiea/keymap.o
                0x0000000000000fb6                rangle
 .text.rbrace   0x0000000000000fda       0x24 .build/obj_splitography_hiea/keyboards/splitography/keymaps/hiea/keymap.o
                0x0000000000000fda                rbrace
 .text.rcurly   0x0000000000000ffe       0x24 .build/obj_splitography_hiea/keyboards/splitography/keymaps/hiea/keymap.o
                0x0000000000000ffe                rcurly
 .text.rparen   0x0000000000001022       0x24 .build/obj_splitography_hiea/keyboards/splitography/keymaps/hiea/keymap.o
                0x0000000000001022                rparen
 .text.thumb_layer
                0x0000000000001046       0xa4 .build/obj_splitography_hiea/keyboards/splitography/keymaps/hiea/keymap.o
                0x0000000000001046                thumb_layer
 .text.tap_layer
                0x00000000000010ea       0x14 .build/obj_splitography_hiea/keyboards/splitography/keymaps/hiea/keymap.o
                0x00000000000010ea                tap_layer
 .text.clear_layers
                0x00000000000010fe       0x14 .build/obj_splitography_hiea/keyboards/splitography/keymaps/hiea/keymap.o
                0x00000000000010fe                clear_layers
 .text.clear_tt
                0x0000000000001112       0x26 .build/obj_splitography_hiea/keyboards/splitography/keymaps/hiea/keymap.o
                0x0000000000001112                clear_tt
 .text.toggle_plover
                0x0000000000001138       0x34 .build/obj_splitography_hiea/keyboards/splitography/keymaps/hiea/keymap.o
                0x0000000000001138                toggle_plover
 .text.base_layer
                0x000000000000116c       0x10 .build/obj_splitography_hiea/keyboards/splitography/keymaps/hiea/keymap.o
                0x000000000000116c                base_layer
 .text.steno    0x000000000000117c       0x46 .build/obj_splitography_hiea/keyboards/splitography/keymaps/hiea/keymap.o
                0x000000000000117c                steno
 .text.process_record_user
                0x00000000000011c2      0x266 .build/obj_splitography_hiea/keyboards/splitography/keymaps/hiea/keymap.o
                0x00000000000011c2                process_record_user
 .text.matrix_init_user
                0x0000000000001428        0x6 .build/obj_splitography_hiea/keyboards/splitography/keymaps/hiea/keymap.o
                0x0000000000001428                matrix_init_user
 .text.process_action_kb
                0x000000000000142e        0x4 .build/obj_splitography_hiea/quantum/quantum.o
                0x000000000000142e                process_action_kb
 .text.process_record_kb
                0x0000000000001432        0x4 .build/obj_splitography_hiea/quantum/quantum.o
                0x0000000000001432                process_record_kb
 .text.reset_keyboard
                0x0000000000001436       0x1a .build/obj_splitography_hiea/quantum/quantum.o
                0x0000000000001436                reset_keyboard
 .text.process_record_quantum
                0x0000000000001450      0x306 .build/obj_splitography_hiea/quantum/quantum.o
                0x0000000000001450                process_record_quantum
 .text.send_char
                0x0000000000001756       0x3c .build/obj_splitography_hiea/quantum/quantum.o
                0x0000000000001756                send_char
 .text.send_string_with_delay_P
                0x0000000000001792       0x74 .build/obj_splitography_hiea/quantum/quantum.o
                0x0000000000001792                send_string_with_delay_P
 .text.send_string_P
                0x0000000000001806        0x6 .build/obj_splitography_hiea/quantum/quantum.o
                0x0000000000001806                send_string_P
 .text.set_single_persistent_default_layer
                0x000000000000180c       0x26 .build/obj_splitography_hiea/quantum/quantum.o
                0x000000000000180c                set_single_persistent_default_layer
 .text.matrix_init_quantum
                0x0000000000001832        0x4 .build/obj_splitography_hiea/quantum/quantum.o
                0x0000000000001832                matrix_init_quantum
 .text.matrix_scan_quantum
                0x0000000000001836        0x8 .build/obj_splitography_hiea/quantum/quantum.o
                0x0000000000001836                matrix_scan_quantum
 .text.led_set_user
                0x000000000000183e        0x2 .build/obj_splitography_hiea/quantum/quantum.o
                0x000000000000183e                led_set_user
 .text.led_set_kb
                0x0000000000001840        0x4 .build/obj_splitography_hiea/quantum/quantum.o
                0x0000000000001840                led_set_kb
 .text.led_set  0x0000000000001844        0x4 .build/obj_splitography_hiea/quantum/quantum.o
                0x0000000000001844                led_set
 .text.action_get_macro
                0x0000000000001848        0x6 .build/obj_splitography_hiea/quantum/keymap_common.o
                0x0000000000001848                action_get_macro
 .text.action_function
                0x000000000000184e        0x2 .build/obj_splitography_hiea/quantum/keymap_common.o
                0x000000000000184e                action_function
 .text.keymap_key_to_keycode
                0x0000000000001850       0x28 .build/obj_splitography_hiea/quantum/keymap_common.o
                0x0000000000001850                keymap_key_to_keycode
 .text.keymap_function_id_to_action
                0x0000000000001878       0x10 .build/obj_splitography_hiea/quantum/keymap_common.o
                0x0000000000001878                keymap_function_id_to_action
 .text.action_for_key
                0x0000000000001888      0x330 .build/obj_splitography_hiea/quantum/keymap_common.o
                0x0000000000001888                action_for_key
 .text.keycode_config
                0x0000000000001bb8      0x100 .build/obj_splitography_hiea/quantum/keycode_config.o
                0x0000000000001bb8                keycode_config
 .text.mod_config
                0x0000000000001cb8       0x5a .build/obj_splitography_hiea/quantum/keycode_config.o
                0x0000000000001cb8                mod_config
 .text.leader_start
                0x0000000000001d12        0x2 .build/obj_splitography_hiea/quantum/process_keycode/process_leader.o
                0x0000000000001d12                leader_start
 .text.process_leader
                0x0000000000001d14       0x9e .build/obj_splitography_hiea/quantum/process_keycode/process_leader.o
                0x0000000000001d14                process_leader
 .text.matrix_scan_user
                0x0000000000001db2        0x2 .build/obj_splitography_hiea/quantum/matrix.o
                0x0000000000001db2                matrix_scan_user
 .text.matrix_scan_kb
                0x0000000000001db4        0x4 .build/obj_splitography_hiea/quantum/matrix.o
                0x0000000000001db4                matrix_scan_kb
 .text.matrix_init
                0x0000000000001db8       0xc8 .build/obj_splitography_hiea/quantum/matrix.o
                0x0000000000001db8                matrix_init
 .text.matrix_scan
                0x0000000000001e80      0x182 .build/obj_splitography_hiea/quantum/matrix.o
                0x0000000000001e80                matrix_scan
 .text.matrix_get_row
                0x0000000000002002       0x12 .build/obj_splitography_hiea/quantum/matrix.o
                0x0000000000002002                matrix_get_row
 .text.matrix_print
                0x0000000000002014        0x2 .build/obj_splitography_hiea/quantum/matrix.o
                0x0000000000002014                matrix_print
 .text.steno_clear_state
                0x0000000000002016       0x10 .build/obj_splitography_hiea/quantum/process_keycode/process_steno.o
                0x0000000000002016                steno_clear_state
 .text.steno_init
                0x0000000000002026       0x1a .build/obj_splitography_hiea/quantum/process_keycode/process_steno.o
                0x0000000000002026                steno_init
 .text.steno_set_mode
                0x0000000000002040       0x18 .build/obj_splitography_hiea/quantum/process_keycode/process_steno.o
                0x0000000000002040                steno_set_mode
 .text.send_steno_state
                0x0000000000002058       0x3a .build/obj_splitography_hiea/quantum/process_keycode/process_steno.o
                0x0000000000002058                send_steno_state
 .text.update_state_bolt
                0x0000000000002092       0x24 .build/obj_splitography_hiea/quantum/process_keycode/process_steno.o
                0x0000000000002092                update_state_bolt
 .text.send_state_bolt
                0x00000000000020b6       0x12 .build/obj_splitography_hiea/quantum/process_keycode/process_steno.o
                0x00000000000020b6                send_state_bolt
 .text.update_state_gemini
                0x00000000000020c8       0x30 .build/obj_splitography_hiea/quantum/process_keycode/process_steno.o
                0x00000000000020c8                update_state_gemini
 .text.send_state_gemini
                0x00000000000020f8       0x16 .build/obj_splitography_hiea/quantum/process_keycode/process_steno.o
                0x00000000000020f8                send_state_gemini
 .text.process_steno
                0x000000000000210e       0xfa .build/obj_splitography_hiea/quantum/process_keycode/process_steno.o
                0x000000000000210e                process_steno
 .text.process_tap_dance_action_on_dance_finished
                0x0000000000002208       0x36 .build/obj_splitography_hiea/quantum/process_keycode/process_tap_dance.o
 .text.reset_tap_dance
                0x000000000000223e       0x72 .build/obj_splitography_hiea/quantum/process_keycode/process_tap_dance.o
                0x000000000000223e                reset_tap_dance
 .text.process_tap_dance
                0x00000000000022b0      0x13c .build/obj_splitography_hiea/quantum/process_keycode/process_tap_dance.o
                0x00000000000022b0                process_tap_dance
 .text.matrix_scan_tap_dance
                0x00000000000023ec       0x8e .build/obj_splitography_hiea/quantum/process_keycode/process_tap_dance.o
                0x00000000000023ec                matrix_scan_tap_dance
 .text.host_set_driver
                0x000000000000247a        0xa .build/obj_splitography_hiea/common/host.o
                0x000000000000247a                host_set_driver
 .text.host_keyboard_leds
                0x0000000000002484       0x18 .build/obj_splitography_hiea/common/host.o
                0x0000000000002484                host_keyboard_leds
 .text.host_keyboard_send
                0x000000000000249c       0x16 .build/obj_splitography_hiea/common/host.o
                0x000000000000249c                host_keyboard_send
 .text.host_mouse_send
                0x00000000000024b2       0x16 .build/obj_splitography_hiea/common/host.o
                0x00000000000024b2                host_mouse_send
 .text.host_system_send
                0x00000000000024c8       0x2c .build/obj_splitography_hiea/common/host.o
                0x00000000000024c8                host_system_send
 .text.host_consumer_send
                0x00000000000024f4       0x2c .build/obj_splitography_hiea/common/host.o
                0x00000000000024f4                host_consumer_send
 .text.matrix_setup
                0x0000000000002520        0x2 .build/obj_splitography_hiea/common/keyboard.o
                0x0000000000002520                matrix_setup
 .text.keyboard_setup
                0x0000000000002522        0x4 .build/obj_splitography_hiea/common/keyboard.o
                0x0000000000002522                keyboard_setup
 .text.is_keyboard_master
                0x0000000000002526        0x4 .build/obj_splitography_hiea/common/keyboard.o
                0x0000000000002526                is_keyboard_master
 .text.keyboard_init
                0x000000000000252a       0x10 .build/obj_splitography_hiea/common/keyboard.o
                0x000000000000252a                keyboard_init
 .text.keyboard_task
                0x000000000000253a      0x17e .build/obj_splitography_hiea/common/keyboard.o
                0x000000000000253a                keyboard_task
 .text.action_exec
                0x00000000000026b8       0x54 .build/obj_splitography_hiea/common/action.o
                0x00000000000026b8                action_exec
 .text.register_code
                0x000000000000270c      0x1ee .build/obj_splitography_hiea/common/action.o
                0x000000000000270c                register_code
 .text.unregister_code
                0x00000000000028fa       0x9e .build/obj_splitography_hiea/common/action.o
                0x00000000000028fa                unregister_code
 .text.register_mods
                0x0000000000002998        0xe .build/obj_splitography_hiea/common/action.o
                0x0000000000002998                register_mods
 .text.unregister_mods
                0x00000000000029a6        0xe .build/obj_splitography_hiea/common/action.o
                0x00000000000029a6                unregister_mods
 .text.process_action
                0x00000000000029b4      0x4ba .build/obj_splitography_hiea/common/action.o
                0x00000000000029b4                process_action
 .text.process_record
                0x0000000000002e6e       0x62 .build/obj_splitography_hiea/common/action.o
                0x0000000000002e6e                process_record
 .text.clear_keyboard_but_mods
                0x0000000000002ed0       0x18 .build/obj_splitography_hiea/common/action.o
                0x0000000000002ed0                clear_keyboard_but_mods
 .text.clear_keyboard
                0x0000000000002ee8        0x8 .build/obj_splitography_hiea/common/action.o
                0x0000000000002ee8                clear_keyboard
 .text.is_tap_key
                0x0000000000002ef0       0x5e .build/obj_splitography_hiea/common/action.o
                0x0000000000002ef0                is_tap_key
 .text.debug_event
                0x0000000000002f4e       0x1e .build/obj_splitography_hiea/common/action.o
                0x0000000000002f4e                debug_event
 .text.debug_record
                0x0000000000002f6c       0x20 .build/obj_splitography_hiea/common/action.o
                0x0000000000002f6c                debug_record
 .text.debug_waiting_buffer
                0x0000000000002f8c       0x42 .build/obj_splitography_hiea/common/action_tapping.o
 .text.debug_tapping_key
                0x0000000000002fce       0x1c .build/obj_splitography_hiea/common/action_tapping.o
 .text.waiting_buffer_typed.isra.1
                0x0000000000002fea       0x40 .build/obj_splitography_hiea/common/action_tapping.o
 .text.waiting_buffer_scan_tap
                0x000000000000302a       0xd6 .build/obj_splitography_hiea/common/action_tapping.o
 .text.process_tapping
                0x0000000000003100      0x3bc .build/obj_splitography_hiea/common/action_tapping.o
 .text.action_tapping_process
                0x00000000000034bc      0x152 .build/obj_splitography_hiea/common/action_tapping.o
                0x00000000000034bc                action_tapping_process
 .text.action_macro_play
                0x000000000000360e       0xf0 .build/obj_splitography_hiea/common/action_macro.o
                0x000000000000360e                action_macro_play
 .text.default_layer_state_set_kb
                0x00000000000036fe        0x2 .build/obj_splitography_hiea/common/action_layer.o
                0x00000000000036fe                default_layer_state_set_kb
 .text.default_layer_state_set
                0x0000000000003700       0x18 .build/obj_splitography_hiea/common/action_layer.o
 .text.default_layer_debug
                0x0000000000003718        0x2 .build/obj_splitography_hiea/common/action_layer.o
                0x0000000000003718                default_layer_debug
 .text.default_layer_set
                0x000000000000371a        0x4 .build/obj_splitography_hiea/common/action_layer.o
                0x000000000000371a                default_layer_set
 .text.default_layer_or
                0x000000000000371e       0x24 .build/obj_splitography_hiea/common/action_layer.o
                0x000000000000371e                default_layer_or
 .text.default_layer_and
                0x0000000000003742       0x24 .build/obj_splitography_hiea/common/action_layer.o
                0x0000000000003742                default_layer_and
 .text.default_layer_xor
                0x0000000000003766       0x24 .build/obj_splitography_hiea/common/action_layer.o
                0x0000000000003766                default_layer_xor
 .text.layer_state_set_user
                0x000000000000378a        0x4 .build/obj_splitography_hiea/common/action_layer.o
                0x000000000000378a                layer_state_set_user
 .text.layer_state_set_kb
                0x000000000000378e        0x4 .build/obj_splitography_hiea/common/action_layer.o
                0x000000000000378e                layer_state_set_kb
 .text.layer_state_set
                0x0000000000003792       0x18 .build/obj_splitography_hiea/common/action_layer.o
 .text.layer_clear
                0x00000000000037aa        0xa .build/obj_splitography_hiea/common/action_layer.o
                0x00000000000037aa                layer_clear
 .text.layer_move
                0x00000000000037b4       0x2a .build/obj_splitography_hiea/common/action_layer.o
                0x00000000000037b4                layer_move
 .text.layer_on
                0x00000000000037de       0x42 .build/obj_splitography_hiea/common/action_layer.o
                0x00000000000037de                layer_on
 .text.layer_off
                0x0000000000003820       0x46 .build/obj_splitography_hiea/common/action_layer.o
                0x0000000000003820                layer_off
 .text.layer_invert
                0x0000000000003866       0x42 .build/obj_splitography_hiea/common/action_layer.o
                0x0000000000003866                layer_invert
 .text.layer_or
                0x00000000000038a8       0x24 .build/obj_splitography_hiea/common/action_layer.o
                0x00000000000038a8                layer_or
 .text.layer_and
                0x00000000000038cc       0x24 .build/obj_splitography_hiea/common/action_layer.o
                0x00000000000038cc                layer_and
 .text.layer_xor
                0x00000000000038f0       0x24 .build/obj_splitography_hiea/common/action_layer.o
                0x00000000000038f0                layer_xor
 .text.layer_debug
                0x0000000000003914        0x2 .build/obj_splitography_hiea/common/action_layer.o
                0x0000000000003914                layer_debug
 .text.update_source_layers_cache
                0x0000000000003916       0x5e .build/obj_splitography_hiea/common/action_layer.o
                0x0000000000003916                update_source_layers_cache
 .text.read_source_layers_cache
                0x0000000000003974       0x56 .build/obj_splitography_hiea/common/action_layer.o
                0x0000000000003974                read_source_layers_cache
 .text.layer_switch_get_layer
                0x00000000000039ca       0x84 .build/obj_splitography_hiea/common/action_layer.o
                0x00000000000039ca                layer_switch_get_layer
 .text.layer_switch_get_action
                0x0000000000003a4e       0x14 .build/obj_splitography_hiea/common/action_layer.o
                0x0000000000003a4e                layer_switch_get_action
 .text.store_or_get_action
                0x0000000000003a62       0x48 .build/obj_splitography_hiea/common/action_layer.o
                0x0000000000003a62                store_or_get_action
 .text.add_key  0x0000000000003aaa        0xe .build/obj_splitography_hiea/common/action_util.o
                0x0000000000003aaa                add_key
 .text.del_key  0x0000000000003ab8        0xe .build/obj_splitography_hiea/common/action_util.o
                0x0000000000003ab8                del_key
 .text.clear_keys
                0x0000000000003ac6        0xc .build/obj_splitography_hiea/common/action_util.o
                0x0000000000003ac6                clear_keys
 .text.get_oneshot_layer
                0x0000000000003ad2        0xc .build/obj_splitography_hiea/common/action_util.o
                0x0000000000003ad2                get_oneshot_layer
 .text.get_oneshot_layer_state
                0x0000000000003ade        0x8 .build/obj_splitography_hiea/common/action_util.o
                0x0000000000003ade                get_oneshot_layer_state
 .text.set_oneshot_layer
                0x0000000000003ae6       0x12 .build/obj_splitography_hiea/common/action_util.o
                0x0000000000003ae6                set_oneshot_layer
 .text.clear_oneshot_layer_state
                0x0000000000003af8       0x2c .build/obj_splitography_hiea/common/action_util.o
                0x0000000000003af8                clear_oneshot_layer_state
 .text.is_oneshot_layer_active
                0x0000000000003b24        0xe .build/obj_splitography_hiea/common/action_util.o
                0x0000000000003b24                is_oneshot_layer_active
 .text.send_keyboard_report
                0x0000000000003b32       0x66 .build/obj_splitography_hiea/common/action_util.o
                0x0000000000003b32                send_keyboard_report
 .text.get_mods
                0x0000000000003b98        0x6 .build/obj_splitography_hiea/common/action_util.o
                0x0000000000003b98                get_mods
 .text.add_mods
                0x0000000000003b9e        0xc .build/obj_splitography_hiea/common/action_util.o
                0x0000000000003b9e                add_mods
 .text.del_mods
                0x0000000000003baa       0x10 .build/obj_splitography_hiea/common/action_util.o
                0x0000000000003baa                del_mods
 .text.clear_mods
                0x0000000000003bba        0x6 .build/obj_splitography_hiea/common/action_util.o
                0x0000000000003bba                clear_mods
 .text.add_weak_mods
                0x0000000000003bc0        0xc .build/obj_splitography_hiea/common/action_util.o
                0x0000000000003bc0                add_weak_mods
 .text.del_weak_mods
                0x0000000000003bcc       0x10 .build/obj_splitography_hiea/common/action_util.o
                0x0000000000003bcc                del_weak_mods
 .text.clear_weak_mods
                0x0000000000003bdc        0x6 .build/obj_splitography_hiea/common/action_util.o
                0x0000000000003bdc                clear_weak_mods
 .text.add_macro_mods
                0x0000000000003be2        0xc .build/obj_splitography_hiea/common/action_util.o
                0x0000000000003be2                add_macro_mods
 .text.del_macro_mods
                0x0000000000003bee       0x10 .build/obj_splitography_hiea/common/action_util.o
                0x0000000000003bee                del_macro_mods
 .text.clear_macro_mods
                0x0000000000003bfe        0x6 .build/obj_splitography_hiea/common/action_util.o
                0x0000000000003bfe                clear_macro_mods
 .text.set_oneshot_mods
                0x0000000000003c04        0x6 .build/obj_splitography_hiea/common/action_util.o
                0x0000000000003c04                set_oneshot_mods
 .text.clear_oneshot_mods
                0x0000000000003c0a        0x6 .build/obj_splitography_hiea/common/action_util.o
                0x0000000000003c0a                clear_oneshot_mods
 .text.get_oneshot_mods
                0x0000000000003c10        0x6 .build/obj_splitography_hiea/common/action_util.o
                0x0000000000003c10                get_oneshot_mods
 .text.eeconfig_init
                0x0000000000003c16       0x3e .build/obj_splitography_hiea/common/eeconfig.o
                0x0000000000003c16                eeconfig_init
 .text.eeconfig_is_enabled
                0x0000000000003c54       0x16 .build/obj_splitography_hiea/common/eeconfig.o
                0x0000000000003c54                eeconfig_is_enabled
 .text.eeconfig_read_debug
                0x0000000000003c6a        0x8 .build/obj_splitography_hiea/common/eeconfig.o
                0x0000000000003c6a                eeconfig_read_debug
 .text.eeconfig_read_default_layer
                0x0000000000003c72        0x8 .build/obj_splitography_hiea/common/eeconfig.o
                0x0000000000003c72                eeconfig_read_default_layer
 .text.eeconfig_update_default_layer
                0x0000000000003c7a        0xa .build/obj_splitography_hiea/common/eeconfig.o
                0x0000000000003c7a                eeconfig_update_default_layer
 .text.eeconfig_read_keymap
                0x0000000000003c84        0x8 .build/obj_splitography_hiea/common/eeconfig.o
                0x0000000000003c84                eeconfig_read_keymap
 .text.eeconfig_update_keymap
                0x0000000000003c8c        0xa .build/obj_splitography_hiea/common/eeconfig.o
                0x0000000000003c8c                eeconfig_update_keymap
 .text.has_anykey
                0x0000000000003c96       0x1a .build/obj_splitography_hiea/common/report.o
                0x0000000000003c96                has_anykey
 .text.add_key_byte
                0x0000000000003cb0       0x34 .build/obj_splitography_hiea/common/report.o
                0x0000000000003cb0                add_key_byte
 .text.del_key_byte
                0x0000000000003ce4       0x1a .build/obj_splitography_hiea/common/report.o
                0x0000000000003ce4                del_key_byte
 .text.add_key_bit
                0x0000000000003cfe       0x28 .build/obj_splitography_hiea/common/report.o
                0x0000000000003cfe                add_key_bit
 .text.del_key_bit
                0x0000000000003d26       0x2a .build/obj_splitography_hiea/common/report.o
                0x0000000000003d26                del_key_bit
 .text.add_key_to_report
                0x0000000000003d50       0x16 .build/obj_splitography_hiea/common/report.o
                0x0000000000003d50                add_key_to_report
 .text.del_key_from_report
                0x0000000000003d66       0x16 .build/obj_splitography_hiea/common/report.o
                0x0000000000003d66                del_key_from_report
 .text.clear_keys_from_report
                0x0000000000003d7c       0x10 .build/obj_splitography_hiea/common/report.o
                0x0000000000003d7c                clear_keys_from_report
 .text.suspend_power_down
                0x0000000000003d8c       0x58 .build/obj_splitography_hiea/common/avr/suspend.o
                0x0000000000003d8c                suspend_power_down
 .text.matrix_power_up
                0x0000000000003de4        0x2 .build/obj_splitography_hiea/common/avr/suspend.o
                0x0000000000003de4                matrix_power_up
 .text.matrix_power_down
                0x0000000000003de6        0x2 .build/obj_splitography_hiea/common/avr/suspend.o
                0x0000000000003de6                matrix_power_down
 .text.suspend_wakeup_condition
                0x0000000000003de8       0x2a .build/obj_splitography_hiea/common/avr/suspend.o
                0x0000000000003de8                suspend_wakeup_condition
 .text.suspend_wakeup_init
                0x0000000000003e12        0xc .build/obj_splitography_hiea/common/avr/suspend.o
                0x0000000000003e12                suspend_wakeup_init
 .text.__vector_12
                0x0000000000003e1e       0x52 .build/obj_splitography_hiea/common/avr/suspend.o
                0x0000000000003e1e                __vector_12
 .text.timer_init
                0x0000000000003e70       0x12 .build/obj_splitography_hiea/common/avr/timer.o
                0x0000000000003e70                timer_init
 .text.timer_read
                0x0000000000003e82       0x18 .build/obj_splitography_hiea/common/avr/timer.o
                0x0000000000003e82                timer_read
 .text.timer_elapsed
                0x0000000000003e9a       0x54 .build/obj_splitography_hiea/common/avr/timer.o
                0x0000000000003e9a                timer_elapsed
 .text.__vector_21
                0x0000000000003eee       0x4c .build/obj_splitography_hiea/common/avr/timer.o
                0x0000000000003eee                __vector_21
 .text.bootloader_jump
                0x0000000000003f3a       0x48 .build/obj_splitography_hiea/common/avr/bootloader.o
                0x0000000000003f3a                bootloader_jump
 .text.magic    0x0000000000003f82       0x32 .build/obj_splitography_hiea/common/magic.o
                0x0000000000003f82                magic
 .text.move_unit
                0x0000000000003fb4       0x94 .build/obj_splitography_hiea/common/mousekey.o
 .text.wheel_unit
                0x0000000000004048       0x72 .build/obj_splitography_hiea/common/mousekey.o
 .text.mousekey_on
                0x00000000000040ba       0xd0 .build/obj_splitography_hiea/common/mousekey.o
                0x00000000000040ba                mousekey_on
 .text.mousekey_off
                0x000000000000418a      0x108 .build/obj_splitography_hiea/common/mousekey.o
                0x000000000000418a                mousekey_off
 .text.mousekey_send
                0x0000000000004292       0x16 .build/obj_splitography_hiea/common/mousekey.o
                0x0000000000004292                mousekey_send
 .text.mousekey_task
                0x00000000000042a8      0x116 .build/obj_splitography_hiea/common/mousekey.o
                0x00000000000042a8                mousekey_task
 .text.mousekey_clear
                0x00000000000043be       0x18 .build/obj_splitography_hiea/common/mousekey.o
                0x00000000000043be                mousekey_clear
 .text.keyboard_leds
                0x00000000000043d6        0x6 .build/obj_splitography_hiea/lufa.o
 .text.send_consumer
                0x00000000000043dc       0x76 .build/obj_splitography_hiea/lufa.o
 .text.send_system
                0x0000000000004452       0x6a .build/obj_splitography_hiea/lufa.o
 .text.send_mouse
                0x00000000000044bc       0x56 .build/obj_splitography_hiea/lufa.o
 .text.send_keyboard
                0x0000000000004512       0xa6 .build/obj_splitography_hiea/lufa.o
 .text.EVENT_USB_Device_Connect
                0x00000000000045b8       0x1c .build/obj_splitography_hiea/lufa.o
                0x00000000000045b8                EVENT_USB_Device_Connect
 .text.EVENT_USB_Device_Disconnect
                0x00000000000045d4        0x6 .build/obj_splitography_hiea/lufa.o
                0x00000000000045d4                EVENT_USB_Device_Disconnect
 .text.EVENT_USB_Device_Reset
                0x00000000000045da        0x2 .build/obj_splitography_hiea/lufa.o
                0x00000000000045da                EVENT_USB_Device_Reset
 .text.EVENT_USB_Device_Suspend
                0x00000000000045dc        0x2 .build/obj_splitography_hiea/lufa.o
                0x00000000000045dc                EVENT_USB_Device_Suspend
 .text.EVENT_USB_Device_WakeUp
                0x00000000000045de        0x4 .build/obj_splitography_hiea/lufa.o
                0x00000000000045de                EVENT_USB_Device_WakeUp
 .text.EVENT_USB_Device_ConfigurationChanged
                0x00000000000045e2       0x3c .build/obj_splitography_hiea/lufa.o
                0x00000000000045e2                EVENT_USB_Device_ConfigurationChanged
 .text.EVENT_USB_Device_ControlRequest
                0x000000000000461e      0x16a .build/obj_splitography_hiea/lufa.o
                0x000000000000461e                EVENT_USB_Device_ControlRequest
 .text.virtser_init
                0x0000000000004788       0x14 .build/obj_splitography_hiea/lufa.o
                0x0000000000004788                virtser_init
 .text.virtser_recv
                0x000000000000479c        0x2 .build/obj_splitography_hiea/lufa.o
                0x000000000000479c                virtser_recv
 .text.virtser_task
                0x000000000000479e       0x1a .build/obj_splitography_hiea/lufa.o
                0x000000000000479e                virtser_task
 .text.virtser_send
                0x00000000000047b8       0x7c .build/obj_splitography_hiea/lufa.o
                0x00000000000047b8                virtser_send
 .text.startup.main
                0x0000000000004834       0x86 .build/obj_splitography_hiea/lufa.o
                0x0000000000004834                main
 .text.CALLBACK_USB_GetDescriptor
                0x00000000000048ba       0xb6 .build/obj_splitography_hiea/descriptor.o
                0x00000000000048ba                CALLBACK_USB_GetDescriptor
 .text.set_output_user
                0x0000000000004970        0x2 .build/obj_splitography_hiea/outputselect.o
                0x0000000000004970                set_output_user
 .text.set_output
                0x0000000000004972       0x10 .build/obj_splitography_hiea/outputselect.o
                0x0000000000004972                set_output
 .text.auto_detect_output
                0x0000000000004982       0x10 .build/obj_splitography_hiea/outputselect.o
                0x0000000000004982                auto_detect_output
 .text.where_to_send
                0x0000000000004992        0xe .build/obj_splitography_hiea/outputselect.o
                0x0000000000004992                where_to_send
 .text.USB_Device_SendRemoteWakeup
                0x00000000000049a0       0x2c .build/obj_splitography_hiea/./lib/lufa/LUFA/Drivers/USB/Core/AVR8/Device_AVR8.o
                0x00000000000049a0                USB_Device_SendRemoteWakeup
 .text.Endpoint_Write_Stream_LE
                0x00000000000049cc       0x9e .build/obj_splitography_hiea/./lib/lufa/LUFA/Drivers/USB/Core/AVR8/EndpointStream_AVR8.o
                0x00000000000049cc                Endpoint_Write_Stream_LE
 .text.Endpoint_Write_Control_Stream_LE
                0x0000000000004a6a       0xbe .build/obj_splitography_hiea/./lib/lufa/LUFA/Drivers/USB/Core/AVR8/EndpointStream_AVR8.o
                0x0000000000004a6a                Endpoint_Write_Control_Stream_LE
 .text.Endpoint_Write_Control_PStream_LE
                0x0000000000004b28       0xc0 .build/obj_splitography_hiea/./lib/lufa/LUFA/Drivers/USB/Core/AVR8/EndpointStream_AVR8.o
                0x0000000000004b28                Endpoint_Write_Control_PStream_LE
 .text.Endpoint_ConfigureEndpoint_Prv
                0x0000000000004be8       0x68 .build/obj_splitography_hiea/./lib/lufa/LUFA/Drivers/USB/Core/AVR8/Endpoint_AVR8.o
                0x0000000000004be8                Endpoint_ConfigureEndpoint_Prv
 .text.Endpoint_ClearStatusStage
                0x0000000000004c50       0x3e .build/obj_splitography_hiea/./lib/lufa/LUFA/Drivers/USB/Core/AVR8/Endpoint_AVR8.o
                0x0000000000004c50                Endpoint_ClearStatusStage
 .text.Endpoint_WaitUntilReady
                0x0000000000004c8e       0x5e .build/obj_splitography_hiea/./lib/lufa/LUFA/Drivers/USB/Core/AVR8/Endpoint_AVR8.o
                0x0000000000004c8e                Endpoint_WaitUntilReady
 .text.USB_Disable
                0x0000000000004cec       0x34 .build/obj_splitography_hiea/./lib/lufa/LUFA/Drivers/USB/Core/AVR8/USBController_AVR8.o
                0x0000000000004cec                USB_Disable
 .text.USB_ResetInterface
                0x0000000000004d20       0x86 .build/obj_splitography_hiea/./lib/lufa/LUFA/Drivers/USB/Core/AVR8/USBController_AVR8.o
                0x0000000000004d20                USB_ResetInterface
 .text.USB_Init
                0x0000000000004da6       0x22 .build/obj_splitography_hiea/./lib/lufa/LUFA/Drivers/USB/Core/AVR8/USBController_AVR8.o
                0x0000000000004da6                USB_Init
 .text.USB_INT_DisableAllInterrupts
                0x0000000000004dc8       0x10 .build/obj_splitography_hiea/./lib/lufa/LUFA/Drivers/USB/Core/AVR8/USBInterrupt_AVR8.o
                0x0000000000004dc8                USB_INT_DisableAllInterrupts
 .text.USB_INT_ClearAllInterrupts
                0x0000000000004dd8        0xa .build/obj_splitography_hiea/./lib/lufa/LUFA/Drivers/USB/Core/AVR8/USBInterrupt_AVR8.o
                0x0000000000004dd8                USB_INT_ClearAllInterrupts
 .text.__vector_10
                0x0000000000004de2      0x1a6 .build/obj_splitography_hiea/./lib/lufa/LUFA/Drivers/USB/Core/AVR8/USBInterrupt_AVR8.o
                0x0000000000004de2                __vector_10
 .text.__vector_11
                0x0000000000004f88       0x78 .build/obj_splitography_hiea/./lib/lufa/LUFA/Drivers/USB/Core/AVR8/USBInterrupt_AVR8.o
                0x0000000000004f88                __vector_11
 .text.USB_Device_ProcessControlRequest
                0x0000000000005000      0x2b6 .build/obj_splitography_hiea/./lib/lufa/LUFA/Drivers/USB/Core/DeviceStandardReq.o
                0x0000000000005000                USB_Device_ProcessControlRequest
 .text.USB_Event_Stub
                0x00000000000052b6        0x2 .build/obj_splitography_hiea/./lib/lufa/LUFA/Drivers/USB/Core/Events.o
                0x00000000000052b6                USB_Event_Stub
                0x00000000000052b6                EVENT_USB_Device_StartOfFrame
 .text.USB_USBTask
                0x00000000000052b8       0x38 .build/obj_splitography_hiea/./lib/lufa/LUFA/Drivers/USB/Core/USBTask.o
                0x00000000000052b8                USB_USBTask
 .text.CDC_Device_Flush
                0x00000000000052f0       0x62 .build/obj_splitography_hiea/./lib/lufa/LUFA/Drivers/USB/Class/Device/CDCClassDevice.o
                0x00000000000052f0                CDC_Device_Flush
 .text.CDC_Device_USBTask
                0x0000000000005352       0x2e .build/obj_splitography_hiea/./lib/lufa/LUFA/Drivers/USB/Class/Device/CDCClassDevice.o
                0x0000000000005352                CDC_Device_USBTask
 .text.CDC_Device_BytesReceived
                0x0000000000005380       0x5e .build/obj_splitography_hiea/./lib/lufa/LUFA/Drivers/USB/Class/Device/CDCClassDevice.o
                0x0000000000005380                CDC_Device_BytesReceived
 .text.CDC_Device_ReceiveByte
                0x00000000000053de       0x6c .build/obj_splitography_hiea/./lib/lufa/LUFA/Drivers/USB/Class/Device/CDCClassDevice.o
                0x00000000000053de                CDC_Device_ReceiveByte
 .text.CDC_Device_SendControlLineStateChange
                0x000000000000544a       0x8e .build/obj_splitography_hiea/./lib/lufa/LUFA/Drivers/USB/Class/Device/CDCClassDevice.o
                0x000000000000544a                CDC_Device_SendControlLineStateChange
 .text.CDC_Device_Event_Stub
                0x00000000000054d8        0x2 .build/obj_splitography_hiea/./lib/lufa/LUFA/Drivers/USB/Class/Device/CDCClassDevice.o
                0x00000000000054d8                EVENT_CDC_Device_LineEncodingChanged
                0x00000000000054d8                EVENT_CDC_Device_ControLineStateChanged
                0x00000000000054d8                EVENT_CDC_Device_BreakSent
                0x00000000000054d8                CDC_Device_Event_Stub
 .text.CDC_Device_ProcessControlRequest
                0x00000000000054da      0x164 .build/obj_splitography_hiea/./lib/lufa/LUFA/Drivers/USB/Class/Device/CDCClassDevice.o
                0x00000000000054da                CDC_Device_ProcessControlRequest
 .text.libgcc.div
                0x000000000000563e       0x18 /usr/lib/gcc/avr/7.3.0/avr5/libgcc.a(_udivmodqi4.o)
                0x000000000000563e                __udivmodqi4
 .text.libgcc.div
                0x0000000000005656       0x28 /usr/lib/gcc/avr/7.3.0/avr5/libgcc.a(_divmodhi4.o)
                0x0000000000005656                __divmodhi4
                0x0000000000005656                _div
 .text.libgcc   0x000000000000567e        0xc /usr/lib/gcc/avr/7.3.0/avr5/libgcc.a(_tablejump2.o)
                0x000000000000567e                __tablejump2__
 .text.libgcc.div
                0x000000000000568a       0x28 /usr/lib/gcc/avr/7.3.0/avr5/libgcc.a(_udivmodhi4.o)
                0x000000000000568a                __udivmodhi4
 .text.avr-libc
                0x00000000000056b2       0x10 /usr/lib/gcc/avr/7.3.0/../../../../avr/lib/avr5/libatmega32u4.a(eerd_byte.o)
                0x00000000000056b2                eeprom_read_byte
 .text.avr-libc
                0x00000000000056c2        0xc /usr/lib/gcc/avr/7.3.0/../../../../avr/lib/avr5/libatmega32u4.a(eerd_word.o)
                0x00000000000056c2                eeprom_read_word
 .text.avr-libc
                0x00000000000056ce       0x24 /usr/lib/gcc/avr/7.3.0/../../../../avr/lib/avr5/libatmega32u4.a(eeupd_byte.o)
                0x00000000000056ce                eeprom_update_byte
                0x00000000000056d0                eeprom_update_r18
 .text.avr-libc
                0x00000000000056f2        0xc /usr/lib/gcc/avr/7.3.0/../../../../avr/lib/avr5/libatmega32u4.a(eeupd_word.o)
                0x00000000000056f2                eeprom_update_word
 .text.avr-libc
                0x00000000000056fe       0x20 /usr/lib/gcc/avr/7.3.0/../../../../avr/lib/avr5/libatmega32u4.a(eerd_block.o)
                0x00000000000056fe                eeprom_read_block
                0x0000000000005702                eeprom_read_blraw
                0x000000000000571e                . = ALIGN (0x2)
 *(.fini9)
 .fini9         0x000000000000571e        0x0 /usr/lib/gcc/avr/7.3.0/avr5/libgcc.a(_exit.o)
                0x000000000000571e                exit
                0x000000000000571e                _exit
 *(.fini9)
 *(.fini8)
 *(.fini8)
 *(.fini7)
 *(.fini7)
 *(.fini6)
 *(.fini6)
 *(.fini5)
 *(.fini5)
 *(.fini4)
 *(.fini4)
 *(.fini3)
 *(.fini3)
 *(.fini2)
 *(.fini2)
 *(.fini1)
 *(.fini1)
 *(.fini0)
 .fini0         0x000000000000571e        0x4 /usr/lib/gcc/avr/7.3.0/avr5/libgcc.a(_exit.o)
 *(.fini0)
 *(.hightext)
 *(.hightext*)
 *(.progmemx.*)
                0x0000000000005722                . = ALIGN (0x2)
 *(.jumptables)
 *(.jumptables*)
                0x0000000000005722                _etext = .

.data           0x0000000000800100      0x238 load address 0x0000000000005722
                0x0000000000800100                PROVIDE (__data_start = .)
 *(.data)
 *(.data*)
 .data.tap_dance_actions
                0x0000000000800100      0x1a2 .build/obj_splitography_hiea/keyboards/splitography/keymaps/hiea/keymap.o
                0x0000000000800100                tap_dance_actions
 .data.boltmap  0x00000000008002a2       0x40 .build/obj_splitography_hiea/quantum/process_keycode/process_steno.o
                0x00000000008002a2                boltmap
 .data.highest_td
                0x00000000008002e2        0x1 .build/obj_splitography_hiea/quantum/process_keycode/process_tap_dance.o
 .data.keyboard_report
                0x00000000008002e3        0x2 .build/obj_splitography_hiea/common/action_util.o
                0x00000000008002e3                keyboard_report
 .data.mk_wheel_time_to_max
                0x00000000008002e5        0x1 .build/obj_splitography_hiea/common/mousekey.o
                0x00000000008002e5                mk_wheel_time_to_max
 .data.mk_wheel_max_speed
                0x00000000008002e6        0x1 .build/obj_splitography_hiea/common/mousekey.o
                0x00000000008002e6                mk_wheel_max_speed
 .data.mk_time_to_max
                0x00000000008002e7        0x1 .build/obj_splitography_hiea/common/mousekey.o
                0x00000000008002e7                mk_time_to_max
 .data.mk_max_speed
                0x00000000008002e8        0x1 .build/obj_splitography_hiea/common/mousekey.o
                0x00000000008002e8                mk_max_speed
 .data.mk_interval
                0x00000000008002e9        0x1 .build/obj_splitography_hiea/common/mousekey.o
                0x00000000008002e9                mk_interval
 .data.mk_delay
                0x00000000008002ea        0x1 .build/obj_splitography_hiea/common/mousekey.o
                0x00000000008002ea                mk_delay
 .data.cdc_device
                0x00000000008002eb       0x1b .build/obj_splitography_hiea/lufa.o
                0x00000000008002eb                cdc_device
 .data.lufa_driver
                0x0000000000800306        0xa .build/obj_splitography_hiea/lufa.o
                0x0000000000800306                lufa_driver
 .data.keyboard_protocol
                0x0000000000800310        0x1 .build/obj_splitography_hiea/lufa.o
                0x0000000000800310                keyboard_protocol
 *(.gnu.linkonce.d*)
 *(.rodata)
 .rodata        0x0000000000800311        0x8 .build/obj_splitography_hiea/./lib/lufa/LUFA/Drivers/USB/Class/Device/CDCClassDevice.o
 *(.rodata*)
 .rodata.col_pins
                0x0000000000800319        0xc .build/obj_splitography_hiea/quantum/matrix.o
 .rodata.row_pins
                0x0000000000800325        0x4 .build/obj_splitography_hiea/quantum/matrix.o
 .rodata.CSWTCH.3
                0x0000000000800329        0x3 .build/obj_splitography_hiea/descriptor.o
 .rodata.CSWTCH.2
                0x000000000080032c        0x6 .build/obj_splitography_hiea/descriptor.o
 .rodata.CSWTCH.1
                0x0000000000800332        0x6 .build/obj_splitography_hiea/descriptor.o
 *(.gnu.linkonce.r*)
                0x0000000000800338                . = ALIGN (0x2)
                0x0000000000800338                _edata = .
                0x0000000000800338                PROVIDE (__data_end = .)

.bss            0x0000000000800338      0x112
                0x0000000000800338                PROVIDE (__bss_start = .)
 *(.bss)
 *(.bss*)
 .bss.base_n    0x0000000000800338        0x1 .build/obj_splitography_hiea/keyboards/splitography/keymaps/hiea/keymap.o
 .bss.plover    0x0000000000800339        0x1 .build/obj_splitography_hiea/keyboards/splitography/keymaps/hiea/keymap.o
 .bss.tt_keycode
                0x000000000080033a        0x2 .build/obj_splitography_hiea/keyboards/splitography/keymaps/hiea/keymap.o
 .bss.overlayer
                0x000000000080033c        0x1 .build/obj_splitography_hiea/keyboards/splitography/keymaps/hiea/keymap.o
 .bss.thumb     0x000000000080033d        0x1 .build/obj_splitography_hiea/keyboards/splitography/keymaps/hiea/keymap.o
 .bss.dt_shift  0x000000000080033e        0x1 .build/obj_splitography_hiea/keyboards/splitography/keymaps/hiea/keymap.o
 .bss.mods      0x000000000080033f        0x1 .build/obj_splitography_hiea/keyboards/splitography/keymaps/hiea/keymap.o
 .bss.key_timer
                0x0000000000800340        0x2 .build/obj_splitography_hiea/keyboards/splitography/keymaps/hiea/keymap.o
 .bss.grave_esc_was_shifted
                0x0000000000800342        0x1 .build/obj_splitography_hiea/quantum/quantum.o
 .bss.scs_timer
                0x0000000000800343        0x4 .build/obj_splitography_hiea/quantum/quantum.o
 .bss.shift_interrupted
                0x0000000000800347        0x2 .build/obj_splitography_hiea/quantum/quantum.o
 .bss.leader_sequence_size
                0x0000000000800349        0x1 .build/obj_splitography_hiea/quantum/process_keycode/process_leader.o
                0x0000000000800349                leader_sequence_size
 .bss.leader_sequence
                0x000000000080034a        0xa .build/obj_splitography_hiea/quantum/process_keycode/process_leader.o
                0x000000000080034a                leader_sequence
 .bss.leader_time
                0x0000000000800354        0x2 .build/obj_splitography_hiea/quantum/process_keycode/process_leader.o
                0x0000000000800354                leader_time
 .bss.leading   0x0000000000800356        0x1 .build/obj_splitography_hiea/quantum/process_keycode/process_leader.o
                0x0000000000800356                leading
 .bss.matrix_debouncing
                0x0000000000800357        0x8 .build/obj_splitography_hiea/quantum/matrix.o
 .bss.matrix    0x000000000080035f        0x8 .build/obj_splitography_hiea/quantum/matrix.o
 .bss.debouncing
                0x0000000000800367        0x1 .build/obj_splitography_hiea/quantum/matrix.o
 .bss.debouncing_time
                0x0000000000800368        0x2 .build/obj_splitography_hiea/quantum/matrix.o
 .bss.pressed   0x000000000080036a        0x1 .build/obj_splitography_hiea/quantum/process_keycode/process_steno.o
                0x000000000080036a                pressed
 .bss.state     0x000000000080036b        0x6 .build/obj_splitography_hiea/quantum/process_keycode/process_steno.o
                0x000000000080036b                state
 .bss.last_td   0x0000000000800371        0x2 .build/obj_splitography_hiea/quantum/process_keycode/process_tap_dance.o
 .bss.last_consumer_report
                0x0000000000800373        0x2 .build/obj_splitography_hiea/common/host.o
 .bss.last_system_report
                0x0000000000800375        0x2 .build/obj_splitography_hiea/common/host.o
 .bss.driver    0x0000000000800377        0x2 .build/obj_splitography_hiea/common/host.o
 .bss.led_status.5576
                0x0000000000800379        0x1 .build/obj_splitography_hiea/common/keyboard.o
 .bss.matrix_prev.5575
                0x000000000080037a        0x8 .build/obj_splitography_hiea/common/keyboard.o
 .bss.disable_action_cache
                0x0000000000800382        0x1 .build/obj_splitography_hiea/common/action.o
                0x0000000000800382                disable_action_cache
 .bss.waiting_buffer_tail
                0x0000000000800383        0x1 .build/obj_splitography_hiea/common/action_tapping.o
 .bss.waiting_buffer_head
                0x0000000000800384        0x1 .build/obj_splitography_hiea/common/action_tapping.o
 .bss.waiting_buffer
                0x0000000000800385       0x30 .build/obj_splitography_hiea/common/action_tapping.o
 .bss.tapping_key
                0x00000000008003b5        0x6 .build/obj_splitography_hiea/common/action_tapping.o
 .bss.source_layers_cache
                0x00000000008003bb       0x1e .build/obj_splitography_hiea/common/action_layer.o
                0x00000000008003bb                source_layers_cache
 .bss.layer_state
                0x00000000008003d9        0x4 .build/obj_splitography_hiea/common/action_layer.o
                0x00000000008003d9                layer_state
 .bss.default_layer_state
                0x00000000008003dd        0x4 .build/obj_splitography_hiea/common/action_layer.o
                0x00000000008003dd                default_layer_state
 .bss.oneshot_layer_data
                0x00000000008003e1        0x1 .build/obj_splitography_hiea/common/action_util.o
 .bss.oneshot_mods
                0x00000000008003e2        0x1 .build/obj_splitography_hiea/common/action_util.o
 .bss.__compound_literal.0
                0x00000000008003e3       0x20 .build/obj_splitography_hiea/common/action_util.o
 .bss.macro_mods
                0x0000000000800403        0x1 .build/obj_splitography_hiea/common/action_util.o
 .bss.weak_mods
                0x0000000000800404        0x1 .build/obj_splitography_hiea/common/action_util.o
 .bss.real_mods
                0x0000000000800405        0x1 .build/obj_splitography_hiea/common/action_util.o
 .bss.debug_config
                0x0000000000800406        0x1 .build/obj_splitography_hiea/common/debug.o
                0x0000000000800406                debug_config
 .bss.wdt_timeout
                0x0000000000800407        0x1 .build/obj_splitography_hiea/common/avr/suspend.o
 .bss.last_timer
                0x0000000000800408        0x2 .build/obj_splitography_hiea/common/mousekey.o
 .bss.mousekey_accel
                0x000000000080040a        0x1 .build/obj_splitography_hiea/common/mousekey.o
 .bss.mousekey_repeat
                0x000000000080040b        0x1 .build/obj_splitography_hiea/common/mousekey.o
 .bss.mouse_report
                0x000000000080040c        0x5 .build/obj_splitography_hiea/common/mousekey.o
 .bss.keyboard_report_sent
                0x0000000000800411       0x20 .build/obj_splitography_hiea/lufa.o
 .bss.keyboard_led_stats
                0x0000000000800431        0x1 .build/obj_splitography_hiea/lufa.o
 .bss.keyboard_idle
                0x0000000000800432        0x1 .build/obj_splitography_hiea/lufa.o
                0x0000000000800432                keyboard_idle
 .bss.desired_output
                0x0000000000800433        0x1 .build/obj_splitography_hiea/outputselect.o
                0x0000000000800433                desired_output
 *(COMMON)
 COMMON         0x0000000000800434        0x1 .build/obj_splitography_hiea/quantum/process_keycode/process_steno.o
                0x0000000000800434                mode
 COMMON         0x0000000000800435        0x2 .build/obj_splitography_hiea/common/action.o
                0x0000000000800435                tp_buttons
 COMMON         0x0000000000800437        0x4 .build/obj_splitography_hiea/common/avr/timer.o
                0x0000000000800437                timer_count
 COMMON         0x000000000080043b        0x2 .build/obj_splitography_hiea/common/magic.o
                0x000000000080043b                keymap_config
 COMMON         0x000000000080043d        0x3 .build/obj_splitography_hiea/./lib/lufa/LUFA/Drivers/USB/Core/DeviceStandardReq.o
                0x000000000080043d                USB_Device_ConfigurationNumber
                0x000000000080043e                USB_Device_CurrentlySelfPowered
                0x000000000080043f                USB_Device_RemoteWakeupEnabled
 COMMON         0x0000000000800440        0xa .build/obj_splitography_hiea/./lib/lufa/LUFA/Drivers/USB/Core/USBTask.o
                0x0000000000800440                USB_IsInitialized
                0x0000000000800441                USB_DeviceState
                0x0000000000800442                USB_ControlRequest
                0x000000000080044a                PROVIDE (__bss_end = .)
                0x0000000000005722                __data_load_start = LOADADDR (.data)
                0x000000000000595a                __data_load_end = (__data_load_start + SIZEOF (.data))

.noinit         0x000000000080044a        0x4
                [!provide]                        PROVIDE (__noinit_start = .)
 *(.noinit*)
 .noinit        0x000000000080044a        0x4 .build/obj_splitography_hiea/common/avr/bootloader.o
                0x000000000080044a                reset_key
                [!provide]                        PROVIDE (__noinit_end = .)
                0x000000000080044e                _end = .
                [!provide]                        PROVIDE (__heap_start = .)

.eeprom         0x0000000000810000        0x0
 *(.eeprom*)
                0x0000000000810000                __eeprom_end = .

.fuse
 *(.fuse)
 *(.lfuse)
 *(.hfuse)
 *(.efuse)

.lock
 *(.lock*)

.signature
 *(.signature*)

.stab
 *(.stab)

.stabstr        0x0000000000000000       0x6f
 *(.stabstr)
 .stabstr       0x0000000000000000       0x6f .build/obj_splitography_hiea/common/avr/xprintf.o

.stab.excl
 *(.stab.excl)

.stab.exclstr
 *(.stab.exclstr)

.stab.index
 *(.stab.index)

.stab.indexstr
 *(.stab.indexstr)

.comment        0x0000000000000000       0x11
 *(.comment)
 .comment       0x0000000000000000       0x11 .build/obj_splitography_hiea/keyboards/splitography/splitography.o
                                         0x12 (size before relaxing)
 .comment       0x0000000000000011       0x12 .build/obj_splitography_hiea/keyboards/splitography/keymaps/hiea/keymap.o
 .comment       0x0000000000000011       0x12 .build/obj_splitography_hiea/quantum/quantum.o
 .comment       0x0000000000000011       0x12 .build/obj_splitography_hiea/quantum/keymap_common.o
 .comment       0x0000000000000011       0x12 .build/obj_splitography_hiea/quantum/keycode_config.o
 .comment       0x0000000000000011       0x12 .build/obj_splitography_hiea/quantum/process_keycode/process_leader.o
 .comment       0x0000000000000011       0x12 .build/obj_splitography_hiea/quantum/matrix.o
 .comment       0x0000000000000011       0x12 .build/obj_splitography_hiea/quantum/process_keycode/process_steno.o
 .comment       0x0000000000000011       0x12 .build/obj_splitography_hiea/quantum/process_keycode/process_tap_dance.o
 .comment       0x0000000000000011       0x12 .build/obj_splitography_hiea/common/host.o
 .comment       0x0000000000000011       0x12 .build/obj_splitography_hiea/common/keyboard.o
 .comment       0x0000000000000011       0x12 .build/obj_splitography_hiea/common/action.o
 .comment       0x0000000000000011       0x12 .build/obj_splitography_hiea/common/action_tapping.o
 .comment       0x0000000000000011       0x12 .build/obj_splitography_hiea/common/action_macro.o
 .comment       0x0000000000000011       0x12 .build/obj_splitography_hiea/common/action_layer.o
 .comment       0x0000000000000011       0x12 .build/obj_splitography_hiea/common/action_util.o
 .comment       0x0000000000000011       0x12 .build/obj_splitography_hiea/common/debug.o
 .comment       0x0000000000000011       0x12 .build/obj_splitography_hiea/common/eeconfig.o
 .comment       0x0000000000000011       0x12 .build/obj_splitography_hiea/common/report.o
 .comment       0x0000000000000011       0x12 .build/obj_splitography_hiea/common/avr/suspend.o
 .comment       0x0000000000000011       0x12 .build/obj_splitography_hiea/common/avr/timer.o
 .comment       0x0000000000000011       0x12 .build/obj_splitography_hiea/common/avr/bootloader.o
 .comment       0x0000000000000011       0x12 .build/obj_splitography_hiea/common/magic.o
 .comment       0x0000000000000011       0x12 .build/obj_splitography_hiea/common/mousekey.o
 .comment       0x0000000000000011       0x12 .build/obj_splitography_hiea/lufa.o
 .comment       0x0000000000000011       0x12 .build/obj_splitography_hiea/descriptor.o
 .comment       0x0000000000000011       0x12 .build/obj_splitography_hiea/outputselect.o
 .comment       0x0000000000000011       0x12 .build/obj_splitography_hiea/./lib/lufa/LUFA/Drivers/USB/Core/AVR8/Device_AVR8.o
 .comment       0x0000000000000011       0x12 .build/obj_splitography_hiea/./lib/lufa/LUFA/Drivers/USB/Core/AVR8/EndpointStream_AVR8.o
 .comment       0x0000000000000011       0x12 .build/obj_splitography_hiea/./lib/lufa/LUFA/Drivers/USB/Core/AVR8/Endpoint_AVR8.o
 .comment       0x0000000000000011       0x12 .build/obj_splitography_hiea/./lib/lufa/LUFA/Drivers/USB/Core/AVR8/USBController_AVR8.o
 .comment       0x0000000000000011       0x12 .build/obj_splitography_hiea/./lib/lufa/LUFA/Drivers/USB/Core/AVR8/USBInterrupt_AVR8.o
 .comment       0x0000000000000011       0x12 .build/obj_splitography_hiea/./lib/lufa/LUFA/Drivers/USB/Core/DeviceStandardReq.o
 .comment       0x0000000000000011       0x12 .build/obj_splitography_hiea/./lib/lufa/LUFA/Drivers/USB/Core/Events.o
 .comment       0x0000000000000011       0x12 .build/obj_splitography_hiea/./lib/lufa/LUFA/Drivers/USB/Core/USBTask.o
 .comment       0x0000000000000011       0x12 .build/obj_splitography_hiea/./lib/lufa/LUFA/Drivers/USB/Class/Device/CDCClassDevice.o

.note.gnu.avr.deviceinfo
                0x0000000000000000       0x40
 .note.gnu.avr.deviceinfo
                0x0000000000000000       0x40 /usr/lib/gcc/avr/7.3.0/../../../../avr/lib/avr5/crtatmega32u4.o

.note.gnu.build-id
 *(.note.gnu.build-id)

.debug
 *(.debug)

.line
 *(.line)

.debug_srcinfo
 *(.debug_srcinfo)

.debug_sfnames
 *(.debug_sfnames)

.debug_aranges  0x0000000000000000      0xdc8
 *(.debug_aranges)
 .debug_aranges
                0x0000000000000000       0x20 .build/obj_splitography_hiea/keyboards/splitography/splitography.o
 .debug_aranges
                0x0000000000000020      0x1a8 .build/obj_splitography_hiea/keyboards/splitography/keymaps/hiea/keymap.o
 .debug_aranges
                0x00000000000001c8      0x108 .build/obj_splitography_hiea/quantum/quantum.o
 .debug_aranges
                0x00000000000002d0       0x40 .build/obj_splitography_hiea/quantum/keymap_common.o
 .debug_aranges
                0x0000000000000310       0x28 .build/obj_splitography_hiea/quantum/keycode_config.o
 .debug_aranges
                0x0000000000000338       0x28 .build/obj_splitography_hiea/quantum/process_keycode/process_leader.o
 .debug_aranges
                0x0000000000000360       0x88 .build/obj_splitography_hiea/quantum/matrix.o
 .debug_aranges
                0x00000000000003e8       0x60 .build/obj_splitography_hiea/quantum/process_keycode/process_steno.o
 .debug_aranges
                0x0000000000000448       0x58 .build/obj_splitography_hiea/quantum/process_keycode/process_tap_dance.o
 .debug_aranges
                0x00000000000004a0       0x60 .build/obj_splitography_hiea/common/host.o
 .debug_aranges
                0x0000000000000500       0x48 .build/obj_splitography_hiea/common/keyboard.o
 .debug_aranges
                0x0000000000000548       0x90 .build/obj_splitography_hiea/common/action.o
 .debug_aranges
                0x00000000000005d8       0x48 .build/obj_splitography_hiea/common/action_tapping.o
 .debug_aranges
                0x0000000000000620       0x20 .build/obj_splitography_hiea/common/action_macro.o
 .debug_aranges
                0x0000000000000640       0xc8 .build/obj_splitography_hiea/common/action_layer.o
 .debug_aranges
                0x0000000000000708      0x120 .build/obj_splitography_hiea/common/action_util.o
 .debug_aranges
                0x0000000000000828       0x18 .build/obj_splitography_hiea/common/debug.o
 .debug_aranges
                0x0000000000000840       0x68 .build/obj_splitography_hiea/common/eeconfig.o
 .debug_aranges
                0x00000000000008a8       0x60 .build/obj_splitography_hiea/common/report.o
 .debug_aranges
                0x0000000000000908       0x48 .build/obj_splitography_hiea/common/avr/suspend.o
 .debug_aranges
                0x0000000000000950       0x50 .build/obj_splitography_hiea/common/avr/timer.o
 .debug_aranges
                0x00000000000009a0       0x28 .build/obj_splitography_hiea/common/avr/bootloader.o
 .debug_aranges
                0x00000000000009c8       0x20 .build/obj_splitography_hiea/common/magic.o
 .debug_aranges
                0x00000000000009e8       0x50 .build/obj_splitography_hiea/common/mousekey.o
 .debug_aranges
                0x0000000000000a38       0xa0 .build/obj_splitography_hiea/lufa.o
 .debug_aranges
                0x0000000000000ad8       0x20 .build/obj_splitography_hiea/descriptor.o
 .debug_aranges
                0x0000000000000af8       0x38 .build/obj_splitography_hiea/outputselect.o
 .debug_aranges
                0x0000000000000b30       0x20 .build/obj_splitography_hiea/./lib/lufa/LUFA/Drivers/USB/Core/AVR8/Device_AVR8.o
 .debug_aranges
                0x0000000000000b50       0xc8 .build/obj_splitography_hiea/./lib/lufa/LUFA/Drivers/USB/Core/AVR8/EndpointStream_AVR8.o
 .debug_aranges
                0x0000000000000c18       0x40 .build/obj_splitography_hiea/./lib/lufa/LUFA/Drivers/USB/Core/AVR8/Endpoint_AVR8.o
 .debug_aranges
                0x0000000000000c58       0x30 .build/obj_splitography_hiea/./lib/lufa/LUFA/Drivers/USB/Core/AVR8/USBController_AVR8.o
 .debug_aranges
                0x0000000000000c88       0x38 .build/obj_splitography_hiea/./lib/lufa/LUFA/Drivers/USB/Core/AVR8/USBInterrupt_AVR8.o
 .debug_aranges
                0x0000000000000cc0       0x20 .build/obj_splitography_hiea/./lib/lufa/LUFA/Drivers/USB/Core/DeviceStandardReq.o
 .debug_aranges
                0x0000000000000ce0       0x20 .build/obj_splitography_hiea/./lib/lufa/LUFA/Drivers/USB/Core/Events.o
 .debug_aranges
                0x0000000000000d00       0x20 .build/obj_splitography_hiea/./lib/lufa/LUFA/Drivers/USB/Core/USBTask.o
 .debug_aranges
                0x0000000000000d20       0xa8 .build/obj_splitography_hiea/./lib/lufa/LUFA/Drivers/USB/Class/Device/CDCClassDevice.o

.debug_pubnames
 *(.debug_pubnames)

.debug_info     0x0000000000000000    0x1c990
 *(.debug_info .gnu.linkonce.wi.*)
 .debug_info    0x0000000000000000      0x9f4 /usr/lib/gcc/avr/7.3.0/../../../../avr/lib/avr5/crtatmega32u4.o
 .debug_info    0x00000000000009f4      0x6cc .build/obj_splitography_hiea/keyboards/splitography/splitography.o
 .debug_info    0x00000000000010c0     0x349e .build/obj_splitography_hiea/keyboards/splitography/keymaps/hiea/keymap.o
 .debug_info    0x000000000000455e     0x264f .build/obj_splitography_hiea/quantum/quantum.o
 .debug_info    0x0000000000006bad     0x1c54 .build/obj_splitography_hiea/quantum/keymap_common.o
 .debug_info    0x0000000000008801      0x615 .build/obj_splitography_hiea/quantum/keycode_config.o
 .debug_info    0x0000000000008e16     0x10e2 .build/obj_splitography_hiea/quantum/process_keycode/process_leader.o
 .debug_info    0x0000000000009ef8      0x76b .build/obj_splitography_hiea/quantum/matrix.o
 .debug_info    0x000000000000a663     0x1560 .build/obj_splitography_hiea/quantum/process_keycode/process_steno.o
 .debug_info    0x000000000000bbc3     0x1587 .build/obj_splitography_hiea/quantum/process_keycode/process_tap_dance.o
 .debug_info    0x000000000000d14a      0x64e .build/obj_splitography_hiea/common/host.o
 .debug_info    0x000000000000d798      0xa52 .build/obj_splitography_hiea/common/keyboard.o
 .debug_info    0x000000000000e1ea     0x1c93 .build/obj_splitography_hiea/common/action.o
 .debug_info    0x000000000000fe7d      0xf3a .build/obj_splitography_hiea/common/action_tapping.o
 .debug_info    0x0000000000010db7      0xa7a .build/obj_splitography_hiea/common/action_macro.o
 .debug_info    0x0000000000011831      0xaf2 .build/obj_splitography_hiea/common/action_layer.o
 .debug_info    0x0000000000012323      0xaa7 .build/obj_splitography_hiea/common/action_util.o
 .debug_info    0x0000000000012dca      0x104 .build/obj_splitography_hiea/common/debug.o
 .debug_info    0x0000000000012ece      0x36f .build/obj_splitography_hiea/common/eeconfig.o
 .debug_info    0x000000000001323d      0x71f .build/obj_splitography_hiea/common/report.o
 .debug_info    0x000000000001395c      0x65d .build/obj_splitography_hiea/common/avr/suspend.o
 .debug_info    0x0000000000013fb9      0x3aa .build/obj_splitography_hiea/common/avr/timer.o
 .debug_info    0x0000000000014363      0x382 .build/obj_splitography_hiea/common/avr/bootloader.o
 .debug_info    0x00000000000146e5      0x4c3 .build/obj_splitography_hiea/common/magic.o
 .debug_info    0x0000000000014ba8      0x824 .build/obj_splitography_hiea/common/mousekey.o
 .debug_info    0x00000000000153cc     0x1a4c .build/obj_splitography_hiea/lufa.o
 .debug_info    0x0000000000016e18      0xb4e .build/obj_splitography_hiea/descriptor.o
 .debug_info    0x0000000000017966      0x51b .build/obj_splitography_hiea/outputselect.o
 .debug_info    0x0000000000017e81      0x18c .build/obj_splitography_hiea/./lib/lufa/LUFA/Drivers/USB/Core/AVR8/Device_AVR8.o
 .debug_info    0x000000000001800d     0x17d8 .build/obj_splitography_hiea/./lib/lufa/LUFA/Drivers/USB/Core/AVR8/EndpointStream_AVR8.o
 .debug_info    0x00000000000197e5      0x64a .build/obj_splitography_hiea/./lib/lufa/LUFA/Drivers/USB/Core/AVR8/Endpoint_AVR8.o
 .debug_info    0x0000000000019e2f      0x54a .build/obj_splitography_hiea/./lib/lufa/LUFA/Drivers/USB/Core/AVR8/USBController_AVR8.o
 .debug_info    0x000000000001a379      0x875 .build/obj_splitography_hiea/./lib/lufa/LUFA/Drivers/USB/Core/AVR8/USBInterrupt_AVR8.o
 .debug_info    0x000000000001abee      0xa6f .build/obj_splitography_hiea/./lib/lufa/LUFA/Drivers/USB/Core/DeviceStandardReq.o
 .debug_info    0x000000000001b65d       0x78 .build/obj_splitography_hiea/./lib/lufa/LUFA/Drivers/USB/Core/Events.o
 .debug_info    0x000000000001b6d5      0x2a7 .build/obj_splitography_hiea/./lib/lufa/LUFA/Drivers/USB/Core/USBTask.o
 .debug_info    0x000000000001b97c     0x1014 .build/obj_splitography_hiea/./lib/lufa/LUFA/Drivers/USB/Class/Device/CDCClassDevice.o

.debug_abbrev   0x0000000000000000     0x5e15
 *(.debug_abbrev)
 .debug_abbrev  0x0000000000000000      0x96a /usr/lib/gcc/avr/7.3.0/../../../../avr/lib/avr5/crtatmega32u4.o
 .debug_abbrev  0x000000000000096a      0x180 .build/obj_splitography_hiea/keyboards/splitography/splitography.o
 .debug_abbrev  0x0000000000000aea      0x3bf .build/obj_splitography_hiea/keyboards/splitography/keymaps/hiea/keymap.o
 .debug_abbrev  0x0000000000000ea9      0x4a6 .build/obj_splitography_hiea/quantum/quantum.o
 .debug_abbrev  0x000000000000134f      0x2a5 .build/obj_splitography_hiea/quantum/keymap_common.o
 .debug_abbrev  0x00000000000015f4      0x11c .build/obj_splitography_hiea/quantum/keycode_config.o
 .debug_abbrev  0x0000000000001710      0x1eb .build/obj_splitography_hiea/quantum/process_keycode/process_leader.o
 .debug_abbrev  0x00000000000018fb      0x369 .build/obj_splitography_hiea/quantum/matrix.o
 .debug_abbrev  0x0000000000001c64      0x2ef .build/obj_splitography_hiea/quantum/process_keycode/process_steno.o
 .debug_abbrev  0x0000000000001f53      0x321 .build/obj_splitography_hiea/quantum/process_keycode/process_tap_dance.o
 .debug_abbrev  0x0000000000002274      0x204 .build/obj_splitography_hiea/common/host.o
 .debug_abbrev  0x0000000000002478      0x2a7 .build/obj_splitography_hiea/common/keyboard.o
 .debug_abbrev  0x000000000000271f      0x3e7 .build/obj_splitography_hiea/common/action.o
 .debug_abbrev  0x0000000000002b06      0x305 .build/obj_splitography_hiea/common/action_tapping.o
 .debug_abbrev  0x0000000000002e0b      0x240 .build/obj_splitography_hiea/common/action_macro.o
 .debug_abbrev  0x000000000000304b      0x29f .build/obj_splitography_hiea/common/action_layer.o
 .debug_abbrev  0x00000000000032ea      0x298 .build/obj_splitography_hiea/common/action_util.o
 .debug_abbrev  0x0000000000003582       0x94 .build/obj_splitography_hiea/common/debug.o
 .debug_abbrev  0x0000000000003616       0xc2 .build/obj_splitography_hiea/common/eeconfig.o
 .debug_abbrev  0x00000000000036d8      0x223 .build/obj_splitography_hiea/common/report.o
 .debug_abbrev  0x00000000000038fb      0x2bf .build/obj_splitography_hiea/common/avr/suspend.o
 .debug_abbrev  0x0000000000003bba      0x182 .build/obj_splitography_hiea/common/avr/timer.o
 .debug_abbrev  0x0000000000003d3c      0x200 .build/obj_splitography_hiea/common/avr/bootloader.o
 .debug_abbrev  0x0000000000003f3c      0x191 .build/obj_splitography_hiea/common/magic.o
 .debug_abbrev  0x00000000000040cd      0x267 .build/obj_splitography_hiea/common/mousekey.o
 .debug_abbrev  0x0000000000004334      0x4f5 .build/obj_splitography_hiea/lufa.o
 .debug_abbrev  0x0000000000004829      0x1d9 .build/obj_splitography_hiea/descriptor.o
 .debug_abbrev  0x0000000000004a02      0x20b .build/obj_splitography_hiea/outputselect.o
 .debug_abbrev  0x0000000000004c0d       0xb6 .build/obj_splitography_hiea/./lib/lufa/LUFA/Drivers/USB/Core/AVR8/Device_AVR8.o
 .debug_abbrev  0x0000000000004cc3      0x20a .build/obj_splitography_hiea/./lib/lufa/LUFA/Drivers/USB/Core/AVR8/EndpointStream_AVR8.o
 .debug_abbrev  0x0000000000004ecd      0x251 .build/obj_splitography_hiea/./lib/lufa/LUFA/Drivers/USB/Core/AVR8/Endpoint_AVR8.o
 .debug_abbrev  0x000000000000511e      0x1af .build/obj_splitography_hiea/./lib/lufa/LUFA/Drivers/USB/Core/AVR8/USBController_AVR8.o
 .debug_abbrev  0x00000000000052cd      0x231 .build/obj_splitography_hiea/./lib/lufa/LUFA/Drivers/USB/Core/AVR8/USBInterrupt_AVR8.o
 .debug_abbrev  0x00000000000054fe      0x2fc .build/obj_splitography_hiea/./lib/lufa/LUFA/Drivers/USB/Core/DeviceStandardReq.o
 .debug_abbrev  0x00000000000057fa       0x44 .build/obj_splitography_hiea/./lib/lufa/LUFA/Drivers/USB/Core/Events.o
 .debug_abbrev  0x000000000000583e      0x198 .build/obj_splitography_hiea/./lib/lufa/LUFA/Drivers/USB/Core/USBTask.o
 .debug_abbrev  0x00000000000059d6      0x43f .build/obj_splitography_hiea/./lib/lufa/LUFA/Drivers/USB/Class/Device/CDCClassDevice.o

.debug_line     0x0000000000000000     0xa7e9
 *(.debug_line .debug_line.* .debug_line_end)
 .debug_line    0x0000000000000000       0x1d /usr/lib/gcc/avr/7.3.0/../../../../avr/lib/avr5/crtatmega32u4.o
 .debug_line    0x000000000000001d      0x227 .build/obj_splitography_hiea/keyboards/splitography/splitography.o
 .debug_line    0x0000000000000244      0xeef .build/obj_splitography_hiea/keyboards/splitography/keymaps/hiea/keymap.o
 .debug_line    0x0000000000001133      0xb34 .build/obj_splitography_hiea/quantum/quantum.o
 .debug_line    0x0000000000001c67      0x4c3 .build/obj_splitography_hiea/quantum/keymap_common.o
 .debug_line    0x000000000000212a      0x1d1 .build/obj_splitography_hiea/quantum/keycode_config.o
 .debug_line    0x00000000000022fb      0x2e0 .build/obj_splitography_hiea/quantum/process_keycode/process_leader.o
 .debug_line    0x00000000000025db      0x34a .build/obj_splitography_hiea/quantum/matrix.o
 .debug_line    0x0000000000002925      0x4d3 .build/obj_splitography_hiea/quantum/process_keycode/process_steno.o
 .debug_line    0x0000000000002df8      0x4ee .build/obj_splitography_hiea/quantum/process_keycode/process_tap_dance.o
 .debug_line    0x00000000000032e6      0x24e .build/obj_splitography_hiea/common/host.o
 .debug_line    0x0000000000003534      0x38f .build/obj_splitography_hiea/common/keyboard.o
 .debug_line    0x00000000000038c3      0x9dc .build/obj_splitography_hiea/common/action.o
 .debug_line    0x000000000000429f      0x5b8 .build/obj_splitography_hiea/common/action_tapping.o
 .debug_line    0x0000000000004857      0x23c .build/obj_splitography_hiea/common/action_macro.o
 .debug_line    0x0000000000004a93      0x43f .build/obj_splitography_hiea/common/action_layer.o
 .debug_line    0x0000000000004ed2      0x526 .build/obj_splitography_hiea/common/action_util.o
 .debug_line    0x00000000000053f8       0x62 .build/obj_splitography_hiea/common/debug.o
 .debug_line    0x000000000000545a      0x179 .build/obj_splitography_hiea/common/eeconfig.o
 .debug_line    0x00000000000055d3      0x319 .build/obj_splitography_hiea/common/report.o
 .debug_line    0x00000000000058ec      0x2ec .build/obj_splitography_hiea/common/avr/suspend.o
 .debug_line    0x0000000000005bd8      0x256 .build/obj_splitography_hiea/common/avr/timer.o
 .debug_line    0x0000000000005e2e      0x1c5 .build/obj_splitography_hiea/common/avr/bootloader.o
 .debug_line    0x0000000000005ff3      0x198 .build/obj_splitography_hiea/common/magic.o