Archive member included to satisfy reference by file (symbol)

/usr/lib/gcc/avr/7.3.0/avr5/libgcc.a(_udivmodqi4.o)
                              .build/obj_splitography_default/quantum/process_keycode/process_steno.o (__udivmodqi4)
/usr/lib/gcc/avr/7.3.0/avr5/libgcc.a(_exit.o)
                              /usr/lib/gcc/avr/7.3.0/../../../../avr/lib/avr5/crtatmega32u4.o (exit)
/usr/lib/gcc/avr/7.3.0/avr5/libgcc.a(_tablejump2.o)
                              .build/obj_splitography_default/keyboards/splitography/keymaps/default/keymap.o (__tablejump2__)
/usr/lib/gcc/avr/7.3.0/avr5/libgcc.a(_copy_data.o)
                              .build/obj_splitography_default/quantum/matrix.o (__do_copy_data)
/usr/lib/gcc/avr/7.3.0/avr5/libgcc.a(_clear_bss.o)
                              .build/obj_splitography_default/keyboards/splitography/keymaps/default/keymap.o (__do_clear_bss)
/usr/lib/gcc/avr/7.3.0/../../../../avr/lib/avr5/libc.a(strlen_P.o)
                              .build/obj_splitography_default/./lib/lufa/LUFA/Drivers/USB/Class/Device/CDCClassDevice.o (__strlen_P)
/usr/lib/gcc/avr/7.3.0/../../../../avr/lib/avr5/libatmega32u4.a(eerd_byte.o)
                              .build/obj_splitography_default/quantum/process_keycode/process_steno.o (eeprom_read_byte)
/usr/lib/gcc/avr/7.3.0/../../../../avr/lib/avr5/libatmega32u4.a(eerd_word.o)
                              .build/obj_splitography_default/common/eeconfig.o (eeprom_read_word)
/usr/lib/gcc/avr/7.3.0/../../../../avr/lib/avr5/libatmega32u4.a(eeupd_byte.o)
                              .build/obj_splitography_default/quantum/process_keycode/process_steno.o (eeprom_update_byte)
/usr/lib/gcc/avr/7.3.0/../../../../avr/lib/avr5/libatmega32u4.a(eeupd_word.o)
                              .build/obj_splitography_default/common/eeconfig.o (eeprom_update_word)
/usr/lib/gcc/avr/7.3.0/../../../../avr/lib/avr5/libatmega32u4.a(eerd_block.o)
                              /usr/lib/gcc/avr/7.3.0/../../../../avr/lib/avr5/libatmega32u4.a(eerd_word.o) (eeprom_read_blraw)

Allocating common symbols
Common symbol       size              file

USB_IsInitialized   0x1               .build/obj_splitography_default/./lib/lufa/LUFA/Drivers/USB/Core/USBTask.o
keymap_config       0x2               .build/obj_splitography_default/common/magic.o
USB_DeviceState     0x1               .build/obj_splitography_default/./lib/lufa/LUFA/Drivers/USB/Core/USBTask.o
USB_Device_ConfigurationNumber
                    0x1               .build/obj_splitography_default/./lib/lufa/LUFA/Drivers/USB/Core/DeviceStandardReq.o
mode                0x1               .build/obj_splitography_default/quantum/process_keycode/process_steno.o
USB_Device_CurrentlySelfPowered
                    0x1               .build/obj_splitography_default/./lib/lufa/LUFA/Drivers/USB/Core/DeviceStandardReq.o
USB_ControlRequest  0x8               .build/obj_splitography_default/./lib/lufa/LUFA/Drivers/USB/Core/USBTask.o
tp_buttons          0x2               .build/obj_splitography_default/common/action.o
USB_Device_RemoteWakeupEnabled
                    0x1               .build/obj_splitography_default/./lib/lufa/LUFA/Drivers/USB/Core/DeviceStandardReq.o
timer_count         0x4               .build/obj_splitography_default/common/avr/timer.o

Discarded input sections

 .data          0x0000000000000000        0x0 /usr/lib/gcc/avr/7.3.0/../../../../avr/lib/avr5/crtatmega32u4.o
 .bss           0x0000000000000000        0x0 /usr/lib/gcc/avr/7.3.0/../../../../avr/lib/avr5/crtatmega32u4.o
 .text          0x0000000000000000        0x0 .build/obj_splitography_default/keyboards/splitography/splitography.o
 .data          0x0000000000000000        0x0 .build/obj_splitography_default/keyboards/splitography/splitography.o
 .bss           0x0000000000000000        0x0 .build/obj_splitography_default/keyboards/splitography/splitography.o
 .text          0x0000000000000000        0x0 .build/obj_splitography_default/keyboards/splitography/keymaps/default/keymap.o
 .data          0x0000000000000000        0x0 .build/obj_splitography_default/keyboards/splitography/keymaps/default/keymap.o
 .bss           0x0000000000000000        0x0 .build/obj_splitography_default/keyboards/splitography/keymaps/default/keymap.o
 .avr.prop      0x0000000000000000       0x16 .build/obj_splitography_default/keyboards/splitography/keymaps/default/keymap.o
 .text          0x0000000000000000        0x0 .build/obj_splitography_default/quantum/quantum.o
 .data          0x0000000000000000        0x0 .build/obj_splitography_default/quantum/quantum.o
 .bss           0x0000000000000000        0x0 .build/obj_splitography_default/quantum/quantum.o
 .text.do_code16
                0x0000000000000000       0x6c .build/obj_splitography_default/quantum/quantum.o
 .text.qk_register_weak_mods
                0x0000000000000000       0x16 .build/obj_splitography_default/quantum/quantum.o
 .text.qk_register_mods
[...]
Memory Configuration

Name             Origin             Length             Attributes
text             0x0000000000000000 0x0000000000020000 xr
data             0x0000000000800060 0x000000000000ffa0 rw !x
eeprom           0x0000000000810000 0x0000000000010000 rw !x
fuse             0x0000000000820000 0x0000000000000400 rw !x
lock             0x0000000000830000 0x0000000000000400 rw !x
signature        0x0000000000840000 0x0000000000000400 rw !x
user_signatures  0x0000000000850000 0x0000000000000400 rw !x
*default*        0x0000000000000000 0xffffffffffffffff

Linker script and memory map

Address of section .data set to 0x800100
LOAD /usr/lib/gcc/avr/7.3.0/../../../../avr/lib/avr5/crtatmega32u4.o
LOAD .build/obj_splitography_default/keyboards/splitography/splitography.o
LOAD .build/obj_splitography_default/keyboards/splitography/keymaps/default/keymap.o
LOAD .build/obj_splitography_default/quantum/quantum.o
LOAD .build/obj_splitography_default/quantum/keymap_common.o
LOAD .build/obj_splitography_default/quantum/keycode_config.o
LOAD .build/obj_splitography_default/quantum/process_keycode/process_leader.o
LOAD .build/obj_splitography_default/quantum/matrix.o
LOAD .build/obj_splitography_default/quantum/process_keycode/process_steno.o
LOAD .build/obj_splitography_default/common/host.o
LOAD .build/obj_splitography_default/common/keyboard.o
LOAD .build/obj_splitography_default/common/action.o
LOAD .build/obj_splitography_default/common/action_tapping.o
LOAD .build/obj_splitography_default/common/action_macro.o
LOAD .build/obj_splitography_default/common/action_layer.o
LOAD .build/obj_splitography_default/common/action_util.o
LOAD .build/obj_splitography_default/common/print.o
LOAD .build/obj_splitography_default/common/debug.o
LOAD .build/obj_splitography_default/common/util.o
LOAD .build/obj_splitography_default/common/eeconfig.o
LOAD .build/obj_splitography_default/common/report.o
LOAD .build/obj_splitography_default/common/avr/suspend.o
LOAD .build/obj_splitography_default/common/avr/timer.o
LOAD .build/obj_splitography_default/common/avr/bootloader.o
LOAD .build/obj_splitography_default/common/avr/xprintf.o
LOAD .build/obj_splitography_default/common/magic.o
LOAD .build/obj_splitography_default/lufa.o
LOAD .build/obj_splitography_default/descriptor.o
LOAD .build/obj_splitography_default/outputselect.o
LOAD .build/obj_splitography_default/./lib/lufa/LUFA/Drivers/USB/Class/Common/HIDParser.o
LOAD .build/obj_splitography_default/./lib/lufa/LUFA/Drivers/USB/Core/AVR8/Device_AVR8.o
LOAD .build/obj_splitography_default/./lib/lufa/LUFA/Drivers/USB/Core/AVR8/EndpointStream_AVR8.o
LOAD .build/obj_splitography_default/./lib/lufa/LUFA/Drivers/USB/Core/AVR8/Endpoint_AVR8.o
LOAD .build/obj_splitography_default/./lib/lufa/LUFA/Drivers/USB/Core/AVR8/Host_AVR8.o
LOAD .build/obj_splitography_default/./lib/lufa/LUFA/Drivers/USB/Core/AVR8/PipeStream_AVR8.o
LOAD .build/obj_splitography_default/./lib/lufa/LUFA/Drivers/USB/Core/AVR8/Pipe_AVR8.o
LOAD .build/obj_splitography_default/./lib/lufa/LUFA/Drivers/USB/Core/AVR8/USBController_AVR8.o
LOAD .build/obj_splitography_default/./lib/lufa/LUFA/Drivers/USB/Core/AVR8/USBInterrupt_AVR8.o
LOAD .build/obj_splitography_default/./lib/lufa/LUFA/Drivers/USB/Core/ConfigDescriptors.o
LOAD .build/obj_splitography_default/./lib/lufa/LUFA/Drivers/USB/Core/DeviceStandardReq.o
LOAD .build/obj_splitography_default/./lib/lufa/LUFA/Drivers/USB/Core/Events.o
LOAD .build/obj_splitography_default/./lib/lufa/LUFA/Drivers/USB/Core/HostStandardReq.o
LOAD .build/obj_splitography_default/./lib/lufa/LUFA/Drivers/USB/Core/USBTask.o
LOAD .build/obj_splitography_default/./lib/lufa/LUFA/Drivers/USB/Class/Device/CDCClassDevice.o
LOAD /usr/lib/gcc/avr/7.3.0/../../../../avr/lib/avr5/libm.a
START GROUP
LOAD /usr/lib/gcc/avr/7.3.0/avr5/libgcc.a
LOAD /usr/lib/gcc/avr/7.3.0/../../../../avr/lib/avr5/libm.a
LOAD /usr/lib/gcc/avr/7.3.0/../../../../avr/lib/avr5/libc.a
LOAD /usr/lib/gcc/avr/7.3.0/../../../../avr/lib/avr5/libatmega32u4.a
END GROUP
                0x0000000000020000                __TEXT_REGION_LENGTH__ = DEFINED (__TEXT_REGION_LENGTH__)?__TEXT_REGION_LENGTH__:0x20000
                0x000000000000ffa0                __DATA_REGION_LENGTH__ = DEFINED (__DATA_REGION_LENGTH__)?__DATA_REGION_LENGTH__:0xffa0
                0x0000000000010000                __EEPROM_REGION_LENGTH__ = DEFINED (__EEPROM_REGION_LENGTH__)?__EEPROM_REGION_LENGTH__:0x10000
                0x0000000000000400                __FUSE_REGION_LENGTH__ = DEFINED (__FUSE_REGION_LENGTH__)?__FUSE_REGION_LENGTH__:0x400
                0x0000000000000400                __LOCK_REGION_LENGTH__ = DEFINED (__LOCK_REGION_LENGTH__)?__LOCK_REGION_LENGTH__:0x400
                0x0000000000000400                __SIGNATURE_REGION_LENGTH__ = DEFINED (__SIGNATURE_REGION_LENGTH__)?__SIGNATURE_REGION_LENGTH__:0x400
                0x0000000000000400                __USER_SIGNATURE_REGION_LENGTH__ = DEFINED (__USER_SIGNATURE_REGION_LENGTH__)?__USER_SIGNATURE_REGION_LENGTH__:0x400

.hash
 *(.hash)

.dynsym
 *(.dynsym)

.dynstr
 *(.dynstr)

.gnu.version
 *(.gnu.version)

.gnu.version_d
 *(.gnu.version_d)

.gnu.version_r
 *(.gnu.version_r)

.rel.init
 *(.rel.init)

.rela.init
 *(.rela.init)

.rel.text
 *(.rel.text)
 *(.rel.text.*)
 *(.rel.gnu.linkonce.t*)

.rela.text
 *(.rela.text)
 *(.rela.text.*)
 *(.rela.gnu.linkonce.t*)

.rel.fini
 *(.rel.fini)

.rela.fini
 *(.rela.fini)

.rel.rodata
 *(.rel.rodata)
 *(.rel.rodata.*)
 *(.rel.gnu.linkonce.r*)

.rela.rodata
 *(.rela.rodata)
 *(.rela.rodata.*)
 *(.rela.gnu.linkonce.r*)

.rel.data
 *(.rel.data)
 *(.rel.data.*)
 *(.rel.gnu.linkonce.d*)

.rela.data
 *(.rela.data)
 *(.rela.data.*)
 *(.rela.gnu.linkonce.d*)

.rel.ctors
 *(.rel.ctors)

.rela.ctors
 *(.rela.ctors)

.rel.dtors
 *(.rel.dtors)

.rela.dtors
 *(.rela.dtors)

.rel.got
 *(.rel.got)

.rela.got
 *(.rela.got)

.rel.bss
 *(.rel.bss)

.rela.bss
 *(.rela.bss)

.rel.plt
 *(.rel.plt)

.rela.plt
 *(.rela.plt)

.text           0x0000000000000000     0x4166
 *(.vectors)
 .vectors       0x0000000000000000       0xac /usr/lib/gcc/avr/7.3.0/../../../../avr/lib/avr5/crtatmega32u4.o
                0x0000000000000000                __vectors
                0x0000000000000000                __vector_default
 *(.vectors)
 *(.progmem.gcc*)
                0x00000000000000ac                . = ALIGN (0x2)
                0x00000000000000ac                __trampolines_start = .
 *(.trampolines)
 .trampolines   0x00000000000000ac        0x0 linker stubs
 *(.trampolines*)
                0x00000000000000ac                __trampolines_end = .
 *libprintf_flt.a:*(.progmem.data)
 *libc.a:*(.progmem.data)
 *(.progmem.*)
 .progmem.data.keymaps
                0x00000000000000ac      0x2a0 .build/obj_splitography_default/keyboards/splitography/keymaps/default/keymap.o
                0x00000000000000ac                keymaps
 .progmem.data.fn_actions
                0x000000000000034c        0x0 .build/obj_splitography_default/quantum/keymap_common.o
                0x000000000000034c                fn_actions
 .progmem.data.SerialNumberString
                0x000000000000034c        0x6 .build/obj_splitography_default/descriptor.o
                0x000000000000034c                SerialNumberString
 .progmem.data.ProductString
                0x0000000000000352       0x1c .build/obj_splitography_default/descriptor.o
                0x0000000000000352                ProductString
 .progmem.data.ManufacturerString
                0x000000000000036e       0x16 .build/obj_splitography_default/descriptor.o
                0x000000000000036e                ManufacturerString
 .progmem.data.LanguageString
                0x0000000000000384        0x4 .build/obj_splitography_default/descriptor.o
                0x0000000000000384                LanguageString
 .progmem.data.ConfigurationDescriptor
                0x0000000000000388       0x91 .build/obj_splitography_default/descriptor.o
                0x0000000000000388                ConfigurationDescriptor
 .progmem.data.DeviceDescriptor
                0x0000000000000419       0x12 .build/obj_splitography_default/descriptor.o
                0x0000000000000419                DeviceDescriptor
 .progmem.data.NKROReport
                0x000000000000042b       0x39 .build/obj_splitography_default/descriptor.o
                0x000000000000042b                NKROReport
 .progmem.data.ExtrakeyReport
                0x0000000000000464       0x36 .build/obj_splitography_default/descriptor.o
                0x0000000000000464                ExtrakeyReport
 .progmem.data.KeyboardReport
                0x000000000000049a       0x40 .build/obj_splitography_default/descriptor.o
                0x000000000000049a                KeyboardReport
                0x00000000000004da                . = ALIGN (0x2)
 *(.lowtext)
 *(.lowtext*)
                0x00000000000004da                __ctors_start = .
 *(.ctors)
                0x00000000000004da                __ctors_end = .
                0x00000000000004da                __dtors_start = .
 *(.dtors)
                0x00000000000004da                __dtors_end = .
 SORT_BY_NAME(*)(.ctors)
 SORT_BY_NAME(*)(.dtors)
 *(.init0)
 .init0         0x00000000000004da        0x0 /usr/lib/gcc/avr/7.3.0/../../../../avr/lib/avr5/crtatmega32u4.o
                0x00000000000004da                __init
 *(.init0)
 *(.init1)
 *(.init1)
 *(.init2)
 .init2         0x00000000000004da        0xc /usr/lib/gcc/avr/7.3.0/../../../../avr/lib/avr5/crtatmega32u4.o
 *(.init2)
 *(.init3)
 .init3         0x00000000000004e6       0x54 .build/obj_splitography_default/common/avr/bootloader.o
                0x00000000000004e6                bootloader_jump_after_watchdog_reset
 *(.init3)
 *(.init4)
 .init4         0x000000000000053a       0x16 /usr/lib/gcc/avr/7.3.0/avr5/libgcc.a(_copy_data.o)
                0x000000000000053a                __do_copy_data
 .init4         0x0000000000000550       0x10 /usr/lib/gcc/avr/7.3.0/avr5/libgcc.a(_clear_bss.o)
                0x0000000000000550                __do_clear_bss
 *(.init4)
 *(.init5)
 *(.init5)
 *(.init6)
 *(.init6)
 *(.init7)
 *(.init7)
 *(.init8)
 *(.init8)
 *(.init9)
 .init9         0x0000000000000560        0x8 /usr/lib/gcc/avr/7.3.0/../../../../avr/lib/avr5/crtatmega32u4.o
 *(.init9)
 *(.text)
 .text          0x0000000000000568        0x4 /usr/lib/gcc/avr/7.3.0/../../../../avr/lib/avr5/crtatmega32u4.o
                0x0000000000000568                __vector_38
                0x0000000000000568                __vector_22
                0x0000000000000568                __vector_28
                0x0000000000000568                __vector_1
                0x0000000000000568                __vector_32
                0x0000000000000568                __vector_34
                0x0000000000000568                __vector_24
                0x0000000000000568                __bad_interrupt
                0x0000000000000568                __vector_6
                0x0000000000000568                __vector_31
                0x0000000000000568                __vector_35
                0x0000000000000568                __vector_39
                0x0000000000000568                __vector_3
                0x0000000000000568                __vector_23
                0x0000000000000568                __vector_30
                0x0000000000000568                __vector_25
                0x0000000000000568                __vector_13
                0x0000000000000568                __vector_17
                0x0000000000000568                __vector_19
                0x0000000000000568                __vector_7
                0x0000000000000568                __vector_41
                0x0000000000000568                __vector_27
                0x0000000000000568                __vector_5
                0x0000000000000568                __vector_33
                0x0000000000000568                __vector_37
                0x0000000000000568                __vector_4
                0x0000000000000568                __vector_9
                0x0000000000000568                __vector_2
                0x0000000000000568                __vector_15
                0x0000000000000568                __vector_36
                0x0000000000000568                __vector_29
                0x0000000000000568                __vector_40
                0x0000000000000568                __vector_8
                0x0000000000000568                __vector_26
                0x0000000000000568                __vector_14
                0x0000000000000568                __vector_16
                0x0000000000000568                __vector_18
                0x0000000000000568                __vector_20
                0x0000000000000568                __vector_42
                0x000000000000056c                . = ALIGN (0x2)
 *(.text.*)
 .text.matrix_init_kb
                0x000000000000056c        0x4 .build/obj_splitography_default/keyboards/splitography/splitography.o
                0x000000000000056c                matrix_init_kb
 .text.clear_layers
                0x0000000000000570       0x14 .build/obj_splitography_default/keyboards/splitography/keymaps/default/keymap.o
                0x0000000000000570                clear_layers
 .text.qwerty   0x0000000000000584        0xe .build/obj_splitography_default/keyboards/splitography/keymaps/default/keymap.o
                0x0000000000000584                qwerty
 .text.plover   0x0000000000000592       0x38 .build/obj_splitography_default/keyboards/splitography/keymaps/default/keymap.o
                0x0000000000000592                plover
 .text.txbolt   0x00000000000005ca        0xa .build/obj_splitography_default/keyboards/splitography/keymaps/default/keymap.o
                0x00000000000005ca                txbolt
 .text.process_record_user
                0x00000000000005d4       0xba .build/obj_splitography_default/keyboards/splitography/keymaps/default/keymap.o
                0x00000000000005d4                process_record_user
 .text.matrix_init_user
                0x000000000000068e        0x6 .build/obj_splitography_default/keyboards/splitography/keymaps/default/keymap.o
                0x000000000000068e                matrix_init_user
 .text.process_action_kb
                0x0000000000000694        0x4 .build/obj_splitography_default/quantum/quantum.o
                0x0000000000000694                process_action_kb
 .text.process_record_kb
                0x0000000000000698        0x4 .build/obj_splitography_default/quantum/quantum.o
                0x0000000000000698                process_record_kb
 .text.reset_keyboard
                0x000000000000069c       0x1a .build/obj_splitography_default/quantum/quantum.o
                0x000000000000069c                reset_keyboard
 .text.process_record_quantum
                0x00000000000006b6      0x2f6 .build/obj_splitography_default/quantum/quantum.o
                0x00000000000006b6                process_record_quantum
 .text.set_single_persistent_default_layer
                0x00000000000009ac       0x26 .build/obj_splitography_default/quantum/quantum.o
                0x00000000000009ac                set_single_persistent_default_layer
 .text.update_tri_layer
                0x00000000000009d2       0xa2 .build/obj_splitography_default/quantum/quantum.o
                0x00000000000009d2                update_tri_layer
 .text.matrix_init_quantum
                0x0000000000000a74        0x4 .build/obj_splitography_default/quantum/quantum.o
                0x0000000000000a74                matrix_init_quantum
 .text.matrix_scan_quantum
                0x0000000000000a78        0x4 .build/obj_splitography_default/quantum/quantum.o
                0x0000000000000a78                matrix_scan_quantum
 .text.led_set_user
                0x0000000000000a7c        0x2 .build/obj_splitography_default/quantum/quantum.o
                0x0000000000000a7c                led_set_user
 .text.led_set_kb
                0x0000000000000a7e        0x4 .build/obj_splitography_default/quantum/quantum.o
                0x0000000000000a7e                led_set_kb
 .text.led_set  0x0000000000000a82        0x4 .build/obj_splitography_default/quantum/quantum.o
                0x0000000000000a82                led_set
 .text.action_get_macro
                0x0000000000000a86        0x6 .build/obj_splitography_default/quantum/keymap_common.o
                0x0000000000000a86                action_get_macro
 .text.action_function
                0x0000000000000a8c        0x2 .build/obj_splitography_default/quantum/keymap_common.o
                0x0000000000000a8c                action_function
 .text.keymap_key_to_keycode
                0x0000000000000a8e       0x28 .build/obj_splitography_default/quantum/keymap_common.o
                0x0000000000000a8e                keymap_key_to_keycode
 .text.keymap_function_id_to_action
                0x0000000000000ab6       0x10 .build/obj_splitography_default/quantum/keymap_common.o
                0x0000000000000ab6                keymap_function_id_to_action
 .text.action_for_key
                0x0000000000000ac6      0x330 .build/obj_splitography_default/quantum/keymap_common.o
                0x0000000000000ac6                action_for_key
 .text.keycode_config
                0x0000000000000df6      0x100 .build/obj_splitography_default/quantum/keycode_config.o
                0x0000000000000df6                keycode_config
 .text.mod_config
                0x0000000000000ef6       0x5a .build/obj_splitography_default/quantum/keycode_config.o
                0x0000000000000ef6                mod_config
 .text.leader_start
                0x0000000000000f50        0x2 .build/obj_splitography_default/quantum/process_keycode/process_leader.o
                0x0000000000000f50                leader_start
 .text.process_leader
                0x0000000000000f52       0x9e .build/obj_splitography_default/quantum/process_keycode/process_leader.o
                0x0000000000000f52                process_leader
 .text.matrix_scan_user
                0x0000000000000ff0        0x2 .build/obj_splitography_default/quantum/matrix.o
                0x0000000000000ff0                matrix_scan_user
 .text.matrix_scan_kb
                0x0000000000000ff2        0x4 .build/obj_splitography_default/quantum/matrix.o
                0x0000000000000ff2                matrix_scan_kb
 .text.matrix_init
                0x0000000000000ff6       0xc8 .build/obj_splitography_default/quantum/matrix.o
                0x0000000000000ff6                matrix_init
 .text.matrix_scan
                0x00000000000010be      0x182 .build/obj_splitography_default/quantum/matrix.o
                0x00000000000010be                matrix_scan
 .text.matrix_get_row
                0x0000000000001240       0x12 .build/obj_splitography_default/quantum/matrix.o
                0x0000000000001240                matrix_get_row
 .text.matrix_print
                0x0000000000001252        0x2 .build/obj_splitography_default/quantum/matrix.o
                0x0000000000001252                matrix_print
 .text.steno_clear_state
                0x0000000000001254       0x10 .build/obj_splitography_default/quantum/process_keycode/process_steno.o
                0x0000000000001254                steno_clear_state
 .text.steno_init
                0x0000000000001264       0x1a .build/obj_splitography_default/quantum/process_keycode/process_steno.o
                0x0000000000001264                steno_init
 .text.steno_set_mode
                0x000000000000127e       0x18 .build/obj_splitography_default/quantum/process_keycode/process_steno.o
                0x000000000000127e                steno_set_mode
 .text.send_steno_state
                0x0000000000001296       0x3a .build/obj_splitography_default/quantum/process_keycode/process_steno.o
                0x0000000000001296                send_steno_state
 .text.update_state_bolt
                0x00000000000012d0       0x24 .build/obj_splitography_default/quantum/process_keycode/process_steno.o
                0x00000000000012d0                update_state_bolt
 .text.send_state_bolt
                0x00000000000012f4       0x12 .build/obj_splitography_default/quantum/process_keycode/process_steno.o
                0x00000000000012f4                send_state_bolt
 .text.update_state_gemini
                0x0000000000001306       0x30 .build/obj_splitography_default/quantum/process_keycode/process_steno.o
                0x0000000000001306                update_state_gemini
 .text.send_state_gemini
                0x0000000000001336       0x16 .build/obj_splitography_default/quantum/process_keycode/process_steno.o
                0x0000000000001336                send_state_gemini
 .text.process_steno
                0x000000000000134c       0xfa .build/obj_splitography_default/quantum/process_keycode/process_steno.o
                0x000000000000134c                process_steno
 .text.host_set_driver
                0x0000000000001446        0xa .build/obj_splitography_default/common/host.o
                0x0000000000001446                host_set_driver
 .text.host_keyboard_leds
                0x0000000000001450       0x18 .build/obj_splitography_default/common/host.o
                0x0000000000001450                host_keyboard_leds
 .text.host_keyboard_send
                0x0000000000001468       0x16 .build/obj_splitography_default/common/host.o
                0x0000000000001468                host_keyboard_send
 .text.host_system_send
                0x000000000000147e       0x2c .build/obj_splitography_default/common/host.o
                0x000000000000147e                host_system_send
 .text.host_consumer_send
                0x00000000000014aa       0x2c .build/obj_splitography_default/common/host.o
                0x00000000000014aa                host_consumer_send
 .text.matrix_setup
                0x00000000000014d6        0x2 .build/obj_splitography_default/common/keyboard.o
                0x00000000000014d6                matrix_setup
 .text.keyboard_setup
                0x00000000000014d8        0x4 .build/obj_splitography_default/common/keyboard.o
                0x00000000000014d8                keyboard_setup
 .text.is_keyboard_master
                0x00000000000014dc        0x4 .build/obj_splitography_default/common/keyboard.o
                0x00000000000014dc                is_keyboard_master
 .text.keyboard_init
                0x00000000000014e0       0x10 .build/obj_splitography_default/common/keyboard.o
                0x00000000000014e0                keyboard_init
 .text.keyboard_task
                0x00000000000014f0      0x17a .build/obj_splitography_default/common/keyboard.o
                0x00000000000014f0                keyboard_task
 .text.action_exec
                0x000000000000166a       0x54 .build/obj_splitography_default/common/action.o
                0x000000000000166a                action_exec
 .text.register_code
                0x00000000000016be      0x1ee .build/obj_splitography_default/common/action.o
                0x00000000000016be                register_code
 .text.unregister_code
                0x00000000000018ac       0x9e .build/obj_splitography_default/common/action.o
                0x00000000000018ac                unregister_code
 .text.register_mods
                0x000000000000194a        0xe .build/obj_splitography_default/common/action.o
                0x000000000000194a                register_mods
 .text.unregister_mods
                0x0000000000001958        0xe .build/obj_splitography_default/common/action.o
                0x0000000000001958                unregister_mods
 .text.process_action
                0x0000000000001966      0x480 .build/obj_splitography_default/common/action.o
                0x0000000000001966                process_action
 .text.process_record
                0x0000000000001de6       0x62 .build/obj_splitography_default/common/action.o
                0x0000000000001de6                process_record
 .text.clear_keyboard_but_mods
                0x0000000000001e48       0x20 .build/obj_splitography_default/common/action.o
                0x0000000000001e48                clear_keyboard_but_mods
 .text.clear_keyboard
                0x0000000000001e68        0x8 .build/obj_splitography_default/common/action.o
                0x0000000000001e68                clear_keyboard
 .text.is_tap_key
                0x0000000000001e70       0x5e .build/obj_splitography_default/common/action.o
                0x0000000000001e70                is_tap_key
 .text.debug_event
                0x0000000000001ece       0x1e .build/obj_splitography_default/common/action.o
                0x0000000000001ece                debug_event
 .text.debug_record
                0x0000000000001eec       0x20 .build/obj_splitography_default/common/action.o
                0x0000000000001eec                debug_record
 .text.debug_waiting_buffer
                0x0000000000001f0c       0x42 .build/obj_splitography_default/common/action_tapping.o
 .text.debug_tapping_key
                0x0000000000001f4e       0x1c .build/obj_splitography_default/common/action_tapping.o
 .text.waiting_buffer_scan_tap
                0x0000000000001f6a       0xd6 .build/obj_splitography_default/common/action_tapping.o
 .text.process_tapping
                0x0000000000002040      0x38c .build/obj_splitography_default/common/action_tapping.o
 .text.action_tapping_process
                0x00000000000023cc      0x152 .build/obj_splitography_default/common/action_tapping.o
                0x00000000000023cc                action_tapping_process
 .text.action_macro_play
                0x000000000000251e       0xf0 .build/obj_splitography_default/common/action_macro.o
                0x000000000000251e                action_macro_play
 .text.default_layer_state_set_kb
                0x000000000000260e        0x2 .build/obj_splitography_default/common/action_layer.o
                0x000000000000260e                default_layer_state_set_kb
 .text.default_layer_state_set
                0x0000000000002610       0x18 .build/obj_splitography_default/common/action_layer.o
 .text.default_layer_debug
                0x0000000000002628        0x2 .build/obj_splitography_default/common/action_layer.o
                0x0000000000002628                default_layer_debug
 .text.default_layer_set
                0x000000000000262a        0x4 .build/obj_splitography_default/common/action_layer.o
                0x000000000000262a                default_layer_set
 .text.default_layer_or
                0x000000000000262e       0x24 .build/obj_splitography_default/common/action_layer.o
                0x000000000000262e                default_layer_or
 .text.default_layer_and
                0x0000000000002652       0x24 .build/obj_splitography_default/common/action_layer.o
                0x0000000000002652                default_layer_and
 .text.default_layer_xor
                0x0000000000002676       0x24 .build/obj_splitography_default/common/action_layer.o
                0x0000000000002676                default_layer_xor
 .text.layer_state_set_user
                0x000000000000269a        0x4 .build/obj_splitography_default/common/action_layer.o
                0x000000000000269a                layer_state_set_user
 .text.layer_state_set_kb
                0x000000000000269e        0x4 .build/obj_splitography_default/common/action_layer.o
                0x000000000000269e                layer_state_set_kb
 .text.layer_state_set
                0x00000000000026a2       0x18 .build/obj_splitography_default/common/action_layer.o
 .text.layer_clear
                0x00000000000026ba        0xa .build/obj_splitography_default/common/action_layer.o
                0x00000000000026ba                layer_clear
 .text.layer_move
                0x00000000000026c4       0x2a .build/obj_splitography_default/common/action_layer.o
                0x00000000000026c4                layer_move
 .text.layer_on
                0x00000000000026ee       0x42 .build/obj_splitography_default/common/action_layer.o
                0x00000000000026ee                layer_on
 .text.layer_off
                0x0000000000002730       0x46 .build/obj_splitography_default/common/action_layer.o
                0x0000000000002730                layer_off
 .text.layer_invert
                0x0000000000002776       0x42 .build/obj_splitography_default/common/action_layer.o
                0x0000000000002776                layer_invert
 .text.layer_or
                0x00000000000027b8       0x24 .build/obj_splitography_default/common/action_layer.o
                0x00000000000027b8                layer_or
 .text.layer_and
                0x00000000000027dc       0x24 .build/obj_splitography_default/common/action_layer.o
                0x00000000000027dc                layer_and
 .text.layer_xor
                0x0000000000002800       0x24 .build/obj_splitography_default/common/action_layer.o
                0x0000000000002800                layer_xor
 .text.layer_debug
                0x0000000000002824        0x2 .build/obj_splitography_default/common/action_layer.o
                0x0000000000002824                layer_debug
 .text.update_source_layers_cache
                0x0000000000002826       0x5e .build/obj_splitography_default/common/action_layer.o
                0x0000000000002826                update_source_layers_cache
 .text.read_source_layers_cache
                0x0000000000002884       0x56 .build/obj_splitography_default/common/action_layer.o
                0x0000000000002884                read_source_layers_cache
 .text.layer_switch_get_layer
                0x00000000000028da       0x84 .build/obj_splitography_default/common/action_layer.o
                0x00000000000028da                layer_switch_get_layer
 .text.layer_switch_get_action
                0x000000000000295e       0x14 .build/obj_splitography_default/common/action_layer.o
                0x000000000000295e                layer_switch_get_action
 .text.store_or_get_action
                0x0000000000002972       0x48 .build/obj_splitography_default/common/action_layer.o
                0x0000000000002972                store_or_get_action
 .text.add_key  0x00000000000029ba        0xe .build/obj_splitography_default/common/action_util.o
                0x00000000000029ba                add_key
 .text.del_key  0x00000000000029c8        0xe .build/obj_splitography_default/common/action_util.o
                0x00000000000029c8                del_key
 .text.clear_keys
                0x00000000000029d6        0xc .build/obj_splitography_default/common/action_util.o
                0x00000000000029d6                clear_keys
 .text.get_oneshot_layer
                0x00000000000029e2        0xc .build/obj_splitography_default/common/action_util.o
                0x00000000000029e2                get_oneshot_layer
 .text.get_oneshot_layer_state
                0x00000000000029ee        0x8 .build/obj_splitography_default/common/action_util.o
                0x00000000000029ee                get_oneshot_layer_state
 .text.set_oneshot_layer
                0x00000000000029f6       0x12 .build/obj_splitography_default/common/action_util.o
                0x00000000000029f6                set_oneshot_layer
 .text.clear_oneshot_layer_state
                0x0000000000002a08       0x2c .build/obj_splitography_default/common/action_util.o
                0x0000000000002a08                clear_oneshot_layer_state
 .text.is_oneshot_layer_active
                0x0000000000002a34        0xe .build/obj_splitography_default/common/action_util.o
                0x0000000000002a34                is_oneshot_layer_active
 .text.send_keyboard_report
                0x0000000000002a42       0x66 .build/obj_splitography_default/common/action_util.o
                0x0000000000002a42                send_keyboard_report
 .text.get_mods
                0x0000000000002aa8        0x6 .build/obj_splitography_default/common/action_util.o
                0x0000000000002aa8                get_mods
 .text.add_mods
                0x0000000000002aae        0xc .build/obj_splitography_default/common/action_util.o
                0x0000000000002aae                add_mods
 .text.del_mods
                0x0000000000002aba       0x10 .build/obj_splitography_default/common/action_util.o
                0x0000000000002aba                del_mods
 .text.clear_mods
                0x0000000000002aca        0x6 .build/obj_splitography_default/common/action_util.o
                0x0000000000002aca                clear_mods
 .text.add_weak_mods
                0x0000000000002ad0        0xc .build/obj_splitography_default/common/action_util.o
                0x0000000000002ad0                add_weak_mods
 .text.del_weak_mods
                0x0000000000002adc       0x10 .build/obj_splitography_default/common/action_util.o
                0x0000000000002adc                del_weak_mods
 .text.clear_weak_mods
                0x0000000000002aec        0x6 .build/obj_splitography_default/common/action_util.o
                0x0000000000002aec                clear_weak_mods
 .text.add_macro_mods
                0x0000000000002af2        0xc .build/obj_splitography_default/common/action_util.o
                0x0000000000002af2                add_macro_mods
 .text.del_macro_mods
                0x0000000000002afe       0x10 .build/obj_splitography_default/common/action_util.o
                0x0000000000002afe                del_macro_mods
 .text.clear_macro_mods
                0x0000000000002b0e        0x6 .build/obj_splitography_default/common/action_util.o
                0x0000000000002b0e                clear_macro_mods
 .text.set_oneshot_mods
                0x0000000000002b14        0x6 .build/obj_splitography_default/common/action_util.o
                0x0000000000002b14                set_oneshot_mods
 .text.clear_oneshot_mods
                0x0000000000002b1a        0x6 .build/obj_splitography_default/common/action_util.o
                0x0000000000002b1a                clear_oneshot_mods
 .text.eeconfig_init
                0x0000000000002b20       0x3e .build/obj_splitography_default/common/eeconfig.o
                0x0000000000002b20                eeconfig_init
 .text.eeconfig_is_enabled
                0x0000000000002b5e       0x16 .build/obj_splitography_default/common/eeconfig.o
                0x0000000000002b5e                eeconfig_is_enabled
 .text.eeconfig_read_debug
                0x0000000000002b74        0x8 .build/obj_splitography_default/common/eeconfig.o
                0x0000000000002b74                eeconfig_read_debug
 .text.eeconfig_read_default_layer
                0x0000000000002b7c        0x8 .build/obj_splitography_default/common/eeconfig.o
                0x0000000000002b7c                eeconfig_read_default_layer
 .text.eeconfig_update_default_layer
                0x0000000000002b84        0xa .build/obj_splitography_default/common/eeconfig.o
                0x0000000000002b84                eeconfig_update_default_layer
 .text.eeconfig_read_keymap
                0x0000000000002b8e        0x8 .build/obj_splitography_default/common/eeconfig.o
                0x0000000000002b8e                eeconfig_read_keymap
 .text.eeconfig_update_keymap
                0x0000000000002b96        0xa .build/obj_splitography_default/common/eeconfig.o
                0x0000000000002b96                eeconfig_update_keymap
 .text.has_anykey
                0x0000000000002ba0       0x1a .build/obj_splitography_default/common/report.o
                0x0000000000002ba0                has_anykey
 .text.add_key_byte
                0x0000000000002bba       0x34 .build/obj_splitography_default/common/report.o
                0x0000000000002bba                add_key_byte
 .text.del_key_byte
                0x0000000000002bee       0x1a .build/obj_splitography_default/common/report.o
                0x0000000000002bee                del_key_byte
 .text.add_key_bit
                0x0000000000002c08       0x28 .build/obj_splitography_default/common/report.o
                0x0000000000002c08                add_key_bit
 .text.del_key_bit
                0x0000000000002c30       0x2a .build/obj_splitography_default/common/report.o
                0x0000000000002c30                del_key_bit
 .text.add_key_to_report
                0x0000000000002c5a       0x16 .build/obj_splitography_default/common/report.o
                0x0000000000002c5a                add_key_to_report
 .text.del_key_from_report
                0x0000000000002c70       0x16 .build/obj_splitography_default/common/report.o
                0x0000000000002c70                del_key_from_report
 .text.clear_keys_from_report
                0x0000000000002c86       0x10 .build/obj_splitography_default/common/report.o
                0x0000000000002c86                clear_keys_from_report
 .text.suspend_power_down
                0x0000000000002c96       0x58 .build/obj_splitography_default/common/avr/suspend.o
                0x0000000000002c96                suspend_power_down
 .text.matrix_power_up
                0x0000000000002cee        0x2 .build/obj_splitography_default/common/avr/suspend.o
                0x0000000000002cee                matrix_power_up
 .text.matrix_power_down
                0x0000000000002cf0        0x2 .build/obj_splitography_default/common/avr/suspend.o
                0x0000000000002cf0                matrix_power_down
 .text.suspend_wakeup_condition
                0x0000000000002cf2       0x2a .build/obj_splitography_default/common/avr/suspend.o
                0x0000000000002cf2                suspend_wakeup_condition
 .text.suspend_wakeup_init
                0x0000000000002d1c        0xc .build/obj_splitography_default/common/avr/suspend.o
                0x0000000000002d1c                suspend_wakeup_init
 .text.__vector_12
                0x0000000000002d28       0x52 .build/obj_splitography_default/common/avr/suspend.o
                0x0000000000002d28                __vector_12
 .text.timer_init
                0x0000000000002d7a       0x12 .build/obj_splitography_default/common/avr/timer.o
                0x0000000000002d7a                timer_init
 .text.timer_read
                0x0000000000002d8c       0x18 .build/obj_splitography_default/common/avr/timer.o
                0x0000000000002d8c                timer_read
 .text.timer_elapsed
                0x0000000000002da4       0x54 .build/obj_splitography_default/common/avr/timer.o
                0x0000000000002da4                timer_elapsed
 .text.__vector_21
                0x0000000000002df8       0x4c .build/obj_splitography_default/common/avr/timer.o
                0x0000000000002df8                __vector_21
 .text.bootloader_jump
                0x0000000000002e44       0x48 .build/obj_splitography_default/common/avr/bootloader.o
                0x0000000000002e44                bootloader_jump
 .text.magic    0x0000000000002e8c       0x32 .build/obj_splitography_default/common/magic.o
                0x0000000000002e8c                magic
 .text.keyboard_leds
                0x0000000000002ebe        0x6 .build/obj_splitography_default/lufa.o
 .text.send_mouse
                0x0000000000002ec4        0x2 .build/obj_splitography_default/lufa.o
 .text.send_consumer
                0x0000000000002ec6       0x76 .build/obj_splitography_default/lufa.o
 .text.send_system
                0x0000000000002f3c       0x6a .build/obj_splitography_default/lufa.o
 .text.send_keyboard
                0x0000000000002fa6       0xa6 .build/obj_splitography_default/lufa.o
 .text.EVENT_USB_Device_Connect
                0x000000000000304c       0x1c .build/obj_splitography_default/lufa.o
                0x000000000000304c                EVENT_USB_Device_Connect
 .text.EVENT_USB_Device_Disconnect
                0x0000000000003068        0x6 .build/obj_splitography_default/lufa.o
                0x0000000000003068                EVENT_USB_Device_Disconnect
 .text.EVENT_USB_Device_Reset
                0x000000000000306e        0x2 .build/obj_splitography_default/lufa.o
                0x000000000000306e                EVENT_USB_Device_Reset
 .text.EVENT_USB_Device_Suspend
                0x0000000000003070        0x2 .build/obj_splitography_default/lufa.o
                0x0000000000003070                EVENT_USB_Device_Suspend
 .text.EVENT_USB_Device_WakeUp
                0x0000000000003072        0x4 .build/obj_splitography_default/lufa.o
                0x0000000000003072                EVENT_USB_Device_WakeUp
 .text.EVENT_USB_Device_ConfigurationChanged
                0x0000000000003076       0x3c .build/obj_splitography_default/lufa.o
                0x0000000000003076                EVENT_USB_Device_ConfigurationChanged
 .text.EVENT_USB_Device_ControlRequest
                0x00000000000030b2      0x16a .build/obj_splitography_default/lufa.o
                0x00000000000030b2                EVENT_USB_Device_ControlRequest
 .text.virtser_init
                0x000000000000321c       0x14 .build/obj_splitography_default/lufa.o
                0x000000000000321c                virtser_init
 .text.virtser_recv
                0x0000000000003230        0x2 .build/obj_splitography_default/lufa.o
                0x0000000000003230                virtser_recv
 .text.virtser_task
                0x0000000000003232       0x1a .build/obj_splitography_default/lufa.o
                0x0000000000003232                virtser_task
 .text.virtser_send
                0x000000000000324c       0x7c .build/obj_splitography_default/lufa.o
                0x000000000000324c                virtser_send
 .text.startup.main
                0x00000000000032c8       0x86 .build/obj_splitography_default/lufa.o
                0x00000000000032c8                main
 .text.CALLBACK_USB_GetDescriptor
                0x000000000000334e       0xb6 .build/obj_splitography_default/descriptor.o
                0x000000000000334e                CALLBACK_USB_GetDescriptor
 .text.set_output_user
                0x0000000000003404        0x2 .build/obj_splitography_default/outputselect.o
                0x0000000000003404                set_output_user
 .text.set_output
                0x0000000000003406       0x10 .build/obj_splitography_default/outputselect.o
                0x0000000000003406                set_output
 .text.auto_detect_output
                0x0000000000003416       0x10 .build/obj_splitography_default/outputselect.o
                0x0000000000003416                auto_detect_output
 .text.where_to_send
                0x0000000000003426        0xe .build/obj_splitography_default/outputselect.o
                0x0000000000003426                where_to_send
 .text.USB_Device_SendRemoteWakeup
                0x0000000000003434       0x2c .build/obj_splitography_default/./lib/lufa/LUFA/Drivers/USB/Core/AVR8/Device_AVR8.o
                0x0000000000003434                USB_Device_SendRemoteWakeup
 .text.Endpoint_Write_Stream_LE
                0x0000000000003460       0x9e .build/obj_splitography_default/./lib/lufa/LUFA/Drivers/USB/Core/AVR8/EndpointStream_AVR8.o
                0x0000000000003460                Endpoint_Write_Stream_LE
 .text.Endpoint_Write_Control_Stream_LE
                0x00000000000034fe       0xbe .build/obj_splitography_default/./lib/lufa/LUFA/Drivers/USB/Core/AVR8/EndpointStream_AVR8.o
                0x00000000000034fe                Endpoint_Write_Control_Stream_LE
 .text.Endpoint_Write_Control_PStream_LE
                0x00000000000035bc       0xc0 .build/obj_splitography_default/./lib/lufa/LUFA/Drivers/USB/Core/AVR8/EndpointStream_AVR8.o
                0x00000000000035bc                Endpoint_Write_Control_PStream_LE
 .text.Endpoint_ConfigureEndpoint_Prv
                0x000000000000367c       0x68 .build/obj_splitography_default/./lib/lufa/LUFA/Drivers/USB/Core/AVR8/Endpoint_AVR8.o
                0x000000000000367c                Endpoint_ConfigureEndpoint_Prv
 .text.Endpoint_ClearStatusStage
                0x00000000000036e4       0x3e .build/obj_splitography_default/./lib/lufa/LUFA/Drivers/USB/Core/AVR8/Endpoint_AVR8.o
                0x00000000000036e4                Endpoint_ClearStatusStage
 .text.Endpoint_WaitUntilReady
                0x0000000000003722       0x5e .build/obj_splitography_default/./lib/lufa/LUFA/Drivers/USB/Core/AVR8/Endpoint_AVR8.o
                0x0000000000003722                Endpoint_WaitUntilReady
 .text.USB_Disable
                0x0000000000003780       0x34 .build/obj_splitography_default/./lib/lufa/LUFA/Drivers/USB/Core/AVR8/USBController_AVR8.o
                0x0000000000003780                USB_Disable
 .text.USB_ResetInterface
                0x00000000000037b4       0x86 .build/obj_splitography_default/./lib/lufa/LUFA/Drivers/USB/Core/AVR8/USBController_AVR8.o
                0x00000000000037b4                USB_ResetInterface
 .text.USB_Init
                0x000000000000383a       0x22 .build/obj_splitography_default/./lib/lufa/LUFA/Drivers/USB/Core/AVR8/USBController_AVR8.o
                0x000000000000383a                USB_Init
 .text.USB_INT_DisableAllInterrupts
                0x000000000000385c       0x10 .build/obj_splitography_default/./lib/lufa/LUFA/Drivers/USB/Core/AVR8/USBInterrupt_AVR8.o
                0x000000000000385c                USB_INT_DisableAllInterrupts
 .text.USB_INT_ClearAllInterrupts
                0x000000000000386c        0xa .build/obj_splitography_default/./lib/lufa/LUFA/Drivers/USB/Core/AVR8/USBInterrupt_AVR8.o
                0x000000000000386c                USB_INT_ClearAllInterrupts
 .text.__vector_10
                0x0000000000003876      0x1a6 .build/obj_splitography_default/./lib/lufa/LUFA/Drivers/USB/Core/AVR8/USBInterrupt_AVR8.o
                0x0000000000003876                __vector_10
 .text.__vector_11
                0x0000000000003a1c       0x78 .build/obj_splitography_default/./lib/lufa/LUFA/Drivers/USB/Core/AVR8/USBInterrupt_AVR8.o
                0x0000000000003a1c                __vector_11
 .text.USB_Device_ProcessControlRequest
                0x0000000000003a94      0x2b6 .build/obj_splitography_default/./lib/lufa/LUFA/Drivers/USB/Core/DeviceStandardReq.o
                0x0000000000003a94                USB_Device_ProcessControlRequest
 .text.USB_Event_Stub
                0x0000000000003d4a        0x2 .build/obj_splitography_default/./lib/lufa/LUFA/Drivers/USB/Core/Events.o
                0x0000000000003d4a                USB_Event_Stub
                0x0000000000003d4a                EVENT_USB_Device_StartOfFrame
 .text.USB_USBTask
                0x0000000000003d4c       0x38 .build/obj_splitography_default/./lib/lufa/LUFA/Drivers/USB/Core/USBTask.o
                0x0000000000003d4c                USB_USBTask
 .text.CDC_Device_Flush
                0x0000000000003d84       0x62 .build/obj_splitography_default/./lib/lufa/LUFA/Drivers/USB/Class/Device/CDCClassDevice.o
                0x0000000000003d84                CDC_Device_Flush
 .text.CDC_Device_USBTask
                0x0000000000003de6       0x2e .build/obj_splitography_default/./lib/lufa/LUFA/Drivers/USB/Class/Device/CDCClassDevice.o
                0x0000000000003de6                CDC_Device_USBTask
 .text.CDC_Device_BytesReceived
                0x0000000000003e14       0x5e .build/obj_splitography_default/./lib/lufa/LUFA/Drivers/USB/Class/Device/CDCClassDevice.o
                0x0000000000003e14                CDC_Device_BytesReceived
 .text.CDC_Device_ReceiveByte
                0x0000000000003e72       0x6c .build/obj_splitography_default/./lib/lufa/LUFA/Drivers/USB/Class/Device/CDCClassDevice.o
                0x0000000000003e72                CDC_Device_ReceiveByte
 .text.CDC_Device_SendControlLineStateChange
                0x0000000000003ede       0x8e .build/obj_splitography_default/./lib/lufa/LUFA/Drivers/USB/Class/Device/CDCClassDevice.o
                0x0000000000003ede                CDC_Device_SendControlLineStateChange
 .text.CDC_Device_Event_Stub
                0x0000000000003f6c        0x2 .build/obj_splitography_default/./lib/lufa/LUFA/Drivers/USB/Class/Device/CDCClassDevice.o
                0x0000000000003f6c                EVENT_CDC_Device_LineEncodingChanged
                0x0000000000003f6c                EVENT_CDC_Device_ControLineStateChanged
                0x0000000000003f6c                EVENT_CDC_Device_BreakSent
                0x0000000000003f6c                CDC_Device_Event_Stub
 .text.CDC_Device_ProcessControlRequest
                0x0000000000003f6e      0x164 .build/obj_splitography_default/./lib/lufa/LUFA/Drivers/USB/Class/Device/CDCClassDevice.o
                0x0000000000003f6e                CDC_Device_ProcessControlRequest
 .text.libgcc.div
                0x00000000000040d2       0x18 /usr/lib/gcc/avr/7.3.0/avr5/libgcc.a(_udivmodqi4.o)
                0x00000000000040d2                __udivmodqi4
 .text.libgcc   0x00000000000040ea        0xc /usr/lib/gcc/avr/7.3.0/avr5/libgcc.a(_tablejump2.o)
                0x00000000000040ea                __tablejump2__
 .text.avr-libc
                0x00000000000040f6       0x10 /usr/lib/gcc/avr/7.3.0/../../../../avr/lib/avr5/libatmega32u4.a(eerd_byte.o)
                0x00000000000040f6                eeprom_read_byte
 .text.avr-libc
                0x0000000000004106        0xc /usr/lib/gcc/avr/7.3.0/../../../../avr/lib/avr5/libatmega32u4.a(eerd_word.o)
                0x0000000000004106                eeprom_read_word
 .text.avr-libc
                0x0000000000004112       0x24 /usr/lib/gcc/avr/7.3.0/../../../../avr/lib/avr5/libatmega32u4.a(eeupd_byte.o)
                0x0000000000004112                eeprom_update_byte
                0x0000000000004114                eeprom_update_r18
 .text.avr-libc
                0x0000000000004136        0xc /usr/lib/gcc/avr/7.3.0/../../../../avr/lib/avr5/libatmega32u4.a(eeupd_word.o)
                0x0000000000004136                eeprom_update_word
 .text.avr-libc
                0x0000000000004142       0x20 /usr/lib/gcc/avr/7.3.0/../../../../avr/lib/avr5/libatmega32u4.a(eerd_block.o)
                0x0000000000004142                eeprom_read_block
                0x0000000000004146                eeprom_read_blraw
                0x0000000000004162                . = ALIGN (0x2)
 *(.fini9)
 .fini9         0x0000000000004162        0x0 /usr/lib/gcc/avr/7.3.0/avr5/libgcc.a(_exit.o)
                0x0000000000004162                exit
                0x0000000000004162                _exit
 *(.fini9)
 *(.fini8)
 *(.fini8)
 *(.fini7)
 *(.fini7)
 *(.fini6)
 *(.fini6)
 *(.fini5)
 *(.fini5)
 *(.fini4)
 *(.fini4)
 *(.fini3)
 *(.fini3)
 *(.fini2)
 *(.fini2)
 *(.fini1)
 *(.fini1)
 *(.fini0)
 .fini0         0x0000000000004162        0x4 /usr/lib/gcc/avr/7.3.0/avr5/libgcc.a(_exit.o)
 *(.fini0)
 *(.hightext)
 *(.hightext*)
 *(.progmemx.*)
                0x0000000000004166                . = ALIGN (0x2)
 *(.jumptables)
 *(.jumptables*)
                0x0000000000004166                _etext = .

.data           0x0000000000800100       0x90 load address 0x0000000000004166
                0x0000000000800100                PROVIDE (__data_start = .)
 *(.data)
 *(.data*)
 .data.boltmap  0x0000000000800100       0x40 .build/obj_splitography_default/quantum/process_keycode/process_steno.o
                0x0000000000800100                boltmap
 .data.keyboard_report
                0x0000000000800140        0x2 .build/obj_splitography_default/common/action_util.o
                0x0000000000800140                keyboard_report
 .data.cdc_device
                0x0000000000800142       0x1b .build/obj_splitography_default/lufa.o
                0x0000000000800142                cdc_device
 .data.lufa_driver
                0x000000000080015d        0xa .build/obj_splitography_default/lufa.o
                0x000000000080015d                lufa_driver
 .data.keyboard_protocol
                0x0000000000800167        0x1 .build/obj_splitography_default/lufa.o
                0x0000000000800167                keyboard_protocol
 *(.gnu.linkonce.d*)
 *(.rodata)
 .rodata        0x0000000000800168        0x8 .build/obj_splitography_default/./lib/lufa/LUFA/Drivers/USB/Class/Device/CDCClassDevice.o
 *(.rodata*)
 .rodata.col_pins
                0x0000000000800170        0xc .build/obj_splitography_default/quantum/matrix.o
 .rodata.row_pins
                0x000000000080017c        0x4 .build/obj_splitography_default/quantum/matrix.o
 .rodata.CSWTCH.3
                0x0000000000800180        0x3 .build/obj_splitography_default/descriptor.o
 .rodata.CSWTCH.2
                0x0000000000800183        0x6 .build/obj_splitography_default/descriptor.o
 .rodata.CSWTCH.1
                0x0000000000800189        0x6 .build/obj_splitography_default/descriptor.o
 *(.gnu.linkonce.r*)
                0x0000000000800190                . = ALIGN (0x2)
 *fill*         0x000000000080018f        0x1 
                0x0000000000800190                _edata = .
                0x0000000000800190                PROVIDE (__data_end = .)

.bss            0x0000000000800190       0xfc
                0x0000000000800190                PROVIDE (__bss_start = .)
 *(.bss)
 *(.bss*)
 .bss.qwerty_n  0x0000000000800190        0x1 .build/obj_splitography_default/keyboards/splitography/keymaps/default/keymap.o
 .bss.grave_esc_was_shifted
                0x0000000000800191        0x1 .build/obj_splitography_default/quantum/quantum.o
 .bss.scs_timer
                0x0000000000800192        0x4 .build/obj_splitography_default/quantum/quantum.o
 .bss.shift_interrupted
                0x0000000000800196        0x2 .build/obj_splitography_default/quantum/quantum.o
 .bss.leader_sequence_size
                0x0000000000800198        0x1 .build/obj_splitography_default/quantum/process_keycode/process_leader.o
                0x0000000000800198                leader_sequence_size
 .bss.leader_sequence
                0x0000000000800199        0xa .build/obj_splitography_default/quantum/process_keycode/process_leader.o
                0x0000000000800199                leader_sequence
 .bss.leader_time
                0x00000000008001a3        0x2 .build/obj_splitography_default/quantum/process_keycode/process_leader.o
                0x00000000008001a3                leader_time
 .bss.leading   0x00000000008001a5        0x1 .build/obj_splitography_default/quantum/process_keycode/process_leader.o
                0x00000000008001a5                leading
 .bss.matrix_debouncing
                0x00000000008001a6        0x8 .build/obj_splitography_default/quantum/matrix.o
 .bss.matrix    0x00000000008001ae        0x8 .build/obj_splitography_default/quantum/matrix.o
 .bss.debouncing
                0x00000000008001b6        0x1 .build/obj_splitography_default/quantum/matrix.o
 .bss.debouncing_time
                0x00000000008001b7        0x2 .build/obj_splitography_default/quantum/matrix.o
 .bss.pressed   0x00000000008001b9        0x1 .build/obj_splitography_default/quantum/process_keycode/process_steno.o
                0x00000000008001b9                pressed
 .bss.state     0x00000000008001ba        0x6 .build/obj_splitography_default/quantum/process_keycode/process_steno.o
                0x00000000008001ba                state
 .bss.last_consumer_report
                0x00000000008001c0        0x2 .build/obj_splitography_default/common/host.o
 .bss.last_system_report
                0x00000000008001c2        0x2 .build/obj_splitography_default/common/host.o
 .bss.driver    0x00000000008001c4        0x2 .build/obj_splitography_default/common/host.o
 .bss.led_status.5510
                0x00000000008001c6        0x1 .build/obj_splitography_default/common/keyboard.o
 .bss.matrix_prev.5509
                0x00000000008001c7        0x8 .build/obj_splitography_default/common/keyboard.o
 .bss.disable_action_cache
                0x00000000008001cf        0x1 .build/obj_splitography_default/common/action.o
                0x00000000008001cf                disable_action_cache
 .bss.waiting_buffer_tail
                0x00000000008001d0        0x1 .build/obj_splitography_default/common/action_tapping.o
 .bss.waiting_buffer_head
                0x00000000008001d1        0x1 .build/obj_splitography_default/common/action_tapping.o
 .bss.waiting_buffer
                0x00000000008001d2       0x30 .build/obj_splitography_default/common/action_tapping.o
 .bss.tapping_key
                0x0000000000800202        0x6 .build/obj_splitography_default/common/action_tapping.o
 .bss.source_layers_cache
                0x0000000000800208       0x1e .build/obj_splitography_default/common/action_layer.o
                0x0000000000800208                source_layers_cache
 .bss.layer_state
                0x0000000000800226        0x4 .build/obj_splitography_default/common/action_layer.o
                0x0000000000800226                layer_state
 .bss.default_layer_state
                0x000000000080022a        0x4 .build/obj_splitography_default/common/action_layer.o
                0x000000000080022a                default_layer_state
 .bss.oneshot_layer_data
                0x000000000080022e        0x1 .build/obj_splitography_default/common/action_util.o
 .bss.oneshot_mods
                0x000000000080022f        0x1 .build/obj_splitography_default/common/action_util.o
 .bss.__compound_literal.0
                0x0000000000800230       0x20 .build/obj_splitography_default/common/action_util.o
 .bss.macro_mods
                0x0000000000800250        0x1 .build/obj_splitography_default/common/action_util.o
 .bss.weak_mods
                0x0000000000800251        0x1 .build/obj_splitography_default/common/action_util.o
 .bss.real_mods
                0x0000000000800252        0x1 .build/obj_splitography_default/common/action_util.o
 .bss.debug_config
                0x0000000000800253        0x1 .build/obj_splitography_default/common/debug.o
                0x0000000000800253                debug_config
 .bss.wdt_timeout
                0x0000000000800254        0x1 .build/obj_splitography_default/common/avr/suspend.o
 .bss.keyboard_report_sent
                0x0000000000800255       0x20 .build/obj_splitography_default/lufa.o
 .bss.keyboard_led_stats
                0x0000000000800275        0x1 .build/obj_splitography_default/lufa.o
 .bss.keyboard_idle
                0x0000000000800276        0x1 .build/obj_splitography_default/lufa.o
                0x0000000000800276                keyboard_idle
 .bss.desired_output
                0x0000000000800277        0x1 .build/obj_splitography_default/outputselect.o
                0x0000000000800277                desired_output
 *(COMMON)
 COMMON         0x0000000000800278        0x1 .build/obj_splitography_default/quantum/process_keycode/process_steno.o
                0x0000000000800278                mode
 COMMON         0x0000000000800279        0x4 .build/obj_splitography_default/common/avr/timer.o
                0x0000000000800279                timer_count
 COMMON         0x000000000080027d        0x2 .build/obj_splitography_default/common/magic.o
                0x000000000080027d                keymap_config
 COMMON         0x000000000080027f        0x3 .build/obj_splitography_default/./lib/lufa/LUFA/Drivers/USB/Core/DeviceStandardReq.o
                0x000000000080027f                USB_Device_ConfigurationNumber
                0x0000000000800280                USB_Device_CurrentlySelfPowered
                0x0000000000800281                USB_Device_RemoteWakeupEnabled
 COMMON         0x0000000000800282        0xa .build/obj_splitography_default/./lib/lufa/LUFA/Drivers/USB/Core/USBTask.o
                0x0000000000800282                USB_IsInitialized
                0x0000000000800283                USB_DeviceState
                0x0000000000800284                USB_ControlRequest
                0x000000000080028c                PROVIDE (__bss_end = .)
                0x0000000000004166                __data_load_start = LOADADDR (.data)
                0x00000000000041f6                __data_load_end = (__data_load_start + SIZEOF (.data))

.noinit         0x000000000080028c        0x4
                [!provide]                        PROVIDE (__noinit_start = .)
 *(.noinit*)
 .noinit        0x000000000080028c        0x4 .build/obj_splitography_default/common/avr/bootloader.o
                0x000000000080028c                reset_key
                [!provide]                        PROVIDE (__noinit_end = .)
                0x0000000000800290                _end = .
                [!provide]                        PROVIDE (__heap_start = .)

.eeprom         0x0000000000810000        0x0
 *(.eeprom*)
                0x0000000000810000                __eeprom_end = .

.fuse
 *(.fuse)
 *(.lfuse)
 *(.hfuse)
 *(.efuse)

.lock
 *(.lock*)

.signature
 *(.signature*)

.stab
 *(.stab)

.stabstr        0x0000000000000000       0x6f
 *(.stabstr)
 .stabstr       0x0000000000000000       0x6f .build/obj_splitography_default/common/avr/xprintf.o

.stab.excl
 *(.stab.excl)

.stab.exclstr
 *(.stab.exclstr)

.stab.index
 *(.stab.index)

.stab.indexstr
 *(.stab.indexstr)

.comment        0x0000000000000000       0x11
 *(.comment)
 .comment       0x0000000000000000       0x11 .build/obj_splitography_default/keyboards/splitography/splitography.o
                                         0x12 (size before relaxing)
 .comment       0x0000000000000011       0x12 .build/obj_splitography_default/keyboards/splitography/keymaps/default/keymap.o
 .comment       0x0000000000000011       0x12 .build/obj_splitography_default/quantum/quantum.o
 .comment       0x0000000000000011       0x12 .build/obj_splitography_default/quantum/keymap_common.o
 .comment       0x0000000000000011       0x12 .build/obj_splitography_default/quantum/keycode_config.o
 .comment       0x0000000000000011       0x12 .build/obj_splitography_default/quantum/process_keycode/process_leader.o
 .comment       0x0000000000000011       0x12 .build/obj_splitography_default/quantum/matrix.o
 .comment       0x0000000000000011       0x12 .build/obj_splitography_default/quantum/process_keycode/process_steno.o
 .comment       0x0000000000000011       0x12 .build/obj_splitography_default/common/host.o
 .comment       0x0000000000000011       0x12 .build/obj_splitography_default/common/keyboard.o
 .comment       0x0000000000000011       0x12 .build/obj_splitography_default/common/action.o
 .comment       0x0000000000000011       0x12 .build/obj_splitography_default/common/action_tapping.o
 .comment       0x0000000000000011       0x12 .build/obj_splitography_default/common/action_macro.o
 .comment       0x0000000000000011       0x12 .build/obj_splitography_default/common/action_layer.o
 .comment       0x0000000000000011       0x12 .build/obj_splitography_default/common/action_util.o
 .comment       0x0000000000000011       0x12 .build/obj_splitography_default/common/debug.o
 .comment       0x0000000000000011       0x12 .build/obj_splitography_default/common/eeconfig.o
 .comment       0x0000000000000011       0x12 .build/obj_splitography_default/common/report.o
 .comment       0x0000000000000011       0x12 .build/obj_splitography_default/common/avr/suspend.o
 .comment       0x0000000000000011       0x12 .build/obj_splitography_default/common/avr/timer.o
 .comment       0x0000000000000011       0x12 .build/obj_splitography_default/common/avr/bootloader.o
 .comment       0x0000000000000011       0x12 .build/obj_splitography_default/common/magic.o
 .comment       0x0000000000000011       0x12 .build/obj_splitography_default/lufa.o
 .comment       0x0000000000000011       0x12 .build/obj_splitography_default/descriptor.o
 .comment       0x0000000000000011       0x12 .build/obj_splitography_default/outputselect.o
 .comment       0x0000000000000011       0x12 .build/obj_splitography_default/./lib/lufa/LUFA/Drivers/USB/Core/AVR8/Device_AVR8.o
 .comment       0x0000000000000011       0x12 .build/obj_splitography_default/./lib/lufa/LUFA/Drivers/USB/Core/AVR8/EndpointStream_AVR8.o
 .comment       0x0000000000000011       0x12 .build/obj_splitography_default/./lib/lufa/LUFA/Drivers/USB/Core/AVR8/Endpoint_AVR8.o
 .comment       0x0000000000000011       0x12 .build/obj_splitography_default/./lib/lufa/LUFA/Drivers/USB/Core/AVR8/USBController_AVR8.o
 .comment       0x0000000000000011       0x12 .build/obj_splitography_default/./lib/lufa/LUFA/Drivers/USB/Core/AVR8/USBInterrupt_AVR8.o
 .comment       0x0000000000000011       0x12 .build/obj_splitography_default/./lib/lufa/LUFA/Drivers/USB/Core/DeviceStandardReq.o
 .comment       0x0000000000000011       0x12 .build/obj_splitography_default/./lib/lufa/LUFA/Drivers/USB/Core/Events.o
 .comment       0x0000000000000011       0x12 .build/obj_splitography_default/./lib/lufa/LUFA/Drivers/USB/Core/USBTask.o
 .comment       0x0000000000000011       0x12 .build/obj_splitography_default/./lib/lufa/LUFA/Drivers/USB/Class/Device/CDCClassDevice.o

.note.gnu.avr.deviceinfo
                0x0000000000000000       0x40
 .note.gnu.avr.deviceinfo
                0x0000000000000000       0x40 /usr/lib/gcc/avr/7.3.0/../../../../avr/lib/avr5/crtatmega32u4.o

.note.gnu.build-id
 *(.note.gnu.build-id)

.debug
 *(.debug)

.line
 *(.line)

.debug_srcinfo
 *(.debug_srcinfo)

.debug_sfnames
 *(.debug_sfnames)

.debug_aranges  0x0000000000000000      0xbb8
 *(.debug_aranges)
 .debug_aranges
                0x0000000000000000       0x20 .build/obj_splitography_default/keyboards/splitography/splitography.o
 .debug_aranges
                0x0000000000000020       0x48 .build/obj_splitography_default/keyboards/splitography/keymaps/default/keymap.o
 .debug_aranges
                0x0000000000000068      0x108 .build/obj_splitography_default/quantum/quantum.o
 .debug_aranges
                0x0000000000000170       0x40 .build/obj_splitography_default/quantum/keymap_common.o
 .debug_aranges
                0x00000000000001b0       0x28 .build/obj_splitography_default/quantum/keycode_config.o
 .debug_aranges
                0x00000000000001d8       0x28 .build/obj_splitography_default/quantum/process_keycode/process_leader.o
 .debug_aranges
                0x0000000000000200       0x88 .build/obj_splitography_default/quantum/matrix.o
 .debug_aranges
                0x0000000000000288       0x60 .build/obj_splitography_default/quantum/process_keycode/process_steno.o
 .debug_aranges
                0x00000000000002e8       0x60 .build/obj_splitography_default/common/host.o
 .debug_aranges
                0x0000000000000348       0x48 .build/obj_splitography_default/common/keyboard.o
 .debug_aranges
                0x0000000000000390       0x90 .build/obj_splitography_default/common/action.o
 .debug_aranges
                0x0000000000000420       0x40 .build/obj_splitography_default/common/action_tapping.o
 .debug_aranges
                0x0000000000000460       0x20 .build/obj_splitography_default/common/action_macro.o
 .debug_aranges
                0x0000000000000480       0xc8 .build/obj_splitography_default/common/action_layer.o
 .debug_aranges
                0x0000000000000548      0x120 .build/obj_splitography_default/common/action_util.o
 .debug_aranges
                0x0000000000000668       0x18 .build/obj_splitography_default/common/debug.o
 .debug_aranges
                0x0000000000000680       0x68 .build/obj_splitography_default/common/eeconfig.o
 .debug_aranges
                0x00000000000006e8       0x60 .build/obj_splitography_default/common/report.o
 .debug_aranges
                0x0000000000000748       0x48 .build/obj_splitography_default/common/avr/suspend.o
 .debug_aranges
                0x0000000000000790       0x50 .build/obj_splitography_default/common/avr/timer.o
 .debug_aranges
                0x00000000000007e0       0x28 .build/obj_splitography_default/common/avr/bootloader.o
 .debug_aranges
                0x0000000000000808       0x20 .build/obj_splitography_default/common/magic.o
 .debug_aranges
                0x0000000000000828       0xa0 .build/obj_splitography_default/lufa.o
 .debug_aranges
                0x00000000000008c8       0x20 .build/obj_splitography_default/descriptor.o
 .debug_aranges
                0x00000000000008e8       0x38 .build/obj_splitography_default/outputselect.o
 .debug_aranges
                0x0000000000000920       0x20 .build/obj_splitography_default/./lib/lufa/LUFA/Drivers/USB/Core/AVR8/Device_AVR8.o
 .debug_aranges
                0x0000000000000940       0xc8 .build/obj_splitography_default/./lib/lufa/LUFA/Drivers/USB/Core/AVR8/EndpointStream_AVR8.o
 .debug_aranges
                0x0000000000000a08       0x40 .build/obj_splitography_default/./lib/lufa/LUFA/Drivers/USB/Core/AVR8/Endpoint_AVR8.o
 .debug_aranges
                0x0000000000000a48       0x30 .build/obj_splitography_default/./lib/lufa/LUFA/Drivers/USB/Core/AVR8/USBController_AVR8.o
 .debug_aranges
                0x0000000000000a78       0x38 .build/obj_splitography_default/./lib/lufa/LUFA/Drivers/USB/Core/AVR8/USBInterrupt_AVR8.o
 .debug_aranges
                0x0000000000000ab0       0x20 .build/obj_splitography_default/./lib/lufa/LUFA/Drivers/USB/Core/DeviceStandardReq.o
 .debug_aranges
                0x0000000000000ad0       0x20 .build/obj_splitography_default/./lib/lufa/LUFA/Drivers/USB/Core/Events.o
 .debug_aranges
                0x0000000000000af0       0x20 .build/obj_splitography_default/./lib/lufa/LUFA/Drivers/USB/Core/USBTask.o
 .debug_aranges
                0x0000000000000b10       0xa8 .build/obj_splitography_default/./lib/lufa/LUFA/Drivers/USB/Class/Device/CDCClassDevice.o

.debug_pubnames
 *(.debug_pubnames)

.debug_info     0x0000000000000000    0x185c6
 *(.debug_info .gnu.linkonce.wi.*)
 .debug_info    0x0000000000000000      0x9f4 /usr/lib/gcc/avr/7.3.0/../../../../avr/lib/avr5/crtatmega32u4.o
 .debug_info    0x00000000000009f4      0x598 .build/obj_splitography_default/keyboards/splitography/splitography.o
 .debug_info    0x0000000000000f8c     0x1937 .build/obj_splitography_default/keyboards/splitography/keymaps/default/keymap.o
 .debug_info    0x00000000000028c3     0x24d4 .build/obj_splitography_default/quantum/quantum.o
 .debug_info    0x0000000000004d97     0x1b20 .build/obj_splitography_default/quantum/keymap_common.o
 .debug_info    0x00000000000068b7      0x615 .build/obj_splitography_default/quantum/keycode_config.o
 .debug_info    0x0000000000006ecc      0xfae .build/obj_splitography_default/quantum/process_keycode/process_leader.o
 .debug_info    0x0000000000007e7a      0x76b .build/obj_splitography_default/quantum/matrix.o
 .debug_info    0x00000000000085e5     0x142c .build/obj_splitography_default/quantum/process_keycode/process_steno.o
 .debug_info    0x0000000000009a11      0x64e .build/obj_splitography_default/common/host.o
 .debug_info    0x000000000000a05f      0x8ba .build/obj_splitography_default/common/keyboard.o
 .debug_info    0x000000000000a919     0x1c53 .build/obj_splitography_default/common/action.o
 .debug_info    0x000000000000c56c      0xea6 .build/obj_splitography_default/common/action_tapping.o
 .debug_info    0x000000000000d412      0xa7a .build/obj_splitography_default/common/action_macro.o
 .debug_info    0x000000000000de8c      0xaf2 .build/obj_splitography_default/common/action_layer.o
 .debug_info    0x000000000000e97e      0xaa7 .build/obj_splitography_default/common/action_util.o
 .debug_info    0x000000000000f425      0x104 .build/obj_splitography_default/common/debug.o
 .debug_info    0x000000000000f529      0x36f .build/obj_splitography_default/common/eeconfig.o
 .debug_info    0x000000000000f898      0x71f .build/obj_splitography_default/common/report.o
 .debug_info    0x000000000000ffb7      0x65d .build/obj_splitography_default/common/avr/suspend.o
 .debug_info    0x0000000000010614      0x3aa .build/obj_splitography_default/common/avr/timer.o
 .debug_info    0x00000000000109be      0x382 .build/obj_splitography_default/common/avr/bootloader.o
 .debug_info    0x0000000000010d40      0x4c3 .build/obj_splitography_default/common/magic.o
 .debug_info    0x0000000000011203     0x184b .build/obj_splitography_default/lufa.o
 .debug_info    0x0000000000012a4e      0xb4e .build/obj_splitography_default/descriptor.o
 .debug_info    0x000000000001359c      0x51b .build/obj_splitography_default/outputselect.o
 .debug_info    0x0000000000013ab7      0x18c .build/obj_splitography_default/./lib/lufa/LUFA/Drivers/USB/Core/AVR8/Device_AVR8.o
 .debug_info    0x0000000000013c43     0x17d8 .build/obj_splitography_default/./lib/lufa/LUFA/Drivers/USB/Core/AVR8/EndpointStream_AVR8.o
 .debug_info    0x000000000001541b      0x64a .build/obj_splitography_default/./lib/lufa/LUFA/Drivers/USB/Core/AVR8/Endpoint_AVR8.o
 .debug_info    0x0000000000015a65      0x54a .build/obj_splitography_default/./lib/lufa/LUFA/Drivers/USB/Core/AVR8/USBController_AVR8.o
 .debug_info    0x0000000000015faf      0x875 .build/obj_splitography_default/./lib/lufa/LUFA/Drivers/USB/Core/AVR8/USBInterrupt_AVR8.o
 .debug_info    0x0000000000016824      0xa6f .build/obj_splitography_default/./lib/lufa/LUFA/Drivers/USB/Core/DeviceStandardReq.o
 .debug_info    0x0000000000017293       0x78 .build/obj_splitography_default/./lib/lufa/LUFA/Drivers/USB/Core/Events.o
 .debug_info    0x000000000001730b      0x2a7 .build/obj_splitography_default/./lib/lufa/LUFA/Drivers/USB/Core/USBTask.o
 .debug_info    0x00000000000175b2     0x1014 .build/obj_splitography_default/./lib/lufa/LUFA/Drivers/USB/Class/Device/CDCClassDevice.o

.debug_abbrev   0x0000000000000000     0x573d
 *(.debug_abbrev)
 .debug_abbrev  0x0000000000000000      0x96a /usr/lib/gcc/avr/7.3.0/../../../../avr/lib/avr5/crtatmega32u4.o
 .debug_abbrev  0x000000000000096a      0x177 .build/obj_splitography_default/keyboards/splitography/splitography.o
 .debug_abbrev  0x0000000000000ae1      0x287 .build/obj_splitography_default/keyboards/splitography/keymaps/default/keymap.o
 .debug_abbrev  0x0000000000000d68      0x4a6 .build/obj_splitography_default/quantum/quantum.o
 .debug_abbrev  0x000000000000120e      0x29c .build/obj_splitography_default/quantum/keymap_common.o
 .debug_abbrev  0x00000000000014aa      0x11c .build/obj_splitography_default/quantum/keycode_config.o
 .debug_abbrev  0x00000000000015c6      0x1e2 .build/obj_splitography_default/quantum/process_keycode/process_leader.o
 .debug_abbrev  0x00000000000017a8      0x369 .build/obj_splitography_default/quantum/matrix.o
 .debug_abbrev  0x0000000000001b11      0x2e6 .build/obj_splitography_default/quantum/process_keycode/process_steno.o
 .debug_abbrev  0x0000000000001df7      0x204 .build/obj_splitography_default/common/host.o
 .debug_abbrev  0x0000000000001ffb      0x29e .build/obj_splitography_default/common/keyboard.o
 .debug_abbrev  0x0000000000002299      0x3e7 .build/obj_splitography_default/common/action.o
 .debug_abbrev  0x0000000000002680      0x2f3 .build/obj_splitography_default/common/action_tapping.o
 .debug_abbrev  0x0000000000002973      0x240 .build/obj_splitography_default/common/action_macro.o
 .debug_abbrev  0x0000000000002bb3      0x29f .build/obj_splitography_default/common/action_layer.o
 .debug_abbrev  0x0000000000002e52      0x298 .build/obj_splitography_default/common/action_util.o
 .debug_abbrev  0x00000000000030ea       0x94 .build/obj_splitography_default/common/debug.o
 .debug_abbrev  0x000000000000317e       0xc2 .build/obj_splitography_default/common/eeconfig.o
 .debug_abbrev  0x0000000000003240      0x223 .build/obj_splitography_default/common/report.o
 .debug_abbrev  0x0000000000003463      0x2bf .build/obj_splitography_default/common/avr/suspend.o
 .debug_abbrev  0x0000000000003722      0x182 .build/obj_splitography_default/common/avr/timer.o
 .debug_abbrev  0x00000000000038a4      0x200 .build/obj_splitography_default/common/avr/bootloader.o
 .debug_abbrev  0x0000000000003aa4      0x191 .build/obj_splitography_default/common/magic.o
 .debug_abbrev  0x0000000000003c35      0x51c .build/obj_splitography_default/lufa.o
 .debug_abbrev  0x0000000000004151      0x1d9 .build/obj_splitography_default/descriptor.o
 .debug_abbrev  0x000000000000432a      0x20b .build/obj_splitography_default/outputselect.o
 .debug_abbrev  0x0000000000004535       0xb6 .build/obj_splitography_default/./lib/lufa/LUFA/Drivers/USB/Core/AVR8/Device_AVR8.o
 .debug_abbrev  0x00000000000045eb      0x20a .build/obj_splitography_default/./lib/lufa/LUFA/Drivers/USB/Core/AVR8/EndpointStream_AVR8.o
 .debug_abbrev  0x00000000000047f5      0x251 .build/obj_splitography_default/./lib/lufa/LUFA/Drivers/USB/Core/AVR8/Endpoint_AVR8.o
 .debug_abbrev  0x0000000000004a46      0x1af .build/obj_splitography_default/./lib/lufa/LUFA/Drivers/USB/Core/AVR8/USBController_AVR8.o
 .debug_abbrev  0x0000000000004bf5      0x231 .build/obj_splitography_default/./lib/lufa/LUFA/Drivers/USB/Core/AVR8/USBInterrupt_AVR8.o
 .debug_abbrev  0x0000000000004e26      0x2fc .build/obj_splitography_default/./lib/lufa/LUFA/Drivers/USB/Core/DeviceStandardReq.o
 .debug_abbrev  0x0000000000005122       0x44 .build/obj_splitography_default/./lib/lufa/LUFA/Drivers/USB/Core/Events.o
 .debug_abbrev  0x0000000000005166      0x198 .build/obj_splitography_default/./lib/lufa/LUFA/Drivers/USB/Core/USBTask.o
 .debug_abbrev  0x00000000000052fe      0x43f .build/obj_splitography_default/./lib/lufa/LUFA/Drivers/USB/Class/Device/CDCClassDevice.o

.debug_line     0x0000000000000000     0x8f45
 *(.debug_line .debug_line.* .debug_line_end)
 .debug_line    0x0000000000000000       0x1d /usr/lib/gcc/avr/7.3.0/../../../../avr/lib/avr5/crtatmega32u4.o
 .debug_line    0x000000000000001d      0x1f6 .build/obj_splitography_default/keyboards/splitography/splitography.o
 .debug_line    0x0000000000000213      0x408 .build/obj_splitography_default/keyboards/splitography/keymaps/default/keymap.o
 .debug_line    0x000000000000061b      0xb15 .build/obj_splitography_default/quantum/quantum.o
 .debug_line    0x0000000000001130      0x492 .build/obj_splitography_default/quantum/keymap_common.o
 .debug_line    0x00000000000015c2      0x1d1 .build/obj_splitography_default/quantum/keycode_config.o
 .debug_line    0x0000000000001793      0x2af .build/obj_splitography_default/quantum/process_keycode/process_leader.o
 .debug_line    0x0000000000001a42      0x34a .build/obj_splitography_default/quantum/matrix.o
 .debug_line    0x0000000000001d8c      0x4a2 .build/obj_splitography_default/quantum/process_keycode/process_steno.o
 .debug_line    0x000000000000222e      0x24e .build/obj_splitography_default/common/host.o
 .debug_line    0x000000000000247c      0x364 .build/obj_splitography_default/common/keyboard.o
 .debug_line    0x00000000000027e0      0x9c3 .build/obj_splitography_default/common/action.o
 .debug_line    0x00000000000031a3      0x557 .build/obj_splitography_default/common/action_tapping.o
 .debug_line    0x00000000000036fa      0x23c .build/obj_splitography_default/common/action_macro.o
 .debug_line    0x0000000000003936      0x43f .build/obj_splitography_default/common/action_layer.o
 .debug_line    0x0000000000003d75      0x526 .build/obj_splitography_default/common/action_util.o
 .debug_line    0x000000000000429b       0x62 .build/obj_splitography_default/common/debug.o
 .debug_line    0x00000000000042fd      0x179 .build/obj_splitography_default/common/eeconfig.o
 .debug_line    0x0000000000004476      0x319 .build/obj_splitography_default/common/report.o
 .debug_line    0x000000000000478f      0x2ec .build/obj_splitography_default/common/avr/suspend.o
 .debug_line    0x0000000000004a7b      0x256 .build/obj_splitography_default/common/avr/timer.o
 .debug_line    0x0000000000004cd1      0x1c5 .build/obj_splitography_default/common/avr/bootloader.o
 .debug_line    0x0000000000004e96      0x198 .build/obj_splitography_default/common/magic.o
 .debug_line    0x000000000000502e      0x9ce .build/obj_splitography_default/lufa.o
 .debug_line    0x00000000000059fc      0x23c .build/obj_splitography_default/descriptor.o
 .debug_line    0x0000000000005c38      0x1ea .build/obj_splitography_default/outputselect.o
 .debug_line    0x0000000000005e22      0x178 .build/obj_splitography_default/./lib/lufa/LUFA/Drivers/USB/Core/AVR8/Device_AVR8.o
 .debug_line    0x0000000000005f9a     0x1389 .build/obj_splitography_default/./lib/lufa/LUFA/Drivers/USB/Core/AVR8/EndpointStream_AVR8.o
 .debug_line    0x0000000000007323      0x4ab .build/obj_splitography_default/./lib/lufa/LUFA/Drivers/USB/Core/AVR8/Endpoint_AVR8.o
 .debug_line    0x00000000000077ce      0x2f3 .build/obj_splitography_default/./lib/lufa/LUFA/Drivers/USB/Core/AVR8/USBController_AVR8.o
 .debug_line    0x0000000000007ac1      0x527 .build/obj_splitography_default/./lib/lufa/LUFA/Drivers/USB/Core/AVR8/USBInterrupt_AVR8.o
 .debug_line    0x0000000000007fe8      0x49b .build/obj_splitography_default/./lib/lufa/LUFA/Drivers/USB/Core/DeviceStandardReq.o
 .debug_line    0x0000000000008483       0x5e .build/obj_splitography_default/./lib/lufa/LUFA/Drivers/USB/Core/Events.o
 .debug_line    0x00000000000084e1      0x172 .build/obj_splitography_default/./lib/lufa/LUFA/Drivers/USB/Core/USBTask.o
 .debug_line    0x0000000000008653      0x8f2 .build/obj_splitography_default/./lib/lufa/LUFA/Drivers/USB/Class/Device/CDCClassDevice.o

.debug_frame    0x0000000000000000     0x1df4
 *(.debug_frame)
 .debug_frame   0x0000000000000000       0x24 .build/obj_splitography_default/keyboards/splitography/splitography.o
 .debug_frame   0x0000000000000024       0x84 .build/obj_splitography_default/keyboards/splitography/keymaps/default/keymap.o
 .debug_frame   0x00000000000000a8      0x370 .build/obj_splitography_default/quantum/quantum.o
 .debug_frame   0x0000000000000418       0x70 .build/obj_splitography_default/quantum/keymap_common.o
 .debug_frame   0x0000000000000488       0x3c .build/obj_splitography_default/quantum/keycode_config.o
 .debug_frame   0x00000000000004c4       0x58 .build/obj_splitography_default/quantum/process_keycode/process_leader.o
 .debug_frame   0x000000000000051c      0x180 .build/obj_splitography_default/quantum/matrix.o
 .debug_frame   0x000000000000069c       0xcc .build/obj_splitography_default/quantum/process_keycode/process_steno.o
 .debug_frame   0x0000000000000768       0xa4 .build/obj_splitography_default/common/host.o
 .debug_frame   0x000000000000080c       0xd4 .build/obj_splitography_default/common/keyboard.o
 .debug_frame   0x00000000000008e0      0x19c .build/obj_splitography_default/common/action.o
 .debug_frame   0x0000000000000a7c       0xe8 .build/obj_splitography_default/common/action_tapping.o
 .debug_frame   0x0000000000000b64       0x48 .build/obj_splitography_default/common/action_macro.o
 .debug_frame   0x0000000000000bac      0x264 .build/obj_splitography_default/common/action_layer.o
 .debug_frame   0x0000000000000e10      0x224 .build/obj_splitography_default/common/action_util.o
 .debug_frame   0x0000000000001034       0xb4 .build/obj_splitography_default/common/eeconfig.o
 .debug_frame   0x00000000000010e8       0xb0 .build/obj_splitography_default/common/report.o
 .debug_frame   0x0000000000001198       0xb0 .build/obj_splitography_default/common/avr/suspend.o
 .debug_frame   0x0000000000001248       0xcc .build/obj_splitography_default/common/avr/timer.o
 .debug_frame   0x0000000000001314       0x34 .build/obj_splitography_default/common/avr/bootloader.o
 .debug_frame   0x0000000000001348       0x24 .build/obj_splitography_default/common/magic.o
 .debug_frame   0x000000000000136c      0x17c .build/obj_splitography_default/lufa.o
 .debug_frame   0x00000000000014e8       0x24 .build/obj_splitography_default/descriptor.o
 .debug_frame   0x000000000000150c       0x5c .build/obj_splitography_default/outputselect.o
 .debug_frame   0x0000000000001568       0x24 .build/obj_splitography_default/./lib/lufa/LUFA/Drivers/USB/Core/AVR8/Device_AVR8.o
 .debug_frame   0x000000000000158c      0x474 .build/obj_splitography_default/./lib/lufa/LUFA/Drivers/USB/Core/AVR8/EndpointStream_AVR8.o
 .debug_frame   0x0000000000001a00       0x7c .build/obj_splitography_default/./lib/lufa/LUFA/Drivers/USB/Core/AVR8/Endpoint_AVR8.o
 .debug_frame   0x0000000000001a7c       0x5c .build/obj_splitography_default/./lib/lufa/LUFA/Drivers/USB/Core/AVR8/USBController_AVR8.o
 .debug_frame   0x0000000000001ad8      0x104 .build/obj_splitography_default/./lib/lufa/LUFA/Drivers/USB/Core/AVR8/USBInterrupt_AVR8.o
 .debug_frame   0x0000000000001bdc       0x3c .build/obj_splitography_default/./lib/lufa/LUFA/Drivers/USB/Core/DeviceStandardReq.o
 .debug_frame   0x0000000000001c18       0x24 .build/obj_splitography_default/./lib/lufa/LUFA/Drivers/USB/Core/Events.o
 .debug_frame   0x0000000000001c3c       0x2c .build/obj_splitography_default/./lib/lufa/LUFA/Drivers/USB/Core/USBTask.o
 .debug_frame   0x0000000000001c68      0x18c .build/obj_splitography_default/./lib/lufa/LUFA/Drivers/USB/Class/Device/CDCClassDevice.o

.debug_str      0x0000000000000000     0x5917
 *(.debug_str)
 .debug_str     0x0000000000000000      0x371 /usr/lib/gcc/avr/7.3.0/../../../../avr/lib/avr5/crtatmega32u4.o
 .debug_str     0x0000000000000371      0x44d .build/obj_splitography_default/keyboards/splitography/splitography.o
                                        0x4ce (size before relaxing)
 .debug_str     0x00000000000007be     0x1814 .build/obj_splitography_default/keyboards/splitography/keymaps/default/keymap.o
                                       0x1d0f (size before relaxing)
 .debug_str     0x0000000000001fd2      0x490 .build/obj_splitography_default/quantum/quantum.o
                                       0x1c41 (size before relaxing)
 .debug_str     0x0000000000002462      0x336 .build/obj_splitography_default/quantum/keymap_common.o
                                       0x1d64 (size before relaxing)
 .debug_str     0x0000000000002798       0x6a .build/obj_splitography_default/quantum/keycode_config.o
                                        0x875 (size before relaxing)
 .debug_str     0x0000000000002802       0x7a .build/obj_splitography_default/quantum/process_keycode/process_leader.o
                                       0x1158 (size before relaxing)
 .debug_str     0x000000000000287c      0x17b .build/obj_splitography_default/quantum/matrix.o
                                        0x40f (size before relaxing)
 .debug_str     0x00000000000029f7      0x117 .build/obj_splitography_default/quantum/process_keycode/process_steno.o
                                       0x13ac (size before relaxing)
 .debug_str     0x0000000000002b0e      0x115 .build/obj_splitography_default/common/host.o
                                        0x489 (size before relaxing)
 .debug_str     0x0000000000002c23       0xfd .build/obj_splitography_default/common/keyboard.o
                                        0x62e (size before relaxing)
 .debug_str     0x0000000000002d20      0x35a .build/obj_splitography_default/common/action.o
                                       0x14eb (size before relaxing)
 .debug_str     0x000000000000307a       0xe8 .build/obj_splitography_default/common/action_tapping.o
                                        0xb86 (size before relaxing)
 .debug_str     0x0000000000003162       0x76 .build/obj_splitography_default/common/action_macro.o
                                        0xa11 (size before relaxing)
 .debug_str     0x00000000000031d8       0x97 .build/obj_splitography_default/common/action_layer.o
                                        0x54b (size before relaxing)
 .debug_str     0x000000000000326f      0x187 .build/obj_splitography_default/common/action_util.o
                                        0x791 (size before relaxing)
 .debug_str     0x00000000000033f6       0x1a .build/obj_splitography_default/common/debug.o
                                        0x1d1 (size before relaxing)
 .debug_str     0x0000000000003410       0xa8 .build/obj_splitography_default/common/eeconfig.o
                                        0x2b6 (size before relaxing)
 .debug_str     0x00000000000034b8       0x61 .build/obj_splitography_default/common/report.o
                                        0x481 (size before relaxing)
 .debug_str     0x0000000000003519      0x169 .build/obj_splitography_default/common/avr/suspend.o
                                        0x53d (size before relaxing)
 .debug_str     0x0000000000003682       0x8b .build/obj_splitography_default/common/avr/timer.o
                                        0x23c (size before relaxing)
 .debug_str     0x000000000000370d       0x5d .build/obj_splitography_default/common/avr/bootloader.o
                                        0x36c (size before relaxing)
 .debug_str     0x000000000000376a       0x1a .build/obj_splitography_default/common/magic.o
                                        0x48d (size before relaxing)
 .debug_str     0x0000000000003784      0x657 .build/obj_splitography_default/lufa.o
                                        0xda1 (size before relaxing)
 .debug_str     0x0000000000003ddb      0x9fc .build/obj_splitography_default/descriptor.o
                                        0xd05 (size before relaxing)
 .debug_str     0x00000000000047d7       0x5a .build/obj_splitography_default/outputselect.o
                                        0x4c5 (size before relaxing)
 .debug_str     0x0000000000004831       0x5e .build/obj_splitography_default/./lib/lufa/LUFA/Drivers/USB/Core/AVR8/Device_AVR8.o
                                        0x2cd (size before relaxing)
 .debug_str     0x000000000000488f      0x4bc .build/obj_splitography_default/./lib/lufa/LUFA/Drivers/USB/Core/AVR8/EndpointStream_AVR8.o
                                        0x8c1 (size before relaxing)
 .debug_str     0x0000000000004d4b      0x20b .build/obj_splitography_default/./lib/lufa/LUFA/Drivers/USB/Core/AVR8/Endpoint_AVR8.o
                                        0x681 (size before relaxing)
 .debug_str     0x0000000000004f56      0x181 .build/obj_splitography_default/./lib/lufa/LUFA/Drivers/USB/Core/AVR8/USBController_AVR8.o
                                        0x5a5 (size before relaxing)
 .debug_str     0x00000000000050d7      0x12a .build/obj_splitography_default/./lib/lufa/LUFA/Drivers/USB/Core/AVR8/USBInterrupt_AVR8.o
                                        0x675 (size before relaxing)
 .debug_str     0x0000000000005201      0x3fa .build/obj_splitography_default/./lib/lufa/LUFA/Drivers/USB/Core/DeviceStandardReq.o
                                        0x9d5 (size before relaxing)
 .debug_str     0x00000000000055fb       0x37 .build/obj_splitography_default/./lib/lufa/LUFA/Drivers/USB/Core/Events.o
                                        0x19e (size before relaxing)
 .debug_str     0x0000000000005632       0x45 .build/obj_splitography_default/./lib/lufa/LUFA/Drivers/USB/Core/USBTask.o
                                        0x3d4 (size before relaxing)
 .debug_str     0x0000000000005677      0x2a0 .build/obj_splitography_default/./lib/lufa/LUFA/Drivers/USB/Class/Device/CDCClassDevice.o
                                        0xafb (size before relaxing)

.debug_loc      0x0000000000000000     0x95b3
 *(.debug_loc)
 .debug_loc     0x0000000000000000      0x1b8 .build/obj_splitography_default/keyboards/splitography/keymaps/default/keymap.o
 .debug_loc     0x00000000000001b8      0xeca .build/obj_splitography_default/quantum/quantum.o
 .debug_loc     0x0000000000001082      0x675 .build/obj_splitography_default/quantum/keymap_common.o
 .debug_loc     0x00000000000016f7      0x1e1 .build/obj_splitography_default/quantum/keycode_config.o
 .debug_loc     0x00000000000018d8       0xe4 .build/obj_splitography_default/quantum/process_keycode/process_leader.o
 .debug_loc     0x00000000000019bc      0x577 .build/obj_splitography_default/quantum/matrix.o
 .debug_loc     0x0000000000001f33      0x657 .build/obj_splitography_default/quantum/process_keycode/process_steno.o
 .debug_loc     0x000000000000258a       0xd8 .build/obj_splitography_default/common/host.o
 .debug_loc     0x0000000000002662      0x1e9 .build/obj_splitography_default/common/keyboard.o
 .debug_loc     0x000000000000284b      0xb1c .build/obj_splitography_default/common/action.o
 .debug_loc     0x0000000000003367      0x602 .build/obj_splitography_default/common/action_tapping.o
 .debug_loc     0x0000000000003969      0x4b0 .build/obj_splitography_default/common/action_macro.o
 .debug_loc     0x0000000000003e19      0x84a .build/obj_splitography_default/common/action_layer.o
 .debug_loc     0x0000000000004663      0x1ad .build/obj_splitography_default/common/action_util.o
 .debug_loc     0x0000000000004810       0x84 .build/obj_splitography_default/common/eeconfig.o
 .debug_loc     0x0000000000004894      0x3cf .build/obj_splitography_default/common/report.o
 .debug_loc     0x0000000000004c63       0xe4 .build/obj_splitography_default/common/avr/suspend.o
 .debug_loc     0x0000000000004d47      0x2ac .build/obj_splitography_default/common/avr/timer.o
 .debug_loc     0x0000000000004ff3       0x48 .build/obj_splitography_default/common/avr/bootloader.o
 .debug_loc     0x000000000000503b       0x2a .build/obj_splitography_default/common/magic.o
 .debug_loc     0x0000000000005065      0x810 .build/obj_splitography_default/lufa.o
 .debug_loc     0x0000000000005875      0x2b3 .build/obj_splitography_default/descriptor.o
 .debug_loc     0x0000000000005b28       0x4f .build/obj_splitography_default/outputselect.o
 .debug_loc     0x0000000000005b77     0x240c .build/obj_splitography_default/./lib/lufa/LUFA/Drivers/USB/Core/AVR8/EndpointStream_AVR8.o
 .debug_loc     0x0000000000007f83      0x422 .build/obj_splitography_default/./lib/lufa/LUFA/Drivers/USB/Core/AVR8/Endpoint_AVR8.o
 .debug_loc     0x00000000000083a5       0xd5 .build/obj_splitography_default/./lib/lufa/LUFA/Drivers/USB/Core/AVR8/USBController_AVR8.o
 .debug_loc     0x000000000000847a      0x3e7 .build/obj_splitography_default/./lib/lufa/LUFA/Drivers/USB/Core/AVR8/USBInterrupt_AVR8.o
 .debug_loc     0x0000000000008861      0x324 .build/obj_splitography_default/./lib/lufa/LUFA/Drivers/USB/Core/DeviceStandardReq.o
 .debug_loc     0x0000000000008b85       0x49 .build/obj_splitography_default/./lib/lufa/LUFA/Drivers/USB/Core/USBTask.o
 .debug_loc     0x0000000000008bce      0x9e5 .build/obj_splitography_default/./lib/lufa/LUFA/Drivers/USB/Class/Device/CDCClassDevice.o

.debug_macinfo
 *(.debug_macinfo)

.debug_weaknames
 *(.debug_weaknames)

.debug_funcnames
 *(.debug_funcnames)

.debug_typenames